<!doctype html public "-//w3c//dtd html 4.0 transitional//en">
<html><head>
<title>Static Call Graph - [..\Output\WaterClear.axf]</title></head>
<body><HR>
<H1>Static Call Graph for image ..\Output\WaterClear.axf</H1><HR>
<BR><P>#&#060CALLGRAPH&#062# ARM Linker, 5060061: Last Updated: Thu Jan 04 17:37:31 2018
<BR><P>
<H3>Maximum Stack Usage =         48 bytes + Unknown(Functions without stacksize, Cycles, Untraceable Function Pointers)</H3><H3>
Call chain for Maximum Stack Depth:</H3>
SystemInit &rArr; PLLClock_Config &rArr; __ARM_common_switch8
<P>
<H3>
Functions with no stack information
</H3><UL>
 <LI><a href="#[39]">__user_initial_stackheap</a>
</UL>
</UL>
<P>
<H3>
Mutually Recursive functions
</H3> <LI><a href="#[6]">NMI_IRQHandler</a>&nbsp;&nbsp;&nbsp;&rArr;&nbsp;&nbsp;&nbsp;<a href="#[6]">NMI_IRQHandler</a><BR>
 <LI><a href="#[7]">HardFault_IRQHandler</a>&nbsp;&nbsp;&nbsp;&rArr;&nbsp;&nbsp;&nbsp;<a href="#[7]">HardFault_IRQHandler</a><BR>
 <LI><a href="#[8]">SVC_IRQHandler</a>&nbsp;&nbsp;&nbsp;&rArr;&nbsp;&nbsp;&nbsp;<a href="#[8]">SVC_IRQHandler</a><BR>
 <LI><a href="#[9]">PendSV_IRQHandler</a>&nbsp;&nbsp;&nbsp;&rArr;&nbsp;&nbsp;&nbsp;<a href="#[9]">PendSV_IRQHandler</a><BR>
 <LI><a href="#[1b]">ADC_IRQHandler</a>&nbsp;&nbsp;&nbsp;&rArr;&nbsp;&nbsp;&nbsp;<a href="#[1b]">ADC_IRQHandler</a><BR>
</UL>
<P>
<H3>
Function Pointers
</H3><UL>
 <LI><a href="#[1b]">ADC_IRQHandler</a> from startup_hr8p506.o(.text) referenced from startup_hr8p506.o(RESET)
 <LI><a href="#[24]">CCM_IRQHandler</a> from startup_hr8p506.o(.text) referenced from startup_hr8p506.o(RESET)
 <LI><a href="#[20]">EUART0_IRQHandler</a> from startup_hr8p506.o(.text) referenced from startup_hr8p506.o(RESET)
 <LI><a href="#[7]">HardFault_IRQHandler</a> from startup_hr8p506.o(.text) referenced from startup_hr8p506.o(RESET)
 <LI><a href="#[23]">I2C0_IRQHandler</a> from startup_hr8p506.o(.text) referenced from startup_hr8p506.o(RESET)
 <LI><a href="#[1a]">KINT_IRQHandler</a> from startup_hr8p506.o(.text) referenced from startup_hr8p506.o(RESET)
 <LI><a href="#[1c]">LVD_IRQHandler</a> from startup_hr8p506.o(.text) referenced from startup_hr8p506.o(RESET)
 <LI><a href="#[6]">NMI_IRQHandler</a> from startup_hr8p506.o(.text) referenced from startup_hr8p506.o(RESET)
 <LI><a href="#[b]">PINT0_IRQHandler</a> from startup_hr8p506.o(.text) referenced from startup_hr8p506.o(RESET)
 <LI><a href="#[c]">PINT1_IRQHandler</a> from startup_hr8p506.o(.text) referenced from startup_hr8p506.o(RESET)
 <LI><a href="#[d]">PINT2_IRQHandler</a> from startup_hr8p506.o(.text) referenced from startup_hr8p506.o(RESET)
 <LI><a href="#[e]">PINT3_IRQHandler</a> from startup_hr8p506.o(.text) referenced from startup_hr8p506.o(RESET)
 <LI><a href="#[f]">PINT4_IRQHandler</a> from startup_hr8p506.o(.text) referenced from startup_hr8p506.o(RESET)
 <LI><a href="#[10]">PINT5_IRQHandler</a> from startup_hr8p506.o(.text) referenced from startup_hr8p506.o(RESET)
 <LI><a href="#[11]">PINT6_IRQHandler</a> from startup_hr8p506.o(.text) referenced from startup_hr8p506.o(RESET)
 <LI><a href="#[12]">PINT7_IRQHandler</a> from startup_hr8p506.o(.text) referenced from startup_hr8p506.o(RESET)
 <LI><a href="#[1d]">PLLLK_IRQHandler</a> from startup_hr8p506.o(.text) referenced from startup_hr8p506.o(RESET)
 <LI><a href="#[9]">PendSV_IRQHandler</a> from startup_hr8p506.o(.text) referenced from startup_hr8p506.o(RESET)
 <LI><a href="#[19]">RTC_IRQHandler</a> from startup_hr8p506.o(.text) referenced from startup_hr8p506.o(RESET)
 <LI><a href="#[25]">RegInit</a> from startup_hr8p506.o(.text) referenced from startup_hr8p506.o(.text)
 <LI><a href="#[5]">Reset_IRQHandler</a> from startup_hr8p506.o(.text) referenced from startup_hr8p506.o(RESET)
 <LI><a href="#[21]">SPI0_IRQHandler</a> from startup_hr8p506.o(.text) referenced from startup_hr8p506.o(RESET)
 <LI><a href="#[22]">SPI1_IRQHandler</a> from startup_hr8p506.o(.text) referenced from startup_hr8p506.o(RESET)
 <LI><a href="#[8]">SVC_IRQHandler</a> from startup_hr8p506.o(.text) referenced from startup_hr8p506.o(RESET)
 <LI><a href="#[a]">SysTick_IRQHandler</a> from my_systick.o(i.SysTick_IRQHandler) referenced from startup_hr8p506.o(RESET)
 <LI><a href="#[26]">SystemInit</a> from system_hr8p506_1.o(i.SystemInit) referenced from startup_hr8p506.o(.text)
 <LI><a href="#[13]">T16N0_IRQHandler</a> from tds.o(i.T16N0_IRQHandler) referenced from startup_hr8p506.o(RESET)
 <LI><a href="#[14]">T16N1_IRQHandler</a> from tds.o(i.T16N1_IRQHandler) referenced from startup_hr8p506.o(RESET)
 <LI><a href="#[15]">T16N2_IRQHandler</a> from tds.o(i.T16N2_IRQHandler) referenced from startup_hr8p506.o(RESET)
 <LI><a href="#[16]">T16N3_IRQHandler</a> from startup_hr8p506.o(.text) referenced from startup_hr8p506.o(RESET)
 <LI><a href="#[17]">T32N0_IRQHandler</a> from startup_hr8p506.o(.text) referenced from startup_hr8p506.o(RESET)
 <LI><a href="#[1e]">UART0_IRQHandler</a> from uart.o(i.UART0_IRQHandler) referenced from startup_hr8p506.o(RESET)
 <LI><a href="#[1f]">UART1_IRQHandler</a> from startup_hr8p506.o(.text) referenced from startup_hr8p506.o(RESET)
 <LI><a href="#[18]">WDT_IRQHandler</a> from startup_hr8p506.o(.text) referenced from startup_hr8p506.o(RESET)
 <LI><a href="#[28]">__main</a> from __main.o(!!!main) referenced from startup_hr8p506.o(.text)
</UL>
<P>
<H3>
Global Symbols
</H3>
<P><STRONG><a name="[28]"></a>__main</STRONG> (Thumb, 8 bytes, Stack size 0 bytes, __main.o(!!!main))
<BR><BR>[Calls]<UL><LI><a href="#[2a]">&gt;&gt;</a>&nbsp;&nbsp;&nbsp;__rt_entry
<LI><a href="#[29]">&gt;&gt;</a>&nbsp;&nbsp;&nbsp;__scatterload
</UL>

<P><STRONG><a name="[29]"></a>__scatterload</STRONG> (Thumb, 0 bytes, Stack size unknown bytes, __scatter.o(!!!scatter))
<BR><BR>[Called By]<UL><LI><a href="#[28]">&gt;&gt;</a>&nbsp;&nbsp;&nbsp;__main
</UL>

<P><STRONG><a name="[2b]"></a>__scatterload_rt2</STRONG> (Thumb, 52 bytes, Stack size unknown bytes, __scatter.o(!!!scatter), UNUSED)
<BR><BR>[Calls]<UL><LI><a href="#[2a]">&gt;&gt;</a>&nbsp;&nbsp;&nbsp;__rt_entry
</UL>

<P><STRONG><a name="[43]"></a>__scatterload_rt2_thumb_only</STRONG> (Thumb, 0 bytes, Stack size unknown bytes, __scatter.o(!!!scatter), UNUSED)

<P><STRONG><a name="[44]"></a>__scatterload_null</STRONG> (Thumb, 0 bytes, Stack size unknown bytes, __scatter.o(!!!scatter), UNUSED)

<P><STRONG><a name="[2c]"></a>__scatterload_copy</STRONG> (Thumb, 26 bytes, Stack size unknown bytes, __scatter_copy.o(!!handler_copy), UNUSED)
<BR><BR>[Calls]<UL><LI><a href="#[2c]">&gt;&gt;</a>&nbsp;&nbsp;&nbsp;__scatterload_copy
</UL>
<BR>[Called By]<UL><LI><a href="#[2c]">&gt;&gt;</a>&nbsp;&nbsp;&nbsp;__scatterload_copy
</UL>

<P><STRONG><a name="[45]"></a>__scatterload_zeroinit</STRONG> (Thumb, 28 bytes, Stack size unknown bytes, __scatter_zi.o(!!handler_zi), UNUSED)

<P><STRONG><a name="[30]"></a>__rt_lib_init</STRONG> (Thumb, 0 bytes, Stack size unknown bytes, libinit.o(.ARM.Collect$$libinit$$00000000))
<BR><BR>[Called By]<UL><LI><a href="#[2f]">&gt;&gt;</a>&nbsp;&nbsp;&nbsp;__rt_entry_li
</UL>

<P><STRONG><a name="[46]"></a>__rt_lib_init_alloca_1</STRONG> (Thumb, 0 bytes, Stack size unknown bytes, libinit2.o(.ARM.Collect$$libinit$$0000002E))

<P><STRONG><a name="[47]"></a>__rt_lib_init_argv_1</STRONG> (Thumb, 0 bytes, Stack size unknown bytes, libinit2.o(.ARM.Collect$$libinit$$0000002C))

<P><STRONG><a name="[48]"></a>__rt_lib_init_atexit_1</STRONG> (Thumb, 0 bytes, Stack size unknown bytes, libinit2.o(.ARM.Collect$$libinit$$0000001B))

<P><STRONG><a name="[49]"></a>__rt_lib_init_clock_1</STRONG> (Thumb, 0 bytes, Stack size unknown bytes, libinit2.o(.ARM.Collect$$libinit$$00000021))

<P><STRONG><a name="[4a]"></a>__rt_lib_init_cpp_1</STRONG> (Thumb, 0 bytes, Stack size unknown bytes, libinit2.o(.ARM.Collect$$libinit$$00000032))

<P><STRONG><a name="[4b]"></a>__rt_lib_init_exceptions_1</STRONG> (Thumb, 0 bytes, Stack size unknown bytes, libinit2.o(.ARM.Collect$$libinit$$00000030))

<P><STRONG><a name="[4c]"></a>__rt_lib_init_fp_1</STRONG> (Thumb, 0 bytes, Stack size unknown bytes, libinit2.o(.ARM.Collect$$libinit$$00000002))

<P><STRONG><a name="[4d]"></a>__rt_lib_init_fp_trap_1</STRONG> (Thumb, 0 bytes, Stack size unknown bytes, libinit2.o(.ARM.Collect$$libinit$$0000001F))

<P><STRONG><a name="[4e]"></a>__rt_lib_init_getenv_1</STRONG> (Thumb, 0 bytes, Stack size unknown bytes, libinit2.o(.ARM.Collect$$libinit$$00000023))

<P><STRONG><a name="[4f]"></a>__rt_lib_init_heap_1</STRONG> (Thumb, 0 bytes, Stack size unknown bytes, libinit2.o(.ARM.Collect$$libinit$$0000000A))

<P><STRONG><a name="[50]"></a>__rt_lib_init_lc_collate_1</STRONG> (Thumb, 0 bytes, Stack size unknown bytes, libinit2.o(.ARM.Collect$$libinit$$00000011))

<P><STRONG><a name="[51]"></a>__rt_lib_init_lc_ctype_1</STRONG> (Thumb, 0 bytes, Stack size unknown bytes, libinit2.o(.ARM.Collect$$libinit$$00000013))

<P><STRONG><a name="[52]"></a>__rt_lib_init_lc_monetary_1</STRONG> (Thumb, 0 bytes, Stack size unknown bytes, libinit2.o(.ARM.Collect$$libinit$$00000015))

<P><STRONG><a name="[53]"></a>__rt_lib_init_lc_numeric_1</STRONG> (Thumb, 0 bytes, Stack size unknown bytes, libinit2.o(.ARM.Collect$$libinit$$00000017))

<P><STRONG><a name="[54]"></a>__rt_lib_init_lc_time_1</STRONG> (Thumb, 0 bytes, Stack size unknown bytes, libinit2.o(.ARM.Collect$$libinit$$00000019))

<P><STRONG><a name="[55]"></a>__rt_lib_init_preinit_1</STRONG> (Thumb, 0 bytes, Stack size unknown bytes, libinit2.o(.ARM.Collect$$libinit$$00000004))

<P><STRONG><a name="[56]"></a>__rt_lib_init_rand_1</STRONG> (Thumb, 0 bytes, Stack size unknown bytes, libinit2.o(.ARM.Collect$$libinit$$0000000E))

<P><STRONG><a name="[57]"></a>__rt_lib_init_return</STRONG> (Thumb, 0 bytes, Stack size unknown bytes, libinit2.o(.ARM.Collect$$libinit$$00000033))

<P><STRONG><a name="[58]"></a>__rt_lib_init_signal_1</STRONG> (Thumb, 0 bytes, Stack size unknown bytes, libinit2.o(.ARM.Collect$$libinit$$0000001D))

<P><STRONG><a name="[59]"></a>__rt_lib_init_stdio_1</STRONG> (Thumb, 0 bytes, Stack size unknown bytes, libinit2.o(.ARM.Collect$$libinit$$00000025))

<P><STRONG><a name="[5a]"></a>__rt_lib_init_user_alloc_1</STRONG> (Thumb, 0 bytes, Stack size unknown bytes, libinit2.o(.ARM.Collect$$libinit$$0000000C))

<P><STRONG><a name="[35]"></a>__rt_lib_shutdown</STRONG> (Thumb, 0 bytes, Stack size unknown bytes, libshutdown.o(.ARM.Collect$$libshutdown$$00000000))
<BR><BR>[Called By]<UL><LI><a href="#[34]">&gt;&gt;</a>&nbsp;&nbsp;&nbsp;__rt_exit_ls
</UL>

<P><STRONG><a name="[5b]"></a>__rt_lib_shutdown_cpp_1</STRONG> (Thumb, 0 bytes, Stack size unknown bytes, libshutdown2.o(.ARM.Collect$$libshutdown$$00000002))

<P><STRONG><a name="[5c]"></a>__rt_lib_shutdown_fp_trap_1</STRONG> (Thumb, 0 bytes, Stack size unknown bytes, libshutdown2.o(.ARM.Collect$$libshutdown$$00000007))

<P><STRONG><a name="[5d]"></a>__rt_lib_shutdown_heap_1</STRONG> (Thumb, 0 bytes, Stack size unknown bytes, libshutdown2.o(.ARM.Collect$$libshutdown$$0000000F))

<P><STRONG><a name="[5e]"></a>__rt_lib_shutdown_return</STRONG> (Thumb, 0 bytes, Stack size unknown bytes, libshutdown2.o(.ARM.Collect$$libshutdown$$00000010))

<P><STRONG><a name="[5f]"></a>__rt_lib_shutdown_signal_1</STRONG> (Thumb, 0 bytes, Stack size unknown bytes, libshutdown2.o(.ARM.Collect$$libshutdown$$0000000A))

<P><STRONG><a name="[60]"></a>__rt_lib_shutdown_stdio_1</STRONG> (Thumb, 0 bytes, Stack size unknown bytes, libshutdown2.o(.ARM.Collect$$libshutdown$$00000004))

<P><STRONG><a name="[61]"></a>__rt_lib_shutdown_user_alloc_1</STRONG> (Thumb, 0 bytes, Stack size unknown bytes, libshutdown2.o(.ARM.Collect$$libshutdown$$0000000C))

<P><STRONG><a name="[2a]"></a>__rt_entry</STRONG> (Thumb, 0 bytes, Stack size unknown bytes, __rtentry.o(.ARM.Collect$$rtentry$$00000000))
<BR><BR>[Called By]<UL><LI><a href="#[28]">&gt;&gt;</a>&nbsp;&nbsp;&nbsp;__main
<LI><a href="#[2b]">&gt;&gt;</a>&nbsp;&nbsp;&nbsp;__scatterload_rt2
</UL>

<P><STRONG><a name="[62]"></a>__rt_entry_presh_1</STRONG> (Thumb, 0 bytes, Stack size unknown bytes, __rtentry2.o(.ARM.Collect$$rtentry$$00000002))

<P><STRONG><a name="[2d]"></a>__rt_entry_sh</STRONG> (Thumb, 0 bytes, Stack size unknown bytes, __rtentry4.o(.ARM.Collect$$rtentry$$00000004))
<BR><BR>[Stack]<UL><LI>Max Depth = 8 + Unknown Stack Size
<LI>Call Chain = __rt_entry_sh &rArr; __user_setup_stackheap
</UL>
<BR>[Calls]<UL><LI><a href="#[2e]">&gt;&gt;</a>&nbsp;&nbsp;&nbsp;__user_setup_stackheap
</UL>

<P><STRONG><a name="[2f]"></a>__rt_entry_li</STRONG> (Thumb, 0 bytes, Stack size unknown bytes, __rtentry2.o(.ARM.Collect$$rtentry$$0000000A))
<BR><BR>[Calls]<UL><LI><a href="#[30]">&gt;&gt;</a>&nbsp;&nbsp;&nbsp;__rt_lib_init
</UL>

<P><STRONG><a name="[63]"></a>__rt_entry_postsh_1</STRONG> (Thumb, 0 bytes, Stack size unknown bytes, __rtentry2.o(.ARM.Collect$$rtentry$$00000009))

<P><STRONG><a name="[31]"></a>__rt_entry_main</STRONG> (Thumb, 0 bytes, Stack size unknown bytes, __rtentry2.o(.ARM.Collect$$rtentry$$0000000D))
<BR><BR>[Stack]<UL><LI>Max Depth = 48 + Unknown Stack Size
<LI>Call Chain = __rt_entry_main &rArr; main &rArr; SystemInit &rArr; PLLClock_Config &rArr; __ARM_common_switch8
</UL>
<BR>[Calls]<UL><LI><a href="#[33]">&gt;&gt;</a>&nbsp;&nbsp;&nbsp;exit
<LI><a href="#[32]">&gt;&gt;</a>&nbsp;&nbsp;&nbsp;main
</UL>

<P><STRONG><a name="[64]"></a>__rt_entry_postli_1</STRONG> (Thumb, 0 bytes, Stack size unknown bytes, __rtentry2.o(.ARM.Collect$$rtentry$$0000000C))

<P><STRONG><a name="[3b]"></a>__rt_exit</STRONG> (Thumb, 0 bytes, Stack size unknown bytes, rtexit.o(.ARM.Collect$$rtexit$$00000000))
<BR><BR>[Called By]<UL><LI><a href="#[33]">&gt;&gt;</a>&nbsp;&nbsp;&nbsp;exit
</UL>

<P><STRONG><a name="[34]"></a>__rt_exit_ls</STRONG> (Thumb, 0 bytes, Stack size unknown bytes, rtexit2.o(.ARM.Collect$$rtexit$$00000003))
<BR><BR>[Calls]<UL><LI><a href="#[35]">&gt;&gt;</a>&nbsp;&nbsp;&nbsp;__rt_lib_shutdown
</UL>

<P><STRONG><a name="[65]"></a>__rt_exit_prels_1</STRONG> (Thumb, 0 bytes, Stack size unknown bytes, rtexit2.o(.ARM.Collect$$rtexit$$00000002))

<P><STRONG><a name="[36]"></a>__rt_exit_exit</STRONG> (Thumb, 0 bytes, Stack size unknown bytes, rtexit2.o(.ARM.Collect$$rtexit$$00000004))
<BR><BR>[Calls]<UL><LI><a href="#[37]">&gt;&gt;</a>&nbsp;&nbsp;&nbsp;_sys_exit
</UL>

<P><STRONG><a name="[5]"></a>Reset_IRQHandler</STRONG> (Thumb, 12 bytes, Stack size 0 bytes, startup_hr8p506.o(.text))
<BR>[Address Reference Count : 1]<UL><LI> startup_hr8p506.o(RESET)
</UL>
<P><STRONG><a name="[6]"></a>NMI_IRQHandler</STRONG> (Thumb, 2 bytes, Stack size 0 bytes, startup_hr8p506.o(.text))
<BR><BR>[Calls]<UL><LI><a href="#[6]">&gt;&gt;</a>&nbsp;&nbsp;&nbsp;NMI_IRQHandler
</UL>
<BR>[Called By]<UL><LI><a href="#[6]">&gt;&gt;</a>&nbsp;&nbsp;&nbsp;NMI_IRQHandler
</UL>
<BR>[Address Reference Count : 1]<UL><LI> startup_hr8p506.o(RESET)
</UL>
<P><STRONG><a name="[7]"></a>HardFault_IRQHandler</STRONG> (Thumb, 2 bytes, Stack size 0 bytes, startup_hr8p506.o(.text))
<BR><BR>[Calls]<UL><LI><a href="#[7]">&gt;&gt;</a>&nbsp;&nbsp;&nbsp;HardFault_IRQHandler
</UL>
<BR>[Called By]<UL><LI><a href="#[7]">&gt;&gt;</a>&nbsp;&nbsp;&nbsp;HardFault_IRQHandler
</UL>
<BR>[Address Reference Count : 1]<UL><LI> startup_hr8p506.o(RESET)
</UL>
<P><STRONG><a name="[8]"></a>SVC_IRQHandler</STRONG> (Thumb, 2 bytes, Stack size 0 bytes, startup_hr8p506.o(.text))
<BR><BR>[Calls]<UL><LI><a href="#[8]">&gt;&gt;</a>&nbsp;&nbsp;&nbsp;SVC_IRQHandler
</UL>
<BR>[Called By]<UL><LI><a href="#[8]">&gt;&gt;</a>&nbsp;&nbsp;&nbsp;SVC_IRQHandler
</UL>
<BR>[Address Reference Count : 1]<UL><LI> startup_hr8p506.o(RESET)
</UL>
<P><STRONG><a name="[9]"></a>PendSV_IRQHandler</STRONG> (Thumb, 2 bytes, Stack size 0 bytes, startup_hr8p506.o(.text))
<BR><BR>[Calls]<UL><LI><a href="#[9]">&gt;&gt;</a>&nbsp;&nbsp;&nbsp;PendSV_IRQHandler
</UL>
<BR>[Called By]<UL><LI><a href="#[9]">&gt;&gt;</a>&nbsp;&nbsp;&nbsp;PendSV_IRQHandler
</UL>
<BR>[Address Reference Count : 1]<UL><LI> startup_hr8p506.o(RESET)
</UL>
<P><STRONG><a name="[1b]"></a>ADC_IRQHandler</STRONG> (Thumb, 0 bytes, Stack size 0 bytes, startup_hr8p506.o(.text))
<BR><BR>[Calls]<UL><LI><a href="#[1b]">&gt;&gt;</a>&nbsp;&nbsp;&nbsp;ADC_IRQHandler
</UL>
<BR>[Called By]<UL><LI><a href="#[1b]">&gt;&gt;</a>&nbsp;&nbsp;&nbsp;ADC_IRQHandler
</UL>
<BR>[Address Reference Count : 1]<UL><LI> startup_hr8p506.o(RESET)
</UL>
<P><STRONG><a name="[24]"></a>CCM_IRQHandler</STRONG> (Thumb, 0 bytes, Stack size 0 bytes, startup_hr8p506.o(.text))
<BR>[Address Reference Count : 1]<UL><LI> startup_hr8p506.o(RESET)
</UL>
<P><STRONG><a name="[20]"></a>EUART0_IRQHandler</STRONG> (Thumb, 0 bytes, Stack size 0 bytes, startup_hr8p506.o(.text))
<BR>[Address Reference Count : 1]<UL><LI> startup_hr8p506.o(RESET)
</UL>
<P><STRONG><a name="[23]"></a>I2C0_IRQHandler</STRONG> (Thumb, 0 bytes, Stack size 0 bytes, startup_hr8p506.o(.text))
<BR>[Address Reference Count : 1]<UL><LI> startup_hr8p506.o(RESET)
</UL>
<P><STRONG><a name="[1a]"></a>KINT_IRQHandler</STRONG> (Thumb, 0 bytes, Stack size 0 bytes, startup_hr8p506.o(.text))
<BR>[Address Reference Count : 1]<UL><LI> startup_hr8p506.o(RESET)
</UL>
<P><STRONG><a name="[1c]"></a>LVD_IRQHandler</STRONG> (Thumb, 0 bytes, Stack size 0 bytes, startup_hr8p506.o(.text))
<BR>[Address Reference Count : 1]<UL><LI> startup_hr8p506.o(RESET)
</UL>
<P><STRONG><a name="[b]"></a>PINT0_IRQHandler</STRONG> (Thumb, 0 bytes, Stack size 0 bytes, startup_hr8p506.o(.text))
<BR>[Address Reference Count : 1]<UL><LI> startup_hr8p506.o(RESET)
</UL>
<P><STRONG><a name="[c]"></a>PINT1_IRQHandler</STRONG> (Thumb, 0 bytes, Stack size 0 bytes, startup_hr8p506.o(.text))
<BR>[Address Reference Count : 1]<UL><LI> startup_hr8p506.o(RESET)
</UL>
<P><STRONG><a name="[d]"></a>PINT2_IRQHandler</STRONG> (Thumb, 0 bytes, Stack size 0 bytes, startup_hr8p506.o(.text))
<BR>[Address Reference Count : 1]<UL><LI> startup_hr8p506.o(RESET)
</UL>
<P><STRONG><a name="[e]"></a>PINT3_IRQHandler</STRONG> (Thumb, 0 bytes, Stack size 0 bytes, startup_hr8p506.o(.text))
<BR>[Address Reference Count : 1]<UL><LI> startup_hr8p506.o(RESET)
</UL>
<P><STRONG><a name="[f]"></a>PINT4_IRQHandler</STRONG> (Thumb, 0 bytes, Stack size 0 bytes, startup_hr8p506.o(.text))
<BR>[Address Reference Count : 1]<UL><LI> startup_hr8p506.o(RESET)
</UL>
<P><STRONG><a name="[10]"></a>PINT5_IRQHandler</STRONG> (Thumb, 0 bytes, Stack size 0 bytes, startup_hr8p506.o(.text))
<BR>[Address Reference Count : 1]<UL><LI> startup_hr8p506.o(RESET)
</UL>
<P><STRONG><a name="[11]"></a>PINT6_IRQHandler</STRONG> (Thumb, 0 bytes, Stack size 0 bytes, startup_hr8p506.o(.text))
<BR>[Address Reference Count : 1]<UL><LI> startup_hr8p506.o(RESET)
</UL>
<P><STRONG><a name="[12]"></a>PINT7_IRQHandler</STRONG> (Thumb, 0 bytes, Stack size 0 bytes, startup_hr8p506.o(.text))
<BR>[Address Reference Count : 1]<UL><LI> startup_hr8p506.o(RESET)
</UL>
<P><STRONG><a name="[1d]"></a>PLLLK_IRQHandler</STRONG> (Thumb, 0 bytes, Stack size 0 bytes, startup_hr8p506.o(.text))
<BR>[Address Reference Count : 1]<UL><LI> startup_hr8p506.o(RESET)
</UL>
<P><STRONG><a name="[19]"></a>RTC_IRQHandler</STRONG> (Thumb, 0 bytes, Stack size 0 bytes, startup_hr8p506.o(.text))
<BR>[Address Reference Count : 1]<UL><LI> startup_hr8p506.o(RESET)
</UL>
<P><STRONG><a name="[21]"></a>SPI0_IRQHandler</STRONG> (Thumb, 0 bytes, Stack size 0 bytes, startup_hr8p506.o(.text))
<BR>[Address Reference Count : 1]<UL><LI> startup_hr8p506.o(RESET)
</UL>
<P><STRONG><a name="[22]"></a>SPI1_IRQHandler</STRONG> (Thumb, 0 bytes, Stack size 0 bytes, startup_hr8p506.o(.text))
<BR>[Address Reference Count : 1]<UL><LI> startup_hr8p506.o(RESET)
</UL>
<P><STRONG><a name="[16]"></a>T16N3_IRQHandler</STRONG> (Thumb, 0 bytes, Stack size 0 bytes, startup_hr8p506.o(.text))
<BR>[Address Reference Count : 1]<UL><LI> startup_hr8p506.o(RESET)
</UL>
<P><STRONG><a name="[17]"></a>T32N0_IRQHandler</STRONG> (Thumb, 0 bytes, Stack size 0 bytes, startup_hr8p506.o(.text))
<BR>[Address Reference Count : 1]<UL><LI> startup_hr8p506.o(RESET)
</UL>
<P><STRONG><a name="[1f]"></a>UART1_IRQHandler</STRONG> (Thumb, 0 bytes, Stack size 0 bytes, startup_hr8p506.o(.text))
<BR>[Address Reference Count : 1]<UL><LI> startup_hr8p506.o(RESET)
</UL>
<P><STRONG><a name="[18]"></a>WDT_IRQHandler</STRONG> (Thumb, 0 bytes, Stack size 0 bytes, startup_hr8p506.o(.text))
<BR>[Address Reference Count : 1]<UL><LI> startup_hr8p506.o(RESET)
</UL>
<P><STRONG><a name="[25]"></a>RegInit</STRONG> (Thumb, 172 bytes, Stack size 0 bytes, startup_hr8p506.o(.text))
<BR>[Address Reference Count : 1]<UL><LI> startup_hr8p506.o(.text)
</UL>
<P><STRONG><a name="[39]"></a>__user_initial_stackheap</STRONG> (Thumb, 0 bytes, Stack size unknown bytes, startup_hr8p506.o(.text))
<BR><BR>[Called By]<UL><LI><a href="#[2e]">&gt;&gt;</a>&nbsp;&nbsp;&nbsp;__user_setup_stackheap
</UL>

<P><STRONG><a name="[66]"></a>__aeabi_uidiv</STRONG> (Thumb, 0 bytes, Stack size 0 bytes, aeabi_sdiv.o(.text), UNUSED)

<P><STRONG><a name="[42]"></a>__aeabi_uidivmod</STRONG> (Thumb, 20 bytes, Stack size 0 bytes, aeabi_sdiv.o(.text))
<BR><BR>[Called By]<UL><LI><a href="#[40]">&gt;&gt;</a>&nbsp;&nbsp;&nbsp;WDT_Init
</UL>

<P><STRONG><a name="[67]"></a>__aeabi_idiv</STRONG> (Thumb, 0 bytes, Stack size 8 bytes, aeabi_sdiv.o(.text), UNUSED)

<P><STRONG><a name="[68]"></a>__aeabi_idivmod</STRONG> (Thumb, 326 bytes, Stack size 8 bytes, aeabi_sdiv.o(.text), UNUSED)

<P><STRONG><a name="[69]"></a>__use_two_region_memory</STRONG> (Thumb, 2 bytes, Stack size 0 bytes, heapauxi.o(.text), UNUSED)

<P><STRONG><a name="[6a]"></a>__rt_heap_escrow$2region</STRONG> (Thumb, 2 bytes, Stack size 0 bytes, heapauxi.o(.text), UNUSED)

<P><STRONG><a name="[6b]"></a>__rt_heap_expand$2region</STRONG> (Thumb, 2 bytes, Stack size 0 bytes, heapauxi.o(.text), UNUSED)

<P><STRONG><a name="[2e]"></a>__user_setup_stackheap</STRONG> (Thumb, 62 bytes, Stack size 8 bytes, sys_stackheap_outer.o(.text))
<BR><BR>[Stack]<UL><LI>Max Depth = 8 + Unknown Stack Size
<LI>Call Chain = __user_setup_stackheap
</UL>
<BR>[Calls]<UL><LI><a href="#[38]">&gt;&gt;</a>&nbsp;&nbsp;&nbsp;__user_perproc_libspace
<LI><a href="#[39]">&gt;&gt;</a>&nbsp;&nbsp;&nbsp;__user_initial_stackheap
</UL>
<BR>[Called By]<UL><LI><a href="#[2d]">&gt;&gt;</a>&nbsp;&nbsp;&nbsp;__rt_entry_sh
</UL>

<P><STRONG><a name="[33]"></a>exit</STRONG> (Thumb, 16 bytes, Stack size 8 bytes, exit.o(.text))
<BR><BR>[Stack]<UL><LI>Max Depth = 8 + Unknown Stack Size
<LI>Call Chain = exit
</UL>
<BR>[Calls]<UL><LI><a href="#[3b]">&gt;&gt;</a>&nbsp;&nbsp;&nbsp;__rt_exit
<LI><a href="#[3a]">&gt;&gt;</a>&nbsp;&nbsp;&nbsp;_call_atexit_fns (Weak Reference)
</UL>
<BR>[Called By]<UL><LI><a href="#[31]">&gt;&gt;</a>&nbsp;&nbsp;&nbsp;__rt_entry_main
</UL>

<P><STRONG><a name="[6c]"></a>__user_libspace</STRONG> (Thumb, 8 bytes, Stack size 0 bytes, libspace.o(.text), UNUSED)

<P><STRONG><a name="[38]"></a>__user_perproc_libspace</STRONG> (Thumb, 0 bytes, Stack size 0 bytes, libspace.o(.text))
<BR><BR>[Called By]<UL><LI><a href="#[2e]">&gt;&gt;</a>&nbsp;&nbsp;&nbsp;__user_setup_stackheap
</UL>

<P><STRONG><a name="[6d]"></a>__user_perthread_libspace</STRONG> (Thumb, 0 bytes, Stack size 0 bytes, libspace.o(.text), UNUSED)

<P><STRONG><a name="[37]"></a>_sys_exit</STRONG> (Thumb, 8 bytes, Stack size 0 bytes, sys_exit.o(.text))
<BR><BR>[Called By]<UL><LI><a href="#[36]">&gt;&gt;</a>&nbsp;&nbsp;&nbsp;__rt_exit_exit
</UL>

<P><STRONG><a name="[6e]"></a>__I$use$semihosting</STRONG> (Thumb, 0 bytes, Stack size 0 bytes, use_no_semi.o(.text), UNUSED)

<P><STRONG><a name="[6f]"></a>__use_no_semihosting_swi</STRONG> (Thumb, 2 bytes, Stack size 0 bytes, use_no_semi.o(.text), UNUSED)

<P><STRONG><a name="[70]"></a>__semihosting_library_function</STRONG> (Thumb, 0 bytes, Stack size unknown bytes, indicate_semi.o(.text), UNUSED)

<P><STRONG><a name="[3c]"></a>PLLClock_Config</STRONG> (Thumb, 422 bytes, Stack size 16 bytes, lib_scu.o(i.PLLClock_Config))
<BR><BR>[Stack]<UL><LI>Max Depth = 24<LI>Call Chain = PLLClock_Config &rArr; __ARM_common_switch8
</UL>
<BR>[Calls]<UL><LI><a href="#[3d]">&gt;&gt;</a>&nbsp;&nbsp;&nbsp;__ARM_common_switch8
</UL>
<BR>[Called By]<UL><LI><a href="#[26]">&gt;&gt;</a>&nbsp;&nbsp;&nbsp;SystemInit
</UL>

<P><STRONG><a name="[3e]"></a>SCU_SysClkSelect</STRONG> (Thumb, 34 bytes, Stack size 0 bytes, lib_scu.o(i.SCU_SysClkSelect))
<BR><BR>[Called By]<UL><LI><a href="#[26]">&gt;&gt;</a>&nbsp;&nbsp;&nbsp;SystemInit
</UL>

<P><STRONG><a name="[a]"></a>SysTick_IRQHandler</STRONG> (Thumb, 66 bytes, Stack size 0 bytes, my_systick.o(i.SysTick_IRQHandler))
<BR>[Address Reference Count : 1]<UL><LI> startup_hr8p506.o(RESET)
</UL>
<P><STRONG><a name="[3f]"></a>SysTick_Init</STRONG> (Thumb, 60 bytes, Stack size 0 bytes, lib_scs.o(i.SysTick_Init))
<BR><BR>[Called By]<UL><LI><a href="#[26]">&gt;&gt;</a>&nbsp;&nbsp;&nbsp;SystemInit
</UL>

<P><STRONG><a name="[26]"></a>SystemInit</STRONG> (Thumb, 88 bytes, Stack size 24 bytes, system_hr8p506_1.o(i.SystemInit))
<BR><BR>[Stack]<UL><LI>Max Depth = 48<LI>Call Chain = SystemInit &rArr; PLLClock_Config &rArr; __ARM_common_switch8
</UL>
<BR>[Calls]<UL><LI><a href="#[3e]">&gt;&gt;</a>&nbsp;&nbsp;&nbsp;SCU_SysClkSelect
<LI><a href="#[3c]">&gt;&gt;</a>&nbsp;&nbsp;&nbsp;PLLClock_Config
<LI><a href="#[3f]">&gt;&gt;</a>&nbsp;&nbsp;&nbsp;SysTick_Init
<LI><a href="#[40]">&gt;&gt;</a>&nbsp;&nbsp;&nbsp;WDT_Init
</UL>
<BR>[Called By]<UL><LI><a href="#[32]">&gt;&gt;</a>&nbsp;&nbsp;&nbsp;main
</UL>
<BR>[Address Reference Count : 1]<UL><LI> startup_hr8p506.o(.text)
</UL>
<P><STRONG><a name="[13]"></a>T16N0_IRQHandler</STRONG> (Thumb, 12 bytes, Stack size 0 bytes, tds.o(i.T16N0_IRQHandler))
<BR>[Address Reference Count : 1]<UL><LI> startup_hr8p506.o(RESET)
</UL>
<P><STRONG><a name="[14]"></a>T16N1_IRQHandler</STRONG> (Thumb, 12 bytes, Stack size 0 bytes, tds.o(i.T16N1_IRQHandler))
<BR>[Address Reference Count : 1]<UL><LI> startup_hr8p506.o(RESET)
</UL>
<P><STRONG><a name="[15]"></a>T16N2_IRQHandler</STRONG> (Thumb, 28 bytes, Stack size 8 bytes, tds.o(i.T16N2_IRQHandler))
<BR><BR>[Stack]<UL><LI>Max Depth = 8<LI>Call Chain = T16N2_IRQHandler
</UL>
<BR>[Calls]<UL><LI><a href="#[41]">&gt;&gt;</a>&nbsp;&nbsp;&nbsp;T16Nx_Disable
</UL>
<BR>[Address Reference Count : 1]<UL><LI> startup_hr8p506.o(RESET)
</UL>
<P><STRONG><a name="[41]"></a>T16Nx_Disable</STRONG> (Thumb, 10 bytes, Stack size 0 bytes, lib_timer.o(i.T16Nx_Disable))
<BR><BR>[Called By]<UL><LI><a href="#[15]">&gt;&gt;</a>&nbsp;&nbsp;&nbsp;T16N2_IRQHandler
</UL>

<P><STRONG><a name="[1e]"></a>UART0_IRQHandler</STRONG> (Thumb, 2 bytes, Stack size 0 bytes, uart.o(i.UART0_IRQHandler))
<BR>[Address Reference Count : 1]<UL><LI> startup_hr8p506.o(RESET)
</UL>
<P><STRONG><a name="[40]"></a>WDT_Init</STRONG> (Thumb, 104 bytes, Stack size 16 bytes, lib_wdt.o(i.WDT_Init))
<BR><BR>[Stack]<UL><LI>Max Depth = 16<LI>Call Chain = WDT_Init
</UL>
<BR>[Calls]<UL><LI><a href="#[42]">&gt;&gt;</a>&nbsp;&nbsp;&nbsp;__aeabi_uidivmod
</UL>
<BR>[Called By]<UL><LI><a href="#[26]">&gt;&gt;</a>&nbsp;&nbsp;&nbsp;SystemInit
</UL>

<P><STRONG><a name="[3d]"></a>__ARM_common_switch8</STRONG> (Thumb, 28 bytes, Stack size 8 bytes, lib_gpio.o(i.__ARM_common_switch8))
<BR><BR>[Stack]<UL><LI>Max Depth = 8<LI>Call Chain = __ARM_common_switch8
</UL>
<BR>[Called By]<UL><LI><a href="#[3c]">&gt;&gt;</a>&nbsp;&nbsp;&nbsp;PLLClock_Config
</UL>

<P><STRONG><a name="[32]"></a>main</STRONG> (Thumb, 8 bytes, Stack size 0 bytes, main.o(i.main))
<BR><BR>[Stack]<UL><LI>Max Depth = 48<LI>Call Chain = main &rArr; SystemInit &rArr; PLLClock_Config &rArr; __ARM_common_switch8
</UL>
<BR>[Calls]<UL><LI><a href="#[26]">&gt;&gt;</a>&nbsp;&nbsp;&nbsp;SystemInit
</UL>
<BR>[Called By]<UL><LI><a href="#[31]">&gt;&gt;</a>&nbsp;&nbsp;&nbsp;__rt_entry_main
</UL>
<P>
<H3>
Local Symbols
</H3><P>
<H3>
Undefined Global Symbols
</H3>
<P><STRONG><a name="[3a]"></a>_call_atexit_fns</STRONG> (ARM, 0 bytes, Stack size 0 bytes, UNDEFINED)
<BR><BR>[Called By]<UL><LI><a href="#[33]">&gt;&gt;</a>&nbsp;&nbsp;&nbsp;exit
</UL>
<HR></body></html>
