<html>
<body>
<pre>
<h1>µVision Build Log</h1>
<h2>Tool Versions:</h2>
IDE-Version: ¦ÌVision V5.18.0.0
Copyright (C) 2016 ARM Ltd and ARM Germany GmbH. All rights reserved.
License Information: d fs, dfs, LIC=65ILQ-N7EG5-8SAYU-SX5BA-WUZX0-ZU4N2
 
Tool Versions:
Toolchain:       MDK-ARM Standard  Version: 5.18
Toolchain Path:  D:\Keil\ARM\ARMCC\Bin
C Compiler:      Armcc.exe V5.06 update 1 (build 61)
Assembler:       Armasm.exe V5.06 update 1 (build 61)
Linker/Locator:  ArmLink.exe V5.06 update 1 (build 61)
Library Manager: ArmAr.exe V5.06 update 1 (build 61)
Hex Converter:   FromElf.exe V5.06 update 1 (build 61)
CPU DLL:         SARMCM3.DLL V5.18
Dialog DLL:      DARMCM1.DLL V1.12.0.0
Target DLL:      Segger\JL2CM3.dll V2.99.18.0
Dialog DLL:      TARMCM1.DLL V1.9.0.0
 
<h2>Project:</h2>
E:\Work\¾»Ë®Æ÷\WaterClear\Project\WaterClear.uvprojx
Project File Date:  01/09/2018

<h2>Output:</h2>
*** Using Compiler 'V5.06 update 1 (build 61)', folder: 'D:\Keil\ARM\ARMCC\Bin'
*** Note: Rebuilding project, since 'Options->Output->Create Batch File' is selected.
Rebuild target 'Project'
compiling hr8p506_iap_table.c...
compiling lib_adc.c...
compiling lib_euart.c...
compiling lib_flashiap.c...
compiling lib_gpio.c...
compiling lib_iic.c...
compiling lib_lcd.c...
compiling lib_led.c...
compiling lib_printf.c...
compiling lib_rtc.c...
compiling lib_scs.c...
compiling lib_scu.c...
compiling lib_spi.c...
compiling lib_timer.c...
compiling lib_uart.c...
compiling lib_wdt.c...
compiling main.c...
..\User\main.c(109): warning:  #111-D: statement is unreachable
        return 0;
..\User\main.c(65): warning:  #177-D: variable "count" was declared but never referenced
        uint8_t count = 0;
..\User\main.c: 2 warnings, 0 errors
compiling my_systick.c...
compiling msgbuild.c...
..\User\msgbuild.c(53): warning:  #177-D: variable "len" was declared but never referenced
        uint16_t len;
..\User\msgbuild.c(54): warning:  #177-D: variable "temp" was declared but never referenced
        char temp[20];
..\User\msgbuild.c: 2 warnings, 0 errors
assembling startup_HR8P506.s...
compiling system_HR8P506.c...
compiling tds.c...
..\Hardware\TDS\tds.c(44): warning:  #940-D: missing return statement at end of non-void function "get_Fre1"
  }
..\Hardware\TDS\tds.c(62): warning:  #940-D: missing return statement at end of non-void function "get_Fre2"
  }
..\Hardware\TDS\tds.c: 2 warnings, 0 errors
compiling uart.c...
..\Hardware\Uart\uart.c(118): warning:  #177-D: variable "timeout" was declared but never referenced
        uint16_t timeout = 6000;
..\Hardware\Uart\uart.c: 1 warning, 0 errors
compiling sim800c.c...
compiling pressure.c...
compiling water_flow.c...
linking...
Program Size: Code=9580 RO-data=288 RW-data=256 ZI-data=1400  
FromELF: creating hex file...
"..\Output\WaterClear.axf" - 0 Error(s), 7 Warning(s).

<h2>Collection of Component include folders:</h2>
  E:\Work\¾»Ë®Æ÷\WaterClear\Project\RTE
  D:\Keil\ARM\PACK\ARM\CMSIS\4.5.0\Device\ARM\ARMCM0\Include

<h2>Collection of Component Files used:</h2>
Build Time Elapsed:  00:00:06
</pre>
</body>
</html>
