<html>
<body>
<pre>
<h1>µVision Build Log</h1>
<h2>Tool Versions:</h2>
IDE-Version: ¦ÌVision V5.18.0.0
Copyright (C) 2016 ARM Ltd and ARM Germany GmbH. All rights reserved.
License Information: d fs, dfs, LIC=KRMUH-W3GIV-3ZZW1-CIGQW-1XVR5-ZFUT4
 
Tool Versions:
Toolchain:       MDK-ARM Standard  Version: 5.18
Toolchain Path:  D:\Keil\ARM\ARMCC\Bin
C Compiler:      Armcc.exe V5.06 update 1 (build 61)
Assembler:       Armasm.exe V5.06 update 1 (build 61)
Linker/Locator:  ArmLink.exe V5.06 update 1 (build 61)
Library Manager: ArmAr.exe V5.06 update 1 (build 61)
Hex Converter:   FromElf.exe V5.06 update 1 (build 61)
CPU DLL:         SARMCM3.DLL V5.18
Dialog DLL:      DARMCM1.DLL V1.12.0.0
Target DLL:      UL2CM3.DLL V1.157.5.0
Dialog DLL:      TARMCM1.DLL V1.9.0.0
 
<h2>Project:</h2>
E:\Work\¾»Ë®Æ÷\WaterClear\Project\WaterClear.uvprojx
Project File Date:  01/05/2018

<h2>Output:</h2>
*** Using Compiler 'V5.06 update 1 (build 61)', folder: 'D:\Keil\ARM\ARMCC\Bin'
Build target 'Project'
compiling main.c...
..\Hardware\Uart\uart.h(13): warning:  #1-D: last line of file ends without a newline
  #endif
..\Hardware\TDS\tds.h(6): warning:  #1295-D: Deprecated declaration timer_Init - give arg types
  extern void timer_Init();
..\Hardware\TDS\tds.h(7): warning:  #1295-D: Deprecated declaration start_counter - give arg types
  extern void start_counter();
..\Hardware\TDS\tds.h(8): warning:  #1295-D: Deprecated declaration tds_Init - give arg types
  extern void tds_Init();
..\Hardware\TDS\tds.h(12): warning:  #1-D: last line of file ends without a newline
  #endif
..\User\my_systick.h(7): warning:  #1-D: last line of file ends without a newline
  #endif
..\User\msgbuild.h(8): warning:  #1-D: last line of file ends without a newline
  #endif
..\User\user_config.h(60): warning:  #1295-D: Deprecated declaration reset - give arg types
  extern void reset();
..\User\user_config.h(61): warning:  #1295-D: Deprecated declaration write_All_Flash - give arg types
  extern void write_All_Flash();
..\User\user_config.h(62): warning:  #1295-D: Deprecated declaration read_All_Flash - give arg types
  extern void read_All_Flash();
..\User\main.c(71): warning:  #111-D: statement is unreachable
  	return 0;
..\User\main.c(72): warning:  #1-D: last line of file ends without a newline
  }
..\User\main.c(49): warning:  #177-D: label "RE_CONNET" was declared but never referenced
  RE_CONNET:
..\User\main.c: 13 warnings, 0 errors
compiling my_systick.c...
..\Hardware\Uart\uart.h(13): warning:  #1-D: last line of file ends without a newline
  #endif
..\Hardware\TDS\tds.h(6): warning:  #1295-D: Deprecated declaration timer_Init - give arg types
  extern void timer_Init();
..\Hardware\TDS\tds.h(7): warning:  #1295-D: Deprecated declaration start_counter - give arg types
  extern void start_counter();
..\Hardware\TDS\tds.h(8): warning:  #1295-D: Deprecated declaration tds_Init - give arg types
  extern void tds_Init();
..\Hardware\TDS\tds.h(12): warning:  #1-D: last line of file ends without a newline
  #endif
..\User\my_systick.h(7): warning:  #1-D: last line of file ends without a newline
  #endif
..\User\msgbuild.h(8): warning:  #1-D: last line of file ends without a newline
  #endif
..\User\user_config.h(60): warning:  #1295-D: Deprecated declaration reset - give arg types
  extern void reset();
..\User\user_config.h(61): warning:  #1295-D: Deprecated declaration write_All_Flash - give arg types
  extern void write_All_Flash();
..\User\user_config.h(62): warning:  #1295-D: Deprecated declaration read_All_Flash - give arg types
  extern void read_All_Flash();
..\User\my_systick.h(7): warning:  #1-D: last line of file ends without a newline
  #endif
..\User\my_systick.c(31): warning:  #1-D: last line of file ends without a newline
  }
..\User\my_systick.c: 12 warnings, 0 errors
compiling lib_flashiap.c...
..\Hardware\Uart\uart.h(13): warning:  #1-D: last line of file ends without a newline
  #endif
..\Hardware\TDS\tds.h(6): warning:  #1295-D: Deprecated declaration timer_Init - give arg types
  extern void timer_Init();
..\Hardware\TDS\tds.h(7): warning:  #1295-D: Deprecated declaration start_counter - give arg types
  extern void start_counter();
..\Hardware\TDS\tds.h(8): warning:  #1295-D: Deprecated declaration tds_Init - give arg types
  extern void tds_Init();
..\Hardware\TDS\tds.h(12): warning:  #1-D: last line of file ends without a newline
  #endif
..\User\my_systick.h(7): warning:  #1-D: last line of file ends without a newline
  #endif
..\User\msgbuild.h(8): warning:  #1-D: last line of file ends without a newline
  #endif
..\User\user_config.h(60): warning:  #1295-D: Deprecated declaration reset - give arg types
  extern void reset();
..\User\user_config.h(61): warning:  #1295-D: Deprecated declaration write_All_Flash - give arg types
  extern void write_All_Flash();
..\User\user_config.h(62): warning:  #1295-D: Deprecated declaration read_All_Flash - give arg types
  extern void read_All_Flash();
..\Library\Source\lib_flashiap.c: 10 warnings, 0 errors
compiling uart.c...
..\Hardware\Uart\uart.h(13): warning:  #1-D: last line of file ends without a newline
  #endif
..\Hardware\TDS\tds.h(6): warning:  #1295-D: Deprecated declaration timer_Init - give arg types
  extern void timer_Init();
..\Hardware\TDS\tds.h(7): warning:  #1295-D: Deprecated declaration start_counter - give arg types
  extern void start_counter();
..\Hardware\TDS\tds.h(8): warning:  #1295-D: Deprecated declaration tds_Init - give arg types
  extern void tds_Init();
..\Hardware\TDS\tds.h(12): warning:  #1-D: last line of file ends without a newline
  #endif
..\User\my_systick.h(7): warning:  #1-D: last line of file ends without a newline
  #endif
..\User\msgbuild.h(8): warning:  #1-D: last line of file ends without a newline
  #endif
..\User\user_config.h(60): warning:  #1295-D: Deprecated declaration reset - give arg types
  extern void reset();
..\User\user_config.h(61): warning:  #1295-D: Deprecated declaration write_All_Flash - give arg types
  extern void write_All_Flash();
..\User\user_config.h(62): warning:  #1295-D: Deprecated declaration read_All_Flash - give arg types
  extern void read_All_Flash();
..\Hardware\Uart\uart.h(13): warning:  #1-D: last line of file ends without a newline
  #endif
..\Hardware\Uart\uart.c: 11 warnings, 0 errors
compiling msgbuild.c...
..\Hardware\Uart\uart.h(13): warning:  #1-D: last line of file ends without a newline
  #endif
..\Hardware\TDS\tds.h(6): warning:  #1295-D: Deprecated declaration timer_Init - give arg types
  extern void timer_Init();
..\Hardware\TDS\tds.h(7): warning:  #1295-D: Deprecated declaration start_counter - give arg types
  extern void start_counter();
..\Hardware\TDS\tds.h(8): warning:  #1295-D: Deprecated declaration tds_Init - give arg types
  extern void tds_Init();
..\Hardware\TDS\tds.h(12): warning:  #1-D: last line of file ends without a newline
  #endif
..\User\my_systick.h(7): warning:  #1-D: last line of file ends without a newline
  #endif
..\User\msgbuild.h(8): warning:  #1-D: last line of file ends without a newline
  #endif
..\User\user_config.h(60): warning:  #1295-D: Deprecated declaration reset - give arg types
  extern void reset();
..\User\user_config.h(61): warning:  #1295-D: Deprecated declaration write_All_Flash - give arg types
  extern void write_All_Flash();
..\User\user_config.h(62): warning:  #1295-D: Deprecated declaration read_All_Flash - give arg types
  extern void read_All_Flash();
..\User\msgbuild.h(8): warning:  #1-D: last line of file ends without a newline
  #endif
..\User\msgbuild.c(221): warning:  #1-D: last line of file ends without a newline
  }
..\User\msgbuild.c: 12 warnings, 0 errors
compiling tds.c...
..\Hardware\Uart\uart.h(13): warning:  #1-D: last line of file ends without a newline
  #endif
..\Hardware\TDS\tds.h(12): warning:  #1-D: last line of file ends without a newline
  #endif
..\User\my_systick.h(7): warning:  #1-D: last line of file ends without a newline
  #endif
..\User\msgbuild.h(8): warning:  #1-D: last line of file ends without a newline
  #endif
..\User\user_config.h(60): warning:  #1295-D: Deprecated declaration reset - give arg types
  extern void reset();
..\User\user_config.h(61): warning:  #1295-D: Deprecated declaration write_All_Flash - give arg types
  extern void write_All_Flash();
..\User\user_config.h(62): warning:  #1295-D: Deprecated declaration read_All_Flash - give arg types
  extern void read_All_Flash();
..\Hardware\TDS\tds.h(6): warning:  #1295-D: Deprecated declaration timer_Init - give arg types
  extern void timer_Init();
..\Hardware\TDS\tds.h(7): warning:  #1295-D: Deprecated declaration start_counter - give arg types
  extern void start_counter();
..\Hardware\TDS\tds.h(8): warning:  #1295-D: Deprecated declaration tds_Init - give arg types
  extern void tds_Init();
..\Hardware\TDS\tds.h(12): warning:  #1-D: last line of file ends without a newline
  #endif
..\Hardware\TDS\tds.c(7): warning:  #177-D: variable "g" was declared but never referenced
  	GPIO_InitSettingType g;
..\Hardware\TDS\tds.c(104): warning:  #1-D: last line of file ends without a newline
  }
..\Hardware\TDS\tds.c: 13 warnings, 0 errors
compiling sim800c.c...
..\Hardware\Uart\uart.h(13): warning:  #1-D: last line of file ends without a newline
  #endif
..\Hardware\TDS\tds.h(6): warning:  #1295-D: Deprecated declaration timer_Init - give arg types
  extern void timer_Init();
..\Hardware\TDS\tds.h(7): warning:  #1295-D: Deprecated declaration start_counter - give arg types
  extern void start_counter();
..\Hardware\TDS\tds.h(8): warning:  #1295-D: Deprecated declaration tds_Init - give arg types
  extern void tds_Init();
..\Hardware\TDS\tds.h(12): warning:  #1-D: last line of file ends without a newline
  #endif
..\User\my_systick.h(7): warning:  #1-D: last line of file ends without a newline
  #endif
..\User\msgbuild.h(8): warning:  #1-D: last line of file ends without a newline
  #endif
..\User\user_config.h(60): warning:  #1295-D: Deprecated declaration reset - give arg types
  extern void reset();
..\User\user_config.h(61): warning:  #1295-D: Deprecated declaration write_All_Flash - give arg types
  extern void write_All_Flash();
..\User\user_config.h(62): warning:  #1295-D: Deprecated declaration read_All_Flash - give arg types
  extern void read_All_Flash();
..\Hardware\GSM\sim800c.c: 10 warnings, 0 errors
linking...
Program Size: Code=10500 RO-data=308 RW-data=244 ZI-data=1212  
FromELF: creating hex file...
"..\Output\WaterClear.axf" - 0 Error(s), 81 Warning(s).

<h2>Collection of Component include folders:</h2>
  E:\Work\¾»Ë®Æ÷\WaterClear\Project\RTE
  D:\Keil\ARM\PACK\ARM\CMSIS\4.5.0\Device\ARM\ARMCM0\Include

<h2>Collection of Component Files used:</h2>
Build Time Elapsed:  00:00:01
</pre>
</body>
</html>
