Component: ARM Compiler 5.06 update 1 (build 61) Tool: armlink [4d35a8]

==============================================================================

Section Cross References

    lib_adc.o(i.ADC_Init) refers to lib_adc.o(i.ADC_Reset) for ADC_Reset
    lib_euart.o(i.EUART_BaudConfig) refers to aeabi_sdiv.o(.text) for __aeabi_uidivmod
    lib_euart.o(i.EUART_BaudConfig) refers to system_hr8p506.o(.data) for SystemCoreClock
    lib_euart.o(i.EUART_Init) refers to lib_euart.o(i.EUART_BaudConfig) for EUART_BaudConfig
    lib_euart.o(i.U7816_Init) refers to lib_euart.o(i.EUART_BaudConfig) for EUART_BaudConfig
    lib_flashiap.o(i.IAP_ErasePage) refers to lib_flashiap.o(i.IAP_Unlock) for IAP_Unlock
    lib_flashiap.o(i.IAP_ErasePage) refers to lib_flashiap.o(i.__set_PRIMASK) for __set_PRIMASK
    lib_flashiap.o(i.IAP_ErasePage) refers to lib_flashiap.o(i.IAP_WriteEnd) for IAP_WriteEnd
    lib_flashiap.o(i.IAP_WriteWord) refers to lib_flashiap.o(i.IAP_Unlock) for IAP_Unlock
    lib_flashiap.o(i.IAP_WriteWord) refers to lib_flashiap.o(i.IAP_WriteCont) for IAP_WriteCont
    lib_flashiap.o(i.IAP_WriteWord) refers to lib_flashiap.o(i.IAP_WriteEnd) for IAP_WriteEnd
    lib_flashiap.o(i.IAP_WriteWord) refers to lib_flashiap.o(i.__set_PRIMASK) for __set_PRIMASK
    lib_flashiap.o(i.Save_To_EPROM) refers to lib_flashiap.o(i.IAP_WriteWord) for IAP_WriteWord
    lib_flashiap.o(i.Save_To_EPROM) refers to main.o(.bss) for EPROM
    lib_gpio.o(i.GPIO_GetNormalBitOffsetFromPin) refers to lib_gpio.o(i.__ARM_common_switch8) for __ARM_common_switch8
    lib_gpio.o(i.GPIO_Init) refers to lib_gpio.o(i.GPIO_SetSingalTypeFromPin) for GPIO_SetSingalTypeFromPin
    lib_gpio.o(i.GPIO_Init) refers to lib_gpio.o(i.GPIO_SetDirRegFromPin) for GPIO_SetDirRegFromPin
    lib_gpio.o(i.GPIO_Init) refers to lib_gpio.o(i.GPIO_SetFuncxRegFromPin) for GPIO_SetFuncxRegFromPin
    lib_gpio.o(i.GPIO_Init) refers to lib_gpio.o(i.GPIO_SetODERegFromPin) for GPIO_SetODERegFromPin
    lib_gpio.o(i.GPIO_Init) refers to lib_gpio.o(i.GPIO_SetDSRegFromPin) for GPIO_SetDSRegFromPin
    lib_gpio.o(i.GPIO_Init) refers to lib_gpio.o(i.GPIO_SetPUERegFromPin) for GPIO_SetPUERegFromPin
    lib_gpio.o(i.GPIO_Init) refers to lib_gpio.o(i.GPIO_SetPDERegFromPin) for GPIO_SetPDERegFromPin
    lib_gpio.o(i.GPIO_ReadBit) refers to lib_gpio.o(i.GPIO_GetNormalBitOffsetFromPin) for GPIO_GetNormalBitOffsetFromPin
    lib_gpio.o(i.GPIO_ResetBit) refers to lib_gpio.o(i.GPIO_GetNormalBitOffsetFromPin) for GPIO_GetNormalBitOffsetFromPin
    lib_gpio.o(i.GPIO_SetBit) refers to lib_gpio.o(i.GPIO_GetNormalBitOffsetFromPin) for GPIO_GetNormalBitOffsetFromPin
    lib_gpio.o(i.GPIO_SetDSRegFromPin) refers to lib_gpio.o(i.GPIO_GetNormalBitOffsetFromPin) for GPIO_GetNormalBitOffsetFromPin
    lib_gpio.o(i.GPIO_SetDirRegFromPin) refers to lib_gpio.o(i.GPIO_GetNormalBitOffsetFromPin) for GPIO_GetNormalBitOffsetFromPin
    lib_gpio.o(i.GPIO_SetFuncxRegFromPin) refers to lib_gpio.o(i.__ARM_common_switch8) for __ARM_common_switch8
    lib_gpio.o(i.GPIO_SetODERegFromPin) refers to lib_gpio.o(i.GPIO_GetNormalBitOffsetFromPin) for GPIO_GetNormalBitOffsetFromPin
    lib_gpio.o(i.GPIO_SetPDERegFromPin) refers to lib_gpio.o(i.GPIO_GetNormalBitOffsetFromPin) for GPIO_GetNormalBitOffsetFromPin
    lib_gpio.o(i.GPIO_SetPUERegFromPin) refers to lib_gpio.o(i.GPIO_GetNormalBitOffsetFromPin) for GPIO_GetNormalBitOffsetFromPin
    lib_gpio.o(i.GPIO_SetSingalTypeFromPin) refers to lib_gpio.o(i.GPIO_GetNormalBitOffsetFromPin) for GPIO_GetNormalBitOffsetFromPin
    lib_gpio.o(i.GPIO_ToggleBit) refers to lib_gpio.o(i.GPIO_GetNormalBitOffsetFromPin) for GPIO_GetNormalBitOffsetFromPin
    lib_gpio.o(i.GPIO_WriteBit) refers to lib_gpio.o(i.GPIO_GetNormalBitOffsetFromPin) for GPIO_GetNormalBitOffsetFromPin
    lib_gpio.o(i.KINT_ClearITFlag) refers to lib_gpio.o(i.KINT_GetKINTxIndexFromPin) for KINT_GetKINTxIndexFromPin
    lib_gpio.o(i.KINT_GetITFlag) refers to lib_gpio.o(i.KINT_GetKINTxIndexFromPin) for KINT_GetKINTxIndexFromPin
    lib_gpio.o(i.KINT_GetKINTxIndexFromPin) refers to lib_gpio.o(i.__ARM_common_switch8) for __ARM_common_switch8
    lib_gpio.o(i.KINT_GetSelxIndexFromPin) refers to lib_gpio.o(i.__ARM_common_switch8) for __ARM_common_switch8
    lib_gpio.o(i.KINT_Init) refers to lib_gpio.o(i.KINT_SetTriggerStyleFromPin) for KINT_SetTriggerStyleFromPin
    lib_gpio.o(i.KINT_Init) refers to lib_gpio.o(i.KINT_SetEnableOrNotFromPin) for KINT_SetEnableOrNotFromPin
    lib_gpio.o(i.KINT_SetEnableOrNotFromPin) refers to lib_gpio.o(i.KINT_GetKINTxIndexFromPin) for KINT_GetKINTxIndexFromPin
    lib_gpio.o(i.KINT_SetEnableOrNotFromPin) refers to lib_gpio.o(i.KINT_GetSelxIndexFromPin) for KINT_GetSelxIndexFromPin
    lib_gpio.o(i.KINT_SetTriggerStyleFromPin) refers to lib_gpio.o(i.KINT_GetKINTxIndexFromPin) for KINT_GetKINTxIndexFromPin
    lib_gpio.o(i.KINT_SetTriggerStyleFromPin) refers to lib_gpio.o(i.__ARM_common_switch8) for __ARM_common_switch8
[...]
    Removing lib_timer.o(i.T32Nx_SetMAT2), (6 bytes).
    Removing lib_timer.o(i.T32Nx_SetMAT3), (6 bytes).
    Removing lib_timer.o(i.T32Nx_SetPRECNT), (36 bytes).
    Removing lib_timer.o(i.T32Nx_SetPREMAT), (16 bytes).
    Removing lib_uart.o(.rev16_text), (4 bytes).
    Removing lib_uart.o(.revsh_text), (4 bytes).
    Removing lib_uart.o(i.UART_AutoBaudConfig), (36 bytes).
    Removing lib_uart.o(i.UART_BaudFreeConfig), (48 bytes).
    Removing lib_uart.o(i.UART_ClearITPendingBit), (4 bytes).
    Removing lib_uart.o(i.UART_GetStatus), (16 bytes).
    Removing lib_uart.o(i.UART_RecByte), (8 bytes).
    Removing lib_uart.o(i.UART_RecHalfWord), (6 bytes).
    Removing lib_uart.o(i.UART_RecWord), (6 bytes).
    Removing lib_uart.o(i.UART_SendByte), (6 bytes).
    Removing lib_uart.o(i.UART_SendHalfWord), (4 bytes).
    Removing lib_uart.o(i.UART_SendWord), (4 bytes).
    Removing lib_wdt.o(.rev16_text), (4 bytes).
    Removing lib_wdt.o(.revsh_text), (4 bytes).
    Removing lib_wdt.o(i.WDT_GetFlagStatus), (24 bytes).
    Removing lib_wdt.o(i.WDT_GetValue), (12 bytes).
    Removing lib_wdt.o(i.WDT_SetReloadValue), (12 bytes).
    Removing main.o(.rev16_text), (4 bytes).
    Removing main.o(.revsh_text), (4 bytes).
    Removing main.o(i.write_All_Flash), (72 bytes).
    Removing my_systick.o(.rev16_text), (4 bytes).
    Removing my_systick.o(.revsh_text), (4 bytes).
    Removing my_systick.o(i.Delaynms), (28 bytes).
    Removing msgbuild.o(.rev16_text), (4 bytes).
    Removing msgbuild.o(.revsh_text), (4 bytes).
    Removing msgbuild.o(i.get_Valve_Status), (20 bytes).
    Removing system_hr8p506.o(.rev16_text), (4 bytes).
    Removing system_hr8p506.o(.revsh_text), (4 bytes).
    Removing tds.o(.rev16_text), (4 bytes).
    Removing tds.o(.revsh_text), (4 bytes).
    Removing uart.o(.rev16_text), (4 bytes).
    Removing uart.o(.revsh_text), (4 bytes).
    Removing uart.o(i.UART0Getch), (20 bytes).
    Removing uart.o(i.UART0Put_str), (48 bytes).
    Removing uart.o(i.get_String), (84 bytes).
    Removing sim800c.o(.rev16_text), (4 bytes).
    Removing sim800c.o(.revsh_text), (4 bytes).
    Removing sim800c.o(i.sim800c_OFF), (2 bytes).
    Removing water_flow.o(.rev16_text), (4 bytes).
    Removing water_flow.o(.revsh_text), (4 bytes).

275 unused section(s) (total 14948 bytes) removed from the image.

==============================================================================

Adding Veneers to the image

    Adding TT veneer (12 bytes, Long) for call to 'Save_To_EPROM' from msgbuild.o(i.msg_Deal).
    Adding TT veneer (12 bytes, Long) for call to 'IAP_Read' from main.o(i.read_All_Flash).

2 Veneer(s) (total 24 bytes) added to the image.

==============================================================================

Image Symbol Table

    Local Symbols

    Symbol Name                              Value     Ov Type        Size  Object(Section)

    RESET                                    0x00000000   Section      192  startup_hr8p506.o(RESET)
    ../clib/../cmprslib/zerorunl2.c          0x00000000   Number         0  __dczerorl2.o ABSOLUTE
    ../clib/angel/boardlib.s                 0x00000000   Number         0  boardinit2.o ABSOLUTE
    ../clib/angel/boardlib.s                 0x00000000   Number         0  boardinit3.o ABSOLUTE
    ../clib/angel/boardlib.s                 0x00000000   Number         0  boardinit1.o ABSOLUTE
    ../clib/angel/boardlib.s                 0x00000000   Number         0  boardshut.o ABSOLUTE
    ../clib/angel/handlers.s                 0x00000000   Number         0  __scatter_copy.o ABSOLUTE
    ../clib/angel/handlers.s                 0x00000000   Number         0  __scatter_zi.o ABSOLUTE
    ../clib/angel/kernel.s                   0x00000000   Number         0  rtexit2.o ABSOLUTE
    ../clib/angel/kernel.s                   0x00000000   Number         0  rtexit.o ABSOLUTE
    ../clib/angel/kernel.s                   0x00000000   Number         0  __rtentry4.o ABSOLUTE
    ../clib/angel/kernel.s                   0x00000000   Number         0  __rtentry2.o ABSOLUTE
    ../clib/angel/kernel.s                   0x00000000   Number         0  __rtentry.o ABSOLUTE
    ../clib/angel/rt.s                       0x00000000   Number         0  rt_raise.o ABSOLUTE
    ../clib/angel/rt.s                       0x00000000   Number         0  aeabi_idiv0.o ABSOLUTE
    ../clib/angel/rt.s                       0x00000000   Number         0  aeabi_idiv0_sigfpe.o ABSOLUTE
    ../clib/angel/rt.s                       0x00000000   Number         0  rt_div0.o ABSOLUTE
    ../clib/angel/scatterp.s                 0x00000000   Number         0  __scatter.o ABSOLUTE
    ../clib/angel/startup.s                  0x00000000   Number         0  __main.o ABSOLUTE
    ../clib/angel/sys.s                      0x00000000   Number         0  sys_stackheap_outer.o ABSOLUTE
    ../clib/angel/sys.s                      0x00000000   Number         0  libspace.o ABSOLUTE
    ../clib/angel/sys.s                      0x00000000   Number         0  tempstk.o ABSOLUTE
    ../clib/angel/sys.s                      0x00000000   Number         0  use_no_semi.o ABSOLUTE
    ../clib/angel/sys.s                      0x00000000   Number         0  indicate_semi.o ABSOLUTE
    ../clib/angel/sysapp.c                   0x00000000   Number         0  sys_wrch.o ABSOLUTE
    ../clib/angel/sysapp.c                   0x00000000   Number         0  sys_exit.o ABSOLUTE
    ../clib/angel/sysapp.c                   0x00000000   Number         0  sys_command.o ABSOLUTE
    ../clib/armsys.c                         0x00000000   Number         0  argv_veneer.o ABSOLUTE
    ../clib/armsys.c                         0x00000000   Number         0  _get_argv_nomalloc.o ABSOLUTE
    ../clib/armsys.c                         0x00000000   Number         0  no_argv.o ABSOLUTE
    ../clib/division.c                       0x00000000   Number         0  rtudiv10.o ABSOLUTE
    ../clib/division.s                       0x00000000   Number         0  aeabi_sdiv_div0.o ABSOLUTE
    ../clib/division.s                       0x00000000   Number         0  aeabi_sdiv.o ABSOLUTE
    ../clib/heapalloc.c                      0x00000000   Number         0  hrguard.o ABSOLUTE
    ../clib/heapaux.c                        0x00000000   Number         0  heapauxi.o ABSOLUTE
    ../clib/libinit.s                        0x00000000   Number         0  libinit.o ABSOLUTE
    ../clib/libinit.s                        0x00000000   Number         0  libinit2.o ABSOLUTE
    ../clib/libinit.s                        0x00000000   Number         0  libshutdown2.o ABSOLUTE
    ../clib/libinit.s                        0x00000000   Number         0  libshutdown.o ABSOLUTE
    ../clib/misc.s                           0x00000000   Number         0  printf_stubs.o ABSOLUTE
    ../clib/printf.c                         0x00000000   Number         0  __printf_ss_wp.o ABSOLUTE
    ../clib/printf.c                         0x00000000   Number         0  _printf_dec.o ABSOLUTE
    ../clib/printf.c                         0x00000000   Number         0  __printf_flags_wp.o ABSOLUTE
    ../clib/printf.c                         0x00000000   Number         0  __printf_flags.o ABSOLUTE
    ../clib/printf.c                         0x00000000   Number         0  __printf_ss.o ABSOLUTE
    ../clib/printf.c                         0x00000000   Number         0  __printf_flags_ss.o ABSOLUTE
    ../clib/printf.c                         0x00000000   Number         0  _sputc.o ABSOLUTE
    ../clib/printf.c                         0x00000000   Number         0  __printf_wp.o ABSOLUTE
    ../clib/printf.c                         0x00000000   Number         0  __2sprintf.o ABSOLUTE
    ../clib/printf.c                         0x00000000   Number         0  _printf_char.o ABSOLUTE
    ../clib/printf.c                         0x00000000   Number         0  __printf_nopercent.o ABSOLUTE
    ../clib/printf.c                         0x00000000   Number         0  _printf_intcommon.o ABSOLUTE
    ../clib/printf.c                         0x00000000   Number         0  _printf_char_common.o ABSOLUTE
    ../clib/printf.c                         0x00000000   Number         0  noretval__2sprintf.o ABSOLUTE
    ../clib/printf.c                         0x00000000   Number         0  __printf.o ABSOLUTE
    ../clib/printf.c                         0x00000000   Number         0  __printf_flags_ss_wp.o ABSOLUTE
    ../clib/printf.c                         0x00000000   Number         0  _printf_str.o ABSOLUTE
    ../clib/printf_percent.s                 0x00000000   Number         0  _printf_percent_end.o ABSOLUTE
    ../clib/printf_percent.s                 0x00000000   Number         0  _printf_c.o ABSOLUTE
    ../clib/printf_percent.s                 0x00000000   Number         0  _printf_s.o ABSOLUTE
    ../clib/printf_percent.s                 0x00000000   Number         0  _printf_u.o ABSOLUTE
    ../clib/printf_percent.s                 0x00000000   Number         0  _printf_percent.o ABSOLUTE
    ../clib/signal.c                         0x00000000   Number         0  defsig_general.o ABSOLUTE
    ../clib/signal.c                         0x00000000   Number         0  defsig_fpe_formal.o ABSOLUTE
    ../clib/signal.c                         0x00000000   Number         0  defsig_fpe_outer.o ABSOLUTE
    ../clib/signal.c                         0x00000000   Number         0  defsig_other.o ABSOLUTE
    ../clib/signal.c                         0x00000000   Number         0  defsig_segv_inner.o ABSOLUTE
    ../clib/signal.c                         0x00000000   Number         0  defsig_pvfn_inner.o ABSOLUTE
    ../clib/signal.c                         0x00000000   Number         0  defsig_stak_inner.o ABSOLUTE
    ../clib/signal.c                         0x00000000   Number         0  defsig_rtmem_formal.o ABSOLUTE
    ../clib/signal.c                         0x00000000   Number         0  defsig_rtmem_outer.o ABSOLUTE
    ../clib/signal.c                         0x00000000   Number         0  defsig_rtmem_inner.o ABSOLUTE
    ../clib/signal.c                         0x00000000   Number         0  defsig_rtred_inner.o ABSOLUTE
    ../clib/signal.c                         0x00000000   Number         0  defsig_abrt_inner.o ABSOLUTE
    ../clib/signal.c                         0x00000000   Number         0  defsig_cppl_inner.o ABSOLUTE
    ../clib/signal.c                         0x00000000   Number         0  __raise.o ABSOLUTE
    ../clib/signal.c                         0x00000000   Number         0  defsig_fpe_inner.o ABSOLUTE
    ../clib/signal.c                         0x00000000   Number         0  defsig_exit.o ABSOLUTE
    ../clib/signal.s                         0x00000000   Number         0  defsig.o ABSOLUTE
    ../clib/stdlib.c                         0x00000000   Number         0  exit.o ABSOLUTE
    ../clib/string.c                         0x00000000   Number         0  strcat.o ABSOLUTE
    ../clib/string.c                         0x00000000   Number         0  strstr.o ABSOLUTE
    ../fplib/cfplib/cmpret.c                 0x00000000   Number         0  cmpret.o ABSOLUTE
    ../fplib/cfplib/d2f.c                    0x00000000   Number         0  d2f.o ABSOLUTE
    ../fplib/cfplib/dcmpin.c                 0x00000000   Number         0  dcmpin.o ABSOLUTE
    ../fplib/cfplib/f2d.c                    0x00000000   Number         0  f2d.o ABSOLUTE
    ../fplib/cfplib/fdiv.c                   0x00000000   Number         0  fdiv.o ABSOLUTE
    ../fplib/cfplib/ffix.c                   0x00000000   Number         0  ffixui.o ABSOLUTE
    ../fplib/cfplib/fflt.c                   0x00000000   Number         0  fflti.o ABSOLUTE
    ../fplib/cfplib/fpinit.c                 0x00000000   Number         0  fpinit.o ABSOLUTE
    ../fplib/cfplib/nan2.c                   0x00000000   Number         0  dnan2.o ABSOLUTE
    ../fplib/cfplib/retnan.c                 0x00000000   Number         0  retnan.o ABSOLUTE
    ../fplib/dleqf6m.s                       0x00000000   Number         0  dlef.o ABSOLUTE
    ../fplib/fmul6m.s                        0x00000000   Number         0  fmul.o ABSOLUTE
    ../fplib/usenofp.s                       0x00000000   Number         0  usenofp.o ABSOLUTE
    ..\Hardware\Flow\water_flow.c            0x00000000   Number         0  water_flow.o ABSOLUTE
    ..\Hardware\GSM\sim800c.c                0x00000000   Number         0  sim800c.o ABSOLUTE
    ..\Hardware\TDS\tds.c                    0x00000000   Number         0  tds.o ABSOLUTE
    ..\Hardware\Uart\uart.c                  0x00000000   Number         0  uart.o ABSOLUTE
    ..\Library\Source\hr8p506_iap_table.c    0x00000000   Number         0  hr8p506_iap_table.o ABSOLUTE
    ..\Library\Source\lib_adc.c              0x00000000   Number         0  lib_adc.o ABSOLUTE
    ..\Library\Source\lib_euart.c            0x00000000   Number         0  lib_euart.o ABSOLUTE
    ..\Library\Source\lib_flashiap.c         0x00000000   Number         0  lib_flashiap.o ABSOLUTE
    ..\Library\Source\lib_gpio.c             0x00000000   Number         0  lib_gpio.o ABSOLUTE
    ..\Library\Source\lib_iic.c              0x00000000   Number         0  lib_iic.o ABSOLUTE
    ..\Library\Source\lib_lcd.c              0x00000000   Number         0  lib_lcd.o ABSOLUTE
    ..\Library\Source\lib_led.c              0x00000000   Number         0  lib_led.o ABSOLUTE
    ..\Library\Source\lib_printf.c           0x00000000   Number         0  lib_printf.o ABSOLUTE
    ..\Library\Source\lib_rtc.c              0x00000000   Number         0  lib_rtc.o ABSOLUTE
    ..\Library\Source\lib_scs.c              0x00000000   Number         0  lib_scs.o ABSOLUTE
    ..\Library\Source\lib_scu.c              0x00000000   Number         0  lib_scu.o ABSOLUTE
    ..\Library\Source\lib_spi.c              0x00000000   Number         0  lib_spi.o ABSOLUTE
    ..\Library\Source\lib_timer.c            0x00000000   Number         0  lib_timer.o ABSOLUTE
    ..\Library\Source\lib_uart.c             0x00000000   Number         0  lib_uart.o ABSOLUTE
    ..\Library\Source\lib_wdt.c              0x00000000   Number         0  lib_wdt.o ABSOLUTE
    ..\StartUp\startup_HR8P506.s             0x00000000   Number         0  startup_hr8p506.o ABSOLUTE
    ..\StartUp\system_HR8P506.c              0x00000000   Number         0  system_hr8p506.o ABSOLUTE
    ..\User\main.c                           0x00000000   Number         0  main.o ABSOLUTE
    ..\User\msgbuild.c                       0x00000000   Number         0  msgbuild.o ABSOLUTE
    ..\User\my_systick.c                     0x00000000   Number         0  my_systick.o ABSOLUTE
    ..\\Hardware\\Flow\\water_flow.c         0x00000000   Number         0  water_flow.o ABSOLUTE
    ..\\Hardware\\GSM\\sim800c.c             0x00000000   Number         0  sim800c.o ABSOLUTE
    ..\\Hardware\\TDS\\tds.c                 0x00000000   Number         0  tds.o ABSOLUTE
    ..\\Hardware\\Uart\\uart.c               0x00000000   Number         0  uart.o ABSOLUTE
    ..\\Library\\Source\\hr8p506_iap_table.c 0x00000000   Number         0  hr8p506_iap_table.o ABSOLUTE
    ..\\Library\\Source\\lib_adc.c           0x00000000   Number         0  lib_adc.o ABSOLUTE
    ..\\Library\\Source\\lib_euart.c         0x00000000   Number         0  lib_euart.o ABSOLUTE
    ..\\Library\\Source\\lib_flashiap.c      0x00000000   Number         0  lib_flashiap.o ABSOLUTE
    ..\\Library\\Source\\lib_gpio.c          0x00000000   Number         0  lib_gpio.o ABSOLUTE
    ..\\Library\\Source\\lib_iic.c           0x00000000   Number         0  lib_iic.o ABSOLUTE
    ..\\Library\\Source\\lib_lcd.c           0x00000000   Number         0  lib_lcd.o ABSOLUTE
    ..\\Library\\Source\\lib_led.c           0x00000000   Number         0  lib_led.o ABSOLUTE
    ..\\Library\\Source\\lib_printf.c        0x00000000   Number         0  lib_printf.o ABSOLUTE
    ..\\Library\\Source\\lib_rtc.c           0x00000000   Number         0  lib_rtc.o ABSOLUTE
    ..\\Library\\Source\\lib_scs.c           0x00000000   Number         0  lib_scs.o ABSOLUTE
    ..\\Library\\Source\\lib_scu.c           0x00000000   Number         0  lib_scu.o ABSOLUTE
    ..\\Library\\Source\\lib_spi.c           0x00000000   Number         0  lib_spi.o ABSOLUTE
    ..\\Library\\Source\\lib_timer.c         0x00000000   Number         0  lib_timer.o ABSOLUTE
    ..\\Library\\Source\\lib_uart.c          0x00000000   Number         0  lib_uart.o ABSOLUTE
    ..\\Library\\Source\\lib_wdt.c           0x00000000   Number         0  lib_wdt.o ABSOLUTE
    ..\\StartUp\\system_HR8P506.c            0x00000000   Number         0  system_hr8p506.o ABSOLUTE
    ..\\User\\main.c                         0x00000000   Number         0  main.o ABSOLUTE
    ..\\User\\msgbuild.c                     0x00000000   Number         0  msgbuild.o ABSOLUTE
    ..\\User\\my_systick.c                   0x00000000   Number         0  my_systick.o ABSOLUTE
    dc.s                                     0x00000000   Number         0  dc.o ABSOLUTE
    !!!main                                  0x000000c0   Section        8  __main.o(!!!main)
    !!!scatter                               0x000000c8   Section       60  __scatter.o(!!!scatter)
    !!handler_copy                           0x00000104   Section       26  __scatter_copy.o(!!handler_copy)
    !!handler_zi                             0x00000120   Section       28  __scatter_zi.o(!!handler_zi)
    .ARM.Collect$$_printf_percent$$00000000  0x0000013c   Section        2  _printf_percent.o(.ARM.Collect$$_printf_percent$$00000000)
    .ARM.Collect$$_printf_percent$$0000000A  0x0000013e   Section       10  _printf_u.o(.ARM.Collect$$_printf_percent$$0000000A)
    .ARM.Collect$$_printf_percent$$00000013  0x00000148   Section       10  _printf_c.o(.ARM.Collect$$_printf_percent$$00000013)
    .ARM.Collect$$_printf_percent$$00000014  0x00000152   Section       10  _printf_s.o(.ARM.Collect$$_printf_percent$$00000014)
    .ARM.Collect$$_printf_percent$$00000017  0x0000015c   Section        4  _printf_percent_end.o(.ARM.Collect$$_printf_percent$$00000017)
    .ARM.Collect$$libinit$$00000000          0x00000160   Section        2  libinit.o(.ARM.Collect$$libinit$$00000000)
    .ARM.Collect$$libinit$$00000002          0x00000162   Section        0  libinit2.o(.ARM.Collect$$libinit$$00000002)
    .ARM.Collect$$libinit$$00000004          0x00000162   Section        0  libinit2.o(.ARM.Collect$$libinit$$00000004)
    .ARM.Collect$$libinit$$0000000A          0x00000162   Section        0  libinit2.o(.ARM.Collect$$libinit$$0000000A)
    .ARM.Collect$$libinit$$0000000C          0x00000162   Section        0  libinit2.o(.ARM.Collect$$libinit$$0000000C)
    .ARM.Collect$$libinit$$0000000E          0x00000162   Section        0  libinit2.o(.ARM.Collect$$libinit$$0000000E)
    .ARM.Collect$$libinit$$00000011          0x00000162   Section        0  libinit2.o(.ARM.Collect$$libinit$$00000011)
    .ARM.Collect$$libinit$$00000013          0x00000162   Section        0  libinit2.o(.ARM.Collect$$libinit$$00000013)
    .ARM.Collect$$libinit$$00000015          0x00000162   Section        0  libinit2.o(.ARM.Collect$$libinit$$00000015)
    .ARM.Collect$$libinit$$00000017          0x00000162   Section        0  libinit2.o(.ARM.Collect$$libinit$$00000017)
    .ARM.Collect$$libinit$$00000019          0x00000162   Section        0  libinit2.o(.ARM.Collect$$libinit$$00000019)
    .ARM.Collect$$libinit$$0000001B          0x00000162   Section        0  libinit2.o(.ARM.Collect$$libinit$$0000001B)
    .ARM.Collect$$libinit$$0000001D          0x00000162   Section        0  libinit2.o(.ARM.Collect$$libinit$$0000001D)
    .ARM.Collect$$libinit$$0000001F          0x00000162   Section        0  libinit2.o(.ARM.Collect$$libinit$$0000001F)
    .ARM.Collect$$libinit$$00000021          0x00000162   Section        0  libinit2.o(.ARM.Collect$$libinit$$00000021)
    .ARM.Collect$$libinit$$00000023          0x00000162   Section        0  libinit2.o(.ARM.Collect$$libinit$$00000023)
    .ARM.Collect$$libinit$$00000025          0x00000162   Section        0  libinit2.o(.ARM.Collect$$libinit$$00000025)
    .ARM.Collect$$libinit$$0000002C          0x00000162   Section        0  libinit2.o(.ARM.Collect$$libinit$$0000002C)
    .ARM.Collect$$libinit$$0000002E          0x00000162   Section        0  libinit2.o(.ARM.Collect$$libinit$$0000002E)
    .ARM.Collect$$libinit$$00000030          0x00000162   Section        0  libinit2.o(.ARM.Collect$$libinit$$00000030)
    .ARM.Collect$$libinit$$00000032          0x00000162   Section        0  libinit2.o(.ARM.Collect$$libinit$$00000032)
    .ARM.Collect$$libinit$$00000033          0x00000162   Section        2  libinit2.o(.ARM.Collect$$libinit$$00000033)
    .ARM.Collect$$libshutdown$$00000000      0x00000164   Section        2  libshutdown.o(.ARM.Collect$$libshutdown$$00000000)
    .ARM.Collect$$libshutdown$$00000002      0x00000166   Section        0  libshutdown2.o(.ARM.Collect$$libshutdown$$00000002)
    .ARM.Collect$$libshutdown$$00000004      0x00000166   Section        0  libshutdown2.o(.ARM.Collect$$libshutdown$$00000004)
    .ARM.Collect$$libshutdown$$00000007      0x00000166   Section        0  libshutdown2.o(.ARM.Collect$$libshutdown$$00000007)
    .ARM.Collect$$libshutdown$$0000000A      0x00000166   Section        0  libshutdown2.o(.ARM.Collect$$libshutdown$$0000000A)
    .ARM.Collect$$libshutdown$$0000000C      0x00000166   Section        0  libshutdown2.o(.ARM.Collect$$libshutdown$$0000000C)
    .ARM.Collect$$libshutdown$$0000000F      0x00000166   Section        0  libshutdown2.o(.ARM.Collect$$libshutdown$$0000000F)
    .ARM.Collect$$libshutdown$$00000010      0x00000166   Section        2  libshutdown2.o(.ARM.Collect$$libshutdown$$00000010)
    .ARM.Collect$$rtentry$$00000000          0x00000168   Section        0  __rtentry.o(.ARM.Collect$$rtentry$$00000000)
    .ARM.Collect$$rtentry$$00000002          0x00000168   Section        0  __rtentry2.o(.ARM.Collect$$rtentry$$00000002)
    .ARM.Collect$$rtentry$$00000004          0x00000168   Section        6  __rtentry4.o(.ARM.Collect$$rtentry$$00000004)
    .ARM.Collect$$rtentry$$00000009          0x0000016e   Section        0  __rtentry2.o(.ARM.Collect$$rtentry$$00000009)
    .ARM.Collect$$rtentry$$0000000A          0x0000016e   Section        4  __rtentry2.o(.ARM.Collect$$rtentry$$0000000A)
    .ARM.Collect$$rtentry$$0000000C          0x00000172   Section        0  __rtentry2.o(.ARM.Collect$$rtentry$$0000000C)
    .ARM.Collect$$rtentry$$0000000D          0x00000172   Section        8  __rtentry2.o(.ARM.Collect$$rtentry$$0000000D)
    .ARM.Collect$$rtexit$$00000000           0x0000017a   Section        2  rtexit.o(.ARM.Collect$$rtexit$$00000000)
    .ARM.Collect$$rtexit$$00000002           0x0000017c   Section        0  rtexit2.o(.ARM.Collect$$rtexit$$00000002)
    .ARM.Collect$$rtexit$$00000003           0x0000017c   Section        4  rtexit2.o(.ARM.Collect$$rtexit$$00000003)
    .ARM.Collect$$rtexit$$00000004           0x00000180   Section        6  rtexit2.o(.ARM.Collect$$rtexit$$00000004)
    .text                                    0x00000188   Section      232  startup_hr8p506.o(.text)
    .text                                    0x00000270   Section        0  __2sprintf.o(.text)
    .text                                    0x0000029c   Section        0  __printf.o(.text)
    .text                                    0x00000308   Section        0  _printf_str.o(.text)
    .text                                    0x0000035c   Section        0  _printf_dec.o(.text)
    .text                                    0x000003c8   Section        0  strstr.o(.text)
    .text                                    0x000003f0   Section        0  strcat.o(.text)
    .text                                    0x00000408   Section      346  aeabi_sdiv.o(.text)
    .text                                    0x00000562   Section        0  heapauxi.o(.text)
    .text                                    0x00000568   Section        0  d2f.o(.text)
    .text                                    0x000005e4   Section        0  f2d.o(.text)
    .text                                    0x00000638   Section        0  fdiv.o(.text)
    .text                                    0x00000798   Section        0  ffixui.o(.text)
    .text                                    0x000007c8   Section        0  fflti.o(.text)
    .text                                    0x00000826   Section        0  _printf_intcommon.o(.text)
    .text                                    0x000008d8   Section        0  _printf_char_common.o(.text)
    _printf_input_char                       0x000008d9   Thumb Code    10  _printf_char_common.o(.text)
    .text                                    0x00000908   Section        0  _sputc.o(.text)
    .text                                    0x00000912   Section        0  _printf_char.o(.text)
    .text                                    0x00000940   Section        0  rtudiv10.o(.text)
    .text                                    0x00000968   Section        0  dcmpin.o(.text)
    .text                                    0x000009f8   Section        0  cmpret.o(.text)
    .text                                    0x00000a28   Section        0  dnan2.o(.text)
    .text                                    0x00000a3c   Section       62  sys_stackheap_outer.o(.text)
    .text                                    0x00000a7a   Section        0  exit.o(.text)
    .text                                    0x00000a8a   Section        0  retnan.o(.text)
    .text                                    0x00000ae8   Section        8  libspace.o(.text)
    .text                                    0x00000af0   Section        0  sys_exit.o(.text)
    .text                                    0x00000afc   Section        2  use_no_semi.o(.text)
    .text                                    0x00000afe   Section        0  indicate_semi.o(.text)
    .text                                    0x00000afe   Section        0  __dczerorl2.o(.text)
    i.BEE_OFF                                0x00000b6c   Section        0  my_systick.o(i.BEE_OFF)
    i.BEE_ON                                 0x00000b78   Section        0  my_systick.o(i.BEE_ON)
    i.BEE_init                               0x00000b84   Section        0  main.o(i.BEE_init)
    i.DeviceClockAllEnable                   0x00000ba8   Section        0  lib_scu.o(i.DeviceClockAllEnable)
    i.GPIO_GetNormalBitOffsetFromPin         0x00000bdc   Section        0  lib_gpio.o(i.GPIO_GetNormalBitOffsetFromPin)
    i.GPIO_Init                              0x00000cd6   Section        0  lib_gpio.o(i.GPIO_Init)
    i.GPIO_ReadBit                           0x00000d40   Section        0  lib_gpio.o(i.GPIO_ReadBit)
    i.GPIO_SetDSRegFromPin                   0x00000d70   Section        0  lib_gpio.o(i.GPIO_SetDSRegFromPin)
    i.GPIO_SetDirRegFromPin                  0x00000dd8   Section        0  lib_gpio.o(i.GPIO_SetDirRegFromPin)
    i.GPIO_SetFuncxRegFromPin                0x00000e24   Section        0  lib_gpio.o(i.GPIO_SetFuncxRegFromPin)
    i.GPIO_SetODERegFromPin                  0x0000139c   Section        0  lib_gpio.o(i.GPIO_SetODERegFromPin)
    i.GPIO_SetPDERegFromPin                  0x00001404   Section        0  lib_gpio.o(i.GPIO_SetPDERegFromPin)
    i.GPIO_SetPUERegFromPin                  0x0000146c   Section        0  lib_gpio.o(i.GPIO_SetPUERegFromPin)
    i.GPIO_SetSingalTypeFromPin              0x000014d4   Section        0  lib_gpio.o(i.GPIO_SetSingalTypeFromPin)
    i.GPIO_WriteBit                          0x0000153c   Section        0  lib_gpio.o(i.GPIO_WriteBit)
    i.GSM_TCPC_INIT                          0x00001588   Section        0  sim800c.o(i.GSM_TCPC_INIT)
    i.GSM_TCP_Connect                        0x000015a8   Section        0  sim800c.o(i.GSM_TCP_Connect)
    i.HardWare_Init                          0x00001694   Section        0  main.o(i.HardWare_Init)
    i.NVIC_Init                              0x000016d0   Section        0  lib_scs.o(i.NVIC_Init)
    i.PLLClock_Config                        0x00001734   Section        0  lib_scu.o(i.PLLClock_Config)
    i.SCU_SysClkSelect                       0x000018e4   Section        0  lib_scu.o(i.SCU_SysClkSelect)
    i.SysTick_IRQHandler                     0x00001910   Section        0  my_systick.o(i.SysTick_IRQHandler)
    i.SysTick_Init                           0x000019d0   Section        0  lib_scs.o(i.SysTick_Init)
    i.SystemInit                             0x00001a10   Section        0  system_hr8p506.o(i.SystemInit)
    i.T16N1_IRQHandler                       0x00001a9c   Section        0  tds.o(i.T16N1_IRQHandler)
    i.T16N2_IRQHandler                       0x00001ae0   Section        0  tds.o(i.T16N2_IRQHandler)
    i.T16Nx_BaseInit                         0x00001b28   Section        0  lib_timer.o(i.T16Nx_BaseInit)
    i.T16Nx_ClearITPendingBit                0x00001b84   Section        0  lib_timer.o(i.T16Nx_ClearITPendingBit)
    i.T16Nx_Disable                          0x00001b88   Section        0  lib_timer.o(i.T16Nx_Disable)
    i.T16Nx_Enable                           0x00001b92   Section        0  lib_timer.o(i.T16Nx_Enable)
    i.T16Nx_GetFlagStatus                    0x00001b9e   Section        0  lib_timer.o(i.T16Nx_GetFlagStatus)
    i.T16Nx_ITConfig                         0x00001bb2   Section        0  lib_timer.o(i.T16Nx_ITConfig)
    i.T16Nx_MAT0ITConfig                     0x00001bc6   Section        0  lib_timer.o(i.T16Nx_MAT0ITConfig)
    i.T16Nx_SetCNT0                          0x00001bde   Section        0  lib_timer.o(i.T16Nx_SetCNT0)
    i.T16Nx_SetMAT0                          0x00001c02   Section        0  lib_timer.o(i.T16Nx_SetMAT0)
    i.TCP_Recieve                            0x00001c10   Section        0  sim800c.o(i.TCP_Recieve)
    i.UART0Init                              0x00001cc4   Section        0  uart.o(i.UART0Init)
    i.UART0Putch                             0x00001d68   Section        0  uart.o(i.UART0Putch)
    i.UART0Write_Str                         0x00001d84   Section        0  uart.o(i.UART0Write_Str)
    i.UART0_IRQHandler                       0x00001dd8   Section        0  uart.o(i.UART0_IRQHandler)
    i.UART0_Recieve                          0x00001eec   Section        0  uart.o(i.UART0_Recieve)
    i.UART_GetFlagStatus                     0x00001f6c   Section        0  lib_uart.o(i.UART_GetFlagStatus)
    i.UART_GetITStatus                       0x00001f7c   Section        0  lib_uart.o(i.UART_GetITStatus)
    i.UART_ITConfig                          0x00001f8c   Section        0  lib_uart.o(i.UART_ITConfig)
    i.UART_Init                              0x00001fa0   Section        0  lib_uart.o(i.UART_Init)
    i.UART_RBIMConfig                        0x00002108   Section        0  lib_uart.o(i.UART_RBIMConfig)
    i.UART_TBIMConfig                        0x0000211c   Section        0  lib_uart.o(i.UART_TBIMConfig)
    i.WDT_Init                               0x0000212c   Section        0  lib_wdt.o(i.WDT_Init)
    i.__ARM_common_switch8                   0x0000219c   Section        0  lib_gpio.o(i.__ARM_common_switch8)
    i.check_ststus                           0x000021b8   Section        0  uart.o(i.check_ststus)
    i.clear_RCV_Buffer                       0x0000223c   Section        0  uart.o(i.clear_RCV_Buffer)
    i.control_Function                       0x00002254   Section        0  msgbuild.o(i.control_Function)
    i.delay_nms                              0x000022dc   Section        0  my_systick.o(i.delay_nms)
    i.get_Flow                               0x000022f0   Section        0  water_flow.o(i.get_Flow)
    i.get_Fre1                               0x000022f4   Section        0  tds.o(i.get_Fre1)
    i.get_Fre2                               0x00002350   Section        0  tds.o(i.get_Fre2)
    i.get_IMEI                               0x000023ac   Section        0  sim800c.o(i.get_IMEI)
    i.get_MSG                                0x0000242c   Section        0  uart.o(i.get_MSG)
    i.get_NByte                              0x000024ac   Section        0  uart.o(i.get_NByte)
    i.get_TDS                                0x00002518   Section        0  tds.o(i.get_TDS)
    i.high_Pressure                          0x0000253c   Section        0  msgbuild.o(i.high_Pressure)
    i.low_Pressure                           0x00002550   Section        0  msgbuild.o(i.low_Pressure)
    i.main                                   0x00002568   Section        0  main.o(i.main)
    i.msg_Build                              0x00002600   Section        0  msgbuild.o(i.msg_Build)
    i.msg_Deal                               0x00002728   Section        0  msgbuild.o(i.msg_Deal)
    i.pressure_Init                          0x0000297c   Section        0  msgbuild.o(i.pressure_Init)
    i.read_All_Flash                         0x00002998   Section        0  main.o(i.read_All_Flash)
    i.reset                                  0x000029c0   Section        0  main.o(i.reset)
    i.runApplication                         0x00002a2c   Section        0  msgbuild.o(i.runApplication)
    i.set_TDSEN                              0x00002aac   Section        0  tds.o(i.set_TDSEN)
    i.sim800c_init                           0x00002ab0   Section        0  sim800c.o(i.sim800c_init)
    i.tds_Init                               0x00002bcc   Section        0  tds.o(i.tds_Init)
    i.timer_Init                             0x00002be8   Section        0  tds.o(i.timer_Init)
    i.type_Flow                              0x00002c8c   Section        0  msgbuild.o(i.type_Flow)
    i.type_Time                              0x00002ca8   Section        0  msgbuild.o(i.type_Time)
    i.valve_Init                             0x00002cc4   Section        0  msgbuild.o(i.valve_Init)
    i.valve_OFF                              0x00002d06   Section        0  msgbuild.o(i.valve_OFF)
    i.valve_ON                               0x00002d5a   Section        0  msgbuild.o(i.valve_ON)
    x$fpl$dleqf                              0x00002db0   Section      100  dlef.o(x$fpl$dleqf)
    x$fpl$fmul                               0x00002e14   Section      176  fmul.o(x$fpl$fmul)
    .constdata                               0x00002ec4   Section       64  fdiv.o(.constdata)
    x$fpl$usenofp                            0x00002ec4   Section        0  usenofp.o(x$fpl$usenofp)
    fdiv_tab                                 0x00002ec4   Data          64  fdiv.o(.constdata)
    i.IAP_Read                               0x20000000   Section        0  lib_flashiap.o(i.IAP_Read)
    i.IAP_Unlock                             0x2000002c   Section        0  lib_flashiap.o(i.IAP_Unlock)
    i.IAP_WriteCont                          0x20000080   Section        0  lib_flashiap.o(i.IAP_WriteCont)
    i.IAP_WriteEnd                           0x20000120   Section        0  lib_flashiap.o(i.IAP_WriteEnd)
    i.IAP_WriteWord                          0x20000164   Section        0  lib_flashiap.o(i.IAP_WriteWord)
    i.Save_To_EPROM                          0x200001b0   Section        0  lib_flashiap.o(i.Save_To_EPROM)
    i.__set_PRIMASK                          0x200001f4   Section        0  lib_flashiap.o(i.__set_PRIMASK)
    __set_PRIMASK                            0x200001f5   Thumb Code     6  lib_flashiap.o(i.__set_PRIMASK)
    .data                                    0x200001fc   Section       24  my_systick.o(.data)
    delay_temp                               0x2000020c   Data           4  my_systick.o(.data)
    count                                    0x20000210   Data           4  my_systick.o(.data)
    .data                                    0x20000214   Section        1  msgbuild.o(.data)
    cc                                       0x20000214   Data           1  msgbuild.o(.data)
    .data                                    0x20000218   Section        4  system_hr8p506.o(.data)
    .data                                    0x2000021c   Section       20  tds.o(.data)
    cc                                       0x2000022c   Data           4  tds.o(.data)
    .data                                    0x20000230   Section       10  uart.o(.data)
    .data                                    0x2000023a   Section      236  sim800c.o(.data)
    .bss                                     0x20000328   Section       48  main.o(.bss)
    .bss                                     0x20000358   Section      340  uart.o(.bss)
    .bss                                     0x200004ac   Section       96  libspace.o(.bss)
    HEAP                                     0x20000510   Section        0  startup_hr8p506.o(HEAP)
    STACK                                    0x20000510   Section     1024  startup_hr8p506.o(STACK)
    Heap_Mem                                 0x20000510   Data           0  startup_hr8p506.o(HEAP)
    Stack_Mem                                0x20000510   Data        1024  startup_hr8p506.o(STACK)
    __initial_sp                             0x20000910   Data           0  startup_hr8p506.o(STACK)

    Global Symbols

    Symbol Name                              Value     Ov Type        Size  Object(Section)

    BuildAttributes$$THM_ISAv3M$S$PE$A:L22$X:L11$S22$IEEE1$IW$USESV6$~STKCKD$USESV7$~SHL$OSPACE$ROPI$EBA8$UX$STANDARDLIB$REQ8$PRES8$EABIv2 0x00000000   Number         0  anon$$obj.o ABSOLUTE
    __ARM_use_no_argv                        0x00000000   Number         0  main.o ABSOLUTE
    __Vectors                                0x00000000   Data           4  startup_hr8p506.o(RESET)
    _printf_flags                            0x00000000   Number         0  printf_stubs.o ABSOLUTE
    _printf_return_value                     0x00000000   Number         0  printf_stubs.o ABSOLUTE
    _printf_sizespec                         0x00000000   Number         0  printf_stubs.o ABSOLUTE
    _printf_widthprec                        0x00000000   Number         0  printf_stubs.o ABSOLUTE
    __ARM_exceptions_init                     - Undefined Weak Reference
    __alloca_initialize                       - Undefined Weak Reference
    __arm_preinit_                            - Undefined Weak Reference
    __cpp_initialize__aeabi_                  - Undefined Weak Reference
    __cxa_finalize                            - Undefined Weak Reference
    __rt_locale                               - Undefined Weak Reference
    __sigvec_lookup                           - Undefined Weak Reference
    _atexit_init                              - Undefined Weak Reference
    _call_atexit_fns                          - Undefined Weak Reference
    _clock_init                               - Undefined Weak Reference
    _fp_trap_init                             - Undefined Weak Reference
    _fp_trap_shutdown                         - Undefined Weak Reference
    _get_lc_collate                           - Undefined Weak Reference
    _get_lc_ctype                             - Undefined Weak Reference
    _get_lc_monetary                          - Undefined Weak Reference
    _get_lc_numeric                           - Undefined Weak Reference
    _get_lc_time                              - Undefined Weak Reference
    _getenv_init                              - Undefined Weak Reference
    _handle_redirection                       - Undefined Weak Reference
    _init_alloc                               - Undefined Weak Reference
    _init_user_alloc                          - Undefined Weak Reference
    _initio                                   - Undefined Weak Reference
    _printf_mbtowc                            - Undefined Weak Reference
    _printf_post_padding                      - Undefined Weak Reference
    _printf_pre_padding                       - Undefined Weak Reference
    _printf_truncate_signed                   - Undefined Weak Reference
    _printf_truncate_unsigned                 - Undefined Weak Reference
    _rand_init                                - Undefined Weak Reference
    _signal_finish                            - Undefined Weak Reference
    _signal_init                              - Undefined Weak Reference
    _terminate_alloc                          - Undefined Weak Reference
    _terminate_user_alloc                     - Undefined Weak Reference
    _terminateio                              - Undefined Weak Reference
    __main                                   0x000000c1   Thumb Code     8  __main.o(!!!main)
    __scatterload                            0x000000c9   Thumb Code     0  __scatter.o(!!!scatter)
    __scatterload_rt2                        0x000000c9   Thumb Code    52  __scatter.o(!!!scatter)
    __scatterload_rt2_thumb_only             0x000000c9   Thumb Code     0  __scatter.o(!!!scatter)
    __scatterload_null                       0x000000d9   Thumb Code     0  __scatter.o(!!!scatter)
    __scatterload_copy                       0x00000105   Thumb Code    26  __scatter_copy.o(!!handler_copy)
    __scatterload_zeroinit                   0x00000121   Thumb Code    28  __scatter_zi.o(!!handler_zi)
    _printf_percent                          0x0000013d   Thumb Code     0  _printf_percent.o(.ARM.Collect$$_printf_percent$$00000000)
    _printf_u                                0x0000013f   Thumb Code     0  _printf_u.o(.ARM.Collect$$_printf_percent$$0000000A)
    _printf_c                                0x00000149   Thumb Code     0  _printf_c.o(.ARM.Collect$$_printf_percent$$00000013)
    _printf_s                                0x00000153   Thumb Code     0  _printf_s.o(.ARM.Collect$$_printf_percent$$00000014)
    _printf_percent_end                      0x0000015d   Thumb Code     0  _printf_percent_end.o(.ARM.Collect$$_printf_percent$$00000017)
    __rt_lib_init                            0x00000161   Thumb Code     0  libinit.o(.ARM.Collect$$libinit$$00000000)
    __rt_lib_init_alloca_1                   0x00000163   Thumb Code     0  libinit2.o(.ARM.Collect$$libinit$$0000002E)
    __rt_lib_init_argv_1                     0x00000163   Thumb Code     0  libinit2.o(.ARM.Collect$$libinit$$0000002C)
    __rt_lib_init_atexit_1                   0x00000163   Thumb Code     0  libinit2.o(.ARM.Collect$$libinit$$0000001B)
    __rt_lib_init_clock_1                    0x00000163   Thumb Code     0  libinit2.o(.ARM.Collect$$libinit$$00000021)
    __rt_lib_init_cpp_1                      0x00000163   Thumb Code     0  libinit2.o(.ARM.Collect$$libinit$$00000032)
    __rt_lib_init_exceptions_1               0x00000163   Thumb Code     0  libinit2.o(.ARM.Collect$$libinit$$00000030)
    __rt_lib_init_fp_1                       0x00000163   Thumb Code     0  libinit2.o(.ARM.Collect$$libinit$$00000002)
    __rt_lib_init_fp_trap_1                  0x00000163   Thumb Code     0  libinit2.o(.ARM.Collect$$libinit$$0000001F)
    __rt_lib_init_getenv_1                   0x00000163   Thumb Code     0  libinit2.o(.ARM.Collect$$libinit$$00000023)
    __rt_lib_init_heap_1                     0x00000163   Thumb Code     0  libinit2.o(.ARM.Collect$$libinit$$0000000A)
    __rt_lib_init_lc_collate_1               0x00000163   Thumb Code     0  libinit2.o(.ARM.Collect$$libinit$$00000011)
    __rt_lib_init_lc_ctype_1                 0x00000163   Thumb Code     0  libinit2.o(.ARM.Collect$$libinit$$00000013)
    __rt_lib_init_lc_monetary_1              0x00000163   Thumb Code     0  libinit2.o(.ARM.Collect$$libinit$$00000015)
    __rt_lib_init_lc_numeric_1               0x00000163   Thumb Code     0  libinit2.o(.ARM.Collect$$libinit$$00000017)
    __rt_lib_init_lc_time_1                  0x00000163   Thumb Code     0  libinit2.o(.ARM.Collect$$libinit$$00000019)
    __rt_lib_init_preinit_1                  0x00000163   Thumb Code     0  libinit2.o(.ARM.Collect$$libinit$$00000004)
    __rt_lib_init_rand_1                     0x00000163   Thumb Code     0  libinit2.o(.ARM.Collect$$libinit$$0000000E)
    __rt_lib_init_return                     0x00000163   Thumb Code     0  libinit2.o(.ARM.Collect$$libinit$$00000033)
    __rt_lib_init_signal_1                   0x00000163   Thumb Code     0  libinit2.o(.ARM.Collect$$libinit$$0000001D)
    __rt_lib_init_stdio_1                    0x00000163   Thumb Code     0  libinit2.o(.ARM.Collect$$libinit$$00000025)
    __rt_lib_init_user_alloc_1               0x00000163   Thumb Code     0  libinit2.o(.ARM.Collect$$libinit$$0000000C)
    __rt_lib_shutdown                        0x00000165   Thumb Code     0  libshutdown.o(.ARM.Collect$$libshutdown$$00000000)
    __rt_lib_shutdown_cpp_1                  0x00000167   Thumb Code     0  libshutdown2.o(.ARM.Collect$$libshutdown$$00000002)
    __rt_lib_shutdown_fp_trap_1              0x00000167   Thumb Code     0  libshutdown2.o(.ARM.Collect$$libshutdown$$00000007)
    __rt_lib_shutdown_heap_1                 0x00000167   Thumb Code     0  libshutdown2.o(.ARM.Collect$$libshutdown$$0000000F)
    __rt_lib_shutdown_return                 0x00000167   Thumb Code     0  libshutdown2.o(.ARM.Collect$$libshutdown$$00000010)
    __rt_lib_shutdown_signal_1               0x00000167   Thumb Code     0  libshutdown2.o(.ARM.Collect$$libshutdown$$0000000A)
    __rt_lib_shutdown_stdio_1                0x00000167   Thumb Code     0  libshutdown2.o(.ARM.Collect$$libshutdown$$00000004)
    __rt_lib_shutdown_user_alloc_1           0x00000167   Thumb Code     0  libshutdown2.o(.ARM.Collect$$libshutdown$$0000000C)
    __rt_entry                               0x00000169   Thumb Code     0  __rtentry.o(.ARM.Collect$$rtentry$$00000000)
    __rt_entry_presh_1                       0x00000169   Thumb Code     0  __rtentry2.o(.ARM.Collect$$rtentry$$00000002)
    __rt_entry_sh                            0x00000169   Thumb Code     0  __rtentry4.o(.ARM.Collect$$rtentry$$00000004)
    __rt_entry_li                            0x0000016f   Thumb Code     0  __rtentry2.o(.ARM.Collect$$rtentry$$0000000A)
    __rt_entry_postsh_1                      0x0000016f   Thumb Code     0  __rtentry2.o(.ARM.Collect$$rtentry$$00000009)
    __rt_entry_main                          0x00000173   Thumb Code     0  __rtentry2.o(.ARM.Collect$$rtentry$$0000000D)
    __rt_entry_postli_1                      0x00000173   Thumb Code     0  __rtentry2.o(.ARM.Collect$$rtentry$$0000000C)
    __rt_exit                                0x0000017b   Thumb Code     0  rtexit.o(.ARM.Collect$$rtexit$$00000000)
    __rt_exit_ls                             0x0000017d   Thumb Code     0  rtexit2.o(.ARM.Collect$$rtexit$$00000003)
    __rt_exit_prels_1                        0x0000017d   Thumb Code     0  rtexit2.o(.ARM.Collect$$rtexit$$00000002)
    __rt_exit_exit                           0x00000181   Thumb Code     0  rtexit2.o(.ARM.Collect$$rtexit$$00000004)
    Reset_IRQHandler                         0x00000189   Thumb Code    12  startup_hr8p506.o(.text)
    NMI_IRQHandler                           0x00000195   Thumb Code     2  startup_hr8p506.o(.text)
    HardFault_IRQHandler                     0x00000197   Thumb Code     2  startup_hr8p506.o(.text)
    SVC_IRQHandler                           0x00000199   Thumb Code     2  startup_hr8p506.o(.text)
    PendSV_IRQHandler                        0x0000019b   Thumb Code     2  startup_hr8p506.o(.text)
    ADC_IRQHandler                           0x0000019f   Thumb Code     0  startup_hr8p506.o(.text)
    CCM_IRQHandler                           0x0000019f   Thumb Code     0  startup_hr8p506.o(.text)
    EUART0_IRQHandler                        0x0000019f   Thumb Code     0  startup_hr8p506.o(.text)
    I2C0_IRQHandler                          0x0000019f   Thumb Code     0  startup_hr8p506.o(.text)
    KINT_IRQHandler                          0x0000019f   Thumb Code     0  startup_hr8p506.o(.text)
    LVD_IRQHandler                           0x0000019f   Thumb Code     0  startup_hr8p506.o(.text)
    PINT0_IRQHandler                         0x0000019f   Thumb Code     0  startup_hr8p506.o(.text)
    PINT1_IRQHandler                         0x0000019f   Thumb Code     0  startup_hr8p506.o(.text)
    PINT2_IRQHandler                         0x0000019f   Thumb Code     0  startup_hr8p506.o(.text)
    PINT3_IRQHandler                         0x0000019f   Thumb Code     0  startup_hr8p506.o(.text)
    PINT4_IRQHandler                         0x0000019f   Thumb Code     0  startup_hr8p506.o(.text)
    PINT5_IRQHandler                         0x0000019f   Thumb Code     0  startup_hr8p506.o(.text)
    PINT6_IRQHandler                         0x0000019f   Thumb Code     0  startup_hr8p506.o(.text)
    PINT7_IRQHandler                         0x0000019f   Thumb Code     0  startup_hr8p506.o(.text)
    PLLLK_IRQHandler                         0x0000019f   Thumb Code     0  startup_hr8p506.o(.text)
    RTC_IRQHandler                           0x0000019f   Thumb Code     0  startup_hr8p506.o(.text)
    SPI0_IRQHandler                          0x0000019f   Thumb Code     0  startup_hr8p506.o(.text)
    SPI1_IRQHandler                          0x0000019f   Thumb Code     0  startup_hr8p506.o(.text)
    T16N0_IRQHandler                         0x0000019f   Thumb Code     0  startup_hr8p506.o(.text)
    T16N3_IRQHandler                         0x0000019f   Thumb Code     0  startup_hr8p506.o(.text)
    T32N0_IRQHandler                         0x0000019f   Thumb Code     0  startup_hr8p506.o(.text)
    UART1_IRQHandler                         0x0000019f   Thumb Code     0  startup_hr8p506.o(.text)
    WDT_IRQHandler                           0x0000019f   Thumb Code     0  startup_hr8p506.o(.text)
    RegInit                                  0x000001ad   Thumb Code   172  startup_hr8p506.o(.text)
    __user_initial_stackheap                 0x00000259   Thumb Code     0  startup_hr8p506.o(.text)
    __2sprintf                               0x00000271   Thumb Code    40  __2sprintf.o(.text)
    __printf                                 0x0000029d   Thumb Code   108  __printf.o(.text)
    _printf_str                              0x00000309   Thumb Code    82  _printf_str.o(.text)
    _printf_int_dec                          0x0000035d   Thumb Code    90  _printf_dec.o(.text)
    strstr                                   0x000003c9   Thumb Code    40  strstr.o(.text)
    strcat                                   0x000003f1   Thumb Code    24  strcat.o(.text)
    __aeabi_uidiv                            0x00000409   Thumb Code     0  aeabi_sdiv.o(.text)
    __aeabi_uidivmod                         0x00000409   Thumb Code    20  aeabi_sdiv.o(.text)
    __aeabi_idiv                             0x0000041d   Thumb Code     0  aeabi_sdiv.o(.text)
    __aeabi_idivmod                          0x0000041d   Thumb Code   326  aeabi_sdiv.o(.text)
    __use_two_region_memory                  0x00000563   Thumb Code     2  heapauxi.o(.text)
    __rt_heap_escrow$2region                 0x00000565   Thumb Code     2  heapauxi.o(.text)
    __rt_heap_expand$2region                 0x00000567   Thumb Code     2  heapauxi.o(.text)
    __aeabi_d2f                              0x00000569   Thumb Code     0  d2f.o(.text)
    _d2f                                     0x00000569   Thumb Code   120  d2f.o(.text)
    __aeabi_f2d                              0x000005e5   Thumb Code     0  f2d.o(.text)
    _f2d                                     0x000005e5   Thumb Code    80  f2d.o(.text)
    __aeabi_fdiv                             0x00000639   Thumb Code     0  fdiv.o(.text)
    _fdiv                                    0x00000639   Thumb Code   334  fdiv.o(.text)
    _frdiv                                   0x00000787   Thumb Code     8  fdiv.o(.text)
    __aeabi_f2uiz                            0x00000799   Thumb Code     0  ffixui.o(.text)
    _ffixu                                   0x00000799   Thumb Code    48  ffixui.o(.text)
    __aeabi_i2f_normalise                    0x000007c9   Thumb Code    72  fflti.o(.text)
    __aeabi_i2f                              0x00000811   Thumb Code    16  fflti.o(.text)
    _fflt                                    0x00000811   Thumb Code     0  fflti.o(.text)
    __aeabi_ui2f                             0x00000821   Thumb Code     6  fflti.o(.text)
    _ffltu                                   0x00000821   Thumb Code     0  fflti.o(.text)
    _printf_int_common                       0x00000827   Thumb Code   176  _printf_intcommon.o(.text)
    _printf_char_common                      0x000008e3   Thumb Code    32  _printf_char_common.o(.text)
    _sputc                                   0x00000909   Thumb Code    10  _sputc.o(.text)
    _printf_cs_common                        0x00000913   Thumb Code    22  _printf_char.o(.text)
    _printf_char                             0x00000929   Thumb Code    16  _printf_char.o(.text)
    _printf_string                           0x00000939   Thumb Code     8  _printf_char.o(.text)
    __rt_udiv10                              0x00000941   Thumb Code    40  rtudiv10.o(.text)
    __fpl_dcmp_InfNaN                        0x00000969   Thumb Code   140  dcmpin.o(.text)
    __fpl_cmpreturn                          0x000009f9   Thumb Code    46  cmpret.o(.text)
    __fpl_dcheck_NaN2                        0x00000a29   Thumb Code    14  dnan2.o(.text)
    __user_setup_stackheap                   0x00000a3d   Thumb Code    62  sys_stackheap_outer.o(.text)
    exit                                     0x00000a7b   Thumb Code    16  exit.o(.text)
    __fpl_return_NaN                         0x00000a8b   Thumb Code    94  retnan.o(.text)
    __user_libspace                          0x00000ae9   Thumb Code     8  libspace.o(.text)
    __user_perproc_libspace                  0x00000ae9   Thumb Code     0  libspace.o(.text)
    __user_perthread_libspace                0x00000ae9   Thumb Code     0  libspace.o(.text)
    _sys_exit                                0x00000af1   Thumb Code     8  sys_exit.o(.text)
    __I$use$semihosting                      0x00000afd   Thumb Code     0  use_no_semi.o(.text)
    __use_no_semihosting_swi                 0x00000afd   Thumb Code     2  use_no_semi.o(.text)
    __decompress                             0x00000aff   Thumb Code     0  __dczerorl2.o(.text)
    __decompress1                            0x00000aff   Thumb Code    86  __dczerorl2.o(.text)
    __semihosting_library_function           0x00000aff   Thumb Code     0  indicate_semi.o(.text)
    Long Thumb to Thumb Veneer to Save_To_EPROM 0x00000b55   Thumb Code    12  anon$$obj.o(Veneer$$Code)
    Long Thumb to Thumb Veneer to IAP_Read   0x00000b61   Thumb Code    12  anon$$obj.o(Veneer$$Code)
    BEE_OFF                                  0x00000b6d   Thumb Code     8  my_systick.o(i.BEE_OFF)
    BEE_ON                                   0x00000b79   Thumb Code     8  my_systick.o(i.BEE_ON)
    BEE_init                                 0x00000b85   Thumb Code    34  main.o(i.BEE_init)
    DeviceClockAllEnable                     0x00000ba9   Thumb Code    42  lib_scu.o(i.DeviceClockAllEnable)
    GPIO_GetNormalBitOffsetFromPin           0x00000bdd   Thumb Code   250  lib_gpio.o(i.GPIO_GetNormalBitOffsetFromPin)
    GPIO_Init                                0x00000cd7   Thumb Code   104  lib_gpio.o(i.GPIO_Init)
    GPIO_ReadBit                             0x00000d41   Thumb Code    42  lib_gpio.o(i.GPIO_ReadBit)
    GPIO_SetDSRegFromPin                     0x00000d71   Thumb Code    98  lib_gpio.o(i.GPIO_SetDSRegFromPin)
    GPIO_SetDirRegFromPin                    0x00000dd9   Thumb Code    70  lib_gpio.o(i.GPIO_SetDirRegFromPin)
    GPIO_SetFuncxRegFromPin                  0x00000e25   Thumb Code  1394  lib_gpio.o(i.GPIO_SetFuncxRegFromPin)
    GPIO_SetODERegFromPin                    0x0000139d   Thumb Code    98  lib_gpio.o(i.GPIO_SetODERegFromPin)
    GPIO_SetPDERegFromPin                    0x00001405   Thumb Code    98  lib_gpio.o(i.GPIO_SetPDERegFromPin)
    GPIO_SetPUERegFromPin                    0x0000146d   Thumb Code    98  lib_gpio.o(i.GPIO_SetPUERegFromPin)
    GPIO_SetSingalTypeFromPin                0x000014d5   Thumb Code    98  lib_gpio.o(i.GPIO_SetSingalTypeFromPin)
    GPIO_WriteBit                            0x0000153d   Thumb Code    70  lib_gpio.o(i.GPIO_WriteBit)
    GSM_TCPC_INIT                            0x00001589   Thumb Code    24  sim800c.o(i.GSM_TCPC_INIT)
    GSM_TCP_Connect                          0x000015a9   Thumb Code   182  sim800c.o(i.GSM_TCP_Connect)
    HardWare_Init                            0x00001695   Thumb Code    60  main.o(i.HardWare_Init)
    NVIC_Init                                0x000016d1   Thumb Code    94  lib_scs.o(i.NVIC_Init)
    PLLClock_Config                          0x00001735   Thumb Code   422  lib_scu.o(i.PLLClock_Config)
    SCU_SysClkSelect                         0x000018e5   Thumb Code    34  lib_scu.o(i.SCU_SysClkSelect)
    SysTick_IRQHandler                       0x00001911   Thumb Code   148  my_systick.o(i.SysTick_IRQHandler)
    SysTick_Init                             0x000019d1   Thumb Code    60  lib_scs.o(i.SysTick_Init)
    SystemInit                               0x00001a11   Thumb Code   112  system_hr8p506.o(i.SystemInit)
    T16N1_IRQHandler                         0x00001a9d   Thumb Code    54  tds.o(i.T16N1_IRQHandler)
    T16N2_IRQHandler                         0x00001ae1   Thumb Code    56  tds.o(i.T16N2_IRQHandler)
    T16Nx_BaseInit                           0x00001b29   Thumb Code    92  lib_timer.o(i.T16Nx_BaseInit)
    T16Nx_ClearITPendingBit                  0x00001b85   Thumb Code     4  lib_timer.o(i.T16Nx_ClearITPendingBit)
    T16Nx_Disable                            0x00001b89   Thumb Code    10  lib_timer.o(i.T16Nx_Disable)
    T16Nx_Enable                             0x00001b93   Thumb Code    12  lib_timer.o(i.T16Nx_Enable)
    T16Nx_GetFlagStatus                      0x00001b9f   Thumb Code    20  lib_timer.o(i.T16Nx_GetFlagStatus)
    T16Nx_ITConfig                           0x00001bb3   Thumb Code    20  lib_timer.o(i.T16Nx_ITConfig)
    T16Nx_MAT0ITConfig                       0x00001bc7   Thumb Code    24  lib_timer.o(i.T16Nx_MAT0ITConfig)
    T16Nx_SetCNT0                            0x00001bdf   Thumb Code    36  lib_timer.o(i.T16Nx_SetCNT0)
    T16Nx_SetMAT0                            0x00001c03   Thumb Code    14  lib_timer.o(i.T16Nx_SetMAT0)
    TCP_Recieve                              0x00001c11   Thumb Code   152  sim800c.o(i.TCP_Recieve)
    UART0Init                                0x00001cc5   Thumb Code   160  uart.o(i.UART0Init)
    UART0Putch                               0x00001d69   Thumb Code    22  uart.o(i.UART0Putch)
    UART0Write_Str                           0x00001d85   Thumb Code    60  uart.o(i.UART0Write_Str)
    UART0_IRQHandler                         0x00001dd9   Thumb Code   232  uart.o(i.UART0_IRQHandler)
    UART0_Recieve                            0x00001eed   Thumb Code    96  uart.o(i.UART0_Recieve)
    UART_GetFlagStatus                       0x00001f6d   Thumb Code    16  lib_uart.o(i.UART_GetFlagStatus)
    UART_GetITStatus                         0x00001f7d   Thumb Code    16  lib_uart.o(i.UART_GetITStatus)
    UART_ITConfig                            0x00001f8d   Thumb Code    20  lib_uart.o(i.UART_ITConfig)
    UART_Init                                0x00001fa1   Thumb Code   350  lib_uart.o(i.UART_Init)
    UART_RBIMConfig                          0x00002109   Thumb Code    20  lib_uart.o(i.UART_RBIMConfig)
    UART_TBIMConfig                          0x0000211d   Thumb Code    16  lib_uart.o(i.UART_TBIMConfig)
    WDT_Init                                 0x0000212d   Thumb Code   104  lib_wdt.o(i.WDT_Init)
    __ARM_common_switch8                     0x0000219d   Thumb Code    28  lib_gpio.o(i.__ARM_common_switch8)
    check_ststus                             0x000021b9   Thumb Code   116  uart.o(i.check_ststus)
    clear_RCV_Buffer                         0x0000223d   Thumb Code    20  uart.o(i.clear_RCV_Buffer)
    control_Function                         0x00002255   Thumb Code   130  msgbuild.o(i.control_Function)
    delay_nms                                0x000022dd   Thumb Code    16  my_systick.o(i.delay_nms)
    get_Flow                                 0x000022f1   Thumb Code     2  water_flow.o(i.get_Flow)
    get_Fre1                                 0x000022f5   Thumb Code    80  tds.o(i.get_Fre1)
    get_Fre2                                 0x00002351   Thumb Code    80  tds.o(i.get_Fre2)
    get_IMEI                                 0x000023ad   Thumb Code   106  sim800c.o(i.get_IMEI)
    get_MSG                                  0x0000242d   Thumb Code    96  uart.o(i.get_MSG)
    get_NByte                                0x000024ad   Thumb Code    80  uart.o(i.get_NByte)
    get_TDS                                  0x00002519   Thumb Code    36  tds.o(i.get_TDS)
    high_Pressure                            0x0000253d   Thumb Code    20  msgbuild.o(i.high_Pressure)
    low_Pressure                             0x00002551   Thumb Code    20  msgbuild.o(i.low_Pressure)
    main                                     0x00002569   Thumb Code   136  main.o(i.main)
    msg_Build                                0x00002601   Thumb Code   196  msgbuild.o(i.msg_Build)
    msg_Deal                                 0x00002729   Thumb Code   548  msgbuild.o(i.msg_Deal)
    pressure_Init                            0x0000297d   Thumb Code    24  msgbuild.o(i.pressure_Init)
    read_All_Flash                           0x00002999   Thumb Code    34  main.o(i.read_All_Flash)
    reset                                    0x000029c1   Thumb Code    88  main.o(i.reset)
    runApplication                           0x00002a2d   Thumb Code   122  msgbuild.o(i.runApplication)
    set_TDSEN                                0x00002aad   Thumb Code     2  tds.o(i.set_TDSEN)
    sim800c_init                             0x00002ab1   Thumb Code   198  sim800c.o(i.sim800c_init)
    tds_Init                                 0x00002bcd   Thumb Code    24  tds.o(i.tds_Init)
    timer_Init                               0x00002be9   Thumb Code   150  tds.o(i.timer_Init)
    type_Flow                                0x00002c8d   Thumb Code    22  msgbuild.o(i.type_Flow)
    type_Time                                0x00002ca9   Thumb Code    22  msgbuild.o(i.type_Time)
    valve_Init                               0x00002cc5   Thumb Code    66  msgbuild.o(i.valve_Init)
    valve_OFF                                0x00002d07   Thumb Code    84  msgbuild.o(i.valve_OFF)
    valve_ON                                 0x00002d5b   Thumb Code    84  msgbuild.o(i.valve_ON)
    __aeabi_cdcmple                          0x00002db1   Thumb Code     0  dlef.o(x$fpl$dleqf)
    _dcmple                                  0x00002db1   Thumb Code    94  dlef.o(x$fpl$dleqf)
    __aeabi_fmul                             0x00002e15   Thumb Code     0  fmul.o(x$fpl$fmul)
    _fmul                                    0x00002e15   Thumb Code   172  fmul.o(x$fpl$fmul)
    __I$use$fp                               0x00002ec4   Number         0  usenofp.o(x$fpl$usenofp)
    Region$$Table$$Base                      0x00002f04   Number         0  anon$$obj.o(Region$$Table)
    Region$$Table$$Limit                     0x00002f34   Number         0  anon$$obj.o(Region$$Table)
    IAP_Read                                 0x20000001   Thumb Code    42  lib_flashiap.o(i.IAP_Read)
    IAP_Unlock                               0x2000002d   Thumb Code    76  lib_flashiap.o(i.IAP_Unlock)
    IAP_WriteCont                            0x20000081   Thumb Code   146  lib_flashiap.o(i.IAP_WriteCont)
    IAP_WriteEnd                             0x20000121   Thumb Code    60  lib_flashiap.o(i.IAP_WriteEnd)
    IAP_WriteWord                            0x20000165   Thumb Code    76  lib_flashiap.o(i.IAP_WriteWord)
    Save_To_EPROM                            0x200001b1   Thumb Code    62  lib_flashiap.o(i.Save_To_EPROM)
    timeout                                  0x200001fc   Data           4  my_systick.o(.data)
    seconds                                  0x20000200   Data           4  my_systick.o(.data)
    minutes                                  0x20000204   Data           4  my_systick.o(.data)
    beeflag                                  0x20000208   Data           1  my_systick.o(.data)
    SystemCoreClock                          0x20000218   Data           4  system_hr8p506.o(.data)
    TDS1count1                               0x2000021c   Data           4  tds.o(.data)
    TDS2count1                               0x20000220   Data           4  tds.o(.data)
    tcount                                   0x20000224   Data           4  tds.o(.data)
    tflag                                    0x20000228   Data           4  tds.o(.data)
    data_temp                                0x20000230   Data           1  uart.o(.data)
    left_bracket                             0x20000231   Data           1  uart.o(.data)
    right_bracket                            0x20000232   Data           1  uart.o(.data)
    start_rcv_flag                           0x20000233   Data           1  uart.o(.data)
    rcv_head_flag                            0x20000234   Data           1  uart.o(.data)
    rcv_enf_flag                             0x20000235   Data           1  uart.o(.data)
    err_rcv_head_flag                        0x20000236   Data           1  uart.o(.data)
    RxCounter                                0x20000237   Data           1  uart.o(.data)
    RxCounter1                               0x20000238   Data           1  uart.o(.data)
    RxByte                                   0x20000239   Data           1  uart.o(.data)
    err_count                                0x2000023a   Data           1  sim800c.o(.data)
    GSM_BUF0                                 0x2000023b   Data           5  sim800c.o(.data)
    GSM_BUF1                                 0x20000240   Data          12  sim800c.o(.data)
    GSM_BUF3                                 0x2000024c   Data          23  sim800c.o(.data)
    GSM_BUF4                                 0x20000263   Data          16  sim800c.o(.data)
    GSM_BUF5                                 0x20000273   Data          12  sim800c.o(.data)
    GSM_BUF6                                 0x2000027f   Data          18  sim800c.o(.data)
    GSM_BUF7                                 0x20000291   Data          11  sim800c.o(.data)
    GSM_BUF8                                 0x2000029c   Data          11  sim800c.o(.data)
    CIPSTART                                 0x200002a7   Data          46  sim800c.o(.data)
    serverIP                                 0x200002d5   Data          26  sim800c.o(.data)
    GSM_CIPSRIP                              0x200002ef   Data          15  sim800c.o(.data)
    GSM_CIPSEND                              0x200002fe   Data          13  sim800c.o(.data)
    GSM_CIPCLOSE                             0x2000030b   Data          14  sim800c.o(.data)
    GSM_CIPSHUT                              0x20000319   Data          13  sim800c.o(.data)
    EPROM                                    0x20000328   Data          48  main.o(.bss)
    RCV_DATA_BUF                             0x20000358   Data         220  uart.o(.bss)
    SEND_DATA_BUF                            0x20000434   Data         120  uart.o(.bss)
    __libspace_start                         0x200004ac   Data          96  libspace.o(.bss)
    __temporary_stack_top$libspace           0x2000050c   Data           0  libspace.o(.bss)



==============================================================================

Memory Map of the image

  Image Entry point : 0x000000c1

  Load Region LR_IROM1 (Base: 0x00000000, Size: 0x0000325c, Max: 0x00009000, ABSOLUTE, COMPRESSED[0x000031c8])

    Execution Region ER_IROM1 (Base: 0x00000000, Size: 0x00002f34, Max: 0x00009000, ABSOLUTE)

    Base Addr    Size         Type   Attr      Idx    E Section Name        Object

    0x00000000   0x000000c0   Data   RO         2099    RESET               startup_hr8p506.o
    0x000000c0   0x00000008   Code   RO         2410  * !!!main             c_p.l(__main.o)
    0x000000c8   0x0000003c   Code   RO         2618    !!!scatter          c_p.l(__scatter.o)
    0x00000104   0x0000001a   Code   RO         2620    !!handler_copy      c_p.l(__scatter_copy.o)
    0x0000011e   0x00000002   PAD
    0x00000120   0x0000001c   Code   RO         2622    !!handler_zi        c_p.l(__scatter_zi.o)
    0x0000013c   0x00000002   Code   RO         2399    .ARM.Collect$$_printf_percent$$00000000  c_p.l(_printf_percent.o)
    0x0000013e   0x0000000a   Code   RO         2398    .ARM.Collect$$_printf_percent$$0000000A  c_p.l(_printf_u.o)
    0x00000148   0x0000000a   Code   RO         2396    .ARM.Collect$$_printf_percent$$00000013  c_p.l(_printf_c.o)
    0x00000152   0x0000000a   Code   RO         2397    .ARM.Collect$$_printf_percent$$00000014  c_p.l(_printf_s.o)
    0x0000015c   0x00000004   Code   RO         2440    .ARM.Collect$$_printf_percent$$00000017  c_p.l(_printf_percent_end.o)
    0x00000160   0x00000002   Code   RO         2483    .ARM.Collect$$libinit$$00000000  c_p.l(libinit.o)
    0x00000162   0x00000000   Code   RO         2499    .ARM.Collect$$libinit$$00000002  c_p.l(libinit2.o)
    0x00000162   0x00000000   Code   RO         2501    .ARM.Collect$$libinit$$00000004  c_p.l(libinit2.o)
    0x00000162   0x00000000   Code   RO         2504    .ARM.Collect$$libinit$$0000000A  c_p.l(libinit2.o)
    0x00000162   0x00000000   Code   RO         2506    .ARM.Collect$$libinit$$0000000C  c_p.l(libinit2.o)
    0x00000162   0x00000000   Code   RO         2508    .ARM.Collect$$libinit$$0000000E  c_p.l(libinit2.o)
    0x00000162   0x00000000   Code   RO         2511    .ARM.Collect$$libinit$$00000011  c_p.l(libinit2.o)
    0x00000162   0x00000000   Code   RO         2513    .ARM.Collect$$libinit$$00000013  c_p.l(libinit2.o)
    0x00000162   0x00000000   Code   RO         2515    .ARM.Collect$$libinit$$00000015  c_p.l(libinit2.o)
    0x00000162   0x00000000   Code   RO         2517    .ARM.Collect$$libinit$$00000017  c_p.l(libinit2.o)
    0x00000162   0x00000000   Code   RO         2519    .ARM.Collect$$libinit$$00000019  c_p.l(libinit2.o)
    0x00000162   0x00000000   Code   RO         2521    .ARM.Collect$$libinit$$0000001B  c_p.l(libinit2.o)
    0x00000162   0x00000000   Code   RO         2523    .ARM.Collect$$libinit$$0000001D  c_p.l(libinit2.o)
    0x00000162   0x00000000   Code   RO         2525    .ARM.Collect$$libinit$$0000001F  c_p.l(libinit2.o)
    0x00000162   0x00000000   Code   RO         2527    .ARM.Collect$$libinit$$00000021  c_p.l(libinit2.o)
    0x00000162   0x00000000   Code   RO         2529    .ARM.Collect$$libinit$$00000023  c_p.l(libinit2.o)
    0x00000162   0x00000000   Code   RO         2531    .ARM.Collect$$libinit$$00000025  c_p.l(libinit2.o)
    0x00000162   0x00000000   Code   RO         2535    .ARM.Collect$$libinit$$0000002C  c_p.l(libinit2.o)
    0x00000162   0x00000000   Code   RO         2537    .ARM.Collect$$libinit$$0000002E  c_p.l(libinit2.o)
    0x00000162   0x00000000   Code   RO         2539    .ARM.Collect$$libinit$$00000030  c_p.l(libinit2.o)
    0x00000162   0x00000000   Code   RO         2541    .ARM.Collect$$libinit$$00000032  c_p.l(libinit2.o)
    0x00000162   0x00000002   Code   RO         2542    .ARM.Collect$$libinit$$00000033  c_p.l(libinit2.o)
    0x00000164   0x00000002   Code   RO         2573    .ARM.Collect$$libshutdown$$00000000  c_p.l(libshutdown.o)
    0x00000166   0x00000000   Code   RO         2599    .ARM.Collect$$libshutdown$$00000002  c_p.l(libshutdown2.o)
    0x00000166   0x00000000   Code   RO         2601    .ARM.Collect$$libshutdown$$00000004  c_p.l(libshutdown2.o)
    0x00000166   0x00000000   Code   RO         2604    .ARM.Collect$$libshutdown$$00000007  c_p.l(libshutdown2.o)
    0x00000166   0x00000000   Code   RO         2607    .ARM.Collect$$libshutdown$$0000000A  c_p.l(libshutdown2.o)
    0x00000166   0x00000000   Code   RO         2609    .ARM.Collect$$libshutdown$$0000000C  c_p.l(libshutdown2.o)
    0x00000166   0x00000000   Code   RO         2612    .ARM.Collect$$libshutdown$$0000000F  c_p.l(libshutdown2.o)
    0x00000166   0x00000002   Code   RO         2613    .ARM.Collect$$libshutdown$$00000010  c_p.l(libshutdown2.o)
    0x00000168   0x00000000   Code   RO         2427    .ARM.Collect$$rtentry$$00000000  c_p.l(__rtentry.o)
    0x00000168   0x00000000   Code   RO         2447    .ARM.Collect$$rtentry$$00000002  c_p.l(__rtentry2.o)
    0x00000168   0x00000006   Code   RO         2459    .ARM.Collect$$rtentry$$00000004  c_p.l(__rtentry4.o)
    0x0000016e   0x00000000   Code   RO         2449    .ARM.Collect$$rtentry$$00000009  c_p.l(__rtentry2.o)
    0x0000016e   0x00000004   Code   RO         2450    .ARM.Collect$$rtentry$$0000000A  c_p.l(__rtentry2.o)
    0x00000172   0x00000000   Code   RO         2452    .ARM.Collect$$rtentry$$0000000C  c_p.l(__rtentry2.o)
    0x00000172   0x00000008   Code   RO         2453    .ARM.Collect$$rtentry$$0000000D  c_p.l(__rtentry2.o)
    0x0000017a   0x00000002   Code   RO         2490    .ARM.Collect$$rtexit$$00000000  c_p.l(rtexit.o)
    0x0000017c   0x00000000   Code   RO         2546    .ARM.Collect$$rtexit$$00000002  c_p.l(rtexit2.o)
    0x0000017c   0x00000004   Code   RO         2547    .ARM.Collect$$rtexit$$00000003  c_p.l(rtexit2.o)
    0x00000180   0x00000006   Code   RO         2548    .ARM.Collect$$rtexit$$00000004  c_p.l(rtexit2.o)
    0x00000186   0x00000002   PAD
    0x00000188   0x000000e8   Code   RO         2100    .text               startup_hr8p506.o
    0x00000270   0x0000002c   Code   RO         2366    .text               c_p.l(__2sprintf.o)
    0x0000029c   0x0000006c   Code   RO         2370    .text               c_p.l(__printf.o)
    0x00000308   0x00000052   Code   RO         2372    .text               c_p.l(_printf_str.o)
    0x0000035a   0x00000002   PAD
    0x0000035c   0x0000006c   Code   RO         2374    .text               c_p.l(_printf_dec.o)
    0x000003c8   0x00000028   Code   RO         2400    .text               c_p.l(strstr.o)
    0x000003f0   0x00000018   Code   RO         2402    .text               c_p.l(strcat.o)
    0x00000408   0x0000015a   Code   RO         2404    .text               c_p.l(aeabi_sdiv.o)
    0x00000562   0x00000006   Code   RO         2408    .text               c_p.l(heapauxi.o)
    0x00000568   0x0000007c   Code   RO         2412    .text               fz_ps.l(d2f.o)
    0x000005e4   0x00000054   Code   RO         2416    .text               fz_ps.l(f2d.o)
    0x00000638   0x00000160   Code   RO         2418    .text               fz_ps.l(fdiv.o)
    0x00000798   0x00000030   Code   RO         2421    .text               fz_ps.l(ffixui.o)
    0x000007c8   0x0000005e   Code   RO         2423    .text               fz_ps.l(fflti.o)
    0x00000826   0x000000b0   Code   RO         2432    .text               c_p.l(_printf_intcommon.o)
    0x000008d6   0x00000002   PAD
    0x000008d8   0x00000030   Code   RO         2434    .text               c_p.l(_printf_char_common.o)
    0x00000908   0x0000000a   Code   RO         2436    .text               c_p.l(_sputc.o)
    0x00000912   0x0000002e   Code   RO         2438    .text               c_p.l(_printf_char.o)
    0x00000940   0x00000028   Code   RO         2441    .text               c_p.l(rtudiv10.o)
    0x00000968   0x00000090   Code   RO         2443    .text               fz_ps.l(dcmpin.o)
    0x000009f8   0x0000002e   Code   RO         2465    .text               fz_ps.l(cmpret.o)
    0x00000a26   0x00000002   PAD
    0x00000a28   0x00000014   Code   RO         2467    .text               fz_ps.l(dnan2.o)
    0x00000a3c   0x0000003e   Code   RO         2469    .text               c_p.l(sys_stackheap_outer.o)
    0x00000a7a   0x00000010   Code   RO         2472    .text               c_p.l(exit.o)
    0x00000a8a   0x0000005e   Code   RO         2484    .text               fz_ps.l(retnan.o)
    0x00000ae8   0x00000008   Code   RO         2486    .text               c_p.l(libspace.o)
    0x00000af0   0x0000000c   Code   RO         2543    .text               c_p.l(sys_exit.o)
    0x00000afc   0x00000002   Code   RO         2562    .text               c_p.l(use_no_semi.o)
    0x00000afe   0x00000000   Code   RO         2564    .text               c_p.l(indicate_semi.o)
    0x00000afe   0x00000056   Code   RO         2616    .text               c_p.l(__dczerorl2.o)
    0x00000b54   0x0000000c   Ven    RO         2624    Veneer$$Code        anon$$obj.o
    0x00000b60   0x0000000c   Ven    RO         2625    Veneer$$Code        anon$$obj.o
    0x00000b6c   0x0000000c   Code   RO         1956    i.BEE_OFF           my_systick.o
    0x00000b78   0x0000000c   Code   RO         1957    i.BEE_ON            my_systick.o
    0x00000b84   0x00000022   Code   RO         1897    i.BEE_init          main.o
    0x00000ba6   0x00000002   PAD
    0x00000ba8   0x00000034   Code   RO         1120    i.DeviceClockAllEnable  lib_scu.o
    0x00000bdc   0x000000fa   Code   RO          401    i.GPIO_GetNormalBitOffsetFromPin  lib_gpio.o
    0x00000cd6   0x00000068   Code   RO          402    i.GPIO_Init         lib_gpio.o
    0x00000d3e   0x00000002   PAD
    0x00000d40   0x00000030   Code   RO          403    i.GPIO_ReadBit      lib_gpio.o
    0x00000d70   0x00000068   Code   RO          406    i.GPIO_SetDSRegFromPin  lib_gpio.o
    0x00000dd8   0x0000004c   Code   RO          407    i.GPIO_SetDirRegFromPin  lib_gpio.o
    0x00000e24   0x00000578   Code   RO          408    i.GPIO_SetFuncxRegFromPin  lib_gpio.o
    0x0000139c   0x00000068   Code   RO          409    i.GPIO_SetODERegFromPin  lib_gpio.o
    0x00001404   0x00000068   Code   RO          410    i.GPIO_SetPDERegFromPin  lib_gpio.o
    0x0000146c   0x00000068   Code   RO          411    i.GPIO_SetPUERegFromPin  lib_gpio.o
    0x000014d4   0x00000068   Code   RO          412    i.GPIO_SetSingalTypeFromPin  lib_gpio.o
    0x0000153c   0x0000004c   Code   RO          414    i.GPIO_WriteBit     lib_gpio.o
    0x00001588   0x00000020   Code   RO         2290    i.GSM_TCPC_INIT     sim800c.o
    0x000015a8   0x000000ec   Code   RO         2291    i.GSM_TCP_Connect   sim800c.o
    0x00001694   0x0000003c   Code   RO         1898    i.HardWare_Init     main.o
    0x000016d0   0x00000064   Code   RO         1081    i.NVIC_Init         lib_scs.o
    0x00001734   0x000001b0   Code   RO         1122    i.PLLClock_Config   lib_scu.o
    0x000018e4   0x0000002c   Code   RO         1131    i.SCU_SysClkSelect  lib_scu.o
    0x00001910   0x000000c0   Code   RO         1959    i.SysTick_IRQHandler  my_systick.o
    0x000019d0   0x00000040   Code   RO         1084    i.SysTick_Init      lib_scs.o
    0x00001a10   0x0000008c   Code   RO         2106    i.SystemInit        system_hr8p506.o
    0x00001a9c   0x00000044   Code   RO         2132    i.T16N1_IRQHandler  tds.o
    0x00001ae0   0x00000048   Code   RO         2133    i.T16N2_IRQHandler  tds.o
    0x00001b28   0x0000005c   Code   RO         1333    i.T16Nx_BaseInit    lib_timer.o
    0x00001b84   0x00000004   Code   RO         1335    i.T16Nx_ClearITPendingBit  lib_timer.o
    0x00001b88   0x0000000a   Code   RO         1336    i.T16Nx_Disable     lib_timer.o
    0x00001b92   0x0000000c   Code   RO         1337    i.T16Nx_Enable      lib_timer.o
    0x00001b9e   0x00000014   Code   RO         1340    i.T16Nx_GetFlagStatus  lib_timer.o
    0x00001bb2   0x00000014   Code   RO         1348    i.T16Nx_ITConfig    lib_timer.o
    0x00001bc6   0x00000018   Code   RO         1349    i.T16Nx_MAT0ITConfig  lib_timer.o
    0x00001bde   0x00000024   Code   RO         1362    i.T16Nx_SetCNT0     lib_timer.o
    0x00001c02   0x0000000e   Code   RO         1364    i.T16Nx_SetMAT0     lib_timer.o
    0x00001c10   0x000000b4   Code   RO         2292    i.TCP_Recieve       sim800c.o
    0x00001cc4   0x000000a4   Code   RO         2198    i.UART0Init         uart.o
    0x00001d68   0x0000001c   Code   RO         2200    i.UART0Putch        uart.o
    0x00001d84   0x00000054   Code   RO         2201    i.UART0Write_Str    uart.o
    0x00001dd8   0x00000114   Code   RO         2202    i.UART0_IRQHandler  uart.o
    0x00001eec   0x00000080   Code   RO         2203    i.UART0_Recieve     uart.o
    0x00001f6c   0x00000010   Code   RO         1752    i.UART_GetFlagStatus  lib_uart.o
    0x00001f7c   0x00000010   Code   RO         1753    i.UART_GetITStatus  lib_uart.o
    0x00001f8c   0x00000014   Code   RO         1755    i.UART_ITConfig     lib_uart.o
    0x00001fa0   0x00000168   Code   RO         1756    i.UART_Init         lib_uart.o
    0x00002108   0x00000014   Code   RO         1757    i.UART_RBIMConfig   lib_uart.o
    0x0000211c   0x00000010   Code   RO         1764    i.UART_TBIMConfig   lib_uart.o
    0x0000212c   0x00000070   Code   RO         1861    i.WDT_Init          lib_wdt.o
    0x0000219c   0x0000001c   Code   RO          578    i.__ARM_common_switch8  lib_gpio.o
    0x000021b8   0x00000084   Code   RO         2204    i.check_ststus      uart.o
    0x0000223c   0x00000018   Code   RO         2205    i.clear_RCV_Buffer  uart.o
    0x00002254   0x00000088   Code   RO         2006    i.control_Function  msgbuild.o
    0x000022dc   0x00000014   Code   RO         1960    i.delay_nms         my_systick.o
    0x000022f0   0x00000002   Code   RO         2346    i.get_Flow          water_flow.o
    0x000022f2   0x00000002   PAD
    0x000022f4   0x0000005c   Code   RO         2134    i.get_Fre1          tds.o
    0x00002350   0x0000005c   Code   RO         2135    i.get_Fre2          tds.o
    0x000023ac   0x00000080   Code   RO         2293    i.get_IMEI          sim800c.o
    0x0000242c   0x00000080   Code   RO         2206    i.get_MSG           uart.o
    0x000024ac   0x0000006c   Code   RO         2207    i.get_NByte         uart.o
    0x00002518   0x00000024   Code   RO         2136    i.get_TDS           tds.o
    0x0000253c   0x00000014   Code   RO         2008    i.high_Pressure     msgbuild.o
    0x00002550   0x00000018   Code   RO         2009    i.low_Pressure      msgbuild.o
    0x00002568   0x00000098   Code   RO         1899    i.main              main.o
    0x00002600   0x00000128   Code   RO         2010    i.msg_Build         msgbuild.o
    0x00002728   0x00000254   Code   RO         2011    i.msg_Deal          msgbuild.o
    0x0000297c   0x0000001c   Code   RO         2012    i.pressure_Init     msgbuild.o
    0x00002998   0x00000028   Code   RO         1900    i.read_All_Flash    main.o
    0x000029c0   0x0000006c   Code   RO         1901    i.reset             main.o
    0x00002a2c   0x00000080   Code   RO         2013    i.runApplication    msgbuild.o
    0x00002aac   0x00000002   Code   RO         2137    i.set_TDSEN         tds.o
    0x00002aae   0x00000002   PAD
    0x00002ab0   0x0000011c   Code   RO         2295    i.sim800c_init      sim800c.o
    0x00002bcc   0x0000001c   Code   RO         2138    i.tds_Init          tds.o
    0x00002be8   0x000000a4   Code   RO         2139    i.timer_Init        tds.o
    0x00002c8c   0x0000001c   Code   RO         2014    i.type_Flow         msgbuild.o
    0x00002ca8   0x0000001c   Code   RO         2015    i.type_Time         msgbuild.o
    0x00002cc4   0x00000042   Code   RO         2016    i.valve_Init        msgbuild.o
    0x00002d06   0x00000054   Code   RO         2017    i.valve_OFF         msgbuild.o
    0x00002d5a   0x00000054   Code   RO         2018    i.valve_ON          msgbuild.o
    0x00002dae   0x00000002   PAD
    0x00002db0   0x00000064   Code   RO         2414    x$fpl$dleqf         fz_ps.l(dlef.o)
    0x00002e14   0x000000b0   Code   RO         2425    x$fpl$fmul          fz_ps.l(fmul.o)
    0x00002ec4   0x00000000   Code   RO         2445    x$fpl$usenofp       fz_ps.l(usenofp.o)
    0x00002ec4   0x00000040   Data   RO         2419    .constdata          fz_ps.l(fdiv.o)
    0x00002f04   0x00000030   Data   RO         2614    Region$$Table       anon$$obj.o


    Execution Region RW_IRAM1 (Base: 0x20000000, Size: 0x00000910, Max: 0x00002000, ABSOLUTE, COMPRESSED[0x00000098])

    Base Addr    Size         Type   Attr      Idx    E Section Name        Object

    0x20000000   0x0000002a   Code   RO          287    i.IAP_Read          lib_flashiap.o
    0x2000002a   0x00000002   PAD
    0x2000002c   0x00000054   Code   RO          288    i.IAP_Unlock        lib_flashiap.o
    0x20000080   0x000000a0   Code   RO          289    i.IAP_WriteCont     lib_flashiap.o
    0x20000120   0x00000044   Code   RO          290    i.IAP_WriteEnd      lib_flashiap.o
    0x20000164   0x0000004c   Code   RO          291    i.IAP_WriteWord     lib_flashiap.o
    0x200001b0   0x00000044   Code   RO          292    i.Save_To_EPROM     lib_flashiap.o
    0x200001f4   0x00000006   Code   RO          293    i.__set_PRIMASK     lib_flashiap.o
    0x200001fa   0x00000002   PAD
    0x200001fc   0x00000018   Data   RW         1961    .data               my_systick.o
    0x20000214   0x00000001   Data   RW         2019    .data               msgbuild.o
    0x20000215   0x00000003   PAD
    0x20000218   0x00000004   Data   RW         2107    .data               system_hr8p506.o
    0x2000021c   0x00000014   Data   RW         2140    .data               tds.o
    0x20000230   0x0000000a   Data   RW         2210    .data               uart.o
    0x2000023a   0x000000ec   Data   RW         2296    .data               sim800c.o
    0x20000326   0x00000002   PAD
    0x20000328   0x00000030   Zero   RW         1903    .bss                main.o
    0x20000358   0x00000154   Zero   RW         2209    .bss                uart.o
    0x200004ac   0x00000060   Zero   RW         2487    .bss                c_p.l(libspace.o)
    0x2000050c   0x00000004   PAD
    0x20000510   0x00000000   Zero   RW         2098    HEAP                startup_hr8p506.o
    0x20000510   0x00000400   Zero   RW         2097    STACK               startup_hr8p506.o


==============================================================================

Image component sizes


      Code (inc. data)   RO Data    RW Data    ZI Data      Debug   Object Name

         0          0          0          0          0      54872   hr8p506_iap_table.o
         0          0          0          0          0       2804   lib_euart.o
       504         36          0          0          0      14227   lib_flashiap.o
      2502        156          0          0          0       7309   lib_gpio.o
       164         10          0          0          0       1407   lib_scs.o
       528         40          0          0          0       6220   lib_scu.o
       232          0          0          0          0       4814   lib_timer.o
       448         10          0          0          0       3620   lib_uart.o
       112          8          0          0          0        831   lib_wdt.o
       394         42          0          0         48       9167   main.o
      1518        180          0          1          0       6862   msgbuild.o
       236         56          0         24          0       2326   my_systick.o
       860        198          0        236          0       3969   sim800c.o
       232         82        192          0       1024        716   startup_hr8p506.o
       140         28          0          4          0        739   system_hr8p506.o
       554         72          0         20          0       4507   tds.o
      1072        190          0         10        340       6219   uart.o
         2          0          0          0          0        427   water_flow.o

    ----------------------------------------------------------------------
      9536       1116        240        300       1412     131036   Object Totals
        24          8         48          0          0          0   (incl. Generated)
        14          0          0          5          0          0   (incl. Padding)

    ----------------------------------------------------------------------

      Code (inc. data)   RO Data    RW Data    ZI Data      Debug   Library Member Name

        44          4          0          0          0         84   __2sprintf.o
        86          0          0          0          0          0   __dczerorl2.o
         8          0          0          0          0         68   __main.o
       108          0          0          0          0         76   __printf.o
         0          0          0          0          0          0   __rtentry.o
        12          0          0          0          0          0   __rtentry2.o
         6          0          0          0          0          0   __rtentry4.o
        60          8          0          0          0          0   __scatter.o
        26          0          0          0          0          0   __scatter_copy.o
        28          0          0          0          0          0   __scatter_zi.o
        10          0          0          0          0          0   _printf_c.o
        46          0          0          0          0        100   _printf_char.o
        48          6          0          0          0         88   _printf_char_common.o
       108         18          0          0          0         76   _printf_dec.o
       176          0          0          0          0         84   _printf_intcommon.o
         2          0          0          0          0          0   _printf_percent.o
         4          0          0          0          0          0   _printf_percent_end.o
        10          0          0          0          0          0   _printf_s.o
        82          0          0          0          0         72   _printf_str.o
        10          0          0          0          0          0   _printf_u.o
        10          0          0          0          0         60   _sputc.o
       346          0          0          0          0         92   aeabi_sdiv.o
        16          0          0          0          0         68   exit.o
         6          0          0          0          0        136   heapauxi.o
         0          0          0          0          0          0   indicate_semi.o
         2          0          0          0          0          0   libinit.o
         2          0          0          0          0          0   libinit2.o
         2          0          0          0          0          0   libshutdown.o
         2          0          0          0          0          0   libshutdown2.o
         8          4          0          0         96         68   libspace.o
         2          0          0          0          0          0   rtexit.o
        10          0          0          0          0          0   rtexit2.o
        40          0          0          0          0         60   rtudiv10.o
        24          0          0          0          0         60   strcat.o
        40          0          0          0          0         72   strstr.o
        12          4          0          0          0         60   sys_exit.o
        62          0          0          0          0         80   sys_stackheap_outer.o
         2          0          0          0          0         68   use_no_semi.o
        46          0          0          0          0         60   cmpret.o
       124          4          0          0          0         72   d2f.o
       144          4          0          0          0         76   dcmpin.o
       100          4          0          0          0         92   dlef.o
        20          6          0          0          0         68   dnan2.o
        84          4          0          0          0         60   f2d.o
       352         10         64          0          0         92   fdiv.o
        48          0          0          0          0         60   ffixui.o
        94          0          0          0          0         92   fflti.o
       176          4          0          0          0         80   fmul.o
        94          0          0          0          0         68   retnan.o
         0          0          0          0          0          0   usenofp.o

    ----------------------------------------------------------------------
      2752         80         64          0        100       2292   Library Totals
        10          0          0          0          4          0   (incl. Padding)

    ----------------------------------------------------------------------

      Code (inc. data)   RO Data    RW Data    ZI Data      Debug   Library Name

      1460         44          0          0         96       1472   c_p.l
      1282         36         64          0          0        820   fz_ps.l

    ----------------------------------------------------------------------
      2752         80         64          0        100       2292   Library Totals

    ----------------------------------------------------------------------

==============================================================================


      Code (inc. data)   RO Data    RW Data    ZI Data      Debug   

     12288       1196        304        300       1512     128752   Grand Totals
     12288       1196        304        152       1512     128752   ELF Image Totals (compressed)
     12288       1196        304        152          0          0   ROM Totals

==============================================================================

    Total RO  Size (Code + RO Data)                12592 (  12.30kB)
    Total RW  Size (RW Data + ZI Data)              1812 (   1.77kB)
    Total ROM Size (Code + RO Data + RW Data)      12744 (  12.45kB)

==============================================================================

