Component: ARM Compiler 5.06 update 1 (build 61) Tool: armlink [4d35a8]

==============================================================================

Section Cross References

    lib_adc.o(i.ADC_Init) refers to lib_adc.o(i.ADC_Reset) for ADC_Reset
    lib_euart.o(i.EUART_BaudConfig) refers to aeabi_sdiv.o(.text) for __aeabi_uidivmod
    lib_euart.o(i.EUART_BaudConfig) refers to system_hr8p506_1.o(.data) for SystemCoreClock
    lib_euart.o(i.EUART_Init) refers to lib_euart.o(i.EUART_BaudConfig) for EUART_BaudConfig
    lib_euart.o(i.U7816_Init) refers to lib_euart.o(i.EUART_BaudConfig) for EUART_BaudConfig
    lib_flashiap.o(i.IAP_ErasePage) refers to lib_flashiap.o(i.IAP_Unlock) for IAP_Unlock
    lib_flashiap.o(i.IAP_ErasePage) refers to lib_flashiap.o(i.__set_PRIMASK) for __set_PRIMASK
    lib_flashiap.o(i.IAP_ErasePage) refers to lib_flashiap.o(i.IAP_WriteEnd) for IAP_WriteEnd
    lib_flashiap.o(i.IAP_WriteWord) refers to lib_flashiap.o(i.IAP_Unlock) for IAP_Unlock
    lib_flashiap.o(i.IAP_WriteWord) refers to lib_flashiap.o(i.IAP_WriteCont) for IAP_WriteCont
    lib_flashiap.o(i.IAP_WriteWord) refers to lib_flashiap.o(i.IAP_WriteEnd) for IAP_WriteEnd
    lib_flashiap.o(i.IAP_WriteWord) refers to lib_flashiap.o(i.__set_PRIMASK) for __set_PRIMASK
    lib_gpio.o(i.GPIO_GetNormalBitOffsetFromPin) refers to lib_gpio.o(i.__ARM_common_switch8) for __ARM_common_switch8
    lib_gpio.o(i.GPIO_Init) refers to lib_gpio.o(i.GPIO_SetSingalTypeFromPin) for GPIO_SetSingalTypeFromPin
    lib_gpio.o(i.GPIO_Init) refers to lib_gpio.o(i.GPIO_SetDirRegFromPin) for GPIO_SetDirRegFromPin
    lib_gpio.o(i.GPIO_Init) refers to lib_gpio.o(i.GPIO_SetFuncxRegFromPin) for GPIO_SetFuncxRegFromPin
    lib_gpio.o(i.GPIO_Init) refers to lib_gpio.o(i.GPIO_SetODERegFromPin) for GPIO_SetODERegFromPin
    lib_gpio.o(i.GPIO_Init) refers to lib_gpio.o(i.GPIO_SetDSRegFromPin) for GPIO_SetDSRegFromPin
    lib_gpio.o(i.GPIO_Init) refers to lib_gpio.o(i.GPIO_SetPUERegFromPin) for GPIO_SetPUERegFromPin
    lib_gpio.o(i.GPIO_Init) refers to lib_gpio.o(i.GPIO_SetPDERegFromPin) for GPIO_SetPDERegFromPin
    lib_gpio.o(i.GPIO_ReadBit) refers to lib_gpio.o(i.GPIO_GetNormalBitOffsetFromPin) for GPIO_GetNormalBitOffsetFromPin
    lib_gpio.o(i.GPIO_ResetBit) refers to lib_gpio.o(i.GPIO_GetNormalBitOffsetFromPin) for GPIO_GetNormalBitOffsetFromPin
    lib_gpio.o(i.GPIO_SetBit) refers to lib_gpio.o(i.GPIO_GetNormalBitOffsetFromPin) for GPIO_GetNormalBitOffsetFromPin
    lib_gpio.o(i.GPIO_SetDSRegFromPin) refers to lib_gpio.o(i.GPIO_GetNormalBitOffsetFromPin) for GPIO_GetNormalBitOffsetFromPin
    lib_gpio.o(i.GPIO_SetDirRegFromPin) refers to lib_gpio.o(i.GPIO_GetNormalBitOffsetFromPin) for GPIO_GetNormalBitOffsetFromPin
    lib_gpio.o(i.GPIO_SetFuncxRegFromPin) refers to lib_gpio.o(i.__ARM_common_switch8) for __ARM_common_switch8
    lib_gpio.o(i.GPIO_SetODERegFromPin) refers to lib_gpio.o(i.GPIO_GetNormalBitOffsetFromPin) for GPIO_GetNormalBitOffsetFromPin
    lib_gpio.o(i.GPIO_SetPDERegFromPin) refers to lib_gpio.o(i.GPIO_GetNormalBitOffsetFromPin) for GPIO_GetNormalBitOffsetFromPin
    lib_gpio.o(i.GPIO_SetPUERegFromPin) refers to lib_gpio.o(i.GPIO_GetNormalBitOffsetFromPin) for GPIO_GetNormalBitOffsetFromPin
    lib_gpio.o(i.GPIO_SetSingalTypeFromPin) refers to lib_gpio.o(i.GPIO_GetNormalBitOffsetFromPin) for GPIO_GetNormalBitOffsetFromPin
    lib_gpio.o(i.GPIO_ToggleBit) refers to lib_gpio.o(i.GPIO_GetNormalBitOffsetFromPin) for GPIO_GetNormalBitOffsetFromPin
    lib_gpio.o(i.GPIO_WriteBit) refers to lib_gpio.o(i.GPIO_GetNormalBitOffsetFromPin) for GPIO_GetNormalBitOffsetFromPin
    lib_gpio.o(i.KINT_ClearITFlag) refers to lib_gpio.o(i.KINT_GetKINTxIndexFromPin) for KINT_GetKINTxIndexFromPin
    lib_gpio.o(i.KINT_GetITFlag) refers to lib_gpio.o(i.KINT_GetKINTxIndexFromPin) for KINT_GetKINTxIndexFromPin
    lib_gpio.o(i.KINT_GetKINTxIndexFromPin) refers to lib_gpio.o(i.__ARM_common_switch8) for __ARM_common_switch8
    lib_gpio.o(i.KINT_GetSelxIndexFromPin) refers to lib_gpio.o(i.__ARM_common_switch8) for __ARM_common_switch8
    lib_gpio.o(i.KINT_Init) refers to lib_gpio.o(i.KINT_SetTriggerStyleFromPin) for KINT_SetTriggerStyleFromPin
    lib_gpio.o(i.KINT_Init) refers to lib_gpio.o(i.KINT_SetEnableOrNotFromPin) for KINT_SetEnableOrNotFromPin
    lib_gpio.o(i.KINT_SetEnableOrNotFromPin) refers to lib_gpio.o(i.KINT_GetKINTxIndexFromPin) for KINT_GetKINTxIndexFromPin
    lib_gpio.o(i.KINT_SetEnableOrNotFromPin) refers to lib_gpio.o(i.KINT_GetSelxIndexFromPin) for KINT_GetSelxIndexFromPin
    lib_gpio.o(i.KINT_SetTriggerStyleFromPin) refers to lib_gpio.o(i.KINT_GetKINTxIndexFromPin) for KINT_GetKINTxIndexFromPin
    lib_gpio.o(i.KINT_SetTriggerStyleFromPin) refers to lib_gpio.o(i.__ARM_common_switch8) for __ARM_common_switch8
    lib_gpio.o(i.PINT_ClearITFlag) refers to lib_gpio.o(i.PINT_GetPINTxIndexFromPin) for PINT_GetPINTxIndexFromPin
    lib_gpio.o(i.PINT_GetITFlag) refers to lib_gpio.o(i.PINT_GetPINTxIndexFromPin) for PINT_GetPINTxIndexFromPin
    lib_gpio.o(i.PINT_GetPINTxIndexFromPin) refers to lib_gpio.o(i.__ARM_common_switch8) for __ARM_common_switch8
    lib_gpio.o(i.PINT_GetSELxIndexFromPin) refers to lib_gpio.o(i.__ARM_common_switch8) for __ARM_common_switch8
    lib_gpio.o(i.PINT_Init) refers to lib_gpio.o(i.PINT_SetTriggerStyleFromPin) for PINT_SetTriggerStyleFromPin
    lib_gpio.o(i.PINT_Init) refers to lib_gpio.o(i.PINT_SetEnableOrNotFromPin) for PINT_SetEnableOrNotFromPin
    lib_gpio.o(i.PINT_SetEnableOrNotFromPin) refers to lib_gpio.o(i.PINT_GetPINTxIndexFromPin) for PINT_GetPINTxIndexFromPin
    lib_gpio.o(i.PINT_SetEnableOrNotFromPin) refers to lib_gpio.o(i.PINT_GetSELxIndexFromPin) for PINT_GetSELxIndexFromPin
    lib_gpio.o(i.PINT_SetTriggerStyleFromPin) refers to lib_gpio.o(i.PINT_GetPINTxIndexFromPin) for PINT_GetPINTxIndexFromPin
    lib_gpio.o(i.PINT_SetTriggerStyleFromPin) refers to lib_gpio.o(i.__ARM_common_switch8) for __ARM_common_switch8
    lib_iic.o(i.IIC_Init) refers to aeabi_sdiv.o(.text) for __aeabi_uidivmod
    lib_iic.o(i.IIC_Init) refers to system_hr8p506_1.o(.data) for SystemCoreClock
    lib_lcd.o(i.LCD_Init) refers to lib_lcd.o(i.LCD_Reset) for LCD_Reset
    lib_lcd.o(i.LCD_PixelWriteByte) refers to lib_gpio.o(i.__ARM_common_switch8) for __ARM_common_switch8
    lib_lcd.o(i.LCD_PixelWriteHalfWord) refers to lib_gpio.o(i.__ARM_common_switch8) for __ARM_common_switch8
    lib_lcd.o(i.LCD_PixelWriteWord) refers to lib_gpio.o(i.__ARM_common_switch8) for __ARM_common_switch8
    lib_led.o(i.LED_Init) refers to lib_led.o(i.LED_Reset) for LED_Reset
    lib_printf.o(i.UART_printf) refers to lib_uart.o(i.UART_SendByte) for UART_SendByte
    lib_printf.o(i.UART_printf) refers to lib_uart.o(i.UART_GetStatus) for UART_GetStatus
    lib_printf.o(i.UART_printf) refers to lib_printf.o(i.itoa) for itoa
    lib_printf.o(i.fputc) refers to lib_uart.o(i.UART_SendByte) for UART_SendByte
    lib_printf.o(i.fputc) refers to lib_uart.o(i.UART_GetStatus) for UART_GetStatus
    lib_printf.o(i.itoa) refers to aeabi_sdiv.o(.text) for __aeabi_idivmod
    lib_rtc.o(i.RTC_GetFlagStatus) refers to lib_gpio.o(i.__ARM_common_switch8) for __ARM_common_switch8
    lib_rtc.o(i.RTC_GetITStatus) refers to lib_gpio.o(i.__ARM_common_switch8) for __ARM_common_switch8
    lib_rtc.o(i.RTC_InterruptDisable) refers to lib_gpio.o(i.__ARM_common_switch8) for __ARM_common_switch8
    lib_rtc.o(i.RTC_InterruptEnable) refers to lib_gpio.o(i.__ARM_common_switch8) for __ARM_common_switch8
    lib_rtc.o(i.RTC_ReadDay) refers to lib_rtc.o(i.RTC_StartRead) for RTC_StartRead
    lib_rtc.o(i.RTC_ReadDayAlarmHour) refers to lib_rtc.o(i.RTC_StartRead) for RTC_StartRead
    lib_rtc.o(i.RTC_ReadDayAlarmHour) refers to lib_rtc.o(i.RTC_ReadHourmode) for RTC_ReadHourmode
    lib_rtc.o(i.RTC_ReadDayAlarmMinute) refers to lib_rtc.o(i.RTC_StartRead) for RTC_StartRead
    lib_rtc.o(i.RTC_ReadHour) refers to lib_rtc.o(i.RTC_StartRead) for RTC_StartRead
    lib_rtc.o(i.RTC_ReadHour) refers to lib_rtc.o(i.RTC_ReadHourmode) for RTC_ReadHourmode
    lib_rtc.o(i.RTC_ReadHourmode) refers to lib_rtc.o(i.RTC_StartRead) for RTC_StartRead
    lib_rtc.o(i.RTC_ReadMinute) refers to lib_rtc.o(i.RTC_StartRead) for RTC_StartRead
    lib_rtc.o(i.RTC_ReadMonth) refers to lib_rtc.o(i.RTC_StartRead) for RTC_StartRead
    lib_rtc.o(i.RTC_ReadSecond) refers to lib_rtc.o(i.RTC_StartRead) for RTC_StartRead
    lib_rtc.o(i.RTC_ReadWeek) refers to lib_rtc.o(i.RTC_StartRead) for RTC_StartRead
    lib_rtc.o(i.RTC_ReadWeekAlarmHour) refers to lib_rtc.o(i.RTC_StartRead) for RTC_StartRead
    lib_rtc.o(i.RTC_ReadWeekAlarmHour) refers to lib_rtc.o(i.RTC_ReadHourmode) for RTC_ReadHourmode
    lib_rtc.o(i.RTC_ReadWeekAlarmMinute) refers to lib_rtc.o(i.RTC_StartRead) for RTC_StartRead
    lib_rtc.o(i.RTC_ReadWeekAlarmWeek) refers to lib_rtc.o(i.RTC_StartRead) for RTC_StartRead
    lib_rtc.o(i.RTC_ReadYear) refers to lib_rtc.o(i.RTC_StartRead) for RTC_StartRead
    lib_rtc.o(i.RTC_WriteDayAlarmHour) refers to lib_rtc.o(i.RTC_ReadHourmode) for RTC_ReadHourmode
    lib_rtc.o(i.RTC_WriteHour) refers to lib_rtc.o(i.RTC_ReadHourmode) for RTC_ReadHourmode
    lib_rtc.o(i.RTC_WriteWeekAlarmHour) refers to lib_rtc.o(i.RTC_ReadHourmode) for RTC_ReadHourmode
    lib_scu.o(i.PLLClock_Config) refers to lib_gpio.o(i.__ARM_common_switch8) for __ARM_common_switch8
    lib_spi.o(i.SPI_Init) refers to aeabi_sdiv.o(.text) for __aeabi_uidivmod
    lib_spi.o(i.SPI_Init) refers to system_hr8p506_1.o(.data) for SystemCoreClock
    lib_uart.o(i.UART_Init) refers to fflti.o(.text) for __aeabi_ui2f
    lib_uart.o(i.UART_Init) refers to fdiv.o(.text) for __aeabi_fdiv
    lib_uart.o(i.UART_Init) refers to f2d.o(.text) for __aeabi_f2d
    lib_uart.o(i.UART_Init) refers to dlef.o(x$fpl$dleqf) for __aeabi_cdcmple
    lib_uart.o(i.UART_Init) refers to d2f.o(.text) for __aeabi_d2f
    lib_uart.o(i.UART_Init) refers to fmul.o(x$fpl$fmul) for __aeabi_fmul
    lib_uart.o(i.UART_Init) refers to ffixui.o(.text) for __aeabi_f2uiz
    lib_uart.o(i.UART_Init) refers to system_hr8p506_1.o(.data) for SystemCoreClock
    lib_wdt.o(i.WDT_Init) refers to aeabi_sdiv.o(.text) for __aeabi_uidivmod
    lib_wdt.o(i.WDT_Init) refers to system_hr8p506_1.o(.data) for SystemCoreClock
    main.o(i.HardWare_Init) refers to tds.o(i.timer_Init) for timer_Init
    main.o(i.HardWare_Init) refers to tds.o(i.tds_Init) for tds_Init
    main.o(i.HardWare_Init) refers to sim800c.o(i.sim800c_init) for sim800c_init
    main.o(i.main) refers to system_hr8p506_1.o(i.SystemInit) for SystemInit
    my_systick.o(i.SysTick_IRQHandler) refers to my_systick.o(.data) for temp
    my_systick.o(i.delay_nms) refers to my_systick.o(.data) for temp
    startup_hr8p506.o(STACK) refers (Special) to heapauxi.o(.text) for __use_two_region_memory
    startup_hr8p506.o(HEAP) refers (Special) to heapauxi.o(.text) for __use_two_region_memory
    startup_hr8p506.o(RESET) refers (Special) to heapauxi.o(.text) for __use_two_region_memory
    startup_hr8p506.o(RESET) refers to startup_hr8p506.o(STACK) for __initial_sp
    startup_hr8p506.o(RESET) refers to startup_hr8p506.o(.text) for Reset_IRQHandler
    startup_hr8p506.o(RESET) refers to my_systick.o(i.SysTick_IRQHandler) for SysTick_IRQHandler
    startup_hr8p506.o(RESET) refers to tds.o(i.T16N0_IRQHandler) for T16N0_IRQHandler
    startup_hr8p506.o(RESET) refers to tds.o(i.T16N1_IRQHandler) for T16N1_IRQHandler
    startup_hr8p506.o(RESET) refers to tds.o(i.T16N2_IRQHandler) for T16N2_IRQHandler
    startup_hr8p506.o(RESET) refers to uart.o(i.UART0_IRQHandler) for UART0_IRQHandler
    startup_hr8p506.o(.text) refers (Special) to heapauxi.o(.text) for __use_two_region_memory
    startup_hr8p506.o(.text) refers to system_hr8p506_1.o(i.SystemInit) for SystemInit
    startup_hr8p506.o(.text) refers to __main.o(!!!main) for __main
    startup_hr8p506.o(.text) refers to startup_hr8p506.o(HEAP) for Heap_Mem
    startup_hr8p506.o(.text) refers to startup_hr8p506.o(STACK) for Stack_Mem
    tds.o(i.T16N0_IRQHandler) refers to tds.o(.data) for count1
    tds.o(i.T16N1_IRQHandler) refers to tds.o(.data) for count2
    tds.o(i.T16N2_IRQHandler) refers to lib_timer.o(i.T16Nx_Disable) for T16Nx_Disable
    tds.o(i.T16N2_IRQHandler) refers to tds.o(.data) for tflag
    tds.o(i.getFre1) refers to tds.o(i.start_counter) for start_counter
    tds.o(i.getFre1) refers to tds.o(.data) for tflag
    tds.o(i.start_counter) refers to lib_timer.o(i.T16Nx_Enable) for T16Nx_Enable
    tds.o(i.start_counter) refers to tds.o(.data) for count1
    tds.o(i.tds_Init) refers to lib_timer.o(i.T16Nx_BaseInit) for T16Nx_BaseInit
    tds.o(i.tds_Init) refers to lib_gpio.o(i.GPIO_Init) for GPIO_Init
    tds.o(i.tds_Init) refers to lib_timer.o(i.T16Nx_MAT0ITConfig) for T16Nx_MAT0ITConfig
    tds.o(i.tds_Init) refers to lib_timer.o(i.T16Nx_SetCNT0) for T16Nx_SetCNT0
    tds.o(i.tds_Init) refers to lib_timer.o(i.T16Nx_SetMAT0) for T16Nx_SetMAT0
    tds.o(i.tds_Init) refers to lib_timer.o(i.T16Nx_ITConfig) for T16Nx_ITConfig
    tds.o(i.tds_Init) refers to lib_scs.o(i.NVIC_Init) for NVIC_Init
    tds.o(i.timer_Init) refers to lib_timer.o(i.T16Nx_BaseInit) for T16Nx_BaseInit
    tds.o(i.timer_Init) refers to lib_timer.o(i.T16Nx_MAT0ITConfig) for T16Nx_MAT0ITConfig
    tds.o(i.timer_Init) refers to lib_timer.o(i.T16Nx_SetCNT0) for T16Nx_SetCNT0
    tds.o(i.timer_Init) refers to lib_timer.o(i.T16Nx_SetMAT0) for T16Nx_SetMAT0
    tds.o(i.timer_Init) refers to lib_timer.o(i.T16Nx_ITConfig) for T16Nx_ITConfig
    tds.o(i.timer_Init) refers to lib_scs.o(i.NVIC_Init) for NVIC_Init
    uart.o(i.UART0GetFun) refers to lib_uart.o(i.UART_RecByte) for UART_RecByte
    uart.o(i.UART0GetStr) refers to lib_uart.o(i.UART_RecByte) for UART_RecByte
    uart.o(i.UART0Getch) refers to lib_uart.o(i.UART_RecByte) for UART_RecByte
    uart.o(i.UART0Init) refers to lib_gpio.o(i.GPIO_Init) for GPIO_Init
    uart.o(i.UART0Init) refers to lib_uart.o(i.UART_Init) for UART_Init
    uart.o(i.UART0Init) refers to lib_uart.o(i.UART_TBIMConfig) for UART_TBIMConfig
    uart.o(i.UART0Init) refers to lib_uart.o(i.UART_RBIMConfig) for UART_RBIMConfig
    uart.o(i.UART0Init) refers to lib_uart.o(i.UART_ITConfig) for UART_ITConfig
    uart.o(i.UART0Init) refers to lib_scs.o(i.NVIC_Init) for NVIC_Init
    uart.o(i.UART0Put_str) refers to uart.o(i.UART0Putch) for UART0Putch
    uart.o(i.UART0Write_Str) refers to uart.o(i.UART0Putch) for UART0Putch
    uart.o(i.check_ststus) refers to uart.o(i.UART0Write_Str) for UART0Write_Str
    uart.o(i.check_ststus) refers to uart.o(i.deal_string) for deal_string
    uart.o(i.deal_string) refers to uart.o(i.UART0GetFun) for UART0GetFun
    sim800c.o(i.GSM_TCPC_INIT) refers to my_systick.o(i.delay_nms) for delay_nms
    sim800c.o(i.GSM_TCPC_INIT) refers to uart.o(i.UART0Write_Str) for UART0Write_Str
    sim800c.o(i.GSM_TCPC_INIT) refers to sim800c.o(.data) for GSM_CIPSRIP
    sim800c.o(i.GSM_TCP_Connect) refers to uart.o(i.check_ststus) for check_ststus
    sim800c.o(i.GSM_TCP_Connect) refers to my_systick.o(i.delay_nms) for delay_nms
    sim800c.o(i.GSM_TCP_Connect) refers to uart.o(i.UART0Write_Str) for UART0Write_Str
    sim800c.o(i.GSM_TCP_Connect) refers to sim800c.o(.data) for GSM_BUF6
    sim800c.o(i.TCP_Recieve) refers to uart.o(i.deal_string) for deal_string
    sim800c.o(i.TCP_Recieve) refers to uart.o(i.UART0Getch) for UART0Getch
    sim800c.o(i.get_IMEI) refers to uart.o(i.UART0Write_Str) for UART0Write_Str
    sim800c.o(i.get_IMEI) refers to uart.o(i.deal_string) for deal_string
    sim800c.o(i.get_IMEI) refers to my_systick.o(i.delay_nms) for delay_nms
    sim800c.o(i.get_IMEI) refers to uart.o(i.UART0GetStr) for UART0GetStr
    sim800c.o(i.get_IMEI) refers to main.o(.bss) for RCV_DATA_BUF
    sim800c.o(i.sim800c_init) refers to uart.o(i.UART0Init) for UART0Init
    sim800c.o(i.sim800c_init) refers to my_systick.o(i.delay_nms) for delay_nms
    sim800c.o(i.sim800c_init) refers to uart.o(i.UART0Write_Str) for UART0Write_Str
    sim800c.o(i.sim800c_init) refers to uart.o(i.deal_string) for deal_string
    sim800c.o(i.sim800c_init) refers to uart.o(i.check_ststus) for check_ststus
    sim800c.o(i.sim800c_init) refers to sim800c.o(.data) for GSM_BUF0
    system_hr8p506_1.o(i.SystemInit) refers to lib_scu.o(i.SCU_SysClkSelect) for SCU_SysClkSelect
    system_hr8p506_1.o(i.SystemInit) refers to lib_scu.o(i.PLLClock_Config) for PLLClock_Config
    system_hr8p506_1.o(i.SystemInit) refers to lib_scs.o(i.SysTick_Init) for SysTick_Init
    system_hr8p506_1.o(i.SystemInit) refers to lib_wdt.o(i.WDT_Init) for WDT_Init
    __main.o(!!!main) refers to __rtentry.o(.ARM.Collect$$rtentry$$00000000) for __rt_entry
    d2f.o(.text) refers (Special) to usenofp.o(x$fpl$usenofp) for __I$use$fp
    dlef.o(x$fpl$dleqf) refers (Special) to usenofp.o(x$fpl$usenofp) for __I$use$fp
    dlef.o(x$fpl$dleqf) refers to dcmpin.o(.text) for __fpl_dcmp_InfNaN
    f2d.o(.text) refers (Special) to usenofp.o(x$fpl$usenofp) for __I$use$fp
    fdiv.o(.text) refers (Special) to usenofp.o(x$fpl$usenofp) for __I$use$fp
    fdiv.o(.text) refers to fdiv.o(.constdata) for .constdata
    fdiv.o(.constdata) refers (Special) to usenofp.o(x$fpl$usenofp) for __I$use$fp
    ffixui.o(.text) refers (Special) to usenofp.o(x$fpl$usenofp) for __I$use$fp
    fflti.o(.text) refers (Special) to usenofp.o(x$fpl$usenofp) for __I$use$fp
    fmul.o(x$fpl$fmul) refers (Special) to usenofp.o(x$fpl$usenofp) for __I$use$fp
    __rtentry.o(.ARM.Collect$$rtentry$$00000000) refers (Special) to __rtentry2.o(.ARM.Collect$$rtentry$$0000000A) for __rt_entry_li
    __rtentry.o(.ARM.Collect$$rtentry$$00000000) refers (Special) to __rtentry2.o(.ARM.Collect$$rtentry$$0000000D) for __rt_entry_main
    __rtentry.o(.ARM.Collect$$rtentry$$00000000) refers (Special) to __rtentry2.o(.ARM.Collect$$rtentry$$0000000C) for __rt_entry_postli_1
    __rtentry.o(.ARM.Collect$$rtentry$$00000000) refers (Special) to __rtentry2.o(.ARM.Collect$$rtentry$$00000009) for __rt_entry_postsh_1
    __rtentry.o(.ARM.Collect$$rtentry$$00000000) refers (Special) to __rtentry2.o(.ARM.Collect$$rtentry$$00000002) for __rt_entry_presh_1
    __rtentry.o(.ARM.Collect$$rtentry$$00000000) refers (Special) to __rtentry4.o(.ARM.Collect$$rtentry$$00000004) for __rt_entry_sh
    aeabi_idiv0_sigfpe.o(.text) refers to rt_div0.o(.text) for __rt_div0
    dcmpin.o(.text) refers (Special) to usenofp.o(x$fpl$usenofp) for __I$use$fp
    dcmpin.o(.text) refers to cmpret.o(.text) for __fpl_cmpreturn
    dcmpin.o(.text) refers to dnan2.o(.text) for __fpl_dcheck_NaN2
    __rtentry2.o(.ARM.Collect$$rtentry$$00000008) refers to boardinit2.o(.text) for _platform_post_stackheap_init
    __rtentry2.o(.ARM.Collect$$rtentry$$0000000A) refers to libinit.o(.ARM.Collect$$libinit$$00000000) for __rt_lib_init
    __rtentry2.o(.ARM.Collect$$rtentry$$0000000B) refers to boardinit3.o(.text) for _platform_post_lib_init
    __rtentry2.o(.ARM.Collect$$rtentry$$0000000D) refers to main.o(i.main) for main
    __rtentry2.o(.ARM.Collect$$rtentry$$0000000D) refers to exit.o(.text) for exit
    __rtentry2.o(.ARM.exidx) refers to __rtentry2.o(.ARM.Collect$$rtentry$$00000001) for .ARM.Collect$$rtentry$$00000001
    __rtentry2.o(.ARM.exidx) refers to __rtentry2.o(.ARM.Collect$$rtentry$$00000008) for .ARM.Collect$$rtentry$$00000008
    __rtentry2.o(.ARM.exidx) refers to __rtentry2.o(.ARM.Collect$$rtentry$$0000000A) for .ARM.Collect$$rtentry$$0000000A
    __rtentry2.o(.ARM.exidx) refers to __rtentry2.o(.ARM.Collect$$rtentry$$0000000B) for .ARM.Collect$$rtentry$$0000000B
    __rtentry2.o(.ARM.exidx) refers to __rtentry2.o(.ARM.Collect$$rtentry$$0000000D) for .ARM.Collect$$rtentry$$0000000D
    __rtentry4.o(.ARM.Collect$$rtentry$$00000004) refers to sys_stackheap_outer.o(.text) for __user_setup_stackheap
    __rtentry4.o(.ARM.exidx) refers to __rtentry4.o(.ARM.Collect$$rtentry$$00000004) for .ARM.Collect$$rtentry$$00000004
    rt_div0.o(.text) refers to defsig_fpe_outer.o(.text) for __rt_SIGFPE
    cmpret.o(.text) refers (Special) to usenofp.o(x$fpl$usenofp) for __I$use$fp
    dnan2.o(.text) refers (Special) to usenofp.o(x$fpl$usenofp) for __I$use$fp
    dnan2.o(.text) refers to retnan.o(.text) for __fpl_return_NaN
    sys_stackheap_outer.o(.text) refers to libspace.o(.text) for __user_perproc_libspace
    sys_stackheap_outer.o(.text) refers to startup_hr8p506.o(.text) for __user_initial_stackheap
    sys_stackheap_outer.o(__vectab_stack_and_reset_area) refers to tempstk.o(.text) for __temporary_stack_top
    sys_stackheap_outer.o(__vectab_stack_and_reset_area) refers to __main.o(!!!main) for __main
    exit.o(.text) refers to rtexit.o(.ARM.Collect$$rtexit$$00000000) for __rt_exit
    defsig_fpe_outer.o(.text) refers to defsig_fpe_inner.o(.text) for __rt_SIGFPE_inner
    defsig_fpe_outer.o(.text) refers to defsig_exit.o(.text) for __sig_exit
    defsig_fpe_formal.o(.text) refers to rt_raise.o(.text) for __rt_raise
    libinit.o(.ARM.Collect$$libinit$$00000000) refers (Special) to libinit2.o(.ARM.Collect$$libinit$$0000002E) for __rt_lib_init_alloca_1
    libinit.o(.ARM.Collect$$libinit$$00000000) refers (Special) to libinit2.o(.ARM.Collect$$libinit$$0000002C) for __rt_lib_init_argv_1
    libinit.o(.ARM.Collect$$libinit$$00000000) refers (Special) to libinit2.o(.ARM.Collect$$libinit$$0000001B) for __rt_lib_init_atexit_1
    libinit.o(.ARM.Collect$$libinit$$00000000) refers (Special) to libinit2.o(.ARM.Collect$$libinit$$00000021) for __rt_lib_init_clock_1
    libinit.o(.ARM.Collect$$libinit$$00000000) refers (Special) to libinit2.o(.ARM.Collect$$libinit$$00000032) for __rt_lib_init_cpp_1
    libinit.o(.ARM.Collect$$libinit$$00000000) refers (Special) to libinit2.o(.ARM.Collect$$libinit$$00000030) for __rt_lib_init_exceptions_1
    libinit.o(.ARM.Collect$$libinit$$00000000) refers (Special) to libinit2.o(.ARM.Collect$$libinit$$00000002) for __rt_lib_init_fp_1
    libinit.o(.ARM.Collect$$libinit$$00000000) refers (Special) to libinit2.o(.ARM.Collect$$libinit$$0000001F) for __rt_lib_init_fp_trap_1
    libinit.o(.ARM.Collect$$libinit$$00000000) refers (Special) to libinit2.o(.ARM.Collect$$libinit$$00000023) for __rt_lib_init_getenv_1
    libinit.o(.ARM.Collect$$libinit$$00000000) refers (Special) to libinit2.o(.ARM.Collect$$libinit$$0000000A) for __rt_lib_init_heap_1
    libinit.o(.ARM.Collect$$libinit$$00000000) refers (Special) to libinit2.o(.ARM.Collect$$libinit$$00000011) for __rt_lib_init_lc_collate_1
    libinit.o(.ARM.Collect$$libinit$$00000000) refers (Special) to libinit2.o(.ARM.Collect$$libinit$$00000013) for __rt_lib_init_lc_ctype_1
    libinit.o(.ARM.Collect$$libinit$$00000000) refers (Special) to libinit2.o(.ARM.Collect$$libinit$$00000015) for __rt_lib_init_lc_monetary_1
    libinit.o(.ARM.Collect$$libinit$$00000000) refers (Special) to libinit2.o(.ARM.Collect$$libinit$$00000017) for __rt_lib_init_lc_numeric_1
    libinit.o(.ARM.Collect$$libinit$$00000000) refers (Special) to libinit2.o(.ARM.Collect$$libinit$$00000019) for __rt_lib_init_lc_time_1
    libinit.o(.ARM.Collect$$libinit$$00000000) refers (Special) to libinit2.o(.ARM.Collect$$libinit$$00000004) for __rt_lib_init_preinit_1
    libinit.o(.ARM.Collect$$libinit$$00000000) refers (Special) to libinit2.o(.ARM.Collect$$libinit$$0000000E) for __rt_lib_init_rand_1
    libinit.o(.ARM.Collect$$libinit$$00000000) refers (Special) to libinit2.o(.ARM.Collect$$libinit$$00000033) for __rt_lib_init_return
    libinit.o(.ARM.Collect$$libinit$$00000000) refers (Special) to libinit2.o(.ARM.Collect$$libinit$$0000001D) for __rt_lib_init_signal_1
    libinit.o(.ARM.Collect$$libinit$$00000000) refers (Special) to libinit2.o(.ARM.Collect$$libinit$$00000025) for __rt_lib_init_stdio_1
    libinit.o(.ARM.Collect$$libinit$$00000000) refers (Special) to libinit2.o(.ARM.Collect$$libinit$$0000000C) for __rt_lib_init_user_alloc_1
    retnan.o(.text) refers (Special) to usenofp.o(x$fpl$usenofp) for __I$use$fp
    retnan.o(.text) refers to cmpret.o(.text) for __fpl_cmpreturn
    libspace.o(.text) refers to libspace.o(.bss) for __libspace_start
    rtexit.o(.ARM.Collect$$rtexit$$00000000) refers (Special) to rtexit2.o(.ARM.Collect$$rtexit$$00000004) for __rt_exit_exit
    rtexit.o(.ARM.Collect$$rtexit$$00000000) refers (Special) to rtexit2.o(.ARM.Collect$$rtexit$$00000003) for __rt_exit_ls
    rtexit.o(.ARM.Collect$$rtexit$$00000000) refers (Special) to rtexit2.o(.ARM.Collect$$rtexit$$00000002) for __rt_exit_prels_1
    rtexit.o(.ARM.exidx) refers (Special) to rtexit2.o(.ARM.Collect$$rtexit$$00000004) for __rt_exit_exit
    rtexit.o(.ARM.exidx) refers (Special) to rtexit2.o(.ARM.Collect$$rtexit$$00000003) for __rt_exit_ls
    rtexit.o(.ARM.exidx) refers (Special) to rtexit2.o(.ARM.Collect$$rtexit$$00000002) for __rt_exit_prels_1
    rtexit.o(.ARM.exidx) refers to rtexit.o(.ARM.Collect$$rtexit$$00000000) for .ARM.Collect$$rtexit$$00000000
    rt_raise.o(.text) refers to __raise.o(.text) for __raise
    rt_raise.o(.text) refers to sys_exit.o(.text) for _sys_exit
    defsig_exit.o(.text) refers to sys_exit.o(.text) for _sys_exit
    defsig_fpe_inner.o(.text) refers to defsig_general.o(.text) for __default_signal_display
    libinit2.o(.ARM.Collect$$libinit$$00000010) refers to libinit2.o(.ARM.Collect$$libinit$$0000000F) for .ARM.Collect$$libinit$$0000000F
    libinit2.o(.ARM.Collect$$libinit$$00000012) refers to libinit2.o(.ARM.Collect$$libinit$$0000000F) for .ARM.Collect$$libinit$$0000000F
    libinit2.o(.ARM.Collect$$libinit$$00000014) refers to libinit2.o(.ARM.Collect$$libinit$$0000000F) for .ARM.Collect$$libinit$$0000000F
    libinit2.o(.ARM.Collect$$libinit$$00000016) refers to libinit2.o(.ARM.Collect$$libinit$$0000000F) for .ARM.Collect$$libinit$$0000000F
    libinit2.o(.ARM.Collect$$libinit$$00000018) refers to libinit2.o(.ARM.Collect$$libinit$$0000000F) for .ARM.Collect$$libinit$$0000000F
    libinit2.o(.ARM.Collect$$libinit$$00000026) refers to argv_veneer.o(.text) for __ARM_argv_veneer
    libinit2.o(.ARM.Collect$$libinit$$00000027) refers to argv_veneer.o(.text) for __ARM_argv_veneer
    sys_exit.o(.text) refers (Special) to use_no_semi.o(.text) for __I$use$semihosting
    sys_exit.o(.text) refers (Special) to indicate_semi.o(.text) for __semihosting_library_function
    rtexit2.o(.ARM.Collect$$rtexit$$00000003) refers to libshutdown.o(.ARM.Collect$$libshutdown$$00000000) for __rt_lib_shutdown
    rtexit2.o(.ARM.Collect$$rtexit$$00000004) refers to sys_exit.o(.text) for _sys_exit
    rtexit2.o(.ARM.exidx) refers to rtexit2.o(.ARM.Collect$$rtexit$$00000001) for .ARM.Collect$$rtexit$$00000001
    rtexit2.o(.ARM.exidx) refers to rtexit2.o(.ARM.Collect$$rtexit$$00000003) for .ARM.Collect$$rtexit$$00000003
    rtexit2.o(.ARM.exidx) refers to rtexit2.o(.ARM.Collect$$rtexit$$00000004) for .ARM.Collect$$rtexit$$00000004
    __raise.o(.text) refers to defsig.o(CL$$defsig) for __default_signal_handler
    defsig_general.o(.text) refers to sys_wrch.o(.text) for _ttywrch
    sys_wrch.o(.text) refers (Special) to use_no_semi.o(.text) for __I$use$semihosting
    sys_wrch.o(.text) refers (Special) to indicate_semi.o(.text) for __semihosting_library_function
    defsig.o(CL$$defsig) refers to defsig_fpe_inner.o(.text) for __rt_SIGFPE_inner
    defsig.o(CL$$defsig) refers to defsig_rtmem_inner.o(.text) for __rt_SIGRTMEM_inner
    _get_argv_nomalloc.o(.text) refers (Special) to hrguard.o(.text) for __heap_region$guard
    _get_argv_nomalloc.o(.text) refers to defsig_rtmem_outer.o(.text) for __rt_SIGRTMEM
    _get_argv_nomalloc.o(.text) refers to sys_command.o(.text) for _sys_command_string
    libshutdown.o(.ARM.Collect$$libshutdown$$00000000) refers (Special) to libshutdown2.o(.ARM.Collect$$libshutdown$$00000002) for __rt_lib_shutdown_cpp_1
    libshutdown.o(.ARM.Collect$$libshutdown$$00000000) refers (Special) to libshutdown2.o(.ARM.Collect$$libshutdown$$00000007) for __rt_lib_shutdown_fp_trap_1
    libshutdown.o(.ARM.Collect$$libshutdown$$00000000) refers (Special) to libshutdown2.o(.ARM.Collect$$libshutdown$$0000000F) for __rt_lib_shutdown_heap_1
    libshutdown.o(.ARM.Collect$$libshutdown$$00000000) refers (Special) to libshutdown2.o(.ARM.Collect$$libshutdown$$00000010) for __rt_lib_shutdown_return
    libshutdown.o(.ARM.Collect$$libshutdown$$00000000) refers (Special) to libshutdown2.o(.ARM.Collect$$libshutdown$$0000000A) for __rt_lib_shutdown_signal_1
    libshutdown.o(.ARM.Collect$$libshutdown$$00000000) refers (Special) to libshutdown2.o(.ARM.Collect$$libshutdown$$00000004) for __rt_lib_shutdown_stdio_1
    libshutdown.o(.ARM.Collect$$libshutdown$$00000000) refers (Special) to libshutdown2.o(.ARM.Collect$$libshutdown$$0000000C) for __rt_lib_shutdown_user_alloc_1
    sys_command.o(.text) refers (Special) to use_no_semi.o(.text) for __I$use$semihosting
    sys_command.o(.text) refers (Special) to indicate_semi.o(.text) for __semihosting_library_function
    defsig_abrt_inner.o(.text) refers to defsig_general.o(.text) for __default_signal_display
    defsig_rtred_inner.o(.text) refers to defsig_general.o(.text) for __default_signal_display
    defsig_rtmem_inner.o(.text) refers to defsig_general.o(.text) for __default_signal_display
    defsig_rtmem_outer.o(.text) refers to defsig_rtmem_inner.o(.text) for __rt_SIGRTMEM_inner
    defsig_rtmem_outer.o(.text) refers to defsig_exit.o(.text) for __sig_exit
    defsig_rtmem_formal.o(.text) refers to rt_raise.o(.text) for __rt_raise
    defsig_stak_inner.o(.text) refers to defsig_general.o(.text) for __default_signal_display
    defsig_pvfn_inner.o(.text) refers to defsig_general.o(.text) for __default_signal_display
    defsig_cppl_inner.o(.text) refers to defsig_general.o(.text) for __default_signal_display
    defsig_segv_inner.o(.text) refers to defsig_general.o(.text) for __default_signal_display
    defsig_other.o(.text) refers to defsig_general.o(.text) for __default_signal_display


==============================================================================

Removing Unused input sections from the image.

    Removing hr8p506_iap_table.o(.rev16_text), (4 bytes).
    Removing hr8p506_iap_table.o(.revsh_text), (4 bytes).
    Removing hr8p506_iap_table.o(i.IAPRead), (42 bytes).
    Removing hr8p506_iap_table.o(i.IAP_PageErase), (24 bytes).
    Removing hr8p506_iap_table.o(i.IAP_PageProgram), (38 bytes).
    Removing hr8p506_iap_table.o(i.IAP_WordProgram), (28 bytes).
    Removing lib_adc.o(.rev16_text), (4 bytes).
    Removing lib_adc.o(.revsh_text), (4 bytes).
    Removing lib_adc.o(i.ADC_ACPConfig), (308 bytes).
    Removing lib_adc.o(i.ADC_ClearIFStatus), (16 bytes).
    Removing lib_adc.o(i.ADC_GetACPMeanValue), (16 bytes).
    Removing lib_adc.o(i.ADC_GetConvStatus), (24 bytes).
    Removing lib_adc.o(i.ADC_GetConvValue), (16 bytes).
    Removing lib_adc.o(i.ADC_GetIEStatus), (24 bytes).
    Removing lib_adc.o(i.ADC_GetIFStatus), (24 bytes).
    Removing lib_adc.o(i.ADC_Init), (436 bytes).
    Removing lib_adc.o(i.ADC_Reset), (48 bytes).
    Removing lib_adc.o(i.ADC_SoftStart), (40 bytes).
    Removing lib_adc.o(i.ADC_SoftStop), (40 bytes).
    Removing lib_adc.o(i.ADC_Start), (36 bytes).
    Removing lib_euart.o(.rev16_text), (4 bytes).
    Removing lib_euart.o(.revsh_text), (4 bytes).
    Removing lib_euart.o(i.EUART_BaudConfig), (304 bytes).
    Removing lib_euart.o(i.EUART_ClearITPendingBit), (12 bytes).
    Removing lib_euart.o(i.EUART_EIOChConfig), (28 bytes).
    Removing lib_euart.o(i.EUART_EIODirection), (28 bytes).
    Removing lib_euart.o(i.EUART_GetFlagStatus), (24 bytes).
    Removing lib_euart.o(i.EUART_GetITStatus), (24 bytes).
    Removing lib_euart.o(i.EUART_ITConfig), (32 bytes).
    Removing lib_euart.o(i.EUART_Init), (148 bytes).
    Removing lib_euart.o(i.EUART_ModeConfig), (24 bytes).
    Removing lib_euart.o(i.EUART_RBIMConfig), (28 bytes).
    Removing lib_euart.o(i.EUART_RecByte), (12 bytes).
    Removing lib_euart.o(i.EUART_RecHalfWord), (12 bytes).
    Removing lib_euart.o(i.EUART_RecWord), (12 bytes).
    Removing lib_euart.o(i.EUART_SendByte), (12 bytes).
    Removing lib_euart.o(i.EUART_SendHalfWord), (12 bytes).
    Removing lib_euart.o(i.EUART_SendWord), (12 bytes).
    Removing lib_euart.o(i.EUART_TBIMConfig), (24 bytes).
    Removing lib_euart.o(i.U7816_Init), (292 bytes).
    Removing lib_flashiap.o(.rev16_text), (4 bytes).
    Removing lib_flashiap.o(.revsh_text), (4 bytes).
    Removing lib_flashiap.o(i.IAP_ErasePage), (180 bytes).
    Removing lib_flashiap.o(i.IAP_Read), (42 bytes).
    Removing lib_flashiap.o(i.IAP_Unlock), (84 bytes).
    Removing lib_flashiap.o(i.IAP_WriteCont), (160 bytes).
    Removing lib_flashiap.o(i.IAP_WriteEnd), (68 bytes).
    Removing lib_flashiap.o(i.IAP_WriteWord), (76 bytes).
    Removing lib_flashiap.o(i.__set_PRIMASK), (6 bytes).
    Removing lib_gpio.o(.rev16_text), (4 bytes).
    Removing lib_gpio.o(.revsh_text), (4 bytes).
    Removing lib_gpio.o(i.GPIO_GetNormalBitOffsetFromPin), (250 bytes).
    Removing lib_gpio.o(i.GPIO_Init), (104 bytes).
    Removing lib_gpio.o(i.GPIO_ReadBit), (48 bytes).
    Removing lib_gpio.o(i.GPIO_ResetBit), (44 bytes).
    Removing lib_gpio.o(i.GPIO_SetBit), (44 bytes).
    Removing lib_gpio.o(i.GPIO_SetDSRegFromPin), (104 bytes).
    Removing lib_gpio.o(i.GPIO_SetDirRegFromPin), (76 bytes).
    Removing lib_gpio.o(i.GPIO_SetFuncxRegFromPin), (1400 bytes).
    Removing lib_gpio.o(i.GPIO_SetODERegFromPin), (104 bytes).
    Removing lib_gpio.o(i.GPIO_SetPDERegFromPin), (104 bytes).
    Removing lib_gpio.o(i.GPIO_SetPUERegFromPin), (104 bytes).
    Removing lib_gpio.o(i.GPIO_SetSingalTypeFromPin), (104 bytes).
    Removing lib_gpio.o(i.GPIO_ToggleBit), (44 bytes).
    Removing lib_gpio.o(i.GPIO_WriteBit), (76 bytes).
    Removing lib_gpio.o(i.KINT_ClearITFlag), (28 bytes).
    Removing lib_gpio.o(i.KINT_GetITFlag), (36 bytes).
    Removing lib_gpio.o(i.KINT_GetKINTxIndexFromPin), (174 bytes).
    Removing lib_gpio.o(i.KINT_GetSelxIndexFromPin), (170 bytes).
    Removing lib_gpio.o(i.KINT_Init), (24 bytes).
    Removing lib_gpio.o(i.KINT_SetEnableOrNotFromPin), (140 bytes).
    Removing lib_gpio.o(i.KINT_SetTriggerStyleFromPin), (108 bytes).
    Removing lib_gpio.o(i.PINT_ClearITFlag), (32 bytes).
    Removing lib_gpio.o(i.PINT_GetITFlag), (36 bytes).
    Removing lib_gpio.o(i.PINT_GetPINTxIndexFromPin), (174 bytes).
    Removing lib_gpio.o(i.PINT_GetSELxIndexFromPin), (170 bytes).
    Removing lib_gpio.o(i.PINT_Init), (24 bytes).
    Removing lib_gpio.o(i.PINT_SetEnableOrNotFromPin), (144 bytes).
    Removing lib_gpio.o(i.PINT_SetTriggerStyleFromPin), (108 bytes).
    Removing lib_iic.o(.rev16_text), (4 bytes).
    Removing lib_iic.o(.revsh_text), (4 bytes).
    Removing lib_iic.o(i.IIC_AckDelay), (44 bytes).
    Removing lib_iic.o(i.IIC_ClearITPendingBit), (4 bytes).
    Removing lib_iic.o(i.IIC_GetFlagStatus), (18 bytes).
    Removing lib_iic.o(i.IIC_GetITStatus), (28 bytes).
    Removing lib_iic.o(i.IIC_GetRWMode), (10 bytes).
    Removing lib_iic.o(i.IIC_GetTBStatus), (22 bytes).
    Removing lib_iic.o(i.IIC_ITConfig), (20 bytes).
    Removing lib_iic.o(i.IIC_Init), (228 bytes).
    Removing lib_iic.o(i.IIC_RBIMConfig), (24 bytes).
    Removing lib_iic.o(i.IIC_RecByte), (6 bytes).
    Removing lib_iic.o(i.IIC_RecHalfWord), (6 bytes).
    Removing lib_iic.o(i.IIC_RecModeConfig), (20 bytes).
    Removing lib_iic.o(i.IIC_RecWord), (6 bytes).
    Removing lib_iic.o(i.IIC_SendAddress), (46 bytes).
    Removing lib_iic.o(i.IIC_SendByte), (4 bytes).
    Removing lib_iic.o(i.IIC_SendHalfWord), (4 bytes).
    Removing lib_iic.o(i.IIC_SendWord), (4 bytes).
    Removing lib_iic.o(i.IIC_SetAddress), (26 bytes).
    Removing lib_iic.o(i.IIC_TBIMConfig), (24 bytes).
    Removing lib_iic.o(i.IIC_TISConfig), (24 bytes).
    Removing lib_lcd.o(.rev16_text), (4 bytes).
    Removing lib_lcd.o(.revsh_text), (4 bytes).
    Removing lib_lcd.o(i.LCD_FlickerTimeConfig), (124 bytes).
    Removing lib_lcd.o(i.LCD_GrayscaleConfig), (40 bytes).
    Removing lib_lcd.o(i.LCD_Init), (476 bytes).
    Removing lib_lcd.o(i.LCD_PixelWriteByte), (92 bytes).
    Removing lib_lcd.o(i.LCD_PixelWriteHalfWord), (92 bytes).
    Removing lib_lcd.o(i.LCD_PixelWriteWord), (84 bytes).
    Removing lib_lcd.o(i.LCD_Reset), (52 bytes).
    Removing lib_lcd.o(.data), (16 bytes).
    Removing lib_led.o(.rev16_text), (4 bytes).
    Removing lib_led.o(.revsh_text), (4 bytes).
    Removing lib_led.o(i.LED_Init), (188 bytes).
    Removing lib_led.o(i.LED_PixelWriteByte), (56 bytes).
    Removing lib_led.o(i.LED_PixelWriteHalfWord), (56 bytes).
    Removing lib_led.o(i.LED_PixelWriteWord), (48 bytes).
    Removing lib_led.o(i.LED_Reset), (40 bytes).
    Removing lib_printf.o(.rev16_text), (4 bytes).
    Removing lib_printf.o(.revsh_text), (4 bytes).
    Removing lib_printf.o(i.UART_printf), (416 bytes).
    Removing lib_printf.o(i.fputc), (68 bytes).
    Removing lib_printf.o(i.itoa), (128 bytes).
    Removing lib_rtc.o(.rev16_text), (4 bytes).
    Removing lib_rtc.o(.revsh_text), (4 bytes).
    Removing lib_rtc.o(i.RTC_ClearAllITFlag), (140 bytes).
    Removing lib_rtc.o(i.RTC_GetFlagStatus), (148 bytes).
    Removing lib_rtc.o(i.RTC_GetITStatus), (148 bytes).
    Removing lib_rtc.o(i.RTC_Init), (148 bytes).
    Removing lib_rtc.o(i.RTC_InterruptDisable), (168 bytes).
    Removing lib_rtc.o(i.RTC_InterruptEnable), (192 bytes).
    Removing lib_rtc.o(i.RTC_ReadDay), (124 bytes).
    Removing lib_rtc.o(i.RTC_ReadDayAlarmHour), (144 bytes).
    Removing lib_rtc.o(i.RTC_ReadDayAlarmMinute), (136 bytes).
    Removing lib_rtc.o(i.RTC_ReadHour), (144 bytes).
    Removing lib_rtc.o(i.RTC_ReadHourmode), (60 bytes).
    Removing lib_rtc.o(i.RTC_ReadMinute), (136 bytes).
    Removing lib_rtc.o(i.RTC_ReadMonth), (108 bytes).
    Removing lib_rtc.o(i.RTC_ReadSecond), (136 bytes).
    Removing lib_rtc.o(i.RTC_ReadWeek), (128 bytes).
    Removing lib_rtc.o(i.RTC_ReadWeekAlarmHour), (144 bytes).
    Removing lib_rtc.o(i.RTC_ReadWeekAlarmMinute), (136 bytes).
    Removing lib_rtc.o(i.RTC_ReadWeekAlarmWeek), (128 bytes).
    Removing lib_rtc.o(i.RTC_ReadYear), (156 bytes).
    Removing lib_rtc.o(i.RTC_StartRead), (44 bytes).
    Removing lib_rtc.o(i.RTC_WriteDay), (220 bytes).
    Removing lib_rtc.o(i.RTC_WriteDayAlarmHour), (280 bytes).
    Removing lib_rtc.o(i.RTC_WriteDayAlarmMinute), (228 bytes).
    Removing lib_rtc.o(i.RTC_WriteHour), (280 bytes).
    Removing lib_rtc.o(i.RTC_WriteMinute), (232 bytes).
    Removing lib_rtc.o(i.RTC_WriteMonth), (204 bytes).
    Removing lib_rtc.o(i.RTC_WriteSecond), (228 bytes).
    Removing lib_rtc.o(i.RTC_WriteWeek), (212 bytes).
    Removing lib_rtc.o(i.RTC_WriteWeekAlarmHour), (280 bytes).
    Removing lib_rtc.o(i.RTC_WriteWeekAlarmMinute), (228 bytes).
    Removing lib_rtc.o(i.RTC_WriteWeekAlarmWeek), (216 bytes).
    Removing lib_rtc.o(i.RTC_WriteYear), (264 bytes).
    Removing lib_scs.o(.rev16_text), (4 bytes).
    Removing lib_scs.o(.revsh_text), (4 bytes).
    Removing lib_scs.o(i.NVIC_Init), (100 bytes).
    Removing lib_scs.o(i.SCB_GetCpuID), (12 bytes).
    Removing lib_scs.o(i.SCB_SystemLPConfig), (32 bytes).
    Removing lib_scu.o(.rev16_text), (4 bytes).
    Removing lib_scu.o(.revsh_text), (4 bytes).
    Removing lib_scu.o(i.DeviceClockAllDisable), (48 bytes).
    Removing lib_scu.o(i.DeviceClockAllEnable), (52 bytes).
    Removing lib_scu.o(i.DeviceClock_Config), (52 bytes).
    Removing lib_scu.o(i.SCU_ClearPWRCFlagBit), (28 bytes).
    Removing lib_scu.o(i.SCU_GetLVDFlagStatus), (26 bytes).
    Removing lib_scu.o(i.SCU_GetPWRCFlagStatus), (40 bytes).
    Removing lib_scu.o(i.SCU_GetSysClk), (16 bytes).
    Removing lib_scu.o(i.SCU_MultTimerDisable), (24 bytes).
    Removing lib_scu.o(i.SCU_MultTimerEnable), (24 bytes).
    Removing lib_scu.o(i.SCU_NMISelect), (40 bytes).
    Removing lib_scu.o(i.SCU_OpenXTAL), (68 bytes).
    Removing lib_spi.o(.rev16_text), (4 bytes).
    Removing lib_spi.o(.revsh_text), (4 bytes).
    Removing lib_spi.o(i.Clear_RBR), (16 bytes).
    Removing lib_spi.o(i.Clear_TBW), (14 bytes).
    Removing lib_spi.o(i.SPI_ClearITPendingBit), (4 bytes).
    Removing lib_spi.o(i.SPI_DataFormatConfig), (20 bytes).
    Removing lib_spi.o(i.SPI_GetFlagStatus), (36 bytes).
    Removing lib_spi.o(i.SPI_GetITStatus), (28 bytes).
    Removing lib_spi.o(i.SPI_GetStatus), (16 bytes).
    Removing lib_spi.o(i.SPI_ITConfig), (20 bytes).
    Removing lib_spi.o(i.SPI_Init), (220 bytes).
    Removing lib_spi.o(i.SPI_RBIMConfig), (24 bytes).
    Removing lib_spi.o(i.SPI_RecByte), (6 bytes).
    Removing lib_spi.o(i.SPI_RecHalfWord), (6 bytes).
    Removing lib_spi.o(i.SPI_RecWord), (6 bytes).
    Removing lib_spi.o(i.SPI_SendByte), (4 bytes).
    Removing lib_spi.o(i.SPI_SendHalfWord), (4 bytes).
    Removing lib_spi.o(i.SPI_SendWord), (4 bytes).
    Removing lib_spi.o(i.SPI_TBIMConfig), (24 bytes).
    Removing lib_timer.o(.rev16_text), (4 bytes).
    Removing lib_timer.o(.revsh_text), (4 bytes).
    Removing lib_timer.o(i.T16Nx_BaseInit), (92 bytes).
    Removing lib_timer.o(i.T16Nx_CapInit), (132 bytes).
    Removing lib_timer.o(i.T16Nx_ClearITPendingBit), (4 bytes).
    Removing lib_timer.o(i.T16Nx_Enable), (12 bytes).
    Removing lib_timer.o(i.T16Nx_GetCNT0), (8 bytes).
    Removing lib_timer.o(i.T16Nx_GetCNT1), (8 bytes).
    Removing lib_timer.o(i.T16Nx_GetFlagStatus), (20 bytes).
    Removing lib_timer.o(i.T16Nx_GetMAT0), (8 bytes).
    Removing lib_timer.o(i.T16Nx_GetMAT1), (8 bytes).
    Removing lib_timer.o(i.T16Nx_GetMAT2), (8 bytes).
    Removing lib_timer.o(i.T16Nx_GetMAT3), (8 bytes).
    Removing lib_timer.o(i.T16Nx_GetPWMBKF), (20 bytes).
    Removing lib_timer.o(i.T16Nx_GetTOP0), (8 bytes).
    Removing lib_timer.o(i.T16Nx_GetTOP1), (8 bytes).
    Removing lib_timer.o(i.T16Nx_ITConfig), (20 bytes).
    Removing lib_timer.o(i.T16Nx_MAT0ITConfig), (24 bytes).
    Removing lib_timer.o(i.T16Nx_MAT0Out0Config), (24 bytes).
    Removing lib_timer.o(i.T16Nx_MAT1ITConfig), (24 bytes).
    Removing lib_timer.o(i.T16Nx_MAT1Out0Config), (24 bytes).
    Removing lib_timer.o(i.T16Nx_MAT2ITConfig), (24 bytes).
    Removing lib_timer.o(i.T16Nx_MAT2Out1Config), (24 bytes).
    Removing lib_timer.o(i.T16Nx_MAT3ITConfig), (24 bytes).
    Removing lib_timer.o(i.T16Nx_MAT3Out1Config), (24 bytes).
    Removing lib_timer.o(i.T16Nx_PMWOutInit), (110 bytes).
    Removing lib_timer.o(i.T16Nx_PTR_Config), (20 bytes).
    Removing lib_timer.o(i.T16Nx_PWMBK_Config), (116 bytes).
    Removing lib_timer.o(i.T16Nx_PWMPDZ_Config), (16 bytes).
    Removing lib_timer.o(i.T16Nx_ResetPWMBKF), (14 bytes).
    Removing lib_timer.o(i.T16Nx_SetCNT0), (36 bytes).
    Removing lib_timer.o(i.T16Nx_SetCNT1), (36 bytes).
    Removing lib_timer.o(i.T16Nx_SetMAT0), (14 bytes).
    Removing lib_timer.o(i.T16Nx_SetMAT1), (14 bytes).
    Removing lib_timer.o(i.T16Nx_SetMAT2), (14 bytes).
    Removing lib_timer.o(i.T16Nx_SetMAT3), (14 bytes).
    Removing lib_timer.o(i.T16Nx_SetPRECNT), (36 bytes).
    Removing lib_timer.o(i.T16Nx_SetPREMAT), (16 bytes).
    Removing lib_timer.o(i.T16Nx_SetTOP0), (14 bytes).
    Removing lib_timer.o(i.T16Nx_SetTOP1), (14 bytes).
    Removing lib_timer.o(i.T32Nx_BaseInit), (92 bytes).
    Removing lib_timer.o(i.T32Nx_CapInit), (132 bytes).
    Removing lib_timer.o(i.T32Nx_ClearITPendingBit), (4 bytes).
    Removing lib_timer.o(i.T32Nx_Disable), (10 bytes).
    Removing lib_timer.o(i.T32Nx_Enable), (12 bytes).
    Removing lib_timer.o(i.T32Nx_GetCNT), (8 bytes).
    Removing lib_timer.o(i.T32Nx_GetFlagStatus), (20 bytes).
    Removing lib_timer.o(i.T32Nx_GetMAT0), (6 bytes).
    Removing lib_timer.o(i.T32Nx_GetMAT1), (6 bytes).
    Removing lib_timer.o(i.T32Nx_GetMAT2), (6 bytes).
    Removing lib_timer.o(i.T32Nx_GetMAT3), (6 bytes).
    Removing lib_timer.o(i.T32Nx_ITConfig), (20 bytes).
    Removing lib_timer.o(i.T32Nx_MAT0ITConfig), (24 bytes).
    Removing lib_timer.o(i.T32Nx_MAT0Out0Config), (24 bytes).
    Removing lib_timer.o(i.T32Nx_MAT1ITConfig), (24 bytes).
    Removing lib_timer.o(i.T32Nx_MAT1Out0Config), (24 bytes).
    Removing lib_timer.o(i.T32Nx_MAT2ITConfig), (24 bytes).
    Removing lib_timer.o(i.T32Nx_MAT2Out1Config), (24 bytes).
    Removing lib_timer.o(i.T32Nx_MAT3ITConfig), (24 bytes).
    Removing lib_timer.o(i.T32Nx_MAT3Out1Config), (18 bytes).
    Removing lib_timer.o(i.T32Nx_PMWOutInit), (44 bytes).
    Removing lib_timer.o(i.T32Nx_SetCNT), (24 bytes).
    Removing lib_timer.o(i.T32Nx_SetMAT0), (6 bytes).
    Removing lib_timer.o(i.T32Nx_SetMAT1), (6 bytes).
    Removing lib_timer.o(i.T32Nx_SetMAT2), (6 bytes).
    Removing lib_timer.o(i.T32Nx_SetMAT3), (6 bytes).
    Removing lib_timer.o(i.T32Nx_SetPRECNT), (36 bytes).
    Removing lib_timer.o(i.T32Nx_SetPREMAT), (16 bytes).
    Removing lib_uart.o(.rev16_text), (4 bytes).
    Removing lib_uart.o(.revsh_text), (4 bytes).
    Removing lib_uart.o(i.UART_AutoBaudConfig), (36 bytes).
    Removing lib_uart.o(i.UART_BaudFreeConfig), (48 bytes).
    Removing lib_uart.o(i.UART_ClearITPendingBit), (4 bytes).
    Removing lib_uart.o(i.UART_GetFlagStatus), (16 bytes).
    Removing lib_uart.o(i.UART_GetITStatus), (16 bytes).
    Removing lib_uart.o(i.UART_GetStatus), (16 bytes).
    Removing lib_uart.o(i.UART_ITConfig), (20 bytes).
    Removing lib_uart.o(i.UART_Init), (360 bytes).
    Removing lib_uart.o(i.UART_RBIMConfig), (20 bytes).
    Removing lib_uart.o(i.UART_RecByte), (8 bytes).
    Removing lib_uart.o(i.UART_RecHalfWord), (6 bytes).
    Removing lib_uart.o(i.UART_RecWord), (6 bytes).
    Removing lib_uart.o(i.UART_SendByte), (6 bytes).
    Removing lib_uart.o(i.UART_SendHalfWord), (4 bytes).
    Removing lib_uart.o(i.UART_SendWord), (4 bytes).
    Removing lib_uart.o(i.UART_TBIMConfig), (16 bytes).
    Removing lib_wdt.o(.rev16_text), (4 bytes).
    Removing lib_wdt.o(.revsh_text), (4 bytes).
    Removing lib_wdt.o(i.WDT_GetFlagStatus), (24 bytes).
    Removing lib_wdt.o(i.WDT_GetValue), (12 bytes).
    Removing lib_wdt.o(i.WDT_SetReloadValue), (12 bytes).
    Removing main.o(.rev16_text), (4 bytes).
    Removing main.o(.revsh_text), (4 bytes).
    Removing main.o(i.HardWare_Init), (20 bytes).
    Removing main.o(.bss), (88 bytes).
    Removing my_systick.o(.rev16_text), (4 bytes).
    Removing my_systick.o(.revsh_text), (4 bytes).
    Removing my_systick.o(i.delay_nms), (20 bytes).
    Removing tds.o(.rev16_text), (4 bytes).
    Removing tds.o(.revsh_text), (4 bytes).
    Removing tds.o(i.getFre1), (56 bytes).
    Removing tds.o(i.start_counter), (52 bytes).
    Removing tds.o(i.tds_Init), (196 bytes).
    Removing tds.o(i.timer_Init), (84 bytes).
    Removing uart.o(.rev16_text), (4 bytes).
    Removing uart.o(.revsh_text), (4 bytes).
    Removing uart.o(i.UART0GetFun), (72 bytes).
    Removing uart.o(i.UART0GetStr), (84 bytes).
    Removing uart.o(i.UART0Getch), (20 bytes).
    Removing uart.o(i.UART0Init), (152 bytes).
    Removing uart.o(i.UART0Put_str), (72 bytes).
    Removing uart.o(i.UART0Putch), (28 bytes).
    Removing uart.o(i.UART0Write_Str), (68 bytes).
    Removing uart.o(i.check_ststus), (72 bytes).
    Removing uart.o(i.deal_string), (136 bytes).
    Removing sim800c.o(.rev16_text), (4 bytes).
    Removing sim800c.o(.revsh_text), (4 bytes).
    Removing sim800c.o(i.GSM_TCPC_INIT), (32 bytes).
    Removing sim800c.o(i.GSM_TCP_Connect), (268 bytes).
    Removing sim800c.o(i.TCP_Recieve), (112 bytes).
    Removing sim800c.o(i.get_IMEI), (124 bytes).
    Removing sim800c.o(i.sim800c_init), (240 bytes).
    Removing sim800c.o(.data), (212 bytes).
    Removing system_hr8p506_1.o(.rev16_text), (4 bytes).
    Removing system_hr8p506_1.o(.revsh_text), (4 bytes).

319 unused section(s) (total 20598 bytes) removed from the image.

==============================================================================

Image Symbol Table

    Local Symbols

    Symbol Name                              Value     Ov Type        Size  Object(Section)

    RESET                                    0x00000000   Section      192  startup_hr8p506.o(RESET)
    ../clib/angel/boardlib.s                 0x00000000   Number         0  boardshut.o ABSOLUTE
    ../clib/angel/boardlib.s                 0x00000000   Number         0  boardinit1.o ABSOLUTE
    ../clib/angel/boardlib.s                 0x00000000   Number         0  boardinit2.o ABSOLUTE
    ../clib/angel/boardlib.s                 0x00000000   Number         0  boardinit3.o ABSOLUTE
    ../clib/angel/handlers.s                 0x00000000   Number         0  __scatter_zi.o ABSOLUTE
    ../clib/angel/handlers.s                 0x00000000   Number         0  __scatter_copy.o ABSOLUTE
    ../clib/angel/kernel.s                   0x00000000   Number         0  __rtentry4.o ABSOLUTE
    ../clib/angel/kernel.s                   0x00000000   Number         0  __rtentry2.o ABSOLUTE
    ../clib/angel/kernel.s                   0x00000000   Number         0  rtexit.o ABSOLUTE
    ../clib/angel/kernel.s                   0x00000000   Number         0  __rtentry.o ABSOLUTE
    ../clib/angel/kernel.s                   0x00000000   Number         0  rtexit2.o ABSOLUTE
    ../clib/angel/rt.s                       0x00000000   Number         0  aeabi_idiv0_sigfpe.o ABSOLUTE
    ../clib/angel/rt.s                       0x00000000   Number         0  aeabi_idiv0.o ABSOLUTE
    ../clib/angel/rt.s                       0x00000000   Number         0  rt_raise.o ABSOLUTE
    ../clib/angel/rt.s                       0x00000000   Number         0  rt_div0.o ABSOLUTE
    ../clib/angel/scatterp.s                 0x00000000   Number         0  __scatter.o ABSOLUTE
    ../clib/angel/startup.s                  0x00000000   Number         0  __main.o ABSOLUTE
    ../clib/angel/sys.s                      0x00000000   Number         0  libspace.o ABSOLUTE
    ../clib/angel/sys.s                      0x00000000   Number         0  use_no_semi.o ABSOLUTE
    ../clib/angel/sys.s                      0x00000000   Number         0  tempstk.o ABSOLUTE
    ../clib/angel/sys.s                      0x00000000   Number         0  sys_stackheap_outer.o ABSOLUTE
    ../clib/angel/sys.s                      0x00000000   Number         0  indicate_semi.o ABSOLUTE
    ../clib/angel/sysapp.c                   0x00000000   Number         0  sys_wrch.o ABSOLUTE
    ../clib/angel/sysapp.c                   0x00000000   Number         0  sys_exit.o ABSOLUTE
    ../clib/angel/sysapp.c                   0x00000000   Number         0  sys_command.o ABSOLUTE
    ../clib/armsys.c                         0x00000000   Number         0  no_argv.o ABSOLUTE
    ../clib/armsys.c                         0x00000000   Number         0  _get_argv_nomalloc.o ABSOLUTE
    ../clib/armsys.c                         0x00000000   Number         0  argv_veneer.o ABSOLUTE
    ../clib/division.s                       0x00000000   Number         0  aeabi_sdiv.o ABSOLUTE
    ../clib/division.s                       0x00000000   Number         0  aeabi_sdiv_div0.o ABSOLUTE
    ../clib/heapalloc.c                      0x00000000   Number         0  hrguard.o ABSOLUTE
    ../clib/heapaux.c                        0x00000000   Number         0  heapauxi.o ABSOLUTE
    ../clib/libinit.s                        0x00000000   Number         0  libshutdown.o ABSOLUTE
    ../clib/libinit.s                        0x00000000   Number         0  libinit.o ABSOLUTE
    ../clib/libinit.s                        0x00000000   Number         0  libinit2.o ABSOLUTE
    ../clib/libinit.s                        0x00000000   Number         0  libshutdown2.o ABSOLUTE
    ../clib/signal.c                         0x00000000   Number         0  defsig_fpe_inner.o ABSOLUTE
    ../clib/signal.c                         0x00000000   Number         0  defsig_rtred_inner.o ABSOLUTE
    ../clib/signal.c                         0x00000000   Number         0  __raise.o ABSOLUTE
    ../clib/signal.c                         0x00000000   Number         0  defsig_rtmem_outer.o ABSOLUTE
    ../clib/signal.c                         0x00000000   Number         0  defsig_exit.o ABSOLUTE
    ../clib/signal.c                         0x00000000   Number         0  defsig_fpe_outer.o ABSOLUTE
    ../clib/signal.c                         0x00000000   Number         0  defsig_general.o ABSOLUTE
    ../clib/signal.c                         0x00000000   Number         0  defsig_fpe_formal.o ABSOLUTE
    ../clib/signal.c                         0x00000000   Number         0  defsig_abrt_inner.o ABSOLUTE
    ../clib/signal.c                         0x00000000   Number         0  defsig_rtmem_inner.o ABSOLUTE
    ../clib/signal.c                         0x00000000   Number         0  defsig_rtmem_formal.o ABSOLUTE
    ../clib/signal.c                         0x00000000   Number         0  defsig_cppl_inner.o ABSOLUTE
    ../clib/signal.c                         0x00000000   Number         0  defsig_segv_inner.o ABSOLUTE
    ../clib/signal.c                         0x00000000   Number         0  defsig_other.o ABSOLUTE
    ../clib/signal.c                         0x00000000   Number         0  defsig_stak_inner.o ABSOLUTE
    ../clib/signal.c                         0x00000000   Number         0  defsig_pvfn_inner.o ABSOLUTE
    ../clib/signal.s                         0x00000000   Number         0  defsig.o ABSOLUTE
    ../clib/stdlib.c                         0x00000000   Number         0  exit.o ABSOLUTE
    ../fplib/cfplib/cmpret.c                 0x00000000   Number         0  cmpret.o ABSOLUTE
    ../fplib/cfplib/d2f.c                    0x00000000   Number         0  d2f.o ABSOLUTE
    ../fplib/cfplib/dcmpin.c                 0x00000000   Number         0  dcmpin.o ABSOLUTE
    ../fplib/cfplib/f2d.c                    0x00000000   Number         0  f2d.o ABSOLUTE
    ../fplib/cfplib/fdiv.c                   0x00000000   Number         0  fdiv.o ABSOLUTE
    ../fplib/cfplib/ffix.c                   0x00000000   Number         0  ffixui.o ABSOLUTE
    ../fplib/cfplib/fflt.c                   0x00000000   Number         0  fflti.o ABSOLUTE
    ../fplib/cfplib/fpinit.c                 0x00000000   Number         0  fpinit.o ABSOLUTE
    ../fplib/cfplib/nan2.c                   0x00000000   Number         0  dnan2.o ABSOLUTE
    ../fplib/cfplib/retnan.c                 0x00000000   Number         0  retnan.o ABSOLUTE
    ../fplib/dleqf6m.s                       0x00000000   Number         0  dlef.o ABSOLUTE
    ../fplib/fmul6m.s                        0x00000000   Number         0  fmul.o ABSOLUTE
    ../fplib/usenofp.s                       0x00000000   Number         0  usenofp.o ABSOLUTE
    ..\CMSIS\system_HR8P506.c                0x00000000   Number         0  system_hr8p506_1.o ABSOLUTE
    ..\Hardware\GSM\sim800c.c                0x00000000   Number         0  sim800c.o ABSOLUTE
    ..\Hardware\TDS\tds.c                    0x00000000   Number         0  tds.o ABSOLUTE
    ..\Hardware\Uart\uart.c                  0x00000000   Number         0  uart.o ABSOLUTE
    ..\Library\Source\hr8p506_iap_table.c    0x00000000   Number         0  hr8p506_iap_table.o ABSOLUTE
    ..\Library\Source\lib_adc.c              0x00000000   Number         0  lib_adc.o ABSOLUTE
    ..\Library\Source\lib_euart.c            0x00000000   Number         0  lib_euart.o ABSOLUTE
    ..\Library\Source\lib_flashiap.c         0x00000000   Number         0  lib_flashiap.o ABSOLUTE
    ..\Library\Source\lib_gpio.c             0x00000000   Number         0  lib_gpio.o ABSOLUTE
    ..\Library\Source\lib_iic.c              0x00000000   Number         0  lib_iic.o ABSOLUTE
    ..\Library\Source\lib_lcd.c              0x00000000   Number         0  lib_lcd.o ABSOLUTE
    ..\Library\Source\lib_led.c              0x00000000   Number         0  lib_led.o ABSOLUTE
    ..\Library\Source\lib_printf.c           0x00000000   Number         0  lib_printf.o ABSOLUTE
    ..\Library\Source\lib_rtc.c              0x00000000   Number         0  lib_rtc.o ABSOLUTE
    ..\Library\Source\lib_scs.c              0x00000000   Number         0  lib_scs.o ABSOLUTE
    ..\Library\Source\lib_scu.c              0x00000000   Number         0  lib_scu.o ABSOLUTE
    ..\Library\Source\lib_spi.c              0x00000000   Number         0  lib_spi.o ABSOLUTE
    ..\Library\Source\lib_timer.c            0x00000000   Number         0  lib_timer.o ABSOLUTE
    ..\Library\Source\lib_uart.c             0x00000000   Number         0  lib_uart.o ABSOLUTE
    ..\Library\Source\lib_wdt.c              0x00000000   Number         0  lib_wdt.o ABSOLUTE
    ..\StartUp\startup_HR8P506.s             0x00000000   Number         0  startup_hr8p506.o ABSOLUTE
    ..\User\main.c                           0x00000000   Number         0  main.o ABSOLUTE
    ..\User\my_systick.c                     0x00000000   Number         0  my_systick.o ABSOLUTE
    ..\\CMSIS\\system_HR8P506.c              0x00000000   Number         0  system_hr8p506_1.o ABSOLUTE
    ..\\Hardware\\GSM\\sim800c.c             0x00000000   Number         0  sim800c.o ABSOLUTE
    ..\\Hardware\\TDS\\tds.c                 0x00000000   Number         0  tds.o ABSOLUTE
    ..\\Hardware\\Uart\\uart.c               0x00000000   Number         0  uart.o ABSOLUTE
    ..\\Library\\Source\\hr8p506_iap_table.c 0x00000000   Number         0  hr8p506_iap_table.o ABSOLUTE
    ..\\Library\\Source\\lib_adc.c           0x00000000   Number         0  lib_adc.o ABSOLUTE
    ..\\Library\\Source\\lib_euart.c         0x00000000   Number         0  lib_euart.o ABSOLUTE
    ..\\Library\\Source\\lib_flashiap.c      0x00000000   Number         0  lib_flashiap.o ABSOLUTE
    ..\\Library\\Source\\lib_gpio.c          0x00000000   Number         0  lib_gpio.o ABSOLUTE
    ..\\Library\\Source\\lib_iic.c           0x00000000   Number         0  lib_iic.o ABSOLUTE
    ..\\Library\\Source\\lib_lcd.c           0x00000000   Number         0  lib_lcd.o ABSOLUTE
    ..\\Library\\Source\\lib_led.c           0x00000000   Number         0  lib_led.o ABSOLUTE
    ..\\Library\\Source\\lib_printf.c        0x00000000   Number         0  lib_printf.o ABSOLUTE
    ..\\Library\\Source\\lib_rtc.c           0x00000000   Number         0  lib_rtc.o ABSOLUTE
    ..\\Library\\Source\\lib_scs.c           0x00000000   Number         0  lib_scs.o ABSOLUTE
    ..\\Library\\Source\\lib_scu.c           0x00000000   Number         0  lib_scu.o ABSOLUTE
    ..\\Library\\Source\\lib_spi.c           0x00000000   Number         0  lib_spi.o ABSOLUTE
    ..\\Library\\Source\\lib_timer.c         0x00000000   Number         0  lib_timer.o ABSOLUTE
    ..\\Library\\Source\\lib_uart.c          0x00000000   Number         0  lib_uart.o ABSOLUTE
    ..\\Library\\Source\\lib_wdt.c           0x00000000   Number         0  lib_wdt.o ABSOLUTE
    ..\\User\\main.c                         0x00000000   Number         0  main.o ABSOLUTE
    ..\\User\\my_systick.c                   0x00000000   Number         0  my_systick.o ABSOLUTE
    dc.s                                     0x00000000   Number         0  dc.o ABSOLUTE
    !!!main                                  0x000000c0   Section        8  __main.o(!!!main)
    !!!scatter                               0x000000c8   Section       60  __scatter.o(!!!scatter)
    !!handler_copy                           0x00000104   Section       26  __scatter_copy.o(!!handler_copy)
    !!handler_zi                             0x00000120   Section       28  __scatter_zi.o(!!handler_zi)
    .ARM.Collect$$libinit$$00000000          0x0000013c   Section        2  libinit.o(.ARM.Collect$$libinit$$00000000)
    .ARM.Collect$$libinit$$00000002          0x0000013e   Section        0  libinit2.o(.ARM.Collect$$libinit$$00000002)
    .ARM.Collect$$libinit$$00000004          0x0000013e   Section        0  libinit2.o(.ARM.Collect$$libinit$$00000004)
    .ARM.Collect$$libinit$$0000000A          0x0000013e   Section        0  libinit2.o(.ARM.Collect$$libinit$$0000000A)
    .ARM.Collect$$libinit$$0000000C          0x0000013e   Section        0  libinit2.o(.ARM.Collect$$libinit$$0000000C)
    .ARM.Collect$$libinit$$0000000E          0x0000013e   Section        0  libinit2.o(.ARM.Collect$$libinit$$0000000E)
    .ARM.Collect$$libinit$$00000011          0x0000013e   Section        0  libinit2.o(.ARM.Collect$$libinit$$00000011)
    .ARM.Collect$$libinit$$00000013          0x0000013e   Section        0  libinit2.o(.ARM.Collect$$libinit$$00000013)
    .ARM.Collect$$libinit$$00000015          0x0000013e   Section        0  libinit2.o(.ARM.Collect$$libinit$$00000015)
    .ARM.Collect$$libinit$$00000017          0x0000013e   Section        0  libinit2.o(.ARM.Collect$$libinit$$00000017)
    .ARM.Collect$$libinit$$00000019          0x0000013e   Section        0  libinit2.o(.ARM.Collect$$libinit$$00000019)
    .ARM.Collect$$libinit$$0000001B          0x0000013e   Section        0  libinit2.o(.ARM.Collect$$libinit$$0000001B)
    .ARM.Collect$$libinit$$0000001D          0x0000013e   Section        0  libinit2.o(.ARM.Collect$$libinit$$0000001D)
    .ARM.Collect$$libinit$$0000001F          0x0000013e   Section        0  libinit2.o(.ARM.Collect$$libinit$$0000001F)
    .ARM.Collect$$libinit$$00000021          0x0000013e   Section        0  libinit2.o(.ARM.Collect$$libinit$$00000021)
    .ARM.Collect$$libinit$$00000023          0x0000013e   Section        0  libinit2.o(.ARM.Collect$$libinit$$00000023)
    .ARM.Collect$$libinit$$00000025          0x0000013e   Section        0  libinit2.o(.ARM.Collect$$libinit$$00000025)
    .ARM.Collect$$libinit$$0000002C          0x0000013e   Section        0  libinit2.o(.ARM.Collect$$libinit$$0000002C)
    .ARM.Collect$$libinit$$0000002E          0x0000013e   Section        0  libinit2.o(.ARM.Collect$$libinit$$0000002E)
    .ARM.Collect$$libinit$$00000030          0x0000013e   Section        0  libinit2.o(.ARM.Collect$$libinit$$00000030)
    .ARM.Collect$$libinit$$00000032          0x0000013e   Section        0  libinit2.o(.ARM.Collect$$libinit$$00000032)
    .ARM.Collect$$libinit$$00000033          0x0000013e   Section        2  libinit2.o(.ARM.Collect$$libinit$$00000033)
    .ARM.Collect$$libshutdown$$00000000      0x00000140   Section        2  libshutdown.o(.ARM.Collect$$libshutdown$$00000000)
    .ARM.Collect$$libshutdown$$00000002      0x00000142   Section        0  libshutdown2.o(.ARM.Collect$$libshutdown$$00000002)
    .ARM.Collect$$libshutdown$$00000004      0x00000142   Section        0  libshutdown2.o(.ARM.Collect$$libshutdown$$00000004)
    .ARM.Collect$$libshutdown$$00000007      0x00000142   Section        0  libshutdown2.o(.ARM.Collect$$libshutdown$$00000007)
    .ARM.Collect$$libshutdown$$0000000A      0x00000142   Section        0  libshutdown2.o(.ARM.Collect$$libshutdown$$0000000A)
    .ARM.Collect$$libshutdown$$0000000C      0x00000142   Section        0  libshutdown2.o(.ARM.Collect$$libshutdown$$0000000C)
    .ARM.Collect$$libshutdown$$0000000F      0x00000142   Section        0  libshutdown2.o(.ARM.Collect$$libshutdown$$0000000F)
    .ARM.Collect$$libshutdown$$00000010      0x00000142   Section        2  libshutdown2.o(.ARM.Collect$$libshutdown$$00000010)
    .ARM.Collect$$rtentry$$00000000          0x00000144   Section        0  __rtentry.o(.ARM.Collect$$rtentry$$00000000)
    .ARM.Collect$$rtentry$$00000002          0x00000144   Section        0  __rtentry2.o(.ARM.Collect$$rtentry$$00000002)
    .ARM.Collect$$rtentry$$00000004          0x00000144   Section        6  __rtentry4.o(.ARM.Collect$$rtentry$$00000004)
    .ARM.Collect$$rtentry$$00000009          0x0000014a   Section        0  __rtentry2.o(.ARM.Collect$$rtentry$$00000009)
    .ARM.Collect$$rtentry$$0000000A          0x0000014a   Section        4  __rtentry2.o(.ARM.Collect$$rtentry$$0000000A)
    .ARM.Collect$$rtentry$$0000000C          0x0000014e   Section        0  __rtentry2.o(.ARM.Collect$$rtentry$$0000000C)
    .ARM.Collect$$rtentry$$0000000D          0x0000014e   Section        8  __rtentry2.o(.ARM.Collect$$rtentry$$0000000D)
    .ARM.Collect$$rtexit$$00000000           0x00000156   Section        2  rtexit.o(.ARM.Collect$$rtexit$$00000000)
    .ARM.Collect$$rtexit$$00000002           0x00000158   Section        0  rtexit2.o(.ARM.Collect$$rtexit$$00000002)
    .ARM.Collect$$rtexit$$00000003           0x00000158   Section        4  rtexit2.o(.ARM.Collect$$rtexit$$00000003)
    .ARM.Collect$$rtexit$$00000004           0x0000015c   Section        6  rtexit2.o(.ARM.Collect$$rtexit$$00000004)
    .text                                    0x00000164   Section      232  startup_hr8p506.o(.text)
    .text                                    0x0000024c   Section      346  aeabi_sdiv.o(.text)
    .text                                    0x000003a6   Section        0  heapauxi.o(.text)
    .text                                    0x000003ac   Section       62  sys_stackheap_outer.o(.text)
    .text                                    0x000003ea   Section        0  exit.o(.text)
    .text                                    0x000003fc   Section        8  libspace.o(.text)
    .text                                    0x00000404   Section        0  sys_exit.o(.text)
    .text                                    0x00000410   Section        2  use_no_semi.o(.text)
    .text                                    0x00000412   Section        0  indicate_semi.o(.text)
    i.PLLClock_Config                        0x00000414   Section        0  lib_scu.o(i.PLLClock_Config)
    i.SCU_SysClkSelect                       0x000005c4   Section        0  lib_scu.o(i.SCU_SysClkSelect)
    i.SysTick_IRQHandler                     0x000005f0   Section        0  my_systick.o(i.SysTick_IRQHandler)
    i.SysTick_Init                           0x00000648   Section        0  lib_scs.o(i.SysTick_Init)
    i.SystemInit                             0x00000688   Section        0  system_hr8p506_1.o(i.SystemInit)
    i.T16N0_IRQHandler                       0x000006ec   Section        0  tds.o(i.T16N0_IRQHandler)
    i.T16N1_IRQHandler                       0x000006fc   Section        0  tds.o(i.T16N1_IRQHandler)
    i.T16N2_IRQHandler                       0x0000070c   Section        0  tds.o(i.T16N2_IRQHandler)
    i.T16Nx_Disable                          0x00000738   Section        0  lib_timer.o(i.T16Nx_Disable)
    i.UART0_IRQHandler                       0x00000742   Section        0  uart.o(i.UART0_IRQHandler)
    i.WDT_Init                               0x00000744   Section        0  lib_wdt.o(i.WDT_Init)
    i.__ARM_common_switch8                   0x000007b4   Section        0  lib_gpio.o(i.__ARM_common_switch8)
    i.main                                   0x000007d0   Section        0  main.o(i.main)
    .data                                    0x20000000   Section        8  my_systick.o(.data)
    temp                                     0x20000000   Data           4  my_systick.o(.data)
    count                                    0x20000004   Data           4  my_systick.o(.data)
    .data                                    0x20000008   Section        9  tds.o(.data)
    .data                                    0x20000014   Section        4  system_hr8p506_1.o(.data)
    .bss                                     0x20000018   Section       96  libspace.o(.bss)
    HEAP                                     0x20000078   Section        0  startup_hr8p506.o(HEAP)
    STACK                                    0x20000078   Section     1024  startup_hr8p506.o(STACK)
    Heap_Mem                                 0x20000078   Data           0  startup_hr8p506.o(HEAP)
    Stack_Mem                                0x20000078   Data        1024  startup_hr8p506.o(STACK)
    __initial_sp                             0x20000478   Data           0  startup_hr8p506.o(STACK)

    Global Symbols

    Symbol Name                              Value     Ov Type        Size  Object(Section)

    BuildAttributes$$THM_ISAv3M$S$PE$A:L22$X:L11$S22$IEEE1$IW$USESV6$~STKCKD$USESV7$~SHL$OSPACE$ROPI$EBA8$UX$STANDARDLIB$REQ8$PRES8$EABIv2 0x00000000   Number         0  anon$$obj.o ABSOLUTE
    __ARM_use_no_argv                        0x00000000   Number         0  main.o ABSOLUTE
    __Vectors                                0x00000000   Data           4  startup_hr8p506.o(RESET)
    __ARM_exceptions_init                     - Undefined Weak Reference
    __alloca_initialize                       - Undefined Weak Reference
    __arm_preinit_                            - Undefined Weak Reference
    __cpp_initialize__aeabi_                  - Undefined Weak Reference
    __cxa_finalize                            - Undefined Weak Reference
    __rt_locale                               - Undefined Weak Reference
    __sigvec_lookup                           - Undefined Weak Reference
    _atexit_init                              - Undefined Weak Reference
    _call_atexit_fns                          - Undefined Weak Reference
    _clock_init                               - Undefined Weak Reference
    _fp_trap_init                             - Undefined Weak Reference
    _fp_trap_shutdown                         - Undefined Weak Reference
    _get_lc_collate                           - Undefined Weak Reference
    _get_lc_ctype                             - Undefined Weak Reference
    _get_lc_monetary                          - Undefined Weak Reference
    _get_lc_numeric                           - Undefined Weak Reference
    _get_lc_time                              - Undefined Weak Reference
    _getenv_init                              - Undefined Weak Reference
    _handle_redirection                       - Undefined Weak Reference
    _init_alloc                               - Undefined Weak Reference
    _init_user_alloc                          - Undefined Weak Reference
    _initio                                   - Undefined Weak Reference
    _rand_init                                - Undefined Weak Reference
    _signal_finish                            - Undefined Weak Reference
    _signal_init                              - Undefined Weak Reference
    _terminate_alloc                          - Undefined Weak Reference
    _terminate_user_alloc                     - Undefined Weak Reference
    _terminateio                              - Undefined Weak Reference
    __main                                   0x000000c1   Thumb Code     8  __main.o(!!!main)
    __scatterload                            0x000000c9   Thumb Code     0  __scatter.o(!!!scatter)
    __scatterload_rt2                        0x000000c9   Thumb Code    52  __scatter.o(!!!scatter)
    __scatterload_rt2_thumb_only             0x000000c9   Thumb Code     0  __scatter.o(!!!scatter)
    __scatterload_null                       0x000000d9   Thumb Code     0  __scatter.o(!!!scatter)
    __scatterload_copy                       0x00000105   Thumb Code    26  __scatter_copy.o(!!handler_copy)
    __scatterload_zeroinit                   0x00000121   Thumb Code    28  __scatter_zi.o(!!handler_zi)
    __rt_lib_init                            0x0000013d   Thumb Code     0  libinit.o(.ARM.Collect$$libinit$$00000000)
    __rt_lib_init_alloca_1                   0x0000013f   Thumb Code     0  libinit2.o(.ARM.Collect$$libinit$$0000002E)
    __rt_lib_init_argv_1                     0x0000013f   Thumb Code     0  libinit2.o(.ARM.Collect$$libinit$$0000002C)
    __rt_lib_init_atexit_1                   0x0000013f   Thumb Code     0  libinit2.o(.ARM.Collect$$libinit$$0000001B)
    __rt_lib_init_clock_1                    0x0000013f   Thumb Code     0  libinit2.o(.ARM.Collect$$libinit$$00000021)
    __rt_lib_init_cpp_1                      0x0000013f   Thumb Code     0  libinit2.o(.ARM.Collect$$libinit$$00000032)
    __rt_lib_init_exceptions_1               0x0000013f   Thumb Code     0  libinit2.o(.ARM.Collect$$libinit$$00000030)
    __rt_lib_init_fp_1                       0x0000013f   Thumb Code     0  libinit2.o(.ARM.Collect$$libinit$$00000002)
    __rt_lib_init_fp_trap_1                  0x0000013f   Thumb Code     0  libinit2.o(.ARM.Collect$$libinit$$0000001F)
    __rt_lib_init_getenv_1                   0x0000013f   Thumb Code     0  libinit2.o(.ARM.Collect$$libinit$$00000023)
    __rt_lib_init_heap_1                     0x0000013f   Thumb Code     0  libinit2.o(.ARM.Collect$$libinit$$0000000A)
    __rt_lib_init_lc_collate_1               0x0000013f   Thumb Code     0  libinit2.o(.ARM.Collect$$libinit$$00000011)
    __rt_lib_init_lc_ctype_1                 0x0000013f   Thumb Code     0  libinit2.o(.ARM.Collect$$libinit$$00000013)
    __rt_lib_init_lc_monetary_1              0x0000013f   Thumb Code     0  libinit2.o(.ARM.Collect$$libinit$$00000015)
    __rt_lib_init_lc_numeric_1               0x0000013f   Thumb Code     0  libinit2.o(.ARM.Collect$$libinit$$00000017)
    __rt_lib_init_lc_time_1                  0x0000013f   Thumb Code     0  libinit2.o(.ARM.Collect$$libinit$$00000019)
    __rt_lib_init_preinit_1                  0x0000013f   Thumb Code     0  libinit2.o(.ARM.Collect$$libinit$$00000004)
    __rt_lib_init_rand_1                     0x0000013f   Thumb Code     0  libinit2.o(.ARM.Collect$$libinit$$0000000E)
    __rt_lib_init_return                     0x0000013f   Thumb Code     0  libinit2.o(.ARM.Collect$$libinit$$00000033)
    __rt_lib_init_signal_1                   0x0000013f   Thumb Code     0  libinit2.o(.ARM.Collect$$libinit$$0000001D)
    __rt_lib_init_stdio_1                    0x0000013f   Thumb Code     0  libinit2.o(.ARM.Collect$$libinit$$00000025)
    __rt_lib_init_user_alloc_1               0x0000013f   Thumb Code     0  libinit2.o(.ARM.Collect$$libinit$$0000000C)
    __rt_lib_shutdown                        0x00000141   Thumb Code     0  libshutdown.o(.ARM.Collect$$libshutdown$$00000000)
    __rt_lib_shutdown_cpp_1                  0x00000143   Thumb Code     0  libshutdown2.o(.ARM.Collect$$libshutdown$$00000002)
    __rt_lib_shutdown_fp_trap_1              0x00000143   Thumb Code     0  libshutdown2.o(.ARM.Collect$$libshutdown$$00000007)
    __rt_lib_shutdown_heap_1                 0x00000143   Thumb Code     0  libshutdown2.o(.ARM.Collect$$libshutdown$$0000000F)
    __rt_lib_shutdown_return                 0x00000143   Thumb Code     0  libshutdown2.o(.ARM.Collect$$libshutdown$$00000010)
    __rt_lib_shutdown_signal_1               0x00000143   Thumb Code     0  libshutdown2.o(.ARM.Collect$$libshutdown$$0000000A)
    __rt_lib_shutdown_stdio_1                0x00000143   Thumb Code     0  libshutdown2.o(.ARM.Collect$$libshutdown$$00000004)
    __rt_lib_shutdown_user_alloc_1           0x00000143   Thumb Code     0  libshutdown2.o(.ARM.Collect$$libshutdown$$0000000C)
    __rt_entry                               0x00000145   Thumb Code     0  __rtentry.o(.ARM.Collect$$rtentry$$00000000)
    __rt_entry_presh_1                       0x00000145   Thumb Code     0  __rtentry2.o(.ARM.Collect$$rtentry$$00000002)
    __rt_entry_sh                            0x00000145   Thumb Code     0  __rtentry4.o(.ARM.Collect$$rtentry$$00000004)
    __rt_entry_li                            0x0000014b   Thumb Code     0  __rtentry2.o(.ARM.Collect$$rtentry$$0000000A)
    __rt_entry_postsh_1                      0x0000014b   Thumb Code     0  __rtentry2.o(.ARM.Collect$$rtentry$$00000009)
    __rt_entry_main                          0x0000014f   Thumb Code     0  __rtentry2.o(.ARM.Collect$$rtentry$$0000000D)
    __rt_entry_postli_1                      0x0000014f   Thumb Code     0  __rtentry2.o(.ARM.Collect$$rtentry$$0000000C)
    __rt_exit                                0x00000157   Thumb Code     0  rtexit.o(.ARM.Collect$$rtexit$$00000000)
    __rt_exit_ls                             0x00000159   Thumb Code     0  rtexit2.o(.ARM.Collect$$rtexit$$00000003)
    __rt_exit_prels_1                        0x00000159   Thumb Code     0  rtexit2.o(.ARM.Collect$$rtexit$$00000002)
    __rt_exit_exit                           0x0000015d   Thumb Code     0  rtexit2.o(.ARM.Collect$$rtexit$$00000004)
    Reset_IRQHandler                         0x00000165   Thumb Code    12  startup_hr8p506.o(.text)
    NMI_IRQHandler                           0x00000171   Thumb Code     2  startup_hr8p506.o(.text)
    HardFault_IRQHandler                     0x00000173   Thumb Code     2  startup_hr8p506.o(.text)
    SVC_IRQHandler                           0x00000175   Thumb Code     2  startup_hr8p506.o(.text)
    PendSV_IRQHandler                        0x00000177   Thumb Code     2  startup_hr8p506.o(.text)
    ADC_IRQHandler                           0x0000017b   Thumb Code     0  startup_hr8p506.o(.text)
    CCM_IRQHandler                           0x0000017b   Thumb Code     0  startup_hr8p506.o(.text)
    EUART0_IRQHandler                        0x0000017b   Thumb Code     0  startup_hr8p506.o(.text)
    I2C0_IRQHandler                          0x0000017b   Thumb Code     0  startup_hr8p506.o(.text)
    KINT_IRQHandler                          0x0000017b   Thumb Code     0  startup_hr8p506.o(.text)
    LVD_IRQHandler                           0x0000017b   Thumb Code     0  startup_hr8p506.o(.text)
    PINT0_IRQHandler                         0x0000017b   Thumb Code     0  startup_hr8p506.o(.text)
    PINT1_IRQHandler                         0x0000017b   Thumb Code     0  startup_hr8p506.o(.text)
    PINT2_IRQHandler                         0x0000017b   Thumb Code     0  startup_hr8p506.o(.text)
    PINT3_IRQHandler                         0x0000017b   Thumb Code     0  startup_hr8p506.o(.text)
    PINT4_IRQHandler                         0x0000017b   Thumb Code     0  startup_hr8p506.o(.text)
    PINT5_IRQHandler                         0x0000017b   Thumb Code     0  startup_hr8p506.o(.text)
    PINT6_IRQHandler                         0x0000017b   Thumb Code     0  startup_hr8p506.o(.text)
    PINT7_IRQHandler                         0x0000017b   Thumb Code     0  startup_hr8p506.o(.text)
    PLLLK_IRQHandler                         0x0000017b   Thumb Code     0  startup_hr8p506.o(.text)
    RTC_IRQHandler                           0x0000017b   Thumb Code     0  startup_hr8p506.o(.text)
    SPI0_IRQHandler                          0x0000017b   Thumb Code     0  startup_hr8p506.o(.text)
    SPI1_IRQHandler                          0x0000017b   Thumb Code     0  startup_hr8p506.o(.text)
    T16N3_IRQHandler                         0x0000017b   Thumb Code     0  startup_hr8p506.o(.text)
    T32N0_IRQHandler                         0x0000017b   Thumb Code     0  startup_hr8p506.o(.text)
    UART1_IRQHandler                         0x0000017b   Thumb Code     0  startup_hr8p506.o(.text)
    WDT_IRQHandler                           0x0000017b   Thumb Code     0  startup_hr8p506.o(.text)
    RegInit                                  0x00000189   Thumb Code   172  startup_hr8p506.o(.text)
    __user_initial_stackheap                 0x00000235   Thumb Code     0  startup_hr8p506.o(.text)
    __aeabi_uidiv                            0x0000024d   Thumb Code     0  aeabi_sdiv.o(.text)
    __aeabi_uidivmod                         0x0000024d   Thumb Code    20  aeabi_sdiv.o(.text)
    __aeabi_idiv                             0x00000261   Thumb Code     0  aeabi_sdiv.o(.text)
    __aeabi_idivmod                          0x00000261   Thumb Code   326  aeabi_sdiv.o(.text)
    __use_two_region_memory                  0x000003a7   Thumb Code     2  heapauxi.o(.text)
    __rt_heap_escrow$2region                 0x000003a9   Thumb Code     2  heapauxi.o(.text)
    __rt_heap_expand$2region                 0x000003ab   Thumb Code     2  heapauxi.o(.text)
    __user_setup_stackheap                   0x000003ad   Thumb Code    62  sys_stackheap_outer.o(.text)
    exit                                     0x000003eb   Thumb Code    16  exit.o(.text)
    __user_libspace                          0x000003fd   Thumb Code     8  libspace.o(.text)
    __user_perproc_libspace                  0x000003fd   Thumb Code     0  libspace.o(.text)
    __user_perthread_libspace                0x000003fd   Thumb Code     0  libspace.o(.text)
    _sys_exit                                0x00000405   Thumb Code     8  sys_exit.o(.text)
    __I$use$semihosting                      0x00000411   Thumb Code     0  use_no_semi.o(.text)
    __use_no_semihosting_swi                 0x00000411   Thumb Code     2  use_no_semi.o(.text)
    __semihosting_library_function           0x00000413   Thumb Code     0  indicate_semi.o(.text)
    PLLClock_Config                          0x00000415   Thumb Code   422  lib_scu.o(i.PLLClock_Config)
    SCU_SysClkSelect                         0x000005c5   Thumb Code    34  lib_scu.o(i.SCU_SysClkSelect)
    SysTick_IRQHandler                       0x000005f1   Thumb Code    66  my_systick.o(i.SysTick_IRQHandler)
    SysTick_Init                             0x00000649   Thumb Code    60  lib_scs.o(i.SysTick_Init)
    SystemInit                               0x00000689   Thumb Code    88  system_hr8p506_1.o(i.SystemInit)
    T16N0_IRQHandler                         0x000006ed   Thumb Code    12  tds.o(i.T16N0_IRQHandler)
    T16N1_IRQHandler                         0x000006fd   Thumb Code    12  tds.o(i.T16N1_IRQHandler)
    T16N2_IRQHandler                         0x0000070d   Thumb Code    28  tds.o(i.T16N2_IRQHandler)
    T16Nx_Disable                            0x00000739   Thumb Code    10  lib_timer.o(i.T16Nx_Disable)
    UART0_IRQHandler                         0x00000743   Thumb Code     2  uart.o(i.UART0_IRQHandler)
    WDT_Init                                 0x00000745   Thumb Code   104  lib_wdt.o(i.WDT_Init)
    __ARM_common_switch8                     0x000007b5   Thumb Code    28  lib_gpio.o(i.__ARM_common_switch8)
    main                                     0x000007d1   Thumb Code     8  main.o(i.main)
    Region$$Table$$Base                      0x000007d8   Number         0  anon$$obj.o(Region$$Table)
    Region$$Table$$Limit                     0x000007f8   Number         0  anon$$obj.o(Region$$Table)
    count1                                   0x20000008   Data           4  tds.o(.data)
    count2                                   0x2000000c   Data           4  tds.o(.data)
    tflag                                    0x20000010   Data           1  tds.o(.data)
    SystemCoreClock                          0x20000014   Data           4  system_hr8p506_1.o(.data)
    __libspace_start                         0x20000018   Data          96  libspace.o(.bss)
    __temporary_stack_top$libspace           0x20000078   Data           0  libspace.o(.bss)



==============================================================================

Memory Map of the image

  Image Entry point : 0x000000c1

  Load Region LR_IROM1 (Base: 0x00000000, Size: 0x00000810, Max: 0x00040000, ABSOLUTE)

    Execution Region ER_IROM1 (Base: 0x00000000, Size: 0x000007f8, Max: 0x00040000, ABSOLUTE)

    Base Addr    Size         Type   Attr      Idx    E Section Name        Object

    0x00000000   0x000000c0   Data   RO         1940    RESET               startup_hr8p506.o
    0x000000c0   0x00000008   Code   RO         2166  * !!!main             c_p.l(__main.o)
    0x000000c8   0x0000003c   Code   RO         2359    !!!scatter          c_p.l(__scatter.o)
    0x00000104   0x0000001a   Code   RO         2361    !!handler_copy      c_p.l(__scatter_copy.o)
    0x0000011e   0x00000002   PAD
    0x00000120   0x0000001c   Code   RO         2363    !!handler_zi        c_p.l(__scatter_zi.o)
    0x0000013c   0x00000002   Code   RO         2226    .ARM.Collect$$libinit$$00000000  c_p.l(libinit.o)
    0x0000013e   0x00000000   Code   RO         2242    .ARM.Collect$$libinit$$00000002  c_p.l(libinit2.o)
    0x0000013e   0x00000000   Code   RO         2244    .ARM.Collect$$libinit$$00000004  c_p.l(libinit2.o)
    0x0000013e   0x00000000   Code   RO         2247    .ARM.Collect$$libinit$$0000000A  c_p.l(libinit2.o)
    0x0000013e   0x00000000   Code   RO         2249    .ARM.Collect$$libinit$$0000000C  c_p.l(libinit2.o)
    0x0000013e   0x00000000   Code   RO         2251    .ARM.Collect$$libinit$$0000000E  c_p.l(libinit2.o)
    0x0000013e   0x00000000   Code   RO         2254    .ARM.Collect$$libinit$$00000011  c_p.l(libinit2.o)
    0x0000013e   0x00000000   Code   RO         2256    .ARM.Collect$$libinit$$00000013  c_p.l(libinit2.o)
    0x0000013e   0x00000000   Code   RO         2258    .ARM.Collect$$libinit$$00000015  c_p.l(libinit2.o)
    0x0000013e   0x00000000   Code   RO         2260    .ARM.Collect$$libinit$$00000017  c_p.l(libinit2.o)
    0x0000013e   0x00000000   Code   RO         2262    .ARM.Collect$$libinit$$00000019  c_p.l(libinit2.o)
    0x0000013e   0x00000000   Code   RO         2264    .ARM.Collect$$libinit$$0000001B  c_p.l(libinit2.o)
    0x0000013e   0x00000000   Code   RO         2266    .ARM.Collect$$libinit$$0000001D  c_p.l(libinit2.o)
    0x0000013e   0x00000000   Code   RO         2268    .ARM.Collect$$libinit$$0000001F  c_p.l(libinit2.o)
    0x0000013e   0x00000000   Code   RO         2270    .ARM.Collect$$libinit$$00000021  c_p.l(libinit2.o)
    0x0000013e   0x00000000   Code   RO         2272    .ARM.Collect$$libinit$$00000023  c_p.l(libinit2.o)
    0x0000013e   0x00000000   Code   RO         2274    .ARM.Collect$$libinit$$00000025  c_p.l(libinit2.o)
    0x0000013e   0x00000000   Code   RO         2278    .ARM.Collect$$libinit$$0000002C  c_p.l(libinit2.o)
    0x0000013e   0x00000000   Code   RO         2280    .ARM.Collect$$libinit$$0000002E  c_p.l(libinit2.o)
    0x0000013e   0x00000000   Code   RO         2282    .ARM.Collect$$libinit$$00000030  c_p.l(libinit2.o)
    0x0000013e   0x00000000   Code   RO         2284    .ARM.Collect$$libinit$$00000032  c_p.l(libinit2.o)
    0x0000013e   0x00000002   Code   RO         2285    .ARM.Collect$$libinit$$00000033  c_p.l(libinit2.o)
    0x00000140   0x00000002   Code   RO         2316    .ARM.Collect$$libshutdown$$00000000  c_p.l(libshutdown.o)
    0x00000142   0x00000000   Code   RO         2342    .ARM.Collect$$libshutdown$$00000002  c_p.l(libshutdown2.o)
    0x00000142   0x00000000   Code   RO         2344    .ARM.Collect$$libshutdown$$00000004  c_p.l(libshutdown2.o)
    0x00000142   0x00000000   Code   RO         2347    .ARM.Collect$$libshutdown$$00000007  c_p.l(libshutdown2.o)
    0x00000142   0x00000000   Code   RO         2350    .ARM.Collect$$libshutdown$$0000000A  c_p.l(libshutdown2.o)
    0x00000142   0x00000000   Code   RO         2352    .ARM.Collect$$libshutdown$$0000000C  c_p.l(libshutdown2.o)
    0x00000142   0x00000000   Code   RO         2355    .ARM.Collect$$libshutdown$$0000000F  c_p.l(libshutdown2.o)
    0x00000142   0x00000002   Code   RO         2356    .ARM.Collect$$libshutdown$$00000010  c_p.l(libshutdown2.o)
    0x00000144   0x00000000   Code   RO         2183    .ARM.Collect$$rtentry$$00000000  c_p.l(__rtentry.o)
    0x00000144   0x00000000   Code   RO         2192    .ARM.Collect$$rtentry$$00000002  c_p.l(__rtentry2.o)
    0x00000144   0x00000006   Code   RO         2204    .ARM.Collect$$rtentry$$00000004  c_p.l(__rtentry4.o)
    0x0000014a   0x00000000   Code   RO         2194    .ARM.Collect$$rtentry$$00000009  c_p.l(__rtentry2.o)
    0x0000014a   0x00000004   Code   RO         2195    .ARM.Collect$$rtentry$$0000000A  c_p.l(__rtentry2.o)
    0x0000014e   0x00000000   Code   RO         2197    .ARM.Collect$$rtentry$$0000000C  c_p.l(__rtentry2.o)
    0x0000014e   0x00000008   Code   RO         2198    .ARM.Collect$$rtentry$$0000000D  c_p.l(__rtentry2.o)
    0x00000156   0x00000002   Code   RO         2233    .ARM.Collect$$rtexit$$00000000  c_p.l(rtexit.o)
    0x00000158   0x00000000   Code   RO         2289    .ARM.Collect$$rtexit$$00000002  c_p.l(rtexit2.o)
    0x00000158   0x00000004   Code   RO         2290    .ARM.Collect$$rtexit$$00000003  c_p.l(rtexit2.o)
    0x0000015c   0x00000006   Code   RO         2291    .ARM.Collect$$rtexit$$00000004  c_p.l(rtexit2.o)
    0x00000162   0x00000002   PAD
    0x00000164   0x000000e8   Code   RO         1941    .text               startup_hr8p506.o
    0x0000024c   0x0000015a   Code   RO         2160    .text               c_p.l(aeabi_sdiv.o)
    0x000003a6   0x00000006   Code   RO         2164    .text               c_p.l(heapauxi.o)
    0x000003ac   0x0000003e   Code   RO         2212    .text               c_p.l(sys_stackheap_outer.o)
    0x000003ea   0x00000010   Code   RO         2215    .text               c_p.l(exit.o)
    0x000003fa   0x00000002   PAD
    0x000003fc   0x00000008   Code   RO         2229    .text               c_p.l(libspace.o)
    0x00000404   0x0000000c   Code   RO         2286    .text               c_p.l(sys_exit.o)
    0x00000410   0x00000002   Code   RO         2305    .text               c_p.l(use_no_semi.o)
    0x00000412   0x00000000   Code   RO         2307    .text               c_p.l(indicate_semi.o)
    0x00000412   0x00000002   PAD
    0x00000414   0x000001b0   Code   RO         1074    i.PLLClock_Config   lib_scu.o
    0x000005c4   0x0000002c   Code   RO         1083    i.SCU_SysClkSelect  lib_scu.o
    0x000005f0   0x00000058   Code   RO         1908    i.SysTick_IRQHandler  my_systick.o
    0x00000648   0x00000040   Code   RO         1033    i.SysTick_Init      lib_scs.o
    0x00000688   0x00000064   Code   RO         2134    i.SystemInit        system_hr8p506_1.o
    0x000006ec   0x00000010   Code   RO         1947    i.T16N0_IRQHandler  tds.o
    0x000006fc   0x00000010   Code   RO         1948    i.T16N1_IRQHandler  tds.o
    0x0000070c   0x0000002c   Code   RO         1949    i.T16N2_IRQHandler  tds.o
    0x00000738   0x0000000a   Code   RO         1288    i.T16Nx_Disable     lib_timer.o
    0x00000742   0x00000002   Code   RO         2013    i.UART0_IRQHandler  uart.o
    0x00000744   0x00000070   Code   RO         1816    i.WDT_Init          lib_wdt.o
    0x000007b4   0x0000001c   Code   RO          524    i.__ARM_common_switch8  lib_gpio.o
    0x000007d0   0x00000008   Code   RO         1856    i.main              main.o
    0x000007d8   0x00000020   Data   RO         2357    Region$$Table       anon$$obj.o


    Execution Region RW_IRAM1 (Base: 0x20000000, Size: 0x00000478, Max: 0x00020000, ABSOLUTE)

    Base Addr    Size         Type   Attr      Idx    E Section Name        Object

    0x20000000   0x00000008   Data   RW         1910    .data               my_systick.o
    0x20000008   0x00000009   Data   RW         1954    .data               tds.o
    0x20000011   0x00000003   PAD
    0x20000014   0x00000004   Data   RW         2135    .data               system_hr8p506_1.o
    0x20000018   0x00000060   Zero   RW         2230    .bss                c_p.l(libspace.o)
    0x20000078   0x00000000   Zero   RW         1939    HEAP                startup_hr8p506.o
    0x20000078   0x00000400   Zero   RW         1938    STACK               startup_hr8p506.o


==============================================================================

Image component sizes


      Code (inc. data)   RO Data    RW Data    ZI Data      Debug   Object Name

         0          0          0          0          0      54872   hr8p506_iap_table.o
        28          0          0          0          0         76   lib_gpio.o
        64          4          0          0          0       2171   lib_scs.o
       476         30          0          0          0       5733   lib_scu.o
        10          0          0          0          0       4560   lib_timer.o
       112          8          0          0          0       1731   lib_wdt.o
         8          0          0          0          0        391   main.o
        88         22          0          8          0        625   my_systick.o
       232         82        192          0       1024        716   startup_hr8p506.o
       100         12          0          4          0        707   system_hr8p506_1.o
        76         24          0          9          0       1743   tds.o
         2          0          0          0          0        391   uart.o

    ----------------------------------------------------------------------
      1196        182        224         24       1024      73716   Object Totals
         0          0         32          0          0          0   (incl. Generated)
         0          0          0          3          0          0   (incl. Padding)

    ----------------------------------------------------------------------

      Code (inc. data)   RO Data    RW Data    ZI Data      Debug   Library Member Name

         8          0          0          0          0         68   __main.o
         0          0          0          0          0          0   __rtentry.o
        12          0          0          0          0          0   __rtentry2.o
         6          0          0          0          0          0   __rtentry4.o
        60          8          0          0          0          0   __scatter.o
        26          0          0          0          0          0   __scatter_copy.o
        28          0          0          0          0          0   __scatter_zi.o
       346          0          0          0          0         92   aeabi_sdiv.o
        16          0          0          0          0         68   exit.o
         6          0          0          0          0        136   heapauxi.o
         0          0          0          0          0          0   indicate_semi.o
         2          0          0          0          0          0   libinit.o
         2          0          0          0          0          0   libinit2.o
         2          0          0          0          0          0   libshutdown.o
         2          0          0          0          0          0   libshutdown2.o
         8          4          0          0         96         68   libspace.o
         2          0          0          0          0          0   rtexit.o
        10          0          0          0          0          0   rtexit2.o
        12          4          0          0          0         60   sys_exit.o
        62          0          0          0          0         80   sys_stackheap_outer.o
         2          0          0          0          0         68   use_no_semi.o

    ----------------------------------------------------------------------
       620         16          0          0         96        640   Library Totals
         8          0          0          0          0          0   (incl. Padding)

    ----------------------------------------------------------------------

      Code (inc. data)   RO Data    RW Data    ZI Data      Debug   Library Name

       612         16          0          0         96        640   c_p.l

    ----------------------------------------------------------------------
       620         16          0          0         96        640   Library Totals

    ----------------------------------------------------------------------

==============================================================================


      Code (inc. data)   RO Data    RW Data    ZI Data      Debug   

      1816        198        224         24       1120      73772   Grand Totals
      1816        198        224         24       1120      73772   ELF Image Totals
      1816        198        224         24          0          0   ROM Totals

==============================================================================

    Total RO  Size (Code + RO Data)                 2040 (   1.99kB)
    Total RW  Size (RW Data + ZI Data)              1144 (   1.12kB)
    Total ROM Size (Code + RO Data + RW Data)       2064 (   2.02kB)

==============================================================================

