Component: ARM Compiler 5.06 update 1 (build 61) Tool: armlink [4d35a8]

==============================================================================

Section Cross References

    lib_adc.o(i.ADC_Init) refers to lib_adc.o(i.ADC_Reset) for ADC_Reset
    lib_euart.o(i.EUART_BaudConfig) refers to aeabi_sdiv.o(.text) for __aeabi_uidivmod
    lib_euart.o(i.EUART_BaudConfig) refers to system_hr8p506.o(.data) for SystemCoreClock
    lib_euart.o(i.EUART_Init) refers to lib_euart.o(i.EUART_BaudConfig) for EUART_BaudConfig
    lib_euart.o(i.U7816_Init) refers to lib_euart.o(i.EUART_BaudConfig) for EUART_BaudConfig
    lib_flashiap.o(i.IAP_ErasePage) refers to lib_flashiap.o(i.IAP_Unlock) for IAP_Unlock
    lib_flashiap.o(i.IAP_ErasePage) refers to lib_flashiap.o(i.__set_PRIMASK) for __set_PRIMASK
    lib_flashiap.o(i.IAP_ErasePage) refers to lib_flashiap.o(i.IAP_WriteEnd) for IAP_WriteEnd
    lib_flashiap.o(i.IAP_WriteWord) refers to lib_flashiap.o(i.IAP_Unlock) for IAP_Unlock
    lib_flashiap.o(i.IAP_WriteWord) refers to lib_flashiap.o(i.IAP_WriteCont) for IAP_WriteCont
    lib_flashiap.o(i.IAP_WriteWord) refers to lib_flashiap.o(i.IAP_WriteEnd) for IAP_WriteEnd
    lib_flashiap.o(i.IAP_WriteWord) refers to lib_flashiap.o(i.__set_PRIMASK) for __set_PRIMASK
    lib_flashiap.o(i.Save_To_EPROM) refers to lib_flashiap.o(i.IAP_WriteWord) for IAP_WriteWord
    lib_flashiap.o(i.Save_To_EPROM) refers to main.o(.bss) for EPROM
    lib_gpio.o(i.GPIO_GetNormalBitOffsetFromPin) refers to lib_gpio.o(i.__ARM_common_switch8) for __ARM_common_switch8
    lib_gpio.o(i.GPIO_Init) refers to lib_gpio.o(i.GPIO_SetSingalTypeFromPin) for GPIO_SetSingalTypeFromPin
    lib_gpio.o(i.GPIO_Init) refers to lib_gpio.o(i.GPIO_SetDirRegFromPin) for GPIO_SetDirRegFromPin
    lib_gpio.o(i.GPIO_Init) refers to lib_gpio.o(i.GPIO_SetFuncxRegFromPin) for GPIO_SetFuncxRegFromPin
    lib_gpio.o(i.GPIO_Init) refers to lib_gpio.o(i.GPIO_SetODERegFromPin) for GPIO_SetODERegFromPin
    lib_gpio.o(i.GPIO_Init) refers to lib_gpio.o(i.GPIO_SetDSRegFromPin) for GPIO_SetDSRegFromPin
    lib_gpio.o(i.GPIO_Init) refers to lib_gpio.o(i.GPIO_SetPUERegFromPin) for GPIO_SetPUERegFromPin
    lib_gpio.o(i.GPIO_Init) refers to lib_gpio.o(i.GPIO_SetPDERegFromPin) for GPIO_SetPDERegFromPin
    lib_gpio.o(i.GPIO_ReadBit) refers to lib_gpio.o(i.GPIO_GetNormalBitOffsetFromPin) for GPIO_GetNormalBitOffsetFromPin
    lib_gpio.o(i.GPIO_ResetBit) refers to lib_gpio.o(i.GPIO_GetNormalBitOffsetFromPin) for GPIO_GetNormalBitOffsetFromPin
    lib_gpio.o(i.GPIO_SetBit) refers to lib_gpio.o(i.GPIO_GetNormalBitOffsetFromPin) for GPIO_GetNormalBitOffsetFromPin
    lib_gpio.o(i.GPIO_SetDSRegFromPin) refers to lib_gpio.o(i.GPIO_GetNormalBitOffsetFromPin) for GPIO_GetNormalBitOffsetFromPin
    lib_gpio.o(i.GPIO_SetDirRegFromPin) refers to lib_gpio.o(i.GPIO_GetNormalBitOffsetFromPin) for GPIO_GetNormalBitOffsetFromPin
    lib_gpio.o(i.GPIO_SetFuncxRegFromPin) refers to lib_gpio.o(i.__ARM_common_switch8) for __ARM_common_switch8
    lib_gpio.o(i.GPIO_SetODERegFromPin) refers to lib_gpio.o(i.GPIO_GetNormalBitOffsetFromPin) for GPIO_GetNormalBitOffsetFromPin
    lib_gpio.o(i.GPIO_SetPDERegFromPin) refers to lib_gpio.o(i.GPIO_GetNormalBitOffsetFromPin) for GPIO_GetNormalBitOffsetFromPin
    lib_gpio.o(i.GPIO_SetPUERegFromPin) refers to lib_gpio.o(i.GPIO_GetNormalBitOffsetFromPin) for GPIO_GetNormalBitOffsetFromPin
    lib_gpio.o(i.GPIO_SetSingalTypeFromPin) refers to lib_gpio.o(i.GPIO_GetNormalBitOffsetFromPin) for GPIO_GetNormalBitOffsetFromPin
    lib_gpio.o(i.GPIO_ToggleBit) refers to lib_gpio.o(i.GPIO_GetNormalBitOffsetFromPin) for GPIO_GetNormalBitOffsetFromPin
    lib_gpio.o(i.GPIO_WriteBit) refers to lib_gpio.o(i.GPIO_GetNormalBitOffsetFromPin) for GPIO_GetNormalBitOffsetFromPin
    lib_gpio.o(i.KINT_ClearITFlag) refers to lib_gpio.o(i.KINT_GetKINTxIndexFromPin) for KINT_GetKINTxIndexFromPin
    lib_gpio.o(i.KINT_GetITFlag) refers to lib_gpio.o(i.KINT_GetKINTxIndexFromPin) for KINT_GetKINTxIndexFromPin
    lib_gpio.o(i.KINT_GetKINTxIndexFromPin) refers to lib_gpio.o(i.__ARM_common_switch8) for __ARM_common_switch8
    lib_gpio.o(i.KINT_GetSelxIndexFromPin) refers to lib_gpio.o(i.__ARM_common_switch8) for __ARM_common_switch8
    lib_gpio.o(i.KINT_Init) refers to lib_gpio.o(i.KINT_SetTriggerStyleFromPin) for KINT_SetTriggerStyleFromPin
    lib_gpio.o(i.KINT_Init) refers to lib_gpio.o(i.KINT_SetEnableOrNotFromPin) for KINT_SetEnableOrNotFromPin
    lib_gpio.o(i.KINT_SetEnableOrNotFromPin) refers to lib_gpio.o(i.KINT_GetKINTxIndexFromPin) for KINT_GetKINTxIndexFromPin
    lib_gpio.o(i.KINT_SetEnableOrNotFromPin) refers to lib_gpio.o(i.KINT_GetSelxIndexFromPin) for KINT_GetSelxIndexFromPin
    lib_gpio.o(i.KINT_SetTriggerStyleFromPin) refers to lib_gpio.o(i.KINT_GetKINTxIndexFromPin) for KINT_GetKINTxIndexFromPin
    lib_gpio.o(i.KINT_SetTriggerStyleFromPin) refers to lib_gpio.o(i.__ARM_common_switch8) for __ARM_common_switch8
[...]
    ..\Library\Source\lib_flashiap.c         0x00000000   Number         0  lib_flashiap.o ABSOLUTE
    ..\Library\Source\lib_gpio.c             0x00000000   Number         0  lib_gpio.o ABSOLUTE
    ..\Library\Source\lib_iic.c              0x00000000   Number         0  lib_iic.o ABSOLUTE
    ..\Library\Source\lib_lcd.c              0x00000000   Number         0  lib_lcd.o ABSOLUTE
    ..\Library\Source\lib_led.c              0x00000000   Number         0  lib_led.o ABSOLUTE
    ..\Library\Source\lib_printf.c           0x00000000   Number         0  lib_printf.o ABSOLUTE
    ..\Library\Source\lib_rtc.c              0x00000000   Number         0  lib_rtc.o ABSOLUTE
    ..\Library\Source\lib_scs.c              0x00000000   Number         0  lib_scs.o ABSOLUTE
    ..\Library\Source\lib_scu.c              0x00000000   Number         0  lib_scu.o ABSOLUTE
    ..\Library\Source\lib_spi.c              0x00000000   Number         0  lib_spi.o ABSOLUTE
    ..\Library\Source\lib_timer.c            0x00000000   Number         0  lib_timer.o ABSOLUTE
    ..\Library\Source\lib_uart.c             0x00000000   Number         0  lib_uart.o ABSOLUTE
    ..\Library\Source\lib_wdt.c              0x00000000   Number         0  lib_wdt.o ABSOLUTE
    ..\StartUp\startup_HR8P506.s             0x00000000   Number         0  startup_hr8p506.o ABSOLUTE
    ..\StartUp\system_HR8P506.c              0x00000000   Number         0  system_hr8p506.o ABSOLUTE
    ..\User\main.c                           0x00000000   Number         0  main.o ABSOLUTE
    ..\User\msgbuild.c                       0x00000000   Number         0  msgbuild.o ABSOLUTE
    ..\User\my_systick.c                     0x00000000   Number         0  my_systick.o ABSOLUTE
    ..\User\my_task.c                        0x00000000   Number         0  my_task.o ABSOLUTE
    ..\\Hardware\\Flow\\water_flow.c         0x00000000   Number         0  water_flow.o ABSOLUTE
    ..\\Hardware\\GSM\\sim800c.c             0x00000000   Number         0  sim800c.o ABSOLUTE
    ..\\Hardware\\TDS\\tds.c                 0x00000000   Number         0  tds.o ABSOLUTE
    ..\\Hardware\\Uart\\uart.c               0x00000000   Number         0  uart.o ABSOLUTE
    ..\\Library\\Source\\hr8p506_iap_table.c 0x00000000   Number         0  hr8p506_iap_table.o ABSOLUTE
    ..\\Library\\Source\\lib_adc.c           0x00000000   Number         0  lib_adc.o ABSOLUTE
    ..\\Library\\Source\\lib_euart.c         0x00000000   Number         0  lib_euart.o ABSOLUTE
    ..\\Library\\Source\\lib_flashiap.c      0x00000000   Number         0  lib_flashiap.o ABSOLUTE
    ..\\Library\\Source\\lib_gpio.c          0x00000000   Number         0  lib_gpio.o ABSOLUTE
    ..\\Library\\Source\\lib_iic.c           0x00000000   Number         0  lib_iic.o ABSOLUTE
    ..\\Library\\Source\\lib_lcd.c           0x00000000   Number         0  lib_lcd.o ABSOLUTE
    ..\\Library\\Source\\lib_led.c           0x00000000   Number         0  lib_led.o ABSOLUTE
    ..\\Library\\Source\\lib_printf.c        0x00000000   Number         0  lib_printf.o ABSOLUTE
    ..\\Library\\Source\\lib_rtc.c           0x00000000   Number         0  lib_rtc.o ABSOLUTE
    ..\\Library\\Source\\lib_scs.c           0x00000000   Number         0  lib_scs.o ABSOLUTE
    ..\\Library\\Source\\lib_scu.c           0x00000000   Number         0  lib_scu.o ABSOLUTE
    ..\\Library\\Source\\lib_spi.c           0x00000000   Number         0  lib_spi.o ABSOLUTE
    ..\\Library\\Source\\lib_timer.c         0x00000000   Number         0  lib_timer.o ABSOLUTE
    ..\\Library\\Source\\lib_uart.c          0x00000000   Number         0  lib_uart.o ABSOLUTE
    ..\\Library\\Source\\lib_wdt.c           0x00000000   Number         0  lib_wdt.o ABSOLUTE
    ..\\StartUp\\system_HR8P506.c            0x00000000   Number         0  system_hr8p506.o ABSOLUTE
    ..\\User\\main.c                         0x00000000   Number         0  main.o ABSOLUTE
    ..\\User\\msgbuild.c                     0x00000000   Number         0  msgbuild.o ABSOLUTE
    ..\\User\\my_systick.c                   0x00000000   Number         0  my_systick.o ABSOLUTE
    ..\\User\\my_task.c                      0x00000000   Number         0  my_task.o ABSOLUTE
    dc.s                                     0x00000000   Number         0  dc.o ABSOLUTE
    !!!main                                  0x000000c0   Section        8  __main.o(!!!main)
    !!!scatter                               0x000000c8   Section       60  __scatter.o(!!!scatter)
    !!handler_copy                           0x00000104   Section       26  __scatter_copy.o(!!handler_copy)
    !!handler_zi                             0x00000120   Section       28  __scatter_zi.o(!!handler_zi)
    .ARM.Collect$$_printf_percent$$00000000  0x0000013c   Section        2  _printf_percent.o(.ARM.Collect$$_printf_percent$$00000000)
    .ARM.Collect$$_printf_percent$$0000000A  0x0000013e   Section       10  _printf_u.o(.ARM.Collect$$_printf_percent$$0000000A)
    .ARM.Collect$$_printf_percent$$00000013  0x00000148   Section       10  _printf_c.o(.ARM.Collect$$_printf_percent$$00000013)
    .ARM.Collect$$_printf_percent$$00000014  0x00000152   Section       10  _printf_s.o(.ARM.Collect$$_printf_percent$$00000014)
    .ARM.Collect$$_printf_percent$$00000017  0x0000015c   Section        4  _printf_percent_end.o(.ARM.Collect$$_printf_percent$$00000017)
    .ARM.Collect$$libinit$$00000000          0x00000160   Section        2  libinit.o(.ARM.Collect$$libinit$$00000000)
    .ARM.Collect$$libinit$$00000002          0x00000162   Section        0  libinit2.o(.ARM.Collect$$libinit$$00000002)
    .ARM.Collect$$libinit$$00000004          0x00000162   Section        0  libinit2.o(.ARM.Collect$$libinit$$00000004)
    .ARM.Collect$$libinit$$0000000A          0x00000162   Section        0  libinit2.o(.ARM.Collect$$libinit$$0000000A)
    .ARM.Collect$$libinit$$0000000C          0x00000162   Section        0  libinit2.o(.ARM.Collect$$libinit$$0000000C)
    .ARM.Collect$$libinit$$0000000E          0x00000162   Section        0  libinit2.o(.ARM.Collect$$libinit$$0000000E)
    .ARM.Collect$$libinit$$00000011          0x00000162   Section        0  libinit2.o(.ARM.Collect$$libinit$$00000011)
    .ARM.Collect$$libinit$$00000013          0x00000162   Section        0  libinit2.o(.ARM.Collect$$libinit$$00000013)
    .ARM.Collect$$libinit$$00000015          0x00000162   Section        0  libinit2.o(.ARM.Collect$$libinit$$00000015)
    .ARM.Collect$$libinit$$00000017          0x00000162   Section        0  libinit2.o(.ARM.Collect$$libinit$$00000017)
    .ARM.Collect$$libinit$$00000019          0x00000162   Section        0  libinit2.o(.ARM.Collect$$libinit$$00000019)
    .ARM.Collect$$libinit$$0000001B          0x00000162   Section        0  libinit2.o(.ARM.Collect$$libinit$$0000001B)
    .ARM.Collect$$libinit$$0000001D          0x00000162   Section        0  libinit2.o(.ARM.Collect$$libinit$$0000001D)
    .ARM.Collect$$libinit$$0000001F          0x00000162   Section        0  libinit2.o(.ARM.Collect$$libinit$$0000001F)
    .ARM.Collect$$libinit$$00000021          0x00000162   Section        0  libinit2.o(.ARM.Collect$$libinit$$00000021)
    .ARM.Collect$$libinit$$00000023          0x00000162   Section        0  libinit2.o(.ARM.Collect$$libinit$$00000023)
    .ARM.Collect$$libinit$$00000025          0x00000162   Section        0  libinit2.o(.ARM.Collect$$libinit$$00000025)
    .ARM.Collect$$libinit$$0000002C          0x00000162   Section        0  libinit2.o(.ARM.Collect$$libinit$$0000002C)
    .ARM.Collect$$libinit$$0000002E          0x00000162   Section        0  libinit2.o(.ARM.Collect$$libinit$$0000002E)
    .ARM.Collect$$libinit$$00000030          0x00000162   Section        0  libinit2.o(.ARM.Collect$$libinit$$00000030)
    .ARM.Collect$$libinit$$00000032          0x00000162   Section        0  libinit2.o(.ARM.Collect$$libinit$$00000032)
    .ARM.Collect$$libinit$$00000033          0x00000162   Section        2  libinit2.o(.ARM.Collect$$libinit$$00000033)
    .ARM.Collect$$libshutdown$$00000000      0x00000164   Section        2  libshutdown.o(.ARM.Collect$$libshutdown$$00000000)
    .ARM.Collect$$libshutdown$$00000002      0x00000166   Section        0  libshutdown2.o(.ARM.Collect$$libshutdown$$00000002)
    .ARM.Collect$$libshutdown$$00000004      0x00000166   Section        0  libshutdown2.o(.ARM.Collect$$libshutdown$$00000004)
    .ARM.Collect$$libshutdown$$00000007      0x00000166   Section        0  libshutdown2.o(.ARM.Collect$$libshutdown$$00000007)
    .ARM.Collect$$libshutdown$$0000000A      0x00000166   Section        0  libshutdown2.o(.ARM.Collect$$libshutdown$$0000000A)
    .ARM.Collect$$libshutdown$$0000000C      0x00000166   Section        0  libshutdown2.o(.ARM.Collect$$libshutdown$$0000000C)
    .ARM.Collect$$libshutdown$$0000000F      0x00000166   Section        0  libshutdown2.o(.ARM.Collect$$libshutdown$$0000000F)
    .ARM.Collect$$libshutdown$$00000010      0x00000166   Section        2  libshutdown2.o(.ARM.Collect$$libshutdown$$00000010)
    .ARM.Collect$$rtentry$$00000000          0x00000168   Section        0  __rtentry.o(.ARM.Collect$$rtentry$$00000000)
    .ARM.Collect$$rtentry$$00000002          0x00000168   Section        0  __rtentry2.o(.ARM.Collect$$rtentry$$00000002)
    .ARM.Collect$$rtentry$$00000004          0x00000168   Section        6  __rtentry4.o(.ARM.Collect$$rtentry$$00000004)
    .ARM.Collect$$rtentry$$00000009          0x0000016e   Section        0  __rtentry2.o(.ARM.Collect$$rtentry$$00000009)
    .ARM.Collect$$rtentry$$0000000A          0x0000016e   Section        4  __rtentry2.o(.ARM.Collect$$rtentry$$0000000A)
    .ARM.Collect$$rtentry$$0000000C          0x00000172   Section        0  __rtentry2.o(.ARM.Collect$$rtentry$$0000000C)
    .ARM.Collect$$rtentry$$0000000D          0x00000172   Section        8  __rtentry2.o(.ARM.Collect$$rtentry$$0000000D)
    .ARM.Collect$$rtexit$$00000000           0x0000017a   Section        2  rtexit.o(.ARM.Collect$$rtexit$$00000000)
    .ARM.Collect$$rtexit$$00000002           0x0000017c   Section        0  rtexit2.o(.ARM.Collect$$rtexit$$00000002)
    .ARM.Collect$$rtexit$$00000003           0x0000017c   Section        4  rtexit2.o(.ARM.Collect$$rtexit$$00000003)
    .ARM.Collect$$rtexit$$00000004           0x00000180   Section        6  rtexit2.o(.ARM.Collect$$rtexit$$00000004)
    .text                                    0x00000188   Section      232  startup_hr8p506.o(.text)
    .text                                    0x00000270   Section        0  __2sprintf.o(.text)
    .text                                    0x0000029c   Section        0  __printf.o(.text)
    .text                                    0x00000308   Section        0  _printf_str.o(.text)
    .text                                    0x0000035c   Section        0  _printf_dec.o(.text)
    .text                                    0x000003c8   Section        0  strstr.o(.text)
    .text                                    0x000003f0   Section        0  strcat.o(.text)
    .text                                    0x00000408   Section      346  aeabi_sdiv.o(.text)
    .text                                    0x00000562   Section        0  heapauxi.o(.text)
    .text                                    0x00000568   Section        0  d2f.o(.text)
    .text                                    0x000005e4   Section        0  daddsub.o(.text)
    _dadd1                                   0x000005e5   Thumb Code   290  daddsub.o(.text)
    _dsub1                                   0x00000707   Thumb Code   470  daddsub.o(.text)
    .text                                    0x0000093c   Section        0  ddiv.o(.text)
    .text                                    0x00000d84   Section        0  dfixui.o(.text)
    .text                                    0x00000dcc   Section        0  dflti.o(.text)
    .text                                    0x00000e24   Section        0  f2d.o(.text)
    .text                                    0x00000e78   Section        0  fdiv.o(.text)
    .text                                    0x00000fd8   Section        0  ffixui.o(.text)
    .text                                    0x00001008   Section        0  fflti.o(.text)
    .text                                    0x00001066   Section        0  _rserrno.o(.text)
    .text                                    0x0000107c   Section        0  _printf_intcommon.o(.text)
    .text                                    0x0000112c   Section        0  _printf_char_common.o(.text)
    _printf_input_char                       0x0000112d   Thumb Code    10  _printf_char_common.o(.text)
    .text                                    0x0000115c   Section        0  _sputc.o(.text)
    .text                                    0x00001166   Section        0  _printf_char.o(.text)
    .text                                    0x00001194   Section        0  rtudiv10.o(.text)
    .text                                    0x000011bc   Section        0  dcmpin.o(.text)
    .text                                    0x0000124c   Section        0  dmul.o(.text)
    .text                                    0x00001494   Section        0  dscalbn.o(.text)
    .text                                    0x000014f4   Section        8  rt_errno_addr_intlibspace.o(.text)
    .text                                    0x000014fc   Section        0  cmpret.o(.text)
    .text                                    0x0000152c   Section        0  dnan2.o(.text)
    .text                                    0x00001540   Section        0  dsqrt.o(.text)
    .text                                    0x00001640   Section        8  libspace.o(.text)
    .text                                    0x00001648   Section       62  sys_stackheap_outer.o(.text)
    .text                                    0x00001686   Section        0  exit.o(.text)
    .text                                    0x00001696   Section        0  retnan.o(.text)
    .text                                    0x000016f4   Section        0  sys_exit.o(.text)
    .text                                    0x00001700   Section        2  use_no_semi.o(.text)
    .text                                    0x00001702   Section        0  __dczerorl2.o(.text)
    .text                                    0x00001702   Section        0  indicate_semi.o(.text)
    i.BEE_OFF                                0x00001770   Section        0  my_systick.o(i.BEE_OFF)
    i.BEE_ON                                 0x0000177c   Section        0  my_systick.o(i.BEE_ON)
    i.BEE_init                               0x00001788   Section        0  main.o(i.BEE_init)
    i.DeviceClockAllEnable                   0x000017ac   Section        0  lib_scu.o(i.DeviceClockAllEnable)
    i.GPIO_GetNormalBitOffsetFromPin         0x000017e0   Section        0  lib_gpio.o(i.GPIO_GetNormalBitOffsetFromPin)
    i.GPIO_Init                              0x000018da   Section        0  lib_gpio.o(i.GPIO_Init)
    i.GPIO_ReadBit                           0x00001944   Section        0  lib_gpio.o(i.GPIO_ReadBit)
    i.GPIO_SetDSRegFromPin                   0x00001974   Section        0  lib_gpio.o(i.GPIO_SetDSRegFromPin)
    i.GPIO_SetDirRegFromPin                  0x000019dc   Section        0  lib_gpio.o(i.GPIO_SetDirRegFromPin)
    i.GPIO_SetFuncxRegFromPin                0x00001a28   Section        0  lib_gpio.o(i.GPIO_SetFuncxRegFromPin)
    i.GPIO_SetODERegFromPin                  0x00001fa0   Section        0  lib_gpio.o(i.GPIO_SetODERegFromPin)
    i.GPIO_SetPDERegFromPin                  0x00002008   Section        0  lib_gpio.o(i.GPIO_SetPDERegFromPin)
    i.GPIO_SetPUERegFromPin                  0x00002070   Section        0  lib_gpio.o(i.GPIO_SetPUERegFromPin)
    i.GPIO_SetSingalTypeFromPin              0x000020d8   Section        0  lib_gpio.o(i.GPIO_SetSingalTypeFromPin)
    i.GPIO_WriteBit                          0x00002140   Section        0  lib_gpio.o(i.GPIO_WriteBit)
    i.GSM_TCPC_INIT                          0x0000218c   Section        0  sim800c.o(i.GSM_TCPC_INIT)
    i.GSM_TCP_Connect                        0x000021ac   Section        0  sim800c.o(i.GSM_TCP_Connect)
    i.HardWare_Init                          0x00002298   Section        0  main.o(i.HardWare_Init)
    i.NVIC_Init                              0x000022c4   Section        0  lib_scs.o(i.NVIC_Init)
    i.PLLClock_Config                        0x00002328   Section        0  lib_scu.o(i.PLLClock_Config)
    i.SCU_SysClkSelect                       0x000024d8   Section        0  lib_scu.o(i.SCU_SysClkSelect)
    i.SysTick_IRQHandler                     0x00002504   Section        0  my_systick.o(i.SysTick_IRQHandler)
    i.SysTick_Init                           0x000025d0   Section        0  lib_scs.o(i.SysTick_Init)
    i.SystemInit                             0x00002610   Section        0  system_hr8p506.o(i.SystemInit)
    i.T16N1_IRQHandler                       0x000026b0   Section        0  my_task.o(i.T16N1_IRQHandler)
    i.T16N2_IRQHandler                       0x000026f0   Section        0  tds.o(i.T16N2_IRQHandler)
    i.T16Nx_BaseInit                         0x00002738   Section        0  lib_timer.o(i.T16Nx_BaseInit)
    i.T16Nx_ClearITPendingBit                0x00002794   Section        0  lib_timer.o(i.T16Nx_ClearITPendingBit)
    i.T16Nx_Disable                          0x00002798   Section        0  lib_timer.o(i.T16Nx_Disable)
    i.T16Nx_Enable                           0x000027a2   Section        0  lib_timer.o(i.T16Nx_Enable)
    i.T16Nx_GetFlagStatus                    0x000027ae   Section        0  lib_timer.o(i.T16Nx_GetFlagStatus)
    i.T16Nx_ITConfig                         0x000027c2   Section        0  lib_timer.o(i.T16Nx_ITConfig)
    i.T16Nx_MAT0ITConfig                     0x000027d6   Section        0  lib_timer.o(i.T16Nx_MAT0ITConfig)
    i.T16Nx_SetCNT0                          0x000027ee   Section        0  lib_timer.o(i.T16Nx_SetCNT0)
    i.T16Nx_SetMAT0                          0x00002812   Section        0  lib_timer.o(i.T16Nx_SetMAT0)
    i.TCP_Connected                          0x00002820   Section        0  sim800c.o(i.TCP_Connected)
    i.TCP_Recieve                            0x00002858   Section        0  sim800c.o(i.TCP_Recieve)
    i.UART0Init                              0x0000290c   Section        0  uart.o(i.UART0Init)
    i.UART0Putch                             0x000029b0   Section        0  uart.o(i.UART0Putch)
    i.UART0Write_Str                         0x000029cc   Section        0  uart.o(i.UART0Write_Str)
    i.UART0_IRQHandler                       0x00002a20   Section        0  uart.o(i.UART0_IRQHandler)
    i.UART0_Recieve                          0x00002b34   Section        0  uart.o(i.UART0_Recieve)
    i.UART_GetFlagStatus                     0x00002bcc   Section        0  lib_uart.o(i.UART_GetFlagStatus)
    i.UART_GetITStatus                       0x00002bdc   Section        0  lib_uart.o(i.UART_GetITStatus)
    i.UART_ITConfig                          0x00002bec   Section        0  lib_uart.o(i.UART_ITConfig)
    i.UART_Init                              0x00002c00   Section        0  lib_uart.o(i.UART_Init)
    i.UART_RBIMConfig                        0x00002d68   Section        0  lib_uart.o(i.UART_RBIMConfig)
    i.UART_TBIMConfig                        0x00002d7c   Section        0  lib_uart.o(i.UART_TBIMConfig)
    i.WDT_Init                               0x00002d8c   Section        0  lib_wdt.o(i.WDT_Init)
    i.__ARM_common_switch8                   0x00002dfc   Section        0  lib_gpio.o(i.__ARM_common_switch8)
    i.__ARM_fpclassify                       0x00002e18   Section        0  fpclassify.o(i.__ARM_fpclassify)
    i.__kernel_poly                          0x00002e44   Section        0  poly.o(i.__kernel_poly)
    i.__mathlib_dbl_divzero                  0x00002ef0   Section        0  dunder.o(i.__mathlib_dbl_divzero)
    i.__mathlib_dbl_infnan                   0x00002f04   Section        0  dunder.o(i.__mathlib_dbl_infnan)
    i.__mathlib_dbl_infnan2                  0x00002f0e   Section        0  dunder.o(i.__mathlib_dbl_infnan2)
    i.__mathlib_dbl_invalid                  0x00002f16   Section        0  dunder.o(i.__mathlib_dbl_invalid)
    i.__mathlib_dbl_overflow                 0x00002f28   Section        0  dunder.o(i.__mathlib_dbl_overflow)
    i.__mathlib_dbl_underflow                0x00002f3c   Section        0  dunder.o(i.__mathlib_dbl_underflow)
    i.check_ststus                           0x00002f50   Section        0  uart.o(i.check_ststus)
    i.clear_RCV_Buffer                       0x00002fd4   Section        0  uart.o(i.clear_RCV_Buffer)
    i.control_Function                       0x00002fec   Section        0  msgbuild.o(i.control_Function)
    i.delay_nms                              0x0000307c   Section        0  my_systick.o(i.delay_nms)
    i.get_Flow                               0x00003090   Section        0  water_flow.o(i.get_Flow)
    i.get_Fre1                               0x00003094   Section        0  tds.o(i.get_Fre1)
    i.get_Fre2                               0x000030f0   Section        0  tds.o(i.get_Fre2)
    i.get_IMEI                               0x0000314c   Section        0  sim800c.o(i.get_IMEI)
    i.get_MSG                                0x000031cc   Section        0  uart.o(i.get_MSG)
    i.get_NByte                              0x0000324c   Section        0  uart.o(i.get_NByte)
    i.get_TDS                                0x000032b8   Section        0  tds.o(i.get_TDS)
    i.high_Pressure                          0x0000338c   Section        0  msgbuild.o(i.high_Pressure)
    i.log                                    0x000033a0   Section        0  log.o(i.log)
    i.log10                                  0x000036f4   Section        0  log10.o(i.log10)
    i.low_Pressure                           0x000037e0   Section        0  msgbuild.o(i.low_Pressure)
    i.main                                   0x000037f8   Section        0  main.o(i.main)
    i.msg_Build                              0x000038c0   Section        0  msgbuild.o(i.msg_Build)
    i.msg_Deal                               0x000039d8   Section        0  msgbuild.o(i.msg_Deal)
    i.my_Task_Timer_Init                     0x00003c2c   Section        0  my_task.o(i.my_Task_Timer_Init)
    i.pow                                    0x00003c84   Section        0  pow.o(i.pow)
    i.pressure_Init                          0x00004680   Section        0  msgbuild.o(i.pressure_Init)
    i.read_All_Flash                         0x0000469c   Section        0  main.o(i.read_All_Flash)
    i.reset                                  0x000046c4   Section        0  main.o(i.reset)
    i.runApplication                         0x00004730   Section        0  msgbuild.o(i.runApplication)
    i.set_TDSEN                              0x000047a8   Section        0  tds.o(i.set_TDSEN)
    i.sim800c_init                           0x000047ac   Section        0  sim800c.o(i.sim800c_init)
    i.sqrt                                   0x000048cc   Section        0  sqrt.o(i.sqrt)
    i.tds_Init                               0x00004914   Section        0  tds.o(i.tds_Init)
    i.tds_Timer_Init                         0x00004938   Section        0  tds.o(i.tds_Timer_Init)
    i.type_Flow                              0x0000498c   Section        0  msgbuild.o(i.type_Flow)
    i.type_Time                              0x000049e8   Section        0  msgbuild.o(i.type_Time)
    i.valve_Init                             0x00004a44   Section        0  msgbuild.o(i.valve_Init)
    i.valve_OFF                              0x00004a86   Section        0  msgbuild.o(i.valve_OFF)
    i.valve_ON                               0x00004ada   Section        0  msgbuild.o(i.valve_ON)
    x$fpl$deqf                               0x00004b30   Section      100  deqf.o(x$fpl$deqf)
    x$fpl$dleqf                              0x00004b94   Section      100  dlef.o(x$fpl$dleqf)
    x$fpl$drleqf                             0x00004bf8   Section      104  drlef.o(x$fpl$drleqf)
    x$fpl$fmul                               0x00004c60   Section      176  fmul.o(x$fpl$fmul)
    .constdata                               0x00004d10   Section      128  ddiv.o(.constdata)
    x$fpl$usenofp                            0x00004d10   Section        0  usenofp.o(x$fpl$usenofp)
    ddiv_reciptbl                            0x00004d10   Data         128  ddiv.o(.constdata)
    .constdata                               0x00004d90   Section       64  fdiv.o(.constdata)
    fdiv_tab                                 0x00004d90   Data          64  fdiv.o(.constdata)
    .constdata                               0x00004dd0   Section      136  pow.o(.constdata)
    bp                                       0x00004dd0   Data          16  pow.o(.constdata)
    dp_h                                     0x00004de0   Data          16  pow.o(.constdata)
    dp_l                                     0x00004df0   Data          16  pow.o(.constdata)
    L                                        0x00004e00   Data          48  pow.o(.constdata)
    P                                        0x00004e30   Data          40  pow.o(.constdata)
    .constdata                               0x00004e58   Section       56  log.o(.constdata)
    Lg2                                      0x00004e58   Data          24  log.o(.constdata)
    Lg                                       0x00004e70   Data          32  log.o(.constdata)
    .constdata                               0x00004e90   Section        8  qnan.o(.constdata)
    i.IAP_Read                               0x20000000   Section        0  lib_flashiap.o(i.IAP_Read)
    i.IAP_Unlock                             0x2000002c   Section        0  lib_flashiap.o(i.IAP_Unlock)
    i.IAP_WriteCont                          0x20000080   Section        0  lib_flashiap.o(i.IAP_WriteCont)
    i.IAP_WriteEnd                           0x20000120   Section        0  lib_flashiap.o(i.IAP_WriteEnd)
    i.IAP_WriteWord                          0x20000164   Section        0  lib_flashiap.o(i.IAP_WriteWord)
    i.Save_To_EPROM                          0x200001b0   Section        0  lib_flashiap.o(i.Save_To_EPROM)
    i.__set_PRIMASK                          0x200001f4   Section        0  lib_flashiap.o(i.__set_PRIMASK)
    __set_PRIMASK                            0x200001f5   Thumb Code     6  lib_flashiap.o(i.__set_PRIMASK)
    .data                                    0x200001fc   Section       28  my_systick.o(.data)
    delay_temp                               0x20000210   Data           4  my_systick.o(.data)
    count                                    0x20000214   Data           4  my_systick.o(.data)
    .data                                    0x20000218   Section        8  msgbuild.o(.data)
    .data                                    0x20000220   Section        8  my_task.o(.data)
    cc                                       0x20000224   Data           4  my_task.o(.data)
    .data                                    0x20000228   Section        4  system_hr8p506.o(.data)
    .data                                    0x2000022c   Section       16  tds.o(.data)
    .data                                    0x2000023c   Section       10  uart.o(.data)
    .data                                    0x20000246   Section      236  sim800c.o(.data)
    .bss                                     0x20000334   Section       48  main.o(.bss)
    .bss                                     0x20000364   Section      340  uart.o(.bss)
    .bss                                     0x200004b8   Section       96  libspace.o(.bss)
    HEAP                                     0x20000518   Section        0  startup_hr8p506.o(HEAP)
    STACK                                    0x20000518   Section     1024  startup_hr8p506.o(STACK)
    Heap_Mem                                 0x20000518   Data           0  startup_hr8p506.o(HEAP)
    Stack_Mem                                0x20000518   Data        1024  startup_hr8p506.o(STACK)
    __initial_sp                             0x20000918   Data           0  startup_hr8p506.o(STACK)

    Global Symbols

    Symbol Name                              Value     Ov Type        Size  Object(Section)

    BuildAttributes$$THM_ISAv3M$S$PE$A:L22$X:L11$S22$IEEE1$IW$USESV6$~STKCKD$USESV7$~SHL$OTIME$ROPI$IEEEX$EBA8$UX$STANDARDLIB$REQ8$PRES8$EABIv2 0x00000000   Number         0  anon$$obj.o ABSOLUTE
    __ARM_use_no_argv                        0x00000000   Number         0  main.o ABSOLUTE
    __Vectors                                0x00000000   Data           4  startup_hr8p506.o(RESET)
    _printf_flags                            0x00000000   Number         0  printf_stubs.o ABSOLUTE
    _printf_return_value                     0x00000000   Number         0  printf_stubs.o ABSOLUTE
    _printf_sizespec                         0x00000000   Number         0  printf_stubs.o ABSOLUTE
    _printf_widthprec                        0x00000000   Number         0  printf_stubs.o ABSOLUTE
    __ARM_exceptions_init                     - Undefined Weak Reference
    __alloca_initialize                       - Undefined Weak Reference
    __arm_preinit_                            - Undefined Weak Reference
    __cpp_initialize__aeabi_                  - Undefined Weak Reference
    __cxa_finalize                            - Undefined Weak Reference
    __rt_locale                               - Undefined Weak Reference
    __sigvec_lookup                           - Undefined Weak Reference
    _atexit_init                              - Undefined Weak Reference
    _call_atexit_fns                          - Undefined Weak Reference
    _clock_init                               - Undefined Weak Reference
    _fp_trap_init                             - Undefined Weak Reference
    _fp_trap_shutdown                         - Undefined Weak Reference
    _get_lc_collate                           - Undefined Weak Reference
    _get_lc_ctype                             - Undefined Weak Reference
    _get_lc_monetary                          - Undefined Weak Reference
    _get_lc_numeric                           - Undefined Weak Reference
    _get_lc_time                              - Undefined Weak Reference
    _getenv_init                              - Undefined Weak Reference
    _handle_redirection                       - Undefined Weak Reference
    _init_alloc                               - Undefined Weak Reference
    _init_user_alloc                          - Undefined Weak Reference
    _initio                                   - Undefined Weak Reference
    _printf_mbtowc                            - Undefined Weak Reference
    _printf_post_padding                      - Undefined Weak Reference
    _printf_pre_padding                       - Undefined Weak Reference
    _printf_truncate_signed                   - Undefined Weak Reference
    _printf_truncate_unsigned                 - Undefined Weak Reference
    _rand_init                                - Undefined Weak Reference
    _signal_finish                            - Undefined Weak Reference
    _signal_init                              - Undefined Weak Reference
    _terminate_alloc                          - Undefined Weak Reference
    _terminate_user_alloc                     - Undefined Weak Reference
    _terminateio                              - Undefined Weak Reference
    __main                                   0x000000c1   Thumb Code     8  __main.o(!!!main)
    __scatterload                            0x000000c9   Thumb Code     0  __scatter.o(!!!scatter)
    __scatterload_rt2                        0x000000c9   Thumb Code    52  __scatter.o(!!!scatter)
    __scatterload_rt2_thumb_only             0x000000c9   Thumb Code     0  __scatter.o(!!!scatter)
    __scatterload_null                       0x000000d9   Thumb Code     0  __scatter.o(!!!scatter)
    __scatterload_copy                       0x00000105   Thumb Code    26  __scatter_copy.o(!!handler_copy)
    __scatterload_zeroinit                   0x00000121   Thumb Code    28  __scatter_zi.o(!!handler_zi)
    _printf_percent                          0x0000013d   Thumb Code     0  _printf_percent.o(.ARM.Collect$$_printf_percent$$00000000)
    _printf_u                                0x0000013f   Thumb Code     0  _printf_u.o(.ARM.Collect$$_printf_percent$$0000000A)
    _printf_c                                0x00000149   Thumb Code     0  _printf_c.o(.ARM.Collect$$_printf_percent$$00000013)
    _printf_s                                0x00000153   Thumb Code     0  _printf_s.o(.ARM.Collect$$_printf_percent$$00000014)
    _printf_percent_end                      0x0000015d   Thumb Code     0  _printf_percent_end.o(.ARM.Collect$$_printf_percent$$00000017)
    __rt_lib_init                            0x00000161   Thumb Code     0  libinit.o(.ARM.Collect$$libinit$$00000000)
    __rt_lib_init_alloca_1                   0x00000163   Thumb Code     0  libinit2.o(.ARM.Collect$$libinit$$0000002E)
    __rt_lib_init_argv_1                     0x00000163   Thumb Code     0  libinit2.o(.ARM.Collect$$libinit$$0000002C)
    __rt_lib_init_atexit_1                   0x00000163   Thumb Code     0  libinit2.o(.ARM.Collect$$libinit$$0000001B)
    __rt_lib_init_clock_1                    0x00000163   Thumb Code     0  libinit2.o(.ARM.Collect$$libinit$$00000021)
    __rt_lib_init_cpp_1                      0x00000163   Thumb Code     0  libinit2.o(.ARM.Collect$$libinit$$00000032)
    __rt_lib_init_exceptions_1               0x00000163   Thumb Code     0  libinit2.o(.ARM.Collect$$libinit$$00000030)
    __rt_lib_init_fp_1                       0x00000163   Thumb Code     0  libinit2.o(.ARM.Collect$$libinit$$00000002)
    __rt_lib_init_fp_trap_1                  0x00000163   Thumb Code     0  libinit2.o(.ARM.Collect$$libinit$$0000001F)
    __rt_lib_init_getenv_1                   0x00000163   Thumb Code     0  libinit2.o(.ARM.Collect$$libinit$$00000023)
    __rt_lib_init_heap_1                     0x00000163   Thumb Code     0  libinit2.o(.ARM.Collect$$libinit$$0000000A)
    __rt_lib_init_lc_collate_1               0x00000163   Thumb Code     0  libinit2.o(.ARM.Collect$$libinit$$00000011)
    __rt_lib_init_lc_ctype_1                 0x00000163   Thumb Code     0  libinit2.o(.ARM.Collect$$libinit$$00000013)
    __rt_lib_init_lc_monetary_1              0x00000163   Thumb Code     0  libinit2.o(.ARM.Collect$$libinit$$00000015)
    __rt_lib_init_lc_numeric_1               0x00000163   Thumb Code     0  libinit2.o(.ARM.Collect$$libinit$$00000017)
    __rt_lib_init_lc_time_1                  0x00000163   Thumb Code     0  libinit2.o(.ARM.Collect$$libinit$$00000019)
    __rt_lib_init_preinit_1                  0x00000163   Thumb Code     0  libinit2.o(.ARM.Collect$$libinit$$00000004)
    __rt_lib_init_rand_1                     0x00000163   Thumb Code     0  libinit2.o(.ARM.Collect$$libinit$$0000000E)
    __rt_lib_init_return                     0x00000163   Thumb Code     0  libinit2.o(.ARM.Collect$$libinit$$00000033)
    __rt_lib_init_signal_1                   0x00000163   Thumb Code     0  libinit2.o(.ARM.Collect$$libinit$$0000001D)
    __rt_lib_init_stdio_1                    0x00000163   Thumb Code     0  libinit2.o(.ARM.Collect$$libinit$$00000025)
    __rt_lib_init_user_alloc_1               0x00000163   Thumb Code     0  libinit2.o(.ARM.Collect$$libinit$$0000000C)
    __rt_lib_shutdown                        0x00000165   Thumb Code     0  libshutdown.o(.ARM.Collect$$libshutdown$$00000000)
    __rt_lib_shutdown_cpp_1                  0x00000167   Thumb Code     0  libshutdown2.o(.ARM.Collect$$libshutdown$$00000002)
    __rt_lib_shutdown_fp_trap_1              0x00000167   Thumb Code     0  libshutdown2.o(.ARM.Collect$$libshutdown$$00000007)
    __rt_lib_shutdown_heap_1                 0x00000167   Thumb Code     0  libshutdown2.o(.ARM.Collect$$libshutdown$$0000000F)
    __rt_lib_shutdown_return                 0x00000167   Thumb Code     0  libshutdown2.o(.ARM.Collect$$libshutdown$$00000010)
    __rt_lib_shutdown_signal_1               0x00000167   Thumb Code     0  libshutdown2.o(.ARM.Collect$$libshutdown$$0000000A)
    __rt_lib_shutdown_stdio_1                0x00000167   Thumb Code     0  libshutdown2.o(.ARM.Collect$$libshutdown$$00000004)
    __rt_lib_shutdown_user_alloc_1           0x00000167   Thumb Code     0  libshutdown2.o(.ARM.Collect$$libshutdown$$0000000C)
    __rt_entry                               0x00000169   Thumb Code     0  __rtentry.o(.ARM.Collect$$rtentry$$00000000)
    __rt_entry_presh_1                       0x00000169   Thumb Code     0  __rtentry2.o(.ARM.Collect$$rtentry$$00000002)
    __rt_entry_sh                            0x00000169   Thumb Code     0  __rtentry4.o(.ARM.Collect$$rtentry$$00000004)
    __rt_entry_li                            0x0000016f   Thumb Code     0  __rtentry2.o(.ARM.Collect$$rtentry$$0000000A)
    __rt_entry_postsh_1                      0x0000016f   Thumb Code     0  __rtentry2.o(.ARM.Collect$$rtentry$$00000009)
    __rt_entry_main                          0x00000173   Thumb Code     0  __rtentry2.o(.ARM.Collect$$rtentry$$0000000D)
    __rt_entry_postli_1                      0x00000173   Thumb Code     0  __rtentry2.o(.ARM.Collect$$rtentry$$0000000C)
    __rt_exit                                0x0000017b   Thumb Code     0  rtexit.o(.ARM.Collect$$rtexit$$00000000)
    __rt_exit_ls                             0x0000017d   Thumb Code     0  rtexit2.o(.ARM.Collect$$rtexit$$00000003)
    __rt_exit_prels_1                        0x0000017d   Thumb Code     0  rtexit2.o(.ARM.Collect$$rtexit$$00000002)
    __rt_exit_exit                           0x00000181   Thumb Code     0  rtexit2.o(.ARM.Collect$$rtexit$$00000004)
    Reset_IRQHandler                         0x00000189   Thumb Code    12  startup_hr8p506.o(.text)
    NMI_IRQHandler                           0x00000195   Thumb Code     2  startup_hr8p506.o(.text)
    HardFault_IRQHandler                     0x00000197   Thumb Code     2  startup_hr8p506.o(.text)
    SVC_IRQHandler                           0x00000199   Thumb Code     2  startup_hr8p506.o(.text)
    PendSV_IRQHandler                        0x0000019b   Thumb Code     2  startup_hr8p506.o(.text)
    ADC_IRQHandler                           0x0000019f   Thumb Code     0  startup_hr8p506.o(.text)
    CCM_IRQHandler                           0x0000019f   Thumb Code     0  startup_hr8p506.o(.text)
    EUART0_IRQHandler                        0x0000019f   Thumb Code     0  startup_hr8p506.o(.text)
    I2C0_IRQHandler                          0x0000019f   Thumb Code     0  startup_hr8p506.o(.text)
    KINT_IRQHandler                          0x0000019f   Thumb Code     0  startup_hr8p506.o(.text)
    LVD_IRQHandler                           0x0000019f   Thumb Code     0  startup_hr8p506.o(.text)
    PINT0_IRQHandler                         0x0000019f   Thumb Code     0  startup_hr8p506.o(.text)
    PINT1_IRQHandler                         0x0000019f   Thumb Code     0  startup_hr8p506.o(.text)
    PINT2_IRQHandler                         0x0000019f   Thumb Code     0  startup_hr8p506.o(.text)
    PINT3_IRQHandler                         0x0000019f   Thumb Code     0  startup_hr8p506.o(.text)
    PINT4_IRQHandler                         0x0000019f   Thumb Code     0  startup_hr8p506.o(.text)
    PINT5_IRQHandler                         0x0000019f   Thumb Code     0  startup_hr8p506.o(.text)
    PINT6_IRQHandler                         0x0000019f   Thumb Code     0  startup_hr8p506.o(.text)
    PINT7_IRQHandler                         0x0000019f   Thumb Code     0  startup_hr8p506.o(.text)
    PLLLK_IRQHandler                         0x0000019f   Thumb Code     0  startup_hr8p506.o(.text)
    RTC_IRQHandler                           0x0000019f   Thumb Code     0  startup_hr8p506.o(.text)
    SPI0_IRQHandler                          0x0000019f   Thumb Code     0  startup_hr8p506.o(.text)
    SPI1_IRQHandler                          0x0000019f   Thumb Code     0  startup_hr8p506.o(.text)
    T16N0_IRQHandler                         0x0000019f   Thumb Code     0  startup_hr8p506.o(.text)
    T16N3_IRQHandler                         0x0000019f   Thumb Code     0  startup_hr8p506.o(.text)
    T32N0_IRQHandler                         0x0000019f   Thumb Code     0  startup_hr8p506.o(.text)
    UART1_IRQHandler                         0x0000019f   Thumb Code     0  startup_hr8p506.o(.text)
    WDT_IRQHandler                           0x0000019f   Thumb Code     0  startup_hr8p506.o(.text)
    RegInit                                  0x000001ad   Thumb Code   172  startup_hr8p506.o(.text)
    __user_initial_stackheap                 0x00000259   Thumb Code     0  startup_hr8p506.o(.text)
    __2sprintf                               0x00000271   Thumb Code    40  __2sprintf.o(.text)
    __printf                                 0x0000029d   Thumb Code   108  __printf.o(.text)
    _printf_str                              0x00000309   Thumb Code    82  _printf_str.o(.text)
    _printf_int_dec                          0x0000035d   Thumb Code    90  _printf_dec.o(.text)
    strstr                                   0x000003c9   Thumb Code    40  strstr.o(.text)
    strcat                                   0x000003f1   Thumb Code    24  strcat.o(.text)
    __aeabi_uidiv                            0x00000409   Thumb Code     0  aeabi_sdiv.o(.text)
    __aeabi_uidivmod                         0x00000409   Thumb Code    20  aeabi_sdiv.o(.text)
    __aeabi_idiv                             0x0000041d   Thumb Code     0  aeabi_sdiv.o(.text)
    __aeabi_idivmod                          0x0000041d   Thumb Code   326  aeabi_sdiv.o(.text)
    __use_two_region_memory                  0x00000563   Thumb Code     2  heapauxi.o(.text)
    __rt_heap_escrow$2region                 0x00000565   Thumb Code     2  heapauxi.o(.text)
    __rt_heap_expand$2region                 0x00000567   Thumb Code     2  heapauxi.o(.text)
    __aeabi_d2f                              0x00000569   Thumb Code     0  d2f.o(.text)
    _d2f                                     0x00000569   Thumb Code   120  d2f.o(.text)
    __aeabi_dadd                             0x000008dd   Thumb Code     0  daddsub.o(.text)
    _dadd                                    0x000008dd   Thumb Code    26  daddsub.o(.text)
    __aeabi_dsub                             0x000008f7   Thumb Code     0  daddsub.o(.text)
    _dsub                                    0x000008f7   Thumb Code    22  daddsub.o(.text)
    __aeabi_drsub                            0x0000090d   Thumb Code     0  daddsub.o(.text)
    _drsb                                    0x0000090d   Thumb Code    28  daddsub.o(.text)
    __aeabi_ddiv                             0x0000093d   Thumb Code     0  ddiv.o(.text)
    _ddiv                                    0x0000093d   Thumb Code  1072  ddiv.o(.text)
    _drdiv                                   0x00000d6d   Thumb Code    20  ddiv.o(.text)
    __aeabi_d2uiz                            0x00000d85   Thumb Code     0  dfixui.o(.text)
    _dfixu                                   0x00000d85   Thumb Code    68  dfixui.o(.text)
    __aeabi_i2d_normalise                    0x00000dcd   Thumb Code    66  dflti.o(.text)
    __aeabi_i2d                              0x00000e0f   Thumb Code    16  dflti.o(.text)
    _dflt                                    0x00000e0f   Thumb Code     0  dflti.o(.text)
    __aeabi_ui2d                             0x00000e1f   Thumb Code     6  dflti.o(.text)
    _dfltu                                   0x00000e1f   Thumb Code     0  dflti.o(.text)
    __aeabi_f2d                              0x00000e25   Thumb Code     0  f2d.o(.text)
    _f2d                                     0x00000e25   Thumb Code    80  f2d.o(.text)
    __aeabi_fdiv                             0x00000e79   Thumb Code     0  fdiv.o(.text)
    _fdiv                                    0x00000e79   Thumb Code   334  fdiv.o(.text)
    _frdiv                                   0x00000fc7   Thumb Code     8  fdiv.o(.text)
    __aeabi_f2uiz                            0x00000fd9   Thumb Code     0  ffixui.o(.text)
    _ffixu                                   0x00000fd9   Thumb Code    48  ffixui.o(.text)
    __aeabi_i2f_normalise                    0x00001009   Thumb Code    72  fflti.o(.text)
    __aeabi_i2f                              0x00001051   Thumb Code    16  fflti.o(.text)
    _fflt                                    0x00001051   Thumb Code     0  fflti.o(.text)
    __aeabi_ui2f                             0x00001061   Thumb Code     6  fflti.o(.text)
    _ffltu                                   0x00001061   Thumb Code     0  fflti.o(.text)
    __read_errno                             0x00001067   Thumb Code    10  _rserrno.o(.text)
    __set_errno                              0x00001071   Thumb Code    12  _rserrno.o(.text)
    _printf_int_common                       0x0000107d   Thumb Code   176  _printf_intcommon.o(.text)
    _printf_char_common                      0x00001137   Thumb Code    32  _printf_char_common.o(.text)
    _sputc                                   0x0000115d   Thumb Code    10  _sputc.o(.text)
    _printf_cs_common                        0x00001167   Thumb Code    22  _printf_char.o(.text)
    _printf_char                             0x0000117d   Thumb Code    16  _printf_char.o(.text)
    _printf_string                           0x0000118d   Thumb Code     8  _printf_char.o(.text)
    __rt_udiv10                              0x00001195   Thumb Code    40  rtudiv10.o(.text)
    __fpl_dcmp_InfNaN                        0x000011bd   Thumb Code   140  dcmpin.o(.text)
    __aeabi_dmul                             0x0000124d   Thumb Code     0  dmul.o(.text)
    _dmul                                    0x0000124d   Thumb Code   558  dmul.o(.text)
    __ARM_scalbn                             0x00001495   Thumb Code    84  dscalbn.o(.text)
    __aeabi_errno_addr                       0x000014f5   Thumb Code     8  rt_errno_addr_intlibspace.o(.text)
    __errno$intlibspace                      0x000014f5   Thumb Code     0  rt_errno_addr_intlibspace.o(.text)
    __rt_errno_addr$intlibspace              0x000014f5   Thumb Code     0  rt_errno_addr_intlibspace.o(.text)
    __fpl_cmpreturn                          0x000014fd   Thumb Code    46  cmpret.o(.text)
    __fpl_dcheck_NaN2                        0x0000152d   Thumb Code    14  dnan2.o(.text)
    _dsqrt                                   0x00001541   Thumb Code   248  dsqrt.o(.text)
    __user_libspace                          0x00001641   Thumb Code     8  libspace.o(.text)
    __user_perproc_libspace                  0x00001641   Thumb Code     0  libspace.o(.text)
    __user_perthread_libspace                0x00001641   Thumb Code     0  libspace.o(.text)
    __user_setup_stackheap                   0x00001649   Thumb Code    62  sys_stackheap_outer.o(.text)
    exit                                     0x00001687   Thumb Code    16  exit.o(.text)
    __fpl_return_NaN                         0x00001697   Thumb Code    94  retnan.o(.text)
    _sys_exit                                0x000016f5   Thumb Code     8  sys_exit.o(.text)
    __I$use$semihosting                      0x00001701   Thumb Code     0  use_no_semi.o(.text)
    __use_no_semihosting_swi                 0x00001701   Thumb Code     2  use_no_semi.o(.text)
    __decompress                             0x00001703   Thumb Code     0  __dczerorl2.o(.text)
    __decompress1                            0x00001703   Thumb Code    86  __dczerorl2.o(.text)
    __semihosting_library_function           0x00001703   Thumb Code     0  indicate_semi.o(.text)
    Long Thumb to Thumb Veneer to Save_To_EPROM 0x00001759   Thumb Code    12  anon$$obj.o(Veneer$$Code)
    Long Thumb to Thumb Veneer to IAP_Read   0x00001765   Thumb Code    12  anon$$obj.o(Veneer$$Code)
    BEE_OFF                                  0x00001771   Thumb Code     8  my_systick.o(i.BEE_OFF)
    BEE_ON                                   0x0000177d   Thumb Code     8  my_systick.o(i.BEE_ON)
    BEE_init                                 0x00001789   Thumb Code    34  main.o(i.BEE_init)
    DeviceClockAllEnable                     0x000017ad   Thumb Code    42  lib_scu.o(i.DeviceClockAllEnable)
    GPIO_GetNormalBitOffsetFromPin           0x000017e1   Thumb Code   250  lib_gpio.o(i.GPIO_GetNormalBitOffsetFromPin)
    GPIO_Init                                0x000018db   Thumb Code   104  lib_gpio.o(i.GPIO_Init)
    GPIO_ReadBit                             0x00001945   Thumb Code    42  lib_gpio.o(i.GPIO_ReadBit)
    GPIO_SetDSRegFromPin                     0x00001975   Thumb Code    98  lib_gpio.o(i.GPIO_SetDSRegFromPin)
    GPIO_SetDirRegFromPin                    0x000019dd   Thumb Code    70  lib_gpio.o(i.GPIO_SetDirRegFromPin)
    GPIO_SetFuncxRegFromPin                  0x00001a29   Thumb Code  1394  lib_gpio.o(i.GPIO_SetFuncxRegFromPin)
    GPIO_SetODERegFromPin                    0x00001fa1   Thumb Code    98  lib_gpio.o(i.GPIO_SetODERegFromPin)
    GPIO_SetPDERegFromPin                    0x00002009   Thumb Code    98  lib_gpio.o(i.GPIO_SetPDERegFromPin)
    GPIO_SetPUERegFromPin                    0x00002071   Thumb Code    98  lib_gpio.o(i.GPIO_SetPUERegFromPin)
    GPIO_SetSingalTypeFromPin                0x000020d9   Thumb Code    98  lib_gpio.o(i.GPIO_SetSingalTypeFromPin)
    GPIO_WriteBit                            0x00002141   Thumb Code    70  lib_gpio.o(i.GPIO_WriteBit)
    GSM_TCPC_INIT                            0x0000218d   Thumb Code    24  sim800c.o(i.GSM_TCPC_INIT)
    GSM_TCP_Connect                          0x000021ad   Thumb Code   182  sim800c.o(i.GSM_TCP_Connect)
    HardWare_Init                            0x00002299   Thumb Code    44  main.o(i.HardWare_Init)
    NVIC_Init                                0x000022c5   Thumb Code    94  lib_scs.o(i.NVIC_Init)
    PLLClock_Config                          0x00002329   Thumb Code   422  lib_scu.o(i.PLLClock_Config)
    SCU_SysClkSelect                         0x000024d9   Thumb Code    34  lib_scu.o(i.SCU_SysClkSelect)
    SysTick_IRQHandler                       0x00002505   Thumb Code   156  my_systick.o(i.SysTick_IRQHandler)
    SysTick_Init                             0x000025d1   Thumb Code    60  lib_scs.o(i.SysTick_Init)
    SystemInit                               0x00002611   Thumb Code   126  system_hr8p506.o(i.SystemInit)
    T16N1_IRQHandler                         0x000026b1   Thumb Code    56  my_task.o(i.T16N1_IRQHandler)
    T16N2_IRQHandler                         0x000026f1   Thumb Code    56  tds.o(i.T16N2_IRQHandler)
    T16Nx_BaseInit                           0x00002739   Thumb Code    92  lib_timer.o(i.T16Nx_BaseInit)
    T16Nx_ClearITPendingBit                  0x00002795   Thumb Code     4  lib_timer.o(i.T16Nx_ClearITPendingBit)
    T16Nx_Disable                            0x00002799   Thumb Code    10  lib_timer.o(i.T16Nx_Disable)
    T16Nx_Enable                             0x000027a3   Thumb Code    12  lib_timer.o(i.T16Nx_Enable)
    T16Nx_GetFlagStatus                      0x000027af   Thumb Code    20  lib_timer.o(i.T16Nx_GetFlagStatus)
    T16Nx_ITConfig                           0x000027c3   Thumb Code    20  lib_timer.o(i.T16Nx_ITConfig)
    T16Nx_MAT0ITConfig                       0x000027d7   Thumb Code    24  lib_timer.o(i.T16Nx_MAT0ITConfig)
    T16Nx_SetCNT0                            0x000027ef   Thumb Code    36  lib_timer.o(i.T16Nx_SetCNT0)
    T16Nx_SetMAT0                            0x00002813   Thumb Code    14  lib_timer.o(i.T16Nx_SetMAT0)
    TCP_Connected                            0x00002821   Thumb Code    24  sim800c.o(i.TCP_Connected)
    TCP_Recieve                              0x00002859   Thumb Code   152  sim800c.o(i.TCP_Recieve)
    UART0Init                                0x0000290d   Thumb Code   160  uart.o(i.UART0Init)
    UART0Putch                               0x000029b1   Thumb Code    22  uart.o(i.UART0Putch)
    UART0Write_Str                           0x000029cd   Thumb Code    60  uart.o(i.UART0Write_Str)
    UART0_IRQHandler                         0x00002a21   Thumb Code   232  uart.o(i.UART0_IRQHandler)
    UART0_Recieve                            0x00002b35   Thumb Code   116  uart.o(i.UART0_Recieve)
    UART_GetFlagStatus                       0x00002bcd   Thumb Code    16  lib_uart.o(i.UART_GetFlagStatus)
    UART_GetITStatus                         0x00002bdd   Thumb Code    16  lib_uart.o(i.UART_GetITStatus)
    UART_ITConfig                            0x00002bed   Thumb Code    20  lib_uart.o(i.UART_ITConfig)
    UART_Init                                0x00002c01   Thumb Code   350  lib_uart.o(i.UART_Init)
    UART_RBIMConfig                          0x00002d69   Thumb Code    20  lib_uart.o(i.UART_RBIMConfig)
    UART_TBIMConfig                          0x00002d7d   Thumb Code    16  lib_uart.o(i.UART_TBIMConfig)
    WDT_Init                                 0x00002d8d   Thumb Code   104  lib_wdt.o(i.WDT_Init)
    __ARM_common_switch8                     0x00002dfd   Thumb Code    28  lib_gpio.o(i.__ARM_common_switch8)
    __ARM_fpclassify                         0x00002e19   Thumb Code    40  fpclassify.o(i.__ARM_fpclassify)
    __kernel_poly                            0x00002e45   Thumb Code   172  poly.o(i.__kernel_poly)
    __mathlib_dbl_divzero                    0x00002ef1   Thumb Code    16  dunder.o(i.__mathlib_dbl_divzero)
    __mathlib_dbl_infnan                     0x00002f05   Thumb Code    10  dunder.o(i.__mathlib_dbl_infnan)
    __mathlib_dbl_infnan2                    0x00002f0f   Thumb Code     8  dunder.o(i.__mathlib_dbl_infnan2)
    __mathlib_dbl_invalid                    0x00002f17   Thumb Code    16  dunder.o(i.__mathlib_dbl_invalid)
    __mathlib_dbl_overflow                   0x00002f29   Thumb Code    16  dunder.o(i.__mathlib_dbl_overflow)
    __mathlib_dbl_underflow                  0x00002f3d   Thumb Code    14  dunder.o(i.__mathlib_dbl_underflow)
    check_ststus                             0x00002f51   Thumb Code   116  uart.o(i.check_ststus)
    clear_RCV_Buffer                         0x00002fd5   Thumb Code    20  uart.o(i.clear_RCV_Buffer)
    control_Function                         0x00002fed   Thumb Code   136  msgbuild.o(i.control_Function)
    delay_nms                                0x0000307d   Thumb Code    16  my_systick.o(i.delay_nms)
    get_Flow                                 0x00003091   Thumb Code     2  water_flow.o(i.get_Flow)
    get_Fre1                                 0x00003095   Thumb Code    80  tds.o(i.get_Fre1)
    get_Fre2                                 0x000030f1   Thumb Code    76  tds.o(i.get_Fre2)
    get_IMEI                                 0x0000314d   Thumb Code   106  sim800c.o(i.get_IMEI)
    get_MSG                                  0x000031cd   Thumb Code    96  uart.o(i.get_MSG)
    get_NByte                                0x0000324d   Thumb Code    80  uart.o(i.get_NByte)
    get_TDS                                  0x000032b9   Thumb Code   194  tds.o(i.get_TDS)
    high_Pressure                            0x0000338d   Thumb Code    20  msgbuild.o(i.high_Pressure)
    log                                      0x000033a1   Thumb Code   790  log.o(i.log)
    log10                                    0x000036f5   Thumb Code   200  log10.o(i.log10)
    low_Pressure                             0x000037e1   Thumb Code    20  msgbuild.o(i.low_Pressure)
    main                                     0x000037f9   Thumb Code   180  main.o(i.main)
    msg_Build                                0x000038c1   Thumb Code   188  msgbuild.o(i.msg_Build)
    msg_Deal                                 0x000039d9   Thumb Code   548  msgbuild.o(i.msg_Deal)
    my_Task_Timer_Init                       0x00003c2d   Thumb Code    80  my_task.o(i.my_Task_Timer_Init)
    pow                                      0x00003c85   Thumb Code  2548  pow.o(i.pow)
    pressure_Init                            0x00004681   Thumb Code    24  msgbuild.o(i.pressure_Init)
    read_All_Flash                           0x0000469d   Thumb Code    34  main.o(i.read_All_Flash)
    reset                                    0x000046c5   Thumb Code    88  main.o(i.reset)
    runApplication                           0x00004731   Thumb Code   106  msgbuild.o(i.runApplication)
    set_TDSEN                                0x000047a9   Thumb Code     2  tds.o(i.set_TDSEN)
    sim800c_init                             0x000047ad   Thumb Code   206  sim800c.o(i.sim800c_init)
    sqrt                                     0x000048cd   Thumb Code    66  sqrt.o(i.sqrt)
    tds_Init                                 0x00004915   Thumb Code    30  tds.o(i.tds_Init)
    tds_Timer_Init                           0x00004939   Thumb Code    74  tds.o(i.tds_Timer_Init)
    type_Flow                                0x0000498d   Thumb Code    78  msgbuild.o(i.type_Flow)
    type_Time                                0x000049e9   Thumb Code    78  msgbuild.o(i.type_Time)
    valve_Init                               0x00004a45   Thumb Code    66  msgbuild.o(i.valve_Init)
    valve_OFF                                0x00004a87   Thumb Code    84  msgbuild.o(i.valve_OFF)
    valve_ON                                 0x00004adb   Thumb Code    84  msgbuild.o(i.valve_ON)
    __aeabi_cdcmpeq                          0x00004b31   Thumb Code     0  deqf.o(x$fpl$deqf)
    _dcmpeq                                  0x00004b31   Thumb Code    94  deqf.o(x$fpl$deqf)
    __aeabi_cdcmple                          0x00004b95   Thumb Code     0  dlef.o(x$fpl$dleqf)
    _dcmple                                  0x00004b95   Thumb Code    94  dlef.o(x$fpl$dleqf)
    __aeabi_cdrcmple                         0x00004bf9   Thumb Code     0  drlef.o(x$fpl$drleqf)
    _drcmple                                 0x00004bf9   Thumb Code   100  drlef.o(x$fpl$drleqf)
    __aeabi_fmul                             0x00004c61   Thumb Code     0  fmul.o(x$fpl$fmul)
    _fmul                                    0x00004c61   Thumb Code   172  fmul.o(x$fpl$fmul)
    __I$use$fp                               0x00004d10   Number         0  usenofp.o(x$fpl$usenofp)
    __mathlib_zero                           0x00004e90   Data           8  qnan.o(.constdata)
    Region$$Table$$Base                      0x00004e98   Number         0  anon$$obj.o(Region$$Table)
    Region$$Table$$Limit                     0x00004ec8   Number         0  anon$$obj.o(Region$$Table)
    IAP_Read                                 0x20000001   Thumb Code    42  lib_flashiap.o(i.IAP_Read)
    IAP_Unlock                               0x2000002d   Thumb Code    76  lib_flashiap.o(i.IAP_Unlock)
    IAP_WriteCont                            0x20000081   Thumb Code   146  lib_flashiap.o(i.IAP_WriteCont)
    IAP_WriteEnd                             0x20000121   Thumb Code    60  lib_flashiap.o(i.IAP_WriteEnd)
    IAP_WriteWord                            0x20000165   Thumb Code    76  lib_flashiap.o(i.IAP_WriteWord)
    Save_To_EPROM                            0x200001b1   Thumb Code    62  lib_flashiap.o(i.Save_To_EPROM)
    test_second                              0x200001fc   Data           4  my_systick.o(.data)
    timeout                                  0x20000200   Data           4  my_systick.o(.data)
    seconds                                  0x20000204   Data           4  my_systick.o(.data)
    minutes                                  0x20000208   Data           4  my_systick.o(.data)
    beeflag                                  0x2000020c   Data           1  my_systick.o(.data)
    tds1                                     0x20000218   Data           4  msgbuild.o(.data)
    tds2                                     0x2000021c   Data           4  msgbuild.o(.data)
    task_flag                                0x20000220   Data           1  my_task.o(.data)
    SystemCoreClock                          0x20000228   Data           4  system_hr8p506.o(.data)
    TDS1count1                               0x2000022c   Data           4  tds.o(.data)
    TDS2count1                               0x20000230   Data           4  tds.o(.data)
    tcount                                   0x20000234   Data           4  tds.o(.data)
    tflag                                    0x20000238   Data           4  tds.o(.data)
    data_temp                                0x2000023c   Data           1  uart.o(.data)
    left_bracket                             0x2000023d   Data           1  uart.o(.data)
    right_bracket                            0x2000023e   Data           1  uart.o(.data)
    start_rcv_flag                           0x2000023f   Data           1  uart.o(.data)
    rcv_head_flag                            0x20000240   Data           1  uart.o(.data)
    rcv_enf_flag                             0x20000241   Data           1  uart.o(.data)
    err_rcv_head_flag                        0x20000242   Data           1  uart.o(.data)
    RxCounter                                0x20000243   Data           1  uart.o(.data)
    RxCounter1                               0x20000244   Data           1  uart.o(.data)
    RxByte                                   0x20000245   Data           1  uart.o(.data)
    err_count                                0x20000246   Data           1  sim800c.o(.data)
    GSM_BUF0                                 0x20000247   Data           5  sim800c.o(.data)
    GSM_BUF1                                 0x2000024c   Data          12  sim800c.o(.data)
    GSM_BUF3                                 0x20000258   Data          23  sim800c.o(.data)
    GSM_BUF4                                 0x2000026f   Data          16  sim800c.o(.data)
    GSM_BUF5                                 0x2000027f   Data          12  sim800c.o(.data)
    GSM_BUF6                                 0x2000028b   Data          18  sim800c.o(.data)
    GSM_BUF7                                 0x2000029d   Data          11  sim800c.o(.data)
    GSM_BUF8                                 0x200002a8   Data          11  sim800c.o(.data)
    CIPSTART                                 0x200002b3   Data          46  sim800c.o(.data)
    serverIP                                 0x200002e1   Data          26  sim800c.o(.data)
    GSM_CIPSRIP                              0x200002fb   Data          15  sim800c.o(.data)
    GSM_CIPSEND                              0x2000030a   Data          13  sim800c.o(.data)
    GSM_CIPCLOSE                             0x20000317   Data          14  sim800c.o(.data)
    GSM_CIPSHUT                              0x20000325   Data          13  sim800c.o(.data)
    EPROM                                    0x20000334   Data          48  main.o(.bss)
    RCV_DATA_BUF                             0x20000364   Data         220  uart.o(.bss)
    SEND_DATA_BUF                            0x20000440   Data         120  uart.o(.bss)
    __libspace_start                         0x200004b8   Data          96  libspace.o(.bss)
    __temporary_stack_top$libspace           0x20000518   Data           0  libspace.o(.bss)



==============================================================================

Memory Map of the image

  Image Entry point : 0x000000c1

  Load Region LR_IROM1 (Base: 0x00000000, Size: 0x000051fc, Max: 0x00009000, ABSOLUTE, COMPRESSED[0x00005160])

    Execution Region ER_IROM1 (Base: 0x00000000, Size: 0x00004ec8, Max: 0x00009000, ABSOLUTE)

    Base Addr    Size         Type   Attr      Idx    E Section Name        Object

    0x00000000   0x000000c0   Data   RO         2135    RESET               startup_hr8p506.o
    0x000000c0   0x00000008   Code   RO         2450  * !!!main             c_p.l(__main.o)
    0x000000c8   0x0000003c   Code   RO         2739    !!!scatter          c_p.l(__scatter.o)
    0x00000104   0x0000001a   Code   RO         2741    !!handler_copy      c_p.l(__scatter_copy.o)
    0x0000011e   0x00000002   PAD
    0x00000120   0x0000001c   Code   RO         2743    !!handler_zi        c_p.l(__scatter_zi.o)
    0x0000013c   0x00000002   Code   RO         2439    .ARM.Collect$$_printf_percent$$00000000  c_p.l(_printf_percent.o)
    0x0000013e   0x0000000a   Code   RO         2438    .ARM.Collect$$_printf_percent$$0000000A  c_p.l(_printf_u.o)
    0x00000148   0x0000000a   Code   RO         2436    .ARM.Collect$$_printf_percent$$00000013  c_p.l(_printf_c.o)
    0x00000152   0x0000000a   Code   RO         2437    .ARM.Collect$$_printf_percent$$00000014  c_p.l(_printf_s.o)
    0x0000015c   0x00000004   Code   RO         2509    .ARM.Collect$$_printf_percent$$00000017  c_p.l(_printf_percent_end.o)
    0x00000160   0x00000002   Code   RO         2607    .ARM.Collect$$libinit$$00000000  c_p.l(libinit.o)
    0x00000162   0x00000000   Code   RO         2620    .ARM.Collect$$libinit$$00000002  c_p.l(libinit2.o)
    0x00000162   0x00000000   Code   RO         2622    .ARM.Collect$$libinit$$00000004  c_p.l(libinit2.o)
    0x00000162   0x00000000   Code   RO         2625    .ARM.Collect$$libinit$$0000000A  c_p.l(libinit2.o)
    0x00000162   0x00000000   Code   RO         2627    .ARM.Collect$$libinit$$0000000C  c_p.l(libinit2.o)
    0x00000162   0x00000000   Code   RO         2629    .ARM.Collect$$libinit$$0000000E  c_p.l(libinit2.o)
    0x00000162   0x00000000   Code   RO         2632    .ARM.Collect$$libinit$$00000011  c_p.l(libinit2.o)
    0x00000162   0x00000000   Code   RO         2634    .ARM.Collect$$libinit$$00000013  c_p.l(libinit2.o)
    0x00000162   0x00000000   Code   RO         2636    .ARM.Collect$$libinit$$00000015  c_p.l(libinit2.o)
    0x00000162   0x00000000   Code   RO         2638    .ARM.Collect$$libinit$$00000017  c_p.l(libinit2.o)
    0x00000162   0x00000000   Code   RO         2640    .ARM.Collect$$libinit$$00000019  c_p.l(libinit2.o)
    0x00000162   0x00000000   Code   RO         2642    .ARM.Collect$$libinit$$0000001B  c_p.l(libinit2.o)
    0x00000162   0x00000000   Code   RO         2644    .ARM.Collect$$libinit$$0000001D  c_p.l(libinit2.o)
    0x00000162   0x00000000   Code   RO         2646    .ARM.Collect$$libinit$$0000001F  c_p.l(libinit2.o)
    0x00000162   0x00000000   Code   RO         2648    .ARM.Collect$$libinit$$00000021  c_p.l(libinit2.o)
    0x00000162   0x00000000   Code   RO         2650    .ARM.Collect$$libinit$$00000023  c_p.l(libinit2.o)
    0x00000162   0x00000000   Code   RO         2652    .ARM.Collect$$libinit$$00000025  c_p.l(libinit2.o)
    0x00000162   0x00000000   Code   RO         2656    .ARM.Collect$$libinit$$0000002C  c_p.l(libinit2.o)
    0x00000162   0x00000000   Code   RO         2658    .ARM.Collect$$libinit$$0000002E  c_p.l(libinit2.o)
    0x00000162   0x00000000   Code   RO         2660    .ARM.Collect$$libinit$$00000030  c_p.l(libinit2.o)
    0x00000162   0x00000000   Code   RO         2662    .ARM.Collect$$libinit$$00000032  c_p.l(libinit2.o)
    0x00000162   0x00000002   Code   RO         2663    .ARM.Collect$$libinit$$00000033  c_p.l(libinit2.o)
    0x00000164   0x00000002   Code   RO         2694    .ARM.Collect$$libshutdown$$00000000  c_p.l(libshutdown.o)
    0x00000166   0x00000000   Code   RO         2720    .ARM.Collect$$libshutdown$$00000002  c_p.l(libshutdown2.o)
    0x00000166   0x00000000   Code   RO         2722    .ARM.Collect$$libshutdown$$00000004  c_p.l(libshutdown2.o)
    0x00000166   0x00000000   Code   RO         2725    .ARM.Collect$$libshutdown$$00000007  c_p.l(libshutdown2.o)
    0x00000166   0x00000000   Code   RO         2728    .ARM.Collect$$libshutdown$$0000000A  c_p.l(libshutdown2.o)
    0x00000166   0x00000000   Code   RO         2730    .ARM.Collect$$libshutdown$$0000000C  c_p.l(libshutdown2.o)
    0x00000166   0x00000000   Code   RO         2733    .ARM.Collect$$libshutdown$$0000000F  c_p.l(libshutdown2.o)
    0x00000166   0x00000002   Code   RO         2734    .ARM.Collect$$libshutdown$$00000010  c_p.l(libshutdown2.o)
    0x00000168   0x00000000   Code   RO         2494    .ARM.Collect$$rtentry$$00000000  c_p.l(__rtentry.o)
    0x00000168   0x00000000   Code   RO         2559    .ARM.Collect$$rtentry$$00000002  c_p.l(__rtentry2.o)
    0x00000168   0x00000006   Code   RO         2571    .ARM.Collect$$rtentry$$00000004  c_p.l(__rtentry4.o)
    0x0000016e   0x00000000   Code   RO         2561    .ARM.Collect$$rtentry$$00000009  c_p.l(__rtentry2.o)
    0x0000016e   0x00000004   Code   RO         2562    .ARM.Collect$$rtentry$$0000000A  c_p.l(__rtentry2.o)
    0x00000172   0x00000000   Code   RO         2564    .ARM.Collect$$rtentry$$0000000C  c_p.l(__rtentry2.o)
    0x00000172   0x00000008   Code   RO         2565    .ARM.Collect$$rtentry$$0000000D  c_p.l(__rtentry2.o)
    0x0000017a   0x00000002   Code   RO         2611    .ARM.Collect$$rtexit$$00000000  c_p.l(rtexit.o)
    0x0000017c   0x00000000   Code   RO         2667    .ARM.Collect$$rtexit$$00000002  c_p.l(rtexit2.o)
    0x0000017c   0x00000004   Code   RO         2668    .ARM.Collect$$rtexit$$00000003  c_p.l(rtexit2.o)
    0x00000180   0x00000006   Code   RO         2669    .ARM.Collect$$rtexit$$00000004  c_p.l(rtexit2.o)
    0x00000186   0x00000002   PAD
    0x00000188   0x000000e8   Code   RO         2136    .text               startup_hr8p506.o
    0x00000270   0x0000002c   Code   RO         2406    .text               c_p.l(__2sprintf.o)
    0x0000029c   0x0000006c   Code   RO         2410    .text               c_p.l(__printf.o)
    0x00000308   0x00000052   Code   RO         2412    .text               c_p.l(_printf_str.o)
    0x0000035a   0x00000002   PAD
    0x0000035c   0x0000006c   Code   RO         2414    .text               c_p.l(_printf_dec.o)
    0x000003c8   0x00000028   Code   RO         2440    .text               c_p.l(strstr.o)
    0x000003f0   0x00000018   Code   RO         2442    .text               c_p.l(strcat.o)
    0x00000408   0x0000015a   Code   RO         2444    .text               c_p.l(aeabi_sdiv.o)
    0x00000562   0x00000006   Code   RO         2448    .text               c_p.l(heapauxi.o)
    0x00000568   0x0000007c   Code   RO         2452    .text               fz_ps.l(d2f.o)
    0x000005e4   0x00000358   Code   RO         2454    .text               fz_ps.l(daddsub.o)
    0x0000093c   0x00000448   Code   RO         2456    .text               fz_ps.l(ddiv.o)
    0x00000d84   0x00000048   Code   RO         2459    .text               fz_ps.l(dfixui.o)
    0x00000dcc   0x00000058   Code   RO         2461    .text               fz_ps.l(dflti.o)
    0x00000e24   0x00000054   Code   RO         2465    .text               fz_ps.l(f2d.o)
    0x00000e78   0x00000160   Code   RO         2467    .text               fz_ps.l(fdiv.o)
    0x00000fd8   0x00000030   Code   RO         2470    .text               fz_ps.l(ffixui.o)
    0x00001008   0x0000005e   Code   RO         2472    .text               fz_ps.l(fflti.o)
    0x00001066   0x00000016   Code   RO         2499    .text               c_p.l(_rserrno.o)
    0x0000107c   0x000000b0   Code   RO         2501    .text               c_p.l(_printf_intcommon.o)
    0x0000112c   0x00000030   Code   RO         2503    .text               c_p.l(_printf_char_common.o)
    0x0000115c   0x0000000a   Code   RO         2505    .text               c_p.l(_sputc.o)
    0x00001166   0x0000002e   Code   RO         2507    .text               c_p.l(_printf_char.o)
    0x00001194   0x00000028   Code   RO         2510    .text               c_p.l(rtudiv10.o)
    0x000011bc   0x00000090   Code   RO         2512    .text               fz_ps.l(dcmpin.o)
    0x0000124c   0x00000248   Code   RO         2514    .text               fz_ps.l(dmul.o)
    0x00001494   0x00000060   Code   RO         2518    .text               fz_ps.l(dscalbn.o)
    0x000014f4   0x00000008   Code   RO         2578    .text               c_p.l(rt_errno_addr_intlibspace.o)
    0x000014fc   0x0000002e   Code   RO         2582    .text               fz_ps.l(cmpret.o)
    0x0000152a   0x00000002   PAD
    0x0000152c   0x00000014   Code   RO         2586    .text               fz_ps.l(dnan2.o)
    0x00001540   0x00000100   Code   RO         2588    .text               fz_ps.l(dsqrt.o)
    0x00001640   0x00000008   Code   RO         2590    .text               c_p.l(libspace.o)
    0x00001648   0x0000003e   Code   RO         2593    .text               c_p.l(sys_stackheap_outer.o)
    0x00001686   0x00000010   Code   RO         2596    .text               c_p.l(exit.o)
    0x00001696   0x0000005e   Code   RO         2608    .text               fz_ps.l(retnan.o)
    0x000016f4   0x0000000c   Code   RO         2664    .text               c_p.l(sys_exit.o)
    0x00001700   0x00000002   Code   RO         2683    .text               c_p.l(use_no_semi.o)
    0x00001702   0x00000000   Code   RO         2685    .text               c_p.l(indicate_semi.o)
    0x00001702   0x00000056   Code   RO         2737    .text               c_p.l(__dczerorl2.o)
    0x00001758   0x0000000c   Ven    RO         2745    Veneer$$Code        anon$$obj.o
    0x00001764   0x0000000c   Ven    RO         2746    Veneer$$Code        anon$$obj.o
    0x00001770   0x0000000c   Code   RO         1957    i.BEE_OFF           my_systick.o
    0x0000177c   0x0000000c   Code   RO         1958    i.BEE_ON            my_systick.o
    0x00001788   0x00000022   Code   RO         1897    i.BEE_init          main.o
    0x000017aa   0x00000002   PAD
    0x000017ac   0x00000034   Code   RO         1120    i.DeviceClockAllEnable  lib_scu.o
    0x000017e0   0x000000fa   Code   RO          401    i.GPIO_GetNormalBitOffsetFromPin  lib_gpio.o
    0x000018da   0x00000068   Code   RO          402    i.GPIO_Init         lib_gpio.o
    0x00001942   0x00000002   PAD
    0x00001944   0x00000030   Code   RO          403    i.GPIO_ReadBit      lib_gpio.o
    0x00001974   0x00000068   Code   RO          406    i.GPIO_SetDSRegFromPin  lib_gpio.o
    0x000019dc   0x0000004c   Code   RO          407    i.GPIO_SetDirRegFromPin  lib_gpio.o
    0x00001a28   0x00000578   Code   RO          408    i.GPIO_SetFuncxRegFromPin  lib_gpio.o
    0x00001fa0   0x00000068   Code   RO          409    i.GPIO_SetODERegFromPin  lib_gpio.o
    0x00002008   0x00000068   Code   RO          410    i.GPIO_SetPDERegFromPin  lib_gpio.o
    0x00002070   0x00000068   Code   RO          411    i.GPIO_SetPUERegFromPin  lib_gpio.o
    0x000020d8   0x00000068   Code   RO          412    i.GPIO_SetSingalTypeFromPin  lib_gpio.o
    0x00002140   0x0000004c   Code   RO          414    i.GPIO_WriteBit     lib_gpio.o
    0x0000218c   0x00000020   Code   RO         2324    i.GSM_TCPC_INIT     sim800c.o
    0x000021ac   0x000000ec   Code   RO         2325    i.GSM_TCP_Connect   sim800c.o
    0x00002298   0x0000002c   Code   RO         1898    i.HardWare_Init     main.o
    0x000022c4   0x00000064   Code   RO         1081    i.NVIC_Init         lib_scs.o
    0x00002328   0x000001b0   Code   RO         1122    i.PLLClock_Config   lib_scu.o
    0x000024d8   0x0000002c   Code   RO         1131    i.SCU_SysClkSelect  lib_scu.o
    0x00002504   0x000000cc   Code   RO         1960    i.SysTick_IRQHandler  my_systick.o
    0x000025d0   0x00000040   Code   RO         1084    i.SysTick_Init      lib_scs.o
    0x00002610   0x000000a0   Code   RO         2142    i.SystemInit        system_hr8p506.o
    0x000026b0   0x00000040   Code   RO         2102    i.T16N1_IRQHandler  my_task.o
    0x000026f0   0x00000048   Code   RO         2168    i.T16N2_IRQHandler  tds.o
    0x00002738   0x0000005c   Code   RO         1333    i.T16Nx_BaseInit    lib_timer.o
    0x00002794   0x00000004   Code   RO         1335    i.T16Nx_ClearITPendingBit  lib_timer.o
    0x00002798   0x0000000a   Code   RO         1336    i.T16Nx_Disable     lib_timer.o
    0x000027a2   0x0000000c   Code   RO         1337    i.T16Nx_Enable      lib_timer.o
    0x000027ae   0x00000014   Code   RO         1340    i.T16Nx_GetFlagStatus  lib_timer.o
    0x000027c2   0x00000014   Code   RO         1348    i.T16Nx_ITConfig    lib_timer.o
    0x000027d6   0x00000018   Code   RO         1349    i.T16Nx_MAT0ITConfig  lib_timer.o
    0x000027ee   0x00000024   Code   RO         1362    i.T16Nx_SetCNT0     lib_timer.o
    0x00002812   0x0000000e   Code   RO         1364    i.T16Nx_SetMAT0     lib_timer.o
    0x00002820   0x00000038   Code   RO         2326    i.TCP_Connected     sim800c.o
    0x00002858   0x000000b4   Code   RO         2327    i.TCP_Recieve       sim800c.o
    0x0000290c   0x000000a4   Code   RO         2232    i.UART0Init         uart.o
    0x000029b0   0x0000001c   Code   RO         2234    i.UART0Putch        uart.o
    0x000029cc   0x00000054   Code   RO         2235    i.UART0Write_Str    uart.o
    0x00002a20   0x00000114   Code   RO         2236    i.UART0_IRQHandler  uart.o
    0x00002b34   0x00000098   Code   RO         2237    i.UART0_Recieve     uart.o
    0x00002bcc   0x00000010   Code   RO         1752    i.UART_GetFlagStatus  lib_uart.o
    0x00002bdc   0x00000010   Code   RO         1753    i.UART_GetITStatus  lib_uart.o
    0x00002bec   0x00000014   Code   RO         1755    i.UART_ITConfig     lib_uart.o
    0x00002c00   0x00000168   Code   RO         1756    i.UART_Init         lib_uart.o
    0x00002d68   0x00000014   Code   RO         1757    i.UART_RBIMConfig   lib_uart.o
    0x00002d7c   0x00000010   Code   RO         1764    i.UART_TBIMConfig   lib_uart.o
    0x00002d8c   0x00000070   Code   RO         1861    i.WDT_Init          lib_wdt.o
    0x00002dfc   0x0000001c   Code   RO          578    i.__ARM_common_switch8  lib_gpio.o
    0x00002e18   0x0000002c   Code   RO         2535    i.__ARM_fpclassify  m_ps.l(fpclassify.o)
    0x00002e44   0x000000ac   Code   RO         2547    i.__kernel_poly     m_ps.l(poly.o)
    0x00002ef0   0x00000014   Code   RO         2521    i.__mathlib_dbl_divzero  m_ps.l(dunder.o)
    0x00002f04   0x0000000a   Code   RO         2522    i.__mathlib_dbl_infnan  m_ps.l(dunder.o)
    0x00002f0e   0x00000008   Code   RO         2523    i.__mathlib_dbl_infnan2  m_ps.l(dunder.o)
    0x00002f16   0x00000010   Code   RO         2524    i.__mathlib_dbl_invalid  m_ps.l(dunder.o)
    0x00002f26   0x00000002   PAD
    0x00002f28   0x00000014   Code   RO         2525    i.__mathlib_dbl_overflow  m_ps.l(dunder.o)
    0x00002f3c   0x00000014   Code   RO         2527    i.__mathlib_dbl_underflow  m_ps.l(dunder.o)
    0x00002f50   0x00000084   Code   RO         2238    i.check_ststus      uart.o
    0x00002fd4   0x00000018   Code   RO         2239    i.clear_RCV_Buffer  uart.o
    0x00002fec   0x00000090   Code   RO         2007    i.control_Function  msgbuild.o
    0x0000307c   0x00000014   Code   RO         1961    i.delay_nms         my_systick.o
    0x00003090   0x00000002   Code   RO         2386    i.get_Flow          water_flow.o
    0x00003092   0x00000002   PAD
    0x00003094   0x0000005c   Code   RO         2169    i.get_Fre1          tds.o
    0x000030f0   0x0000005c   Code   RO         2170    i.get_Fre2          tds.o
    0x0000314c   0x00000080   Code   RO         2328    i.get_IMEI          sim800c.o
    0x000031cc   0x00000080   Code   RO         2240    i.get_MSG           uart.o
    0x0000324c   0x0000006c   Code   RO         2241    i.get_NByte         uart.o
    0x000032b8   0x000000d4   Code   RO         2171    i.get_TDS           tds.o
    0x0000338c   0x00000014   Code   RO         2009    i.high_Pressure     msgbuild.o
    0x000033a0   0x00000354   Code   RO         2538    i.log               m_ps.l(log.o)
    0x000036f4   0x000000ec   Code   RO         2477    i.log10             m_ps.l(log10.o)
    0x000037e0   0x00000018   Code   RO         2010    i.low_Pressure      msgbuild.o
    0x000037f8   0x000000c8   Code   RO         1899    i.main              main.o
    0x000038c0   0x00000118   Code   RO         2011    i.msg_Build         msgbuild.o
    0x000039d8   0x00000254   Code   RO         2012    i.msg_Deal          msgbuild.o
    0x00003c2c   0x00000058   Code   RO         2103    i.my_Task_Timer_Init  my_task.o
    0x00003c84   0x000009fc   Code   RO         2485    i.pow               m_ps.l(pow.o)
    0x00004680   0x0000001c   Code   RO         2013    i.pressure_Init     msgbuild.o
    0x0000469c   0x00000028   Code   RO         1900    i.read_All_Flash    main.o
    0x000046c4   0x0000006c   Code   RO         1901    i.reset             main.o
    0x00004730   0x00000078   Code   RO         2014    i.runApplication    msgbuild.o
    0x000047a8   0x00000002   Code   RO         2172    i.set_TDSEN         tds.o
    0x000047aa   0x00000002   PAD
    0x000047ac   0x00000120   Code   RO         2330    i.sim800c_init      sim800c.o
    0x000048cc   0x00000048   Code   RO         2551    i.sqrt              m_ps.l(sqrt.o)
    0x00004914   0x00000024   Code   RO         2173    i.tds_Init          tds.o
    0x00004938   0x00000054   Code   RO         2174    i.tds_Timer_Init    tds.o
    0x0000498c   0x0000005c   Code   RO         2015    i.type_Flow         msgbuild.o
    0x000049e8   0x0000005c   Code   RO         2016    i.type_Time         msgbuild.o
    0x00004a44   0x00000042   Code   RO         2017    i.valve_Init        msgbuild.o
    0x00004a86   0x00000054   Code   RO         2018    i.valve_OFF         msgbuild.o
    0x00004ada   0x00000054   Code   RO         2019    i.valve_ON          msgbuild.o
    0x00004b2e   0x00000002   PAD
    0x00004b30   0x00000064   Code   RO         2584    x$fpl$deqf          fz_ps.l(deqf.o)
    0x00004b94   0x00000064   Code   RO         2463    x$fpl$dleqf         fz_ps.l(dlef.o)
    0x00004bf8   0x00000068   Code   RO         2516    x$fpl$drleqf        fz_ps.l(drlef.o)
    0x00004c60   0x000000b0   Code   RO         2474    x$fpl$fmul          fz_ps.l(fmul.o)
    0x00004d10   0x00000000   Code   RO         2520    x$fpl$usenofp       fz_ps.l(usenofp.o)
    0x00004d10   0x00000080   Data   RO         2457    .constdata          fz_ps.l(ddiv.o)
    0x00004d90   0x00000040   Data   RO         2468    .constdata          fz_ps.l(fdiv.o)
    0x00004dd0   0x00000088   Data   RO         2486    .constdata          m_ps.l(pow.o)
    0x00004e58   0x00000038   Data   RO         2539    .constdata          m_ps.l(log.o)
    0x00004e90   0x00000008   Data   RO         2549    .constdata          m_ps.l(qnan.o)
    0x00004e98   0x00000030   Data   RO         2735    Region$$Table       anon$$obj.o


    Execution Region RW_IRAM1 (Base: 0x20000000, Size: 0x00000918, Max: 0x00002000, ABSOLUTE, COMPRESSED[0x0000009c])

    Base Addr    Size         Type   Attr      Idx    E Section Name        Object

    0x20000000   0x0000002a   Code   RO          287    i.IAP_Read          lib_flashiap.o
    0x2000002a   0x00000002   PAD
    0x2000002c   0x00000054   Code   RO          288    i.IAP_Unlock        lib_flashiap.o
    0x20000080   0x000000a0   Code   RO          289    i.IAP_WriteCont     lib_flashiap.o
    0x20000120   0x00000044   Code   RO          290    i.IAP_WriteEnd      lib_flashiap.o
    0x20000164   0x0000004c   Code   RO          291    i.IAP_WriteWord     lib_flashiap.o
    0x200001b0   0x00000044   Code   RO          292    i.Save_To_EPROM     lib_flashiap.o
    0x200001f4   0x00000006   Code   RO          293    i.__set_PRIMASK     lib_flashiap.o
    0x200001fa   0x00000002   PAD
    0x200001fc   0x0000001c   Data   RW         1962    .data               my_systick.o
    0x20000218   0x00000008   Data   RW         2020    .data               msgbuild.o
    0x20000220   0x00000008   Data   RW         2104    .data               my_task.o
    0x20000228   0x00000004   Data   RW         2143    .data               system_hr8p506.o
    0x2000022c   0x00000010   Data   RW         2175    .data               tds.o
    0x2000023c   0x0000000a   Data   RW         2244    .data               uart.o
    0x20000246   0x000000ec   Data   RW         2331    .data               sim800c.o
    0x20000332   0x00000002   PAD
    0x20000334   0x00000030   Zero   RW         1903    .bss                main.o
    0x20000364   0x00000154   Zero   RW         2243    .bss                uart.o
    0x200004b8   0x00000060   Zero   RW         2591    .bss                c_p.l(libspace.o)
    0x20000518   0x00000000   Zero   RW         2134    HEAP                startup_hr8p506.o
    0x20000518   0x00000400   Zero   RW         2133    STACK               startup_hr8p506.o


==============================================================================

Image component sizes


      Code (inc. data)   RO Data    RW Data    ZI Data      Debug   Object Name

         0          0          0          0          0      54872   hr8p506_iap_table.o
         0          0          0          0          0       2804   lib_euart.o
       504         36          0          0          0      14227   lib_flashiap.o
      2502        156          0          0          0       7309   lib_gpio.o
       164         10          0          0          0       1407   lib_scs.o
       528         40          0          0          0       6220   lib_scu.o
       232          0          0          0          0       4814   lib_timer.o
       448         10          0          0          0       3620   lib_uart.o
       112          8          0          0          0        831   lib_wdt.o
       426         46          0          0         48       9231   main.o
      1630        198          0          8          0       7098   msgbuild.o
       248         60          0         28          0       2350   my_systick.o
       152         16          0          8          0       1356   my_task.o
       920        226          0        236          0       4449   sim800c.o
       232         82        192          0       1024        716   startup_hr8p506.o
       160         34          0          4          0        743   system_hr8p506.o
       590         78          0         16          0       4212   tds.o
      1096        194          0         10        340       6267   uart.o
         2          0          0          0          0        427   water_flow.o

    ----------------------------------------------------------------------
      9984       1202        240        312       1412     132953   Object Totals
        24          8         48          0          0          0   (incl. Generated)
        14          0          0          2          0          0   (incl. Padding)

    ----------------------------------------------------------------------

      Code (inc. data)   RO Data    RW Data    ZI Data      Debug   Library Member Name

        44          4          0          0          0         84   __2sprintf.o
        86          0          0          0          0          0   __dczerorl2.o
         8          0          0          0          0         68   __main.o
       108          0          0          0          0         76   __printf.o
         0          0          0          0          0          0   __rtentry.o
        12          0          0          0          0          0   __rtentry2.o
         6          0          0          0          0          0   __rtentry4.o
        60          8          0          0          0          0   __scatter.o
        26          0          0          0          0          0   __scatter_copy.o
        28          0          0          0          0          0   __scatter_zi.o
        10          0          0          0          0          0   _printf_c.o
        46          0          0          0          0        100   _printf_char.o
        48          6          0          0          0         88   _printf_char_common.o
       108         18          0          0          0         76   _printf_dec.o
       176          0          0          0          0         84   _printf_intcommon.o
         2          0          0          0          0          0   _printf_percent.o
         4          0          0          0          0          0   _printf_percent_end.o
        10          0          0          0          0          0   _printf_s.o
        82          0          0          0          0         72   _printf_str.o
        10          0          0          0          0          0   _printf_u.o
        22          0          0          0          0         92   _rserrno.o
        10          0          0          0          0         60   _sputc.o
       346          0          0          0          0         92   aeabi_sdiv.o
        16          0          0          0          0         68   exit.o
         6          0          0          0          0        136   heapauxi.o
         0          0          0          0          0          0   indicate_semi.o
         2          0          0          0          0          0   libinit.o
         2          0          0          0          0          0   libinit2.o
         2          0          0          0          0          0   libshutdown.o
         2          0          0          0          0          0   libshutdown2.o
         8          4          0          0         96         68   libspace.o
         8          4          0          0          0         68   rt_errno_addr_intlibspace.o
         2          0          0          0          0          0   rtexit.o
        10          0          0          0          0          0   rtexit2.o
        40          0          0          0          0         60   rtudiv10.o
        24          0          0          0          0         60   strcat.o
        40          0          0          0          0         72   strstr.o
        12          4          0          0          0         60   sys_exit.o
        62          0          0          0          0         80   sys_stackheap_outer.o
         2          0          0          0          0         68   use_no_semi.o
        46          0          0          0          0         60   cmpret.o
       124          4          0          0          0         72   d2f.o
       856         20          0          0          0        208   daddsub.o
       144          4          0          0          0         76   dcmpin.o
      1096         26        128          0          0        112   ddiv.o
       100          4          0          0          0         92   deqf.o
        72          4          0          0          0         68   dfixui.o
        88          0          0          0          0         92   dflti.o
       100          4          0          0          0         92   dlef.o
       584         26          0          0          0         84   dmul.o
        20          6          0          0          0         68   dnan2.o
       104          4          0          0          0        104   drlef.o
        96         12          0          0          0         72   dscalbn.o
       256          8          0          0          0         76   dsqrt.o
        84          4          0          0          0         60   f2d.o
       352         10         64          0          0         92   fdiv.o
        48          0          0          0          0         60   ffixui.o
        94          0          0          0          0         92   fflti.o
       176          4          0          0          0         80   fmul.o
        94          0          0          0          0         68   retnan.o
         0          0          0          0          0          0   usenofp.o
        94         14          0          0          0        408   dunder.o
        44          4          0          0          0         60   fpclassify.o
       852         62         56          0          0        136   log.o
       236         36          0          0          0         76   log10.o
       172          0          0          0          0         76   poly.o
      2556        196        136          0          0        240   pow.o
         0          0          8          0          0          0   qnan.o
        72          6          0          0          0         76   sqrt.o

    ----------------------------------------------------------------------
     10060        506        392          0         96       4432   Library Totals
        10          0          0          0          0          0   (incl. Padding)

    ----------------------------------------------------------------------

      Code (inc. data)   RO Data    RW Data    ZI Data      Debug   Library Name

      1490         48          0          0         96       1632   c_p.l
      4534        140        192          0          0       1728   fz_ps.l
      4026        318        200          0          0       1072   m_ps.l

    ----------------------------------------------------------------------
     10060        506        392          0         96       4432   Library Totals

    ----------------------------------------------------------------------

==============================================================================


      Code (inc. data)   RO Data    RW Data    ZI Data      Debug   

     20044       1708        632        312       1508     131685   Grand Totals
     20044       1708        632        156       1508     131685   ELF Image Totals (compressed)
     20044       1708        632        156          0          0   ROM Totals

==============================================================================

    Total RO  Size (Code + RO Data)                20676 (  20.19kB)
    Total RW  Size (RW Data + ZI Data)              1820 (   1.78kB)
    Total ROM Size (Code + RO Data + RW Data)      20832 (  20.34kB)

==============================================================================

