Component: ARM Compiler 5.06 update 1 (build 61) Tool: armlink [4d35a8]

==============================================================================

Section Cross References

    lib_adc.o(i.ADC_Init) refers to lib_adc.o(i.ADC_Reset) for ADC_Reset
    lib_euart.o(i.EUART_BaudConfig) refers to aeabi_sdiv.o(.text) for __aeabi_uidivmod
    lib_euart.o(i.EUART_BaudConfig) refers to system_hr8p506_1.o(.data) for SystemCoreClock
    lib_euart.o(i.EUART_Init) refers to lib_euart.o(i.EUART_BaudConfig) for EUART_BaudConfig
    lib_euart.o(i.U7816_Init) refers to lib_euart.o(i.EUART_BaudConfig) for EUART_BaudConfig
    lib_flashiap.o(i.IAP_ErasePage) refers to lib_flashiap.o(i.IAP_Unlock) for IAP_Unlock
    lib_flashiap.o(i.IAP_ErasePage) refers to lib_flashiap.o(i.__set_PRIMASK) for __set_PRIMASK
    lib_flashiap.o(i.IAP_ErasePage) refers to lib_flashiap.o(i.IAP_WriteEnd) for IAP_WriteEnd
    lib_flashiap.o(i.IAP_WriteWord) refers to lib_flashiap.o(i.IAP_Unlock) for IAP_Unlock
    lib_flashiap.o(i.IAP_WriteWord) refers to lib_flashiap.o(i.IAP_WriteCont) for IAP_WriteCont
    lib_flashiap.o(i.IAP_WriteWord) refers to lib_flashiap.o(i.IAP_WriteEnd) for IAP_WriteEnd
    lib_flashiap.o(i.IAP_WriteWord) refers to lib_flashiap.o(i.__set_PRIMASK) for __set_PRIMASK
    lib_flashiap.o(i.Save_To_EPROM) refers to lib_flashiap.o(i.IAP_WriteWord) for IAP_WriteWord
    lib_flashiap.o(i.Save_To_EPROM) refers to main.o(.bss) for EPROM
    lib_gpio.o(i.GPIO_GetNormalBitOffsetFromPin) refers to lib_gpio.o(i.__ARM_common_switch8) for __ARM_common_switch8
    lib_gpio.o(i.GPIO_Init) refers to lib_gpio.o(i.GPIO_SetSingalTypeFromPin) for GPIO_SetSingalTypeFromPin
    lib_gpio.o(i.GPIO_Init) refers to lib_gpio.o(i.GPIO_SetDirRegFromPin) for GPIO_SetDirRegFromPin
    lib_gpio.o(i.GPIO_Init) refers to lib_gpio.o(i.GPIO_SetFuncxRegFromPin) for GPIO_SetFuncxRegFromPin
    lib_gpio.o(i.GPIO_Init) refers to lib_gpio.o(i.GPIO_SetODERegFromPin) for GPIO_SetODERegFromPin
    lib_gpio.o(i.GPIO_Init) refers to lib_gpio.o(i.GPIO_SetDSRegFromPin) for GPIO_SetDSRegFromPin
    lib_gpio.o(i.GPIO_Init) refers to lib_gpio.o(i.GPIO_SetPUERegFromPin) for GPIO_SetPUERegFromPin
    lib_gpio.o(i.GPIO_Init) refers to lib_gpio.o(i.GPIO_SetPDERegFromPin) for GPIO_SetPDERegFromPin
    lib_gpio.o(i.GPIO_ReadBit) refers to lib_gpio.o(i.GPIO_GetNormalBitOffsetFromPin) for GPIO_GetNormalBitOffsetFromPin
    lib_gpio.o(i.GPIO_ResetBit) refers to lib_gpio.o(i.GPIO_GetNormalBitOffsetFromPin) for GPIO_GetNormalBitOffsetFromPin
    lib_gpio.o(i.GPIO_SetBit) refers to lib_gpio.o(i.GPIO_GetNormalBitOffsetFromPin) for GPIO_GetNormalBitOffsetFromPin
    lib_gpio.o(i.GPIO_SetDSRegFromPin) refers to lib_gpio.o(i.GPIO_GetNormalBitOffsetFromPin) for GPIO_GetNormalBitOffsetFromPin
    lib_gpio.o(i.GPIO_SetDirRegFromPin) refers to lib_gpio.o(i.GPIO_GetNormalBitOffsetFromPin) for GPIO_GetNormalBitOffsetFromPin
    lib_gpio.o(i.GPIO_SetFuncxRegFromPin) refers to lib_gpio.o(i.__ARM_common_switch8) for __ARM_common_switch8
    lib_gpio.o(i.GPIO_SetODERegFromPin) refers to lib_gpio.o(i.GPIO_GetNormalBitOffsetFromPin) for GPIO_GetNormalBitOffsetFromPin
    lib_gpio.o(i.GPIO_SetPDERegFromPin) refers to lib_gpio.o(i.GPIO_GetNormalBitOffsetFromPin) for GPIO_GetNormalBitOffsetFromPin
    lib_gpio.o(i.GPIO_SetPUERegFromPin) refers to lib_gpio.o(i.GPIO_GetNormalBitOffsetFromPin) for GPIO_GetNormalBitOffsetFromPin
    lib_gpio.o(i.GPIO_SetSingalTypeFromPin) refers to lib_gpio.o(i.GPIO_GetNormalBitOffsetFromPin) for GPIO_GetNormalBitOffsetFromPin
    lib_gpio.o(i.GPIO_ToggleBit) refers to lib_gpio.o(i.GPIO_GetNormalBitOffsetFromPin) for GPIO_GetNormalBitOffsetFromPin
    lib_gpio.o(i.GPIO_WriteBit) refers to lib_gpio.o(i.GPIO_GetNormalBitOffsetFromPin) for GPIO_GetNormalBitOffsetFromPin
    lib_gpio.o(i.KINT_ClearITFlag) refers to lib_gpio.o(i.KINT_GetKINTxIndexFromPin) for KINT_GetKINTxIndexFromPin
    lib_gpio.o(i.KINT_GetITFlag) refers to lib_gpio.o(i.KINT_GetKINTxIndexFromPin) for KINT_GetKINTxIndexFromPin
    lib_gpio.o(i.KINT_GetKINTxIndexFromPin) refers to lib_gpio.o(i.__ARM_common_switch8) for __ARM_common_switch8
    lib_gpio.o(i.KINT_GetSelxIndexFromPin) refers to lib_gpio.o(i.__ARM_common_switch8) for __ARM_common_switch8
    lib_gpio.o(i.KINT_Init) refers to lib_gpio.o(i.KINT_SetTriggerStyleFromPin) for KINT_SetTriggerStyleFromPin
    lib_gpio.o(i.KINT_Init) refers to lib_gpio.o(i.KINT_SetEnableOrNotFromPin) for KINT_SetEnableOrNotFromPin
    lib_gpio.o(i.KINT_SetEnableOrNotFromPin) refers to lib_gpio.o(i.KINT_GetKINTxIndexFromPin) for KINT_GetKINTxIndexFromPin
    lib_gpio.o(i.KINT_SetEnableOrNotFromPin) refers to lib_gpio.o(i.KINT_GetSelxIndexFromPin) for KINT_GetSelxIndexFromPin
    lib_gpio.o(i.KINT_SetTriggerStyleFromPin) refers to lib_gpio.o(i.KINT_GetKINTxIndexFromPin) for KINT_GetKINTxIndexFromPin
    lib_gpio.o(i.KINT_SetTriggerStyleFromPin) refers to lib_gpio.o(i.__ARM_common_switch8) for __ARM_common_switch8
[...]
    Removing lib_gpio.o(i.KINT_SetTriggerStyleFromPin), (108 bytes).
    Removing lib_gpio.o(i.PINT_ClearITFlag), (32 bytes).
    Removing lib_gpio.o(i.PINT_GetITFlag), (36 bytes).
    Removing lib_gpio.o(i.PINT_GetPINTxIndexFromPin), (174 bytes).
    Removing lib_gpio.o(i.PINT_GetSELxIndexFromPin), (170 bytes).
    Removing lib_gpio.o(i.PINT_Init), (24 bytes).
    Removing lib_gpio.o(i.PINT_SetEnableOrNotFromPin), (144 bytes).
    Removing lib_gpio.o(i.PINT_SetTriggerStyleFromPin), (108 bytes).
    Removing lib_iic.o(.rev16_text), (4 bytes).
    Removing lib_iic.o(.revsh_text), (4 bytes).
    Removing lib_iic.o(i.IIC_AckDelay), (44 bytes).
    Removing lib_iic.o(i.IIC_ClearITPendingBit), (4 bytes).
    Removing lib_iic.o(i.IIC_GetFlagStatus), (18 bytes).
    Removing lib_iic.o(i.IIC_GetITStatus), (28 bytes).
    Removing lib_iic.o(i.IIC_GetRWMode), (10 bytes).
    Removing lib_iic.o(i.IIC_GetTBStatus), (22 bytes).
    Removing lib_iic.o(i.IIC_ITConfig), (20 bytes).
    Removing lib_iic.o(i.IIC_Init), (228 bytes).
    Removing lib_iic.o(i.IIC_RBIMConfig), (24 bytes).
    Removing lib_iic.o(i.IIC_RecByte), (6 bytes).
    Removing lib_iic.o(i.IIC_RecHalfWord), (6 bytes).
    Removing lib_iic.o(i.IIC_RecModeConfig), (20 bytes).
    Removing lib_iic.o(i.IIC_RecWord), (6 bytes).
    Removing lib_iic.o(i.IIC_SendAddress), (46 bytes).
    Removing lib_iic.o(i.IIC_SendByte), (4 bytes).
    Removing lib_iic.o(i.IIC_SendHalfWord), (4 bytes).
    Removing lib_iic.o(i.IIC_SendWord), (4 bytes).
    Removing lib_iic.o(i.IIC_SetAddress), (26 bytes).
    Removing lib_iic.o(i.IIC_TBIMConfig), (24 bytes).
    Removing lib_iic.o(i.IIC_TISConfig), (24 bytes).
    Removing lib_lcd.o(.rev16_text), (4 bytes).
    Removing lib_lcd.o(.revsh_text), (4 bytes).
    Removing lib_lcd.o(i.LCD_FlickerTimeConfig), (124 bytes).
    Removing lib_lcd.o(i.LCD_GrayscaleConfig), (40 bytes).
    Removing lib_lcd.o(i.LCD_Init), (476 bytes).
    Removing lib_lcd.o(i.LCD_PixelWriteByte), (92 bytes).
    Removing lib_lcd.o(i.LCD_PixelWriteHalfWord), (92 bytes).
    Removing lib_lcd.o(i.LCD_PixelWriteWord), (84 bytes).
    Removing lib_lcd.o(i.LCD_Reset), (52 bytes).
    Removing lib_lcd.o(.data), (16 bytes).
    Removing lib_led.o(.rev16_text), (4 bytes).
    Removing lib_led.o(.revsh_text), (4 bytes).
    Removing lib_led.o(i.LED_Init), (188 bytes).
    Removing lib_led.o(i.LED_PixelWriteByte), (56 bytes).
    Removing lib_led.o(i.LED_PixelWriteHalfWord), (56 bytes).
    Removing lib_led.o(i.LED_PixelWriteWord), (48 bytes).
    Removing lib_led.o(i.LED_Reset), (40 bytes).
    Removing lib_printf.o(.rev16_text), (4 bytes).
    Removing lib_printf.o(.revsh_text), (4 bytes).
    Removing lib_printf.o(i.UART_printf), (416 bytes).
    Removing lib_printf.o(i.fputc), (68 bytes).
    Removing lib_printf.o(i.itoa), (128 bytes).
    Removing lib_rtc.o(.rev16_text), (4 bytes).
    Removing lib_rtc.o(.revsh_text), (4 bytes).
    Removing lib_rtc.o(i.RTC_ClearAllITFlag), (140 bytes).
    Removing lib_rtc.o(i.RTC_GetFlagStatus), (148 bytes).
    Removing lib_rtc.o(i.RTC_GetITStatus), (148 bytes).
    Removing lib_rtc.o(i.RTC_Init), (148 bytes).
    Removing lib_rtc.o(i.RTC_InterruptDisable), (168 bytes).
    Removing lib_rtc.o(i.RTC_InterruptEnable), (192 bytes).
    Removing lib_rtc.o(i.RTC_ReadDay), (124 bytes).
    Removing lib_rtc.o(i.RTC_ReadDayAlarmHour), (144 bytes).
    Removing lib_rtc.o(i.RTC_ReadDayAlarmMinute), (136 bytes).
    Removing lib_rtc.o(i.RTC_ReadHour), (144 bytes).
    Removing lib_rtc.o(i.RTC_ReadHourmode), (60 bytes).
    Removing lib_rtc.o(i.RTC_ReadMinute), (136 bytes).
    Removing lib_rtc.o(i.RTC_ReadMonth), (108 bytes).
    Removing lib_rtc.o(i.RTC_ReadSecond), (136 bytes).
    Removing lib_rtc.o(i.RTC_ReadWeek), (128 bytes).
    Removing lib_rtc.o(i.RTC_ReadWeekAlarmHour), (144 bytes).
    Removing lib_rtc.o(i.RTC_ReadWeekAlarmMinute), (136 bytes).
    Removing lib_rtc.o(i.RTC_ReadWeekAlarmWeek), (128 bytes).
    Removing lib_rtc.o(i.RTC_ReadYear), (156 bytes).
    Removing lib_rtc.o(i.RTC_StartRead), (44 bytes).
    Removing lib_rtc.o(i.RTC_WriteDay), (220 bytes).
    Removing lib_rtc.o(i.RTC_WriteDayAlarmHour), (280 bytes).
    Removing lib_rtc.o(i.RTC_WriteDayAlarmMinute), (228 bytes).
    Removing lib_rtc.o(i.RTC_WriteHour), (280 bytes).
    Removing lib_rtc.o(i.RTC_WriteMinute), (232 bytes).
    Removing lib_rtc.o(i.RTC_WriteMonth), (204 bytes).
    Removing lib_rtc.o(i.RTC_WriteSecond), (228 bytes).
    Removing lib_rtc.o(i.RTC_WriteWeek), (212 bytes).
    Removing lib_rtc.o(i.RTC_WriteWeekAlarmHour), (280 bytes).
    Removing lib_rtc.o(i.RTC_WriteWeekAlarmMinute), (228 bytes).
    Removing lib_rtc.o(i.RTC_WriteWeekAlarmWeek), (216 bytes).
    Removing lib_rtc.o(i.RTC_WriteYear), (264 bytes).
    Removing lib_scs.o(.rev16_text), (4 bytes).
    Removing lib_scs.o(.revsh_text), (4 bytes).
    Removing lib_scs.o(i.SCB_GetCpuID), (12 bytes).
    Removing lib_scs.o(i.SCB_SystemLPConfig), (32 bytes).
    Removing lib_scu.o(.rev16_text), (4 bytes).
    Removing lib_scu.o(.revsh_text), (4 bytes).
    Removing lib_scu.o(i.DeviceClockAllDisable), (48 bytes).
    Removing lib_scu.o(i.DeviceClockAllEnable), (52 bytes).
    Removing lib_scu.o(i.DeviceClock_Config), (52 bytes).
    Removing lib_scu.o(i.SCU_ClearPWRCFlagBit), (28 bytes).
    Removing lib_scu.o(i.SCU_GetLVDFlagStatus), (26 bytes).
    Removing lib_scu.o(i.SCU_GetPWRCFlagStatus), (40 bytes).
    Removing lib_scu.o(i.SCU_GetSysClk), (16 bytes).
    Removing lib_scu.o(i.SCU_MultTimerDisable), (24 bytes).
    Removing lib_scu.o(i.SCU_MultTimerEnable), (24 bytes).
    Removing lib_scu.o(i.SCU_NMISelect), (40 bytes).
    Removing lib_scu.o(i.SCU_OpenXTAL), (68 bytes).
    Removing lib_spi.o(.rev16_text), (4 bytes).
    Removing lib_spi.o(.revsh_text), (4 bytes).
    Removing lib_spi.o(i.Clear_RBR), (16 bytes).
    Removing lib_spi.o(i.Clear_TBW), (14 bytes).
    Removing lib_spi.o(i.SPI_ClearITPendingBit), (4 bytes).
    Removing lib_spi.o(i.SPI_DataFormatConfig), (20 bytes).
    Removing lib_spi.o(i.SPI_GetFlagStatus), (36 bytes).
    Removing lib_spi.o(i.SPI_GetITStatus), (28 bytes).
    Removing lib_spi.o(i.SPI_GetStatus), (16 bytes).
    Removing lib_spi.o(i.SPI_ITConfig), (20 bytes).
    Removing lib_spi.o(i.SPI_Init), (220 bytes).
    Removing lib_spi.o(i.SPI_RBIMConfig), (24 bytes).
    Removing lib_spi.o(i.SPI_RecByte), (6 bytes).
    Removing lib_spi.o(i.SPI_RecHalfWord), (6 bytes).
    Removing lib_spi.o(i.SPI_RecWord), (6 bytes).
    Removing lib_spi.o(i.SPI_SendByte), (4 bytes).
    Removing lib_spi.o(i.SPI_SendHalfWord), (4 bytes).
    Removing lib_spi.o(i.SPI_SendWord), (4 bytes).
    Removing lib_spi.o(i.SPI_TBIMConfig), (24 bytes).
    Removing lib_timer.o(.rev16_text), (4 bytes).
    Removing lib_timer.o(.revsh_text), (4 bytes).
    Removing lib_timer.o(i.T16Nx_CapInit), (132 bytes).
    Removing lib_timer.o(i.T16Nx_ClearITPendingBit), (4 bytes).
    Removing lib_timer.o(i.T16Nx_Enable), (12 bytes).
    Removing lib_timer.o(i.T16Nx_GetCNT0), (8 bytes).
    Removing lib_timer.o(i.T16Nx_GetCNT1), (8 bytes).
    Removing lib_timer.o(i.T16Nx_GetFlagStatus), (20 bytes).
    Removing lib_timer.o(i.T16Nx_GetMAT0), (8 bytes).
    Removing lib_timer.o(i.T16Nx_GetMAT1), (8 bytes).
    Removing lib_timer.o(i.T16Nx_GetMAT2), (8 bytes).
    Removing lib_timer.o(i.T16Nx_GetMAT3), (8 bytes).
    Removing lib_timer.o(i.T16Nx_GetPWMBKF), (20 bytes).
    Removing lib_timer.o(i.T16Nx_GetTOP0), (8 bytes).
    Removing lib_timer.o(i.T16Nx_GetTOP1), (8 bytes).
    Removing lib_timer.o(i.T16Nx_MAT0Out0Config), (24 bytes).
    Removing lib_timer.o(i.T16Nx_MAT1ITConfig), (24 bytes).
    Removing lib_timer.o(i.T16Nx_MAT1Out0Config), (24 bytes).
    Removing lib_timer.o(i.T16Nx_MAT2ITConfig), (24 bytes).
    Removing lib_timer.o(i.T16Nx_MAT2Out1Config), (24 bytes).
    Removing lib_timer.o(i.T16Nx_MAT3ITConfig), (24 bytes).
    Removing lib_timer.o(i.T16Nx_MAT3Out1Config), (24 bytes).
    Removing lib_timer.o(i.T16Nx_PMWOutInit), (110 bytes).
    Removing lib_timer.o(i.T16Nx_PTR_Config), (20 bytes).
    Removing lib_timer.o(i.T16Nx_PWMBK_Config), (116 bytes).
    Removing lib_timer.o(i.T16Nx_PWMPDZ_Config), (16 bytes).
    Removing lib_timer.o(i.T16Nx_ResetPWMBKF), (14 bytes).
    Removing lib_timer.o(i.T16Nx_SetCNT1), (36 bytes).
    Removing lib_timer.o(i.T16Nx_SetMAT1), (14 bytes).
    Removing lib_timer.o(i.T16Nx_SetMAT2), (14 bytes).
    Removing lib_timer.o(i.T16Nx_SetMAT3), (14 bytes).
    Removing lib_timer.o(i.T16Nx_SetPRECNT), (36 bytes).
    Removing lib_timer.o(i.T16Nx_SetPREMAT), (16 bytes).
    Removing lib_timer.o(i.T16Nx_SetTOP0), (14 bytes).
    Removing lib_timer.o(i.T16Nx_SetTOP1), (14 bytes).
    Removing lib_timer.o(i.T32Nx_BaseInit), (92 bytes).
    Removing lib_timer.o(i.T32Nx_CapInit), (132 bytes).
    Removing lib_timer.o(i.T32Nx_ClearITPendingBit), (4 bytes).
    Removing lib_timer.o(i.T32Nx_Disable), (10 bytes).
    Removing lib_timer.o(i.T32Nx_Enable), (12 bytes).
    Removing lib_timer.o(i.T32Nx_GetCNT), (8 bytes).
    Removing lib_timer.o(i.T32Nx_GetFlagStatus), (20 bytes).
    Removing lib_timer.o(i.T32Nx_GetMAT0), (6 bytes).
    Removing lib_timer.o(i.T32Nx_GetMAT1), (6 bytes).
    Removing lib_timer.o(i.T32Nx_GetMAT2), (6 bytes).
    Removing lib_timer.o(i.T32Nx_GetMAT3), (6 bytes).
    Removing lib_timer.o(i.T32Nx_ITConfig), (20 bytes).
    Removing lib_timer.o(i.T32Nx_MAT0ITConfig), (24 bytes).
    Removing lib_timer.o(i.T32Nx_MAT0Out0Config), (24 bytes).
    Removing lib_timer.o(i.T32Nx_MAT1ITConfig), (24 bytes).
    Removing lib_timer.o(i.T32Nx_MAT1Out0Config), (24 bytes).
    Removing lib_timer.o(i.T32Nx_MAT2ITConfig), (24 bytes).
    Removing lib_timer.o(i.T32Nx_MAT2Out1Config), (24 bytes).
    Removing lib_timer.o(i.T32Nx_MAT3ITConfig), (24 bytes).
    Removing lib_timer.o(i.T32Nx_MAT3Out1Config), (18 bytes).
    Removing lib_timer.o(i.T32Nx_PMWOutInit), (44 bytes).
    Removing lib_timer.o(i.T32Nx_SetCNT), (24 bytes).
    Removing lib_timer.o(i.T32Nx_SetMAT0), (6 bytes).
    Removing lib_timer.o(i.T32Nx_SetMAT1), (6 bytes).
    Removing lib_timer.o(i.T32Nx_SetMAT2), (6 bytes).
    Removing lib_timer.o(i.T32Nx_SetMAT3), (6 bytes).
    Removing lib_timer.o(i.T32Nx_SetPRECNT), (36 bytes).
    Removing lib_timer.o(i.T32Nx_SetPREMAT), (16 bytes).
    Removing lib_uart.o(.rev16_text), (4 bytes).
    Removing lib_uart.o(.revsh_text), (4 bytes).
    Removing lib_uart.o(i.UART_AutoBaudConfig), (36 bytes).
    Removing lib_uart.o(i.UART_BaudFreeConfig), (48 bytes).
    Removing lib_uart.o(i.UART_ClearITPendingBit), (4 bytes).
    Removing lib_uart.o(i.UART_GetFlagStatus), (16 bytes).
    Removing lib_uart.o(i.UART_GetITStatus), (16 bytes).
    Removing lib_uart.o(i.UART_GetStatus), (16 bytes).
    Removing lib_uart.o(i.UART_RecHalfWord), (6 bytes).
    Removing lib_uart.o(i.UART_RecWord), (6 bytes).
    Removing lib_uart.o(i.UART_SendByte), (6 bytes).
    Removing lib_uart.o(i.UART_SendHalfWord), (4 bytes).
    Removing lib_uart.o(i.UART_SendWord), (4 bytes).
    Removing lib_wdt.o(.rev16_text), (4 bytes).
    Removing lib_wdt.o(.revsh_text), (4 bytes).
    Removing lib_wdt.o(i.WDT_GetFlagStatus), (24 bytes).
    Removing lib_wdt.o(i.WDT_GetValue), (12 bytes).
    Removing lib_wdt.o(i.WDT_SetReloadValue), (12 bytes).
    Removing main.o(.rev16_text), (4 bytes).
    Removing main.o(.revsh_text), (4 bytes).
    Removing main.o(i.read_All_Flash), (44 bytes).
    Removing main.o(i.write_All_Flash), (72 bytes).
    Removing my_systick.o(.rev16_text), (4 bytes).
    Removing my_systick.o(.revsh_text), (4 bytes).
    Removing msgbuild.o(.rev16_text), (4 bytes).
    Removing msgbuild.o(.revsh_text), (4 bytes).
    Removing msgbuild.o(i.Close_Water), (2 bytes).
    Removing msgbuild.o(i.Get_Valve_Status), (4 bytes).
    Removing msgbuild.o(i.Open_Water), (2 bytes).
    Removing msgbuild.o(i.Type_Flow), (24 bytes).
    Removing msgbuild.o(i.Type_Time), (24 bytes).
    Removing tds.o(.rev16_text), (4 bytes).
    Removing tds.o(.revsh_text), (4 bytes).
    Removing tds.o(i.getFre1), (56 bytes).
    Removing tds.o(i.start_counter), (52 bytes).
    Removing uart.o(.rev16_text), (4 bytes).
    Removing uart.o(.revsh_text), (4 bytes).
    Removing uart.o(i.UART0Put_str), (72 bytes).
    Removing sim800c.o(.rev16_text), (4 bytes).
    Removing sim800c.o(.revsh_text), (4 bytes).
    Removing system_hr8p506_1.o(.rev16_text), (4 bytes).
    Removing system_hr8p506_1.o(.revsh_text), (4 bytes).

284 unused section(s) (total 15296 bytes) removed from the image.

==============================================================================

Image Symbol Table

    Local Symbols

    Symbol Name                              Value     Ov Type        Size  Object(Section)

    RESET                                    0x00000000   Section      192  startup_hr8p506.o(RESET)
    ../clib/angel/boardlib.s                 0x00000000   Number         0  boardinit1.o ABSOLUTE
    ../clib/angel/boardlib.s                 0x00000000   Number         0  boardinit2.o ABSOLUTE
    ../clib/angel/boardlib.s                 0x00000000   Number         0  boardinit3.o ABSOLUTE
    ../clib/angel/boardlib.s                 0x00000000   Number         0  boardshut.o ABSOLUTE
    ../clib/angel/handlers.s                 0x00000000   Number         0  __scatter_zi.o ABSOLUTE
    ../clib/angel/handlers.s                 0x00000000   Number         0  __scatter_copy.o ABSOLUTE
    ../clib/angel/kernel.s                   0x00000000   Number         0  rtexit2.o ABSOLUTE
    ../clib/angel/kernel.s                   0x00000000   Number         0  __rtentry2.o ABSOLUTE
    ../clib/angel/kernel.s                   0x00000000   Number         0  __rtentry4.o ABSOLUTE
    ../clib/angel/kernel.s                   0x00000000   Number         0  __rtentry.o ABSOLUTE
    ../clib/angel/kernel.s                   0x00000000   Number         0  rtexit.o ABSOLUTE
    ../clib/angel/rt.s                       0x00000000   Number         0  rt_div0.o ABSOLUTE
    ../clib/angel/rt.s                       0x00000000   Number         0  aeabi_idiv0.o ABSOLUTE
    ../clib/angel/rt.s                       0x00000000   Number         0  aeabi_idiv0_sigfpe.o ABSOLUTE
    ../clib/angel/rt.s                       0x00000000   Number         0  rt_raise.o ABSOLUTE
    ../clib/angel/scatterp.s                 0x00000000   Number         0  __scatter.o ABSOLUTE
    ../clib/angel/startup.s                  0x00000000   Number         0  __main.o ABSOLUTE
    ../clib/angel/sys.s                      0x00000000   Number         0  use_no_semi.o ABSOLUTE
    ../clib/angel/sys.s                      0x00000000   Number         0  indicate_semi.o ABSOLUTE
    ../clib/angel/sys.s                      0x00000000   Number         0  libspace.o ABSOLUTE
    ../clib/angel/sys.s                      0x00000000   Number         0  tempstk.o ABSOLUTE
    ../clib/angel/sys.s                      0x00000000   Number         0  sys_stackheap_outer.o ABSOLUTE
    ../clib/angel/sysapp.c                   0x00000000   Number         0  sys_command.o ABSOLUTE
    ../clib/angel/sysapp.c                   0x00000000   Number         0  sys_wrch.o ABSOLUTE
    ../clib/angel/sysapp.c                   0x00000000   Number         0  sys_exit.o ABSOLUTE
    ../clib/armsys.c                         0x00000000   Number         0  argv_veneer.o ABSOLUTE
    ../clib/armsys.c                         0x00000000   Number         0  _get_argv_nomalloc.o ABSOLUTE
    ../clib/armsys.c                         0x00000000   Number         0  no_argv.o ABSOLUTE
    ../clib/division.c                       0x00000000   Number         0  rtudiv10.o ABSOLUTE
    ../clib/division.s                       0x00000000   Number         0  aeabi_sdiv.o ABSOLUTE
    ../clib/division.s                       0x00000000   Number         0  aeabi_sdiv_div0.o ABSOLUTE
    ../clib/heapalloc.c                      0x00000000   Number         0  hrguard.o ABSOLUTE
    ../clib/heapaux.c                        0x00000000   Number         0  heapauxi.o ABSOLUTE
    ../clib/libinit.s                        0x00000000   Number         0  libshutdown.o ABSOLUTE
    ../clib/libinit.s                        0x00000000   Number         0  libinit.o ABSOLUTE
    ../clib/libinit.s                        0x00000000   Number         0  libshutdown2.o ABSOLUTE
    ../clib/libinit.s                        0x00000000   Number         0  libinit2.o ABSOLUTE
    ../clib/misc.s                           0x00000000   Number         0  printf_stubs.o ABSOLUTE
    ../clib/printf.c                         0x00000000   Number         0  __printf_nopercent.o ABSOLUTE
    ../clib/printf.c                         0x00000000   Number         0  _printf_char.o ABSOLUTE
    ../clib/printf.c                         0x00000000   Number         0  _printf_char_common.o ABSOLUTE
    ../clib/printf.c                         0x00000000   Number         0  _printf_intcommon.o ABSOLUTE
    ../clib/printf.c                         0x00000000   Number         0  __2sprintf.o ABSOLUTE
    ../clib/printf.c                         0x00000000   Number         0  __printf.o ABSOLUTE
    ../clib/printf.c                         0x00000000   Number         0  _printf_pad.o ABSOLUTE
    ../clib/printf.c                         0x00000000   Number         0  _printf_str.o ABSOLUTE
    ../clib/printf.c                         0x00000000   Number         0  _sputc.o ABSOLUTE
    ../clib/printf.c                         0x00000000   Number         0  _printf_dec.o ABSOLUTE
    ../clib/printf.c                         0x00000000   Number         0  __printf_ss.o ABSOLUTE
    ../clib/printf.c                         0x00000000   Number         0  __printf_flags_ss_wp.o ABSOLUTE
    ../clib/printf.c                         0x00000000   Number         0  __printf_flags_ss.o ABSOLUTE
    ../clib/printf.c                         0x00000000   Number         0  __printf_wp.o ABSOLUTE
    ../clib/printf.c                         0x00000000   Number         0  __printf_flags_wp.o ABSOLUTE
    ../clib/printf.c                         0x00000000   Number         0  __printf_ss_wp.o ABSOLUTE
    ../clib/printf.c                         0x00000000   Number         0  __printf_flags.o ABSOLUTE
    ../clib/printf.c                         0x00000000   Number         0  noretval__2sprintf.o ABSOLUTE
    ../clib/printf_percent.s                 0x00000000   Number         0  _printf_percent.o ABSOLUTE
    ../clib/printf_percent.s                 0x00000000   Number         0  _printf_u.o ABSOLUTE
    ../clib/printf_percent.s                 0x00000000   Number         0  _printf_percent_end.o ABSOLUTE
    ../clib/printf_percent.s                 0x00000000   Number         0  _printf_c.o ABSOLUTE
    ../clib/printf_percent.s                 0x00000000   Number         0  _printf_s.o ABSOLUTE
    ../clib/signal.c                         0x00000000   Number         0  defsig_rtmem_inner.o ABSOLUTE
    ../clib/signal.c                         0x00000000   Number         0  defsig_fpe_formal.o ABSOLUTE
    ../clib/signal.c                         0x00000000   Number         0  defsig_segv_inner.o ABSOLUTE
    ../clib/signal.c                         0x00000000   Number         0  defsig_rtmem_outer.o ABSOLUTE
    ../clib/signal.c                         0x00000000   Number         0  defsig_rtmem_formal.o ABSOLUTE
    ../clib/signal.c                         0x00000000   Number         0  defsig_stak_inner.o ABSOLUTE
    ../clib/signal.c                         0x00000000   Number         0  defsig_exit.o ABSOLUTE
    ../clib/signal.c                         0x00000000   Number         0  defsig_other.o ABSOLUTE
    ../clib/signal.c                         0x00000000   Number         0  defsig_fpe_inner.o ABSOLUTE
    ../clib/signal.c                         0x00000000   Number         0  defsig_fpe_outer.o ABSOLUTE
    ../clib/signal.c                         0x00000000   Number         0  defsig_general.o ABSOLUTE
    ../clib/signal.c                         0x00000000   Number         0  defsig_pvfn_inner.o ABSOLUTE
    ../clib/signal.c                         0x00000000   Number         0  __raise.o ABSOLUTE
    ../clib/signal.c                         0x00000000   Number         0  defsig_cppl_inner.o ABSOLUTE
    ../clib/signal.c                         0x00000000   Number         0  defsig_abrt_inner.o ABSOLUTE
    ../clib/signal.c                         0x00000000   Number         0  defsig_rtred_inner.o ABSOLUTE
    ../clib/signal.s                         0x00000000   Number         0  defsig.o ABSOLUTE
    ../clib/stdlib.c                         0x00000000   Number         0  exit.o ABSOLUTE
    ../clib/string.c                         0x00000000   Number         0  strcat.o ABSOLUTE
    ../clib/string.c                         0x00000000   Number         0  strstr.o ABSOLUTE
    ../fplib/cfplib/cmpret.c                 0x00000000   Number         0  cmpret.o ABSOLUTE
    ../fplib/cfplib/d2f.c                    0x00000000   Number         0  d2f.o ABSOLUTE
    ../fplib/cfplib/dcmpin.c                 0x00000000   Number         0  dcmpin.o ABSOLUTE
    ../fplib/cfplib/f2d.c                    0x00000000   Number         0  f2d.o ABSOLUTE
    ../fplib/cfplib/fdiv.c                   0x00000000   Number         0  fdiv.o ABSOLUTE
    ../fplib/cfplib/ffix.c                   0x00000000   Number         0  ffixui.o ABSOLUTE
    ../fplib/cfplib/fflt.c                   0x00000000   Number         0  fflti.o ABSOLUTE
    ../fplib/cfplib/fpinit.c                 0x00000000   Number         0  fpinit.o ABSOLUTE
    ../fplib/cfplib/nan2.c                   0x00000000   Number         0  dnan2.o ABSOLUTE
    ../fplib/cfplib/retnan.c                 0x00000000   Number         0  retnan.o ABSOLUTE
    ../fplib/dleqf6m.s                       0x00000000   Number         0  dlef.o ABSOLUTE
    ../fplib/fmul6m.s                        0x00000000   Number         0  fmul.o ABSOLUTE
    ../fplib/usenofp.s                       0x00000000   Number         0  usenofp.o ABSOLUTE
    ..\CMSIS\system_HR8P506.c                0x00000000   Number         0  system_hr8p506_1.o ABSOLUTE
    ..\Hardware\GSM\sim800c.c                0x00000000   Number         0  sim800c.o ABSOLUTE
    ..\Hardware\TDS\tds.c                    0x00000000   Number         0  tds.o ABSOLUTE
    ..\Hardware\Uart\uart.c                  0x00000000   Number         0  uart.o ABSOLUTE
    ..\Library\Source\hr8p506_iap_table.c    0x00000000   Number         0  hr8p506_iap_table.o ABSOLUTE
    ..\Library\Source\lib_adc.c              0x00000000   Number         0  lib_adc.o ABSOLUTE
    ..\Library\Source\lib_euart.c            0x00000000   Number         0  lib_euart.o ABSOLUTE
    ..\Library\Source\lib_flashiap.c         0x00000000   Number         0  lib_flashiap.o ABSOLUTE
    ..\Library\Source\lib_gpio.c             0x00000000   Number         0  lib_gpio.o ABSOLUTE
    ..\Library\Source\lib_iic.c              0x00000000   Number         0  lib_iic.o ABSOLUTE
    ..\Library\Source\lib_lcd.c              0x00000000   Number         0  lib_lcd.o ABSOLUTE
    ..\Library\Source\lib_led.c              0x00000000   Number         0  lib_led.o ABSOLUTE
    ..\Library\Source\lib_printf.c           0x00000000   Number         0  lib_printf.o ABSOLUTE
    ..\Library\Source\lib_rtc.c              0x00000000   Number         0  lib_rtc.o ABSOLUTE
    ..\Library\Source\lib_scs.c              0x00000000   Number         0  lib_scs.o ABSOLUTE
    ..\Library\Source\lib_scu.c              0x00000000   Number         0  lib_scu.o ABSOLUTE
    ..\Library\Source\lib_spi.c              0x00000000   Number         0  lib_spi.o ABSOLUTE
    ..\Library\Source\lib_timer.c            0x00000000   Number         0  lib_timer.o ABSOLUTE
    ..\Library\Source\lib_uart.c             0x00000000   Number         0  lib_uart.o ABSOLUTE
    ..\Library\Source\lib_wdt.c              0x00000000   Number         0  lib_wdt.o ABSOLUTE
    ..\StartUp\startup_HR8P506.s             0x00000000   Number         0  startup_hr8p506.o ABSOLUTE
    ..\User\main.c                           0x00000000   Number         0  main.o ABSOLUTE
    ..\User\msgbuild.c                       0x00000000   Number         0  msgbuild.o ABSOLUTE
    ..\User\my_systick.c                     0x00000000   Number         0  my_systick.o ABSOLUTE
    ..\\CMSIS\\system_HR8P506.c              0x00000000   Number         0  system_hr8p506_1.o ABSOLUTE
    ..\\Hardware\\GSM\\sim800c.c             0x00000000   Number         0  sim800c.o ABSOLUTE
    ..\\Hardware\\TDS\\tds.c                 0x00000000   Number         0  tds.o ABSOLUTE
    ..\\Hardware\\Uart\\uart.c               0x00000000   Number         0  uart.o ABSOLUTE
    ..\\Library\\Source\\hr8p506_iap_table.c 0x00000000   Number         0  hr8p506_iap_table.o ABSOLUTE
    ..\\Library\\Source\\lib_adc.c           0x00000000   Number         0  lib_adc.o ABSOLUTE
    ..\\Library\\Source\\lib_euart.c         0x00000000   Number         0  lib_euart.o ABSOLUTE
    ..\\Library\\Source\\lib_flashiap.c      0x00000000   Number         0  lib_flashiap.o ABSOLUTE
    ..\\Library\\Source\\lib_gpio.c          0x00000000   Number         0  lib_gpio.o ABSOLUTE
    ..\\Library\\Source\\lib_iic.c           0x00000000   Number         0  lib_iic.o ABSOLUTE
    ..\\Library\\Source\\lib_lcd.c           0x00000000   Number         0  lib_lcd.o ABSOLUTE
    ..\\Library\\Source\\lib_led.c           0x00000000   Number         0  lib_led.o ABSOLUTE
    ..\\Library\\Source\\lib_printf.c        0x00000000   Number         0  lib_printf.o ABSOLUTE
    ..\\Library\\Source\\lib_rtc.c           0x00000000   Number         0  lib_rtc.o ABSOLUTE
    ..\\Library\\Source\\lib_scs.c           0x00000000   Number         0  lib_scs.o ABSOLUTE
    ..\\Library\\Source\\lib_scu.c           0x00000000   Number         0  lib_scu.o ABSOLUTE
    ..\\Library\\Source\\lib_spi.c           0x00000000   Number         0  lib_spi.o ABSOLUTE
    ..\\Library\\Source\\lib_timer.c         0x00000000   Number         0  lib_timer.o ABSOLUTE
    ..\\Library\\Source\\lib_uart.c          0x00000000   Number         0  lib_uart.o ABSOLUTE
    ..\\Library\\Source\\lib_wdt.c           0x00000000   Number         0  lib_wdt.o ABSOLUTE
    ..\\User\\main.c                         0x00000000   Number         0  main.o ABSOLUTE
    ..\\User\\msgbuild.c                     0x00000000   Number         0  msgbuild.o ABSOLUTE
    ..\\User\\my_systick.c                   0x00000000   Number         0  my_systick.o ABSOLUTE
    dc.s                                     0x00000000   Number         0  dc.o ABSOLUTE
    !!!main                                  0x000000c0   Section        8  __main.o(!!!main)
    !!!scatter                               0x000000c8   Section       60  __scatter.o(!!!scatter)
    !!handler_copy                           0x00000104   Section       26  __scatter_copy.o(!!handler_copy)
    !!handler_zi                             0x00000120   Section       28  __scatter_zi.o(!!handler_zi)
    .ARM.Collect$$_printf_percent$$00000000  0x0000013c   Section        2  _printf_percent.o(.ARM.Collect$$_printf_percent$$00000000)
    .ARM.Collect$$_printf_percent$$0000000A  0x0000013e   Section       10  _printf_u.o(.ARM.Collect$$_printf_percent$$0000000A)
    .ARM.Collect$$_printf_percent$$00000013  0x00000148   Section       10  _printf_c.o(.ARM.Collect$$_printf_percent$$00000013)
    .ARM.Collect$$_printf_percent$$00000014  0x00000152   Section       10  _printf_s.o(.ARM.Collect$$_printf_percent$$00000014)
    .ARM.Collect$$_printf_percent$$00000017  0x0000015c   Section        4  _printf_percent_end.o(.ARM.Collect$$_printf_percent$$00000017)
    .ARM.Collect$$libinit$$00000000          0x00000160   Section        2  libinit.o(.ARM.Collect$$libinit$$00000000)
    .ARM.Collect$$libinit$$00000002          0x00000162   Section        0  libinit2.o(.ARM.Collect$$libinit$$00000002)
    .ARM.Collect$$libinit$$00000004          0x00000162   Section        0  libinit2.o(.ARM.Collect$$libinit$$00000004)
    .ARM.Collect$$libinit$$0000000A          0x00000162   Section        0  libinit2.o(.ARM.Collect$$libinit$$0000000A)
    .ARM.Collect$$libinit$$0000000C          0x00000162   Section        0  libinit2.o(.ARM.Collect$$libinit$$0000000C)
    .ARM.Collect$$libinit$$0000000E          0x00000162   Section        0  libinit2.o(.ARM.Collect$$libinit$$0000000E)
    .ARM.Collect$$libinit$$00000011          0x00000162   Section        0  libinit2.o(.ARM.Collect$$libinit$$00000011)
    .ARM.Collect$$libinit$$00000013          0x00000162   Section        0  libinit2.o(.ARM.Collect$$libinit$$00000013)
    .ARM.Collect$$libinit$$00000015          0x00000162   Section        0  libinit2.o(.ARM.Collect$$libinit$$00000015)
    .ARM.Collect$$libinit$$00000017          0x00000162   Section        0  libinit2.o(.ARM.Collect$$libinit$$00000017)
    .ARM.Collect$$libinit$$00000019          0x00000162   Section        0  libinit2.o(.ARM.Collect$$libinit$$00000019)
    .ARM.Collect$$libinit$$0000001B          0x00000162   Section        0  libinit2.o(.ARM.Collect$$libinit$$0000001B)
    .ARM.Collect$$libinit$$0000001D          0x00000162   Section        0  libinit2.o(.ARM.Collect$$libinit$$0000001D)
    .ARM.Collect$$libinit$$0000001F          0x00000162   Section        0  libinit2.o(.ARM.Collect$$libinit$$0000001F)
    .ARM.Collect$$libinit$$00000021          0x00000162   Section        0  libinit2.o(.ARM.Collect$$libinit$$00000021)
    .ARM.Collect$$libinit$$00000023          0x00000162   Section        0  libinit2.o(.ARM.Collect$$libinit$$00000023)
    .ARM.Collect$$libinit$$00000025          0x00000162   Section        0  libinit2.o(.ARM.Collect$$libinit$$00000025)
    .ARM.Collect$$libinit$$0000002C          0x00000162   Section        0  libinit2.o(.ARM.Collect$$libinit$$0000002C)
    .ARM.Collect$$libinit$$0000002E          0x00000162   Section        0  libinit2.o(.ARM.Collect$$libinit$$0000002E)
    .ARM.Collect$$libinit$$00000030          0x00000162   Section        0  libinit2.o(.ARM.Collect$$libinit$$00000030)
    .ARM.Collect$$libinit$$00000032          0x00000162   Section        0  libinit2.o(.ARM.Collect$$libinit$$00000032)
    .ARM.Collect$$libinit$$00000033          0x00000162   Section        2  libinit2.o(.ARM.Collect$$libinit$$00000033)
    .ARM.Collect$$libshutdown$$00000000      0x00000164   Section        2  libshutdown.o(.ARM.Collect$$libshutdown$$00000000)
    .ARM.Collect$$libshutdown$$00000002      0x00000166   Section        0  libshutdown2.o(.ARM.Collect$$libshutdown$$00000002)
    .ARM.Collect$$libshutdown$$00000004      0x00000166   Section        0  libshutdown2.o(.ARM.Collect$$libshutdown$$00000004)
    .ARM.Collect$$libshutdown$$00000007      0x00000166   Section        0  libshutdown2.o(.ARM.Collect$$libshutdown$$00000007)
    .ARM.Collect$$libshutdown$$0000000A      0x00000166   Section        0  libshutdown2.o(.ARM.Collect$$libshutdown$$0000000A)
    .ARM.Collect$$libshutdown$$0000000C      0x00000166   Section        0  libshutdown2.o(.ARM.Collect$$libshutdown$$0000000C)
    .ARM.Collect$$libshutdown$$0000000F      0x00000166   Section        0  libshutdown2.o(.ARM.Collect$$libshutdown$$0000000F)
    .ARM.Collect$$libshutdown$$00000010      0x00000166   Section        2  libshutdown2.o(.ARM.Collect$$libshutdown$$00000010)
    .ARM.Collect$$rtentry$$00000000          0x00000168   Section        0  __rtentry.o(.ARM.Collect$$rtentry$$00000000)
    .ARM.Collect$$rtentry$$00000002          0x00000168   Section        0  __rtentry2.o(.ARM.Collect$$rtentry$$00000002)
    .ARM.Collect$$rtentry$$00000004          0x00000168   Section        6  __rtentry4.o(.ARM.Collect$$rtentry$$00000004)
    .ARM.Collect$$rtentry$$00000009          0x0000016e   Section        0  __rtentry2.o(.ARM.Collect$$rtentry$$00000009)
    .ARM.Collect$$rtentry$$0000000A          0x0000016e   Section        4  __rtentry2.o(.ARM.Collect$$rtentry$$0000000A)
    .ARM.Collect$$rtentry$$0000000C          0x00000172   Section        0  __rtentry2.o(.ARM.Collect$$rtentry$$0000000C)
    .ARM.Collect$$rtentry$$0000000D          0x00000172   Section        8  __rtentry2.o(.ARM.Collect$$rtentry$$0000000D)
    .ARM.Collect$$rtexit$$00000000           0x0000017a   Section        2  rtexit.o(.ARM.Collect$$rtexit$$00000000)
    .ARM.Collect$$rtexit$$00000002           0x0000017c   Section        0  rtexit2.o(.ARM.Collect$$rtexit$$00000002)
    .ARM.Collect$$rtexit$$00000003           0x0000017c   Section        4  rtexit2.o(.ARM.Collect$$rtexit$$00000003)
    .ARM.Collect$$rtexit$$00000004           0x00000180   Section        6  rtexit2.o(.ARM.Collect$$rtexit$$00000004)
    .text                                    0x00000188   Section      232  startup_hr8p506.o(.text)
    .text                                    0x00000270   Section        0  __2sprintf.o(.text)
    .text                                    0x0000029c   Section        0  _printf_pad.o(.text)
    .text                                    0x000002ea   Section        0  _printf_str.o(.text)
    .text                                    0x0000033c   Section        0  _printf_dec.o(.text)
    .text                                    0x000003a8   Section        0  __printf_flags_wp.o(.text)
    .text                                    0x000004e0   Section        0  strstr.o(.text)
    .text                                    0x00000508   Section        0  strcat.o(.text)
    .text                                    0x00000520   Section      346  aeabi_sdiv.o(.text)
    .text                                    0x0000067a   Section        0  heapauxi.o(.text)
    .text                                    0x00000680   Section        0  d2f.o(.text)
    .text                                    0x000006fc   Section        0  f2d.o(.text)
    .text                                    0x00000750   Section        0  fdiv.o(.text)
    .text                                    0x000008b0   Section        0  ffixui.o(.text)
    .text                                    0x000008e0   Section        0  fflti.o(.text)
    .text                                    0x0000093e   Section        0  _printf_intcommon.o(.text)
    .text                                    0x000009f0   Section        0  _printf_char_common.o(.text)
    _printf_input_char                       0x000009f1   Thumb Code    10  _printf_char_common.o(.text)
    .text                                    0x00000a20   Section        0  _sputc.o(.text)
    .text                                    0x00000a2a   Section        0  _printf_char.o(.text)
    .text                                    0x00000a58   Section        0  rtudiv10.o(.text)
    .text                                    0x00000a80   Section        0  dcmpin.o(.text)
    .text                                    0x00000b10   Section        0  cmpret.o(.text)
    .text                                    0x00000b40   Section        0  dnan2.o(.text)
    .text                                    0x00000b54   Section       62  sys_stackheap_outer.o(.text)
    .text                                    0x00000b92   Section        0  exit.o(.text)
    .text                                    0x00000ba2   Section        0  retnan.o(.text)
    .text                                    0x00000c00   Section        8  libspace.o(.text)
    .text                                    0x00000c08   Section        0  sys_exit.o(.text)
    .text                                    0x00000c14   Section        2  use_no_semi.o(.text)
    .text                                    0x00000c16   Section        0  indicate_semi.o(.text)
    i.GPIO_GetNormalBitOffsetFromPin         0x00000c16   Section        0  lib_gpio.o(i.GPIO_GetNormalBitOffsetFromPin)
    i.GPIO_Init                              0x00000d10   Section        0  lib_gpio.o(i.GPIO_Init)
    i.GPIO_SetDSRegFromPin                   0x00000d78   Section        0  lib_gpio.o(i.GPIO_SetDSRegFromPin)
    i.GPIO_SetDirRegFromPin                  0x00000de0   Section        0  lib_gpio.o(i.GPIO_SetDirRegFromPin)
    i.GPIO_SetFuncxRegFromPin                0x00000e2c   Section        0  lib_gpio.o(i.GPIO_SetFuncxRegFromPin)
    i.GPIO_SetODERegFromPin                  0x000013a4   Section        0  lib_gpio.o(i.GPIO_SetODERegFromPin)
    i.GPIO_SetPDERegFromPin                  0x0000140c   Section        0  lib_gpio.o(i.GPIO_SetPDERegFromPin)
    i.GPIO_SetPUERegFromPin                  0x00001474   Section        0  lib_gpio.o(i.GPIO_SetPUERegFromPin)
    i.GPIO_SetSingalTypeFromPin              0x000014dc   Section        0  lib_gpio.o(i.GPIO_SetSingalTypeFromPin)
    i.GSM_TCPC_INIT                          0x00001544   Section        0  sim800c.o(i.GSM_TCPC_INIT)
    i.GSM_TCP_Connect                        0x00001564   Section        0  sim800c.o(i.GSM_TCP_Connect)
    i.HardWare_Init                          0x00001680   Section        0  main.o(i.HardWare_Init)
    i.IAP_Unlock                             0x00001694   Section        0  lib_flashiap.o(i.IAP_Unlock)
    i.IAP_WriteCont                          0x000016e8   Section        0  lib_flashiap.o(i.IAP_WriteCont)
    i.IAP_WriteEnd                           0x00001788   Section        0  lib_flashiap.o(i.IAP_WriteEnd)
    i.IAP_WriteWord                          0x000017cc   Section        0  lib_flashiap.o(i.IAP_WriteWord)
    i.MSG_Build                              0x00001818   Section        0  msgbuild.o(i.MSG_Build)
    i.MSG_Deal                               0x00001928   Section        0  msgbuild.o(i.MSG_Deal)
    i.NVIC_Init                              0x00001b44   Section        0  lib_scs.o(i.NVIC_Init)
    i.PLLClock_Config                        0x00001ba8   Section        0  lib_scu.o(i.PLLClock_Config)
    i.SCU_SysClkSelect                       0x00001d58   Section        0  lib_scu.o(i.SCU_SysClkSelect)
    i.Save_To_EPROM                          0x00001d84   Section        0  lib_flashiap.o(i.Save_To_EPROM)
    i.SysTick_IRQHandler                     0x00001dc8   Section        0  my_systick.o(i.SysTick_IRQHandler)
    i.SysTick_Init                           0x00001e4c   Section        0  lib_scs.o(i.SysTick_Init)
    i.SystemInit                             0x00001e8c   Section        0  system_hr8p506_1.o(i.SystemInit)
    i.T16N0_IRQHandler                       0x00001ef0   Section        0  tds.o(i.T16N0_IRQHandler)
    i.T16N1_IRQHandler                       0x00001f00   Section        0  tds.o(i.T16N1_IRQHandler)
    i.T16N2_IRQHandler                       0x00001f10   Section        0  tds.o(i.T16N2_IRQHandler)
    i.T16Nx_BaseInit                         0x00001f3c   Section        0  lib_timer.o(i.T16Nx_BaseInit)
    i.T16Nx_Disable                          0x00001f98   Section        0  lib_timer.o(i.T16Nx_Disable)
    i.T16Nx_ITConfig                         0x00001fa2   Section        0  lib_timer.o(i.T16Nx_ITConfig)
    i.T16Nx_MAT0ITConfig                     0x00001fb6   Section        0  lib_timer.o(i.T16Nx_MAT0ITConfig)
    i.T16Nx_SetCNT0                          0x00001fce   Section        0  lib_timer.o(i.T16Nx_SetCNT0)
    i.T16Nx_SetMAT0                          0x00001ff2   Section        0  lib_timer.o(i.T16Nx_SetMAT0)
    i.TCP_Recieve                            0x00002000   Section        0  sim800c.o(i.TCP_Recieve)
    i.UART0GetFun                            0x00002078   Section        0  uart.o(i.UART0GetFun)
    i.UART0GetStr                            0x000020c0   Section        0  uart.o(i.UART0GetStr)
    i.UART0Getch                             0x00002114   Section        0  uart.o(i.UART0Getch)
    i.UART0Init                              0x00002128   Section        0  uart.o(i.UART0Init)
    i.UART0Putch                             0x000021c0   Section        0  uart.o(i.UART0Putch)
    i.UART0Write_Str                         0x000021dc   Section        0  uart.o(i.UART0Write_Str)
    i.UART0_IRQHandler                       0x00002220   Section        0  uart.o(i.UART0_IRQHandler)
    i.UART_ITConfig                          0x00002222   Section        0  lib_uart.o(i.UART_ITConfig)
    i.UART_Init                              0x00002238   Section        0  lib_uart.o(i.UART_Init)
    i.UART_RBIMConfig                        0x000023a0   Section        0  lib_uart.o(i.UART_RBIMConfig)
    i.UART_RecByte                           0x000023b4   Section        0  lib_uart.o(i.UART_RecByte)
    i.UART_TBIMConfig                        0x000023bc   Section        0  lib_uart.o(i.UART_TBIMConfig)
    i.WDT_Init                               0x000023cc   Section        0  lib_wdt.o(i.WDT_Init)
    i.__ARM_common_switch8                   0x0000243c   Section        0  lib_gpio.o(i.__ARM_common_switch8)
    i.__set_PRIMASK                          0x00002458   Section        0  lib_flashiap.o(i.__set_PRIMASK)
    __set_PRIMASK                            0x00002459   Thumb Code     6  lib_flashiap.o(i.__set_PRIMASK)
    i._is_digit                              0x0000245e   Section        0  __printf_wp.o(i._is_digit)
    i.check_ststus                           0x0000246c   Section        0  uart.o(i.check_ststus)
    i.deal_string                            0x000024b8   Section        0  uart.o(i.deal_string)
    i.delay_nms                              0x00002540   Section        0  my_systick.o(i.delay_nms)
    i.getTDS                                 0x00002554   Section        0  tds.o(i.getTDS)
    i.get_IMEI                               0x00002564   Section        0  sim800c.o(i.get_IMEI)
    i.main                                   0x000025e8   Section        0  main.o(i.main)
    i.reset                                  0x00002638   Section        0  main.o(i.reset)
    i.sim800c_init                           0x00002698   Section        0  sim800c.o(i.sim800c_init)
    i.tds_Init                               0x00002798   Section        0  tds.o(i.tds_Init)
    i.timer_Init                             0x0000285c   Section        0  tds.o(i.timer_Init)
    x$fpl$dleqf                              0x000028b0   Section      100  dlef.o(x$fpl$dleqf)
    x$fpl$fmul                               0x00002914   Section      176  fmul.o(x$fpl$fmul)
    .constdata                               0x000029c4   Section       17  __printf_flags_wp.o(.constdata)
    x$fpl$usenofp                            0x000029c4   Section        0  usenofp.o(x$fpl$usenofp)
    maptable                                 0x000029c4   Data          17  __printf_flags_wp.o(.constdata)
    .constdata                               0x000029d5   Section       64  fdiv.o(.constdata)
    fdiv_tab                                 0x000029d5   Data          64  fdiv.o(.constdata)
    .data                                    0x20000000   Section       16  my_systick.o(.data)
    temp                                     0x20000004   Data           4  my_systick.o(.data)
    count                                    0x20000008   Data           4  my_systick.o(.data)
    rt                                       0x2000000c   Data           4  my_systick.o(.data)
    .data                                    0x20000010   Section        9  tds.o(.data)
    .data                                    0x2000001c   Section      212  sim800c.o(.data)
    err_count                                0x200000ec   Data           4  sim800c.o(.data)
    .data                                    0x200000f0   Section        4  system_hr8p506_1.o(.data)
    .bss                                     0x200000f4   Section       92  main.o(.bss)
    .bss                                     0x20000150   Section       96  libspace.o(.bss)
    HEAP                                     0x200001b0   Section        0  startup_hr8p506.o(HEAP)
    STACK                                    0x200001b0   Section     1024  startup_hr8p506.o(STACK)
    Heap_Mem                                 0x200001b0   Data           0  startup_hr8p506.o(HEAP)
    Stack_Mem                                0x200001b0   Data        1024  startup_hr8p506.o(STACK)
    __initial_sp                             0x200005b0   Data           0  startup_hr8p506.o(STACK)

    Global Symbols

    Symbol Name                              Value     Ov Type        Size  Object(Section)

    BuildAttributes$$THM_ISAv3M$S$PE$A:L22$X:L11$S22$IEEE1$IW$USESV6$~STKCKD$USESV7$~SHL$OSPACE$ROPI$EBA8$UX$STANDARDLIB$REQ8$PRES8$EABIv2 0x00000000   Number         0  anon$$obj.o ABSOLUTE
    __ARM_use_no_argv                        0x00000000   Number         0  main.o ABSOLUTE
    __Vectors                                0x00000000   Data           4  startup_hr8p506.o(RESET)
    _printf_flags                            0x00000000   Number         0  printf_stubs.o ABSOLUTE
    _printf_return_value                     0x00000000   Number         0  printf_stubs.o ABSOLUTE
    _printf_sizespec                         0x00000000   Number         0  printf_stubs.o ABSOLUTE
    _printf_widthprec                        0x00000000   Number         0  printf_stubs.o ABSOLUTE
    __ARM_exceptions_init                     - Undefined Weak Reference
    __alloca_initialize                       - Undefined Weak Reference
    __arm_preinit_                            - Undefined Weak Reference
    __cpp_initialize__aeabi_                  - Undefined Weak Reference
    __cxa_finalize                            - Undefined Weak Reference
    __rt_locale                               - Undefined Weak Reference
    __sigvec_lookup                           - Undefined Weak Reference
    _atexit_init                              - Undefined Weak Reference
    _call_atexit_fns                          - Undefined Weak Reference
    _clock_init                               - Undefined Weak Reference
    _fp_trap_init                             - Undefined Weak Reference
    _fp_trap_shutdown                         - Undefined Weak Reference
    _get_lc_collate                           - Undefined Weak Reference
    _get_lc_ctype                             - Undefined Weak Reference
    _get_lc_monetary                          - Undefined Weak Reference
    _get_lc_numeric                           - Undefined Weak Reference
    _get_lc_time                              - Undefined Weak Reference
    _getenv_init                              - Undefined Weak Reference
    _handle_redirection                       - Undefined Weak Reference
    _init_alloc                               - Undefined Weak Reference
    _init_user_alloc                          - Undefined Weak Reference
    _initio                                   - Undefined Weak Reference
    _printf_mbtowc                            - Undefined Weak Reference
    _printf_truncate_signed                   - Undefined Weak Reference
    _printf_truncate_unsigned                 - Undefined Weak Reference
    _rand_init                                - Undefined Weak Reference
    _signal_finish                            - Undefined Weak Reference
    _signal_init                              - Undefined Weak Reference
    _terminate_alloc                          - Undefined Weak Reference
    _terminate_user_alloc                     - Undefined Weak Reference
    _terminateio                              - Undefined Weak Reference
    __main                                   0x000000c1   Thumb Code     8  __main.o(!!!main)
    __scatterload                            0x000000c9   Thumb Code     0  __scatter.o(!!!scatter)
    __scatterload_rt2                        0x000000c9   Thumb Code    52  __scatter.o(!!!scatter)
    __scatterload_rt2_thumb_only             0x000000c9   Thumb Code     0  __scatter.o(!!!scatter)
    __scatterload_null                       0x000000d9   Thumb Code     0  __scatter.o(!!!scatter)
    __scatterload_copy                       0x00000105   Thumb Code    26  __scatter_copy.o(!!handler_copy)
    __scatterload_zeroinit                   0x00000121   Thumb Code    28  __scatter_zi.o(!!handler_zi)
    _printf_percent                          0x0000013d   Thumb Code     0  _printf_percent.o(.ARM.Collect$$_printf_percent$$00000000)
    _printf_u                                0x0000013f   Thumb Code     0  _printf_u.o(.ARM.Collect$$_printf_percent$$0000000A)
    _printf_c                                0x00000149   Thumb Code     0  _printf_c.o(.ARM.Collect$$_printf_percent$$00000013)
    _printf_s                                0x00000153   Thumb Code     0  _printf_s.o(.ARM.Collect$$_printf_percent$$00000014)
    _printf_percent_end                      0x0000015d   Thumb Code     0  _printf_percent_end.o(.ARM.Collect$$_printf_percent$$00000017)
    __rt_lib_init                            0x00000161   Thumb Code     0  libinit.o(.ARM.Collect$$libinit$$00000000)
    __rt_lib_init_alloca_1                   0x00000163   Thumb Code     0  libinit2.o(.ARM.Collect$$libinit$$0000002E)
    __rt_lib_init_argv_1                     0x00000163   Thumb Code     0  libinit2.o(.ARM.Collect$$libinit$$0000002C)
    __rt_lib_init_atexit_1                   0x00000163   Thumb Code     0  libinit2.o(.ARM.Collect$$libinit$$0000001B)
    __rt_lib_init_clock_1                    0x00000163   Thumb Code     0  libinit2.o(.ARM.Collect$$libinit$$00000021)
    __rt_lib_init_cpp_1                      0x00000163   Thumb Code     0  libinit2.o(.ARM.Collect$$libinit$$00000032)
    __rt_lib_init_exceptions_1               0x00000163   Thumb Code     0  libinit2.o(.ARM.Collect$$libinit$$00000030)
    __rt_lib_init_fp_1                       0x00000163   Thumb Code     0  libinit2.o(.ARM.Collect$$libinit$$00000002)
    __rt_lib_init_fp_trap_1                  0x00000163   Thumb Code     0  libinit2.o(.ARM.Collect$$libinit$$0000001F)
    __rt_lib_init_getenv_1                   0x00000163   Thumb Code     0  libinit2.o(.ARM.Collect$$libinit$$00000023)
    __rt_lib_init_heap_1                     0x00000163   Thumb Code     0  libinit2.o(.ARM.Collect$$libinit$$0000000A)
    __rt_lib_init_lc_collate_1               0x00000163   Thumb Code     0  libinit2.o(.ARM.Collect$$libinit$$00000011)
    __rt_lib_init_lc_ctype_1                 0x00000163   Thumb Code     0  libinit2.o(.ARM.Collect$$libinit$$00000013)
    __rt_lib_init_lc_monetary_1              0x00000163   Thumb Code     0  libinit2.o(.ARM.Collect$$libinit$$00000015)
    __rt_lib_init_lc_numeric_1               0x00000163   Thumb Code     0  libinit2.o(.ARM.Collect$$libinit$$00000017)
    __rt_lib_init_lc_time_1                  0x00000163   Thumb Code     0  libinit2.o(.ARM.Collect$$libinit$$00000019)
    __rt_lib_init_preinit_1                  0x00000163   Thumb Code     0  libinit2.o(.ARM.Collect$$libinit$$00000004)
    __rt_lib_init_rand_1                     0x00000163   Thumb Code     0  libinit2.o(.ARM.Collect$$libinit$$0000000E)
    __rt_lib_init_return                     0x00000163   Thumb Code     0  libinit2.o(.ARM.Collect$$libinit$$00000033)
    __rt_lib_init_signal_1                   0x00000163   Thumb Code     0  libinit2.o(.ARM.Collect$$libinit$$0000001D)
    __rt_lib_init_stdio_1                    0x00000163   Thumb Code     0  libinit2.o(.ARM.Collect$$libinit$$00000025)
    __rt_lib_init_user_alloc_1               0x00000163   Thumb Code     0  libinit2.o(.ARM.Collect$$libinit$$0000000C)
    __rt_lib_shutdown                        0x00000165   Thumb Code     0  libshutdown.o(.ARM.Collect$$libshutdown$$00000000)
    __rt_lib_shutdown_cpp_1                  0x00000167   Thumb Code     0  libshutdown2.o(.ARM.Collect$$libshutdown$$00000002)
    __rt_lib_shutdown_fp_trap_1              0x00000167   Thumb Code     0  libshutdown2.o(.ARM.Collect$$libshutdown$$00000007)
    __rt_lib_shutdown_heap_1                 0x00000167   Thumb Code     0  libshutdown2.o(.ARM.Collect$$libshutdown$$0000000F)
    __rt_lib_shutdown_return                 0x00000167   Thumb Code     0  libshutdown2.o(.ARM.Collect$$libshutdown$$00000010)
    __rt_lib_shutdown_signal_1               0x00000167   Thumb Code     0  libshutdown2.o(.ARM.Collect$$libshutdown$$0000000A)
    __rt_lib_shutdown_stdio_1                0x00000167   Thumb Code     0  libshutdown2.o(.ARM.Collect$$libshutdown$$00000004)
    __rt_lib_shutdown_user_alloc_1           0x00000167   Thumb Code     0  libshutdown2.o(.ARM.Collect$$libshutdown$$0000000C)
    __rt_entry                               0x00000169   Thumb Code     0  __rtentry.o(.ARM.Collect$$rtentry$$00000000)
    __rt_entry_presh_1                       0x00000169   Thumb Code     0  __rtentry2.o(.ARM.Collect$$rtentry$$00000002)
    __rt_entry_sh                            0x00000169   Thumb Code     0  __rtentry4.o(.ARM.Collect$$rtentry$$00000004)
    __rt_entry_li                            0x0000016f   Thumb Code     0  __rtentry2.o(.ARM.Collect$$rtentry$$0000000A)
    __rt_entry_postsh_1                      0x0000016f   Thumb Code     0  __rtentry2.o(.ARM.Collect$$rtentry$$00000009)
    __rt_entry_main                          0x00000173   Thumb Code     0  __rtentry2.o(.ARM.Collect$$rtentry$$0000000D)
    __rt_entry_postli_1                      0x00000173   Thumb Code     0  __rtentry2.o(.ARM.Collect$$rtentry$$0000000C)
    __rt_exit                                0x0000017b   Thumb Code     0  rtexit.o(.ARM.Collect$$rtexit$$00000000)
    __rt_exit_ls                             0x0000017d   Thumb Code     0  rtexit2.o(.ARM.Collect$$rtexit$$00000003)
    __rt_exit_prels_1                        0x0000017d   Thumb Code     0  rtexit2.o(.ARM.Collect$$rtexit$$00000002)
    __rt_exit_exit                           0x00000181   Thumb Code     0  rtexit2.o(.ARM.Collect$$rtexit$$00000004)
    Reset_IRQHandler                         0x00000189   Thumb Code    12  startup_hr8p506.o(.text)
    NMI_IRQHandler                           0x00000195   Thumb Code     2  startup_hr8p506.o(.text)
    HardFault_IRQHandler                     0x00000197   Thumb Code     2  startup_hr8p506.o(.text)
    SVC_IRQHandler                           0x00000199   Thumb Code     2  startup_hr8p506.o(.text)
    PendSV_IRQHandler                        0x0000019b   Thumb Code     2  startup_hr8p506.o(.text)
    ADC_IRQHandler                           0x0000019f   Thumb Code     0  startup_hr8p506.o(.text)
    CCM_IRQHandler                           0x0000019f   Thumb Code     0  startup_hr8p506.o(.text)
    EUART0_IRQHandler                        0x0000019f   Thumb Code     0  startup_hr8p506.o(.text)
    I2C0_IRQHandler                          0x0000019f   Thumb Code     0  startup_hr8p506.o(.text)
    KINT_IRQHandler                          0x0000019f   Thumb Code     0  startup_hr8p506.o(.text)
    LVD_IRQHandler                           0x0000019f   Thumb Code     0  startup_hr8p506.o(.text)
    PINT0_IRQHandler                         0x0000019f   Thumb Code     0  startup_hr8p506.o(.text)
    PINT1_IRQHandler                         0x0000019f   Thumb Code     0  startup_hr8p506.o(.text)
    PINT2_IRQHandler                         0x0000019f   Thumb Code     0  startup_hr8p506.o(.text)
    PINT3_IRQHandler                         0x0000019f   Thumb Code     0  startup_hr8p506.o(.text)
    PINT4_IRQHandler                         0x0000019f   Thumb Code     0  startup_hr8p506.o(.text)
    PINT5_IRQHandler                         0x0000019f   Thumb Code     0  startup_hr8p506.o(.text)
    PINT6_IRQHandler                         0x0000019f   Thumb Code     0  startup_hr8p506.o(.text)
    PINT7_IRQHandler                         0x0000019f   Thumb Code     0  startup_hr8p506.o(.text)
    PLLLK_IRQHandler                         0x0000019f   Thumb Code     0  startup_hr8p506.o(.text)
    RTC_IRQHandler                           0x0000019f   Thumb Code     0  startup_hr8p506.o(.text)
    SPI0_IRQHandler                          0x0000019f   Thumb Code     0  startup_hr8p506.o(.text)
    SPI1_IRQHandler                          0x0000019f   Thumb Code     0  startup_hr8p506.o(.text)
    T16N3_IRQHandler                         0x0000019f   Thumb Code     0  startup_hr8p506.o(.text)
    T32N0_IRQHandler                         0x0000019f   Thumb Code     0  startup_hr8p506.o(.text)
    UART1_IRQHandler                         0x0000019f   Thumb Code     0  startup_hr8p506.o(.text)
    WDT_IRQHandler                           0x0000019f   Thumb Code     0  startup_hr8p506.o(.text)
    RegInit                                  0x000001ad   Thumb Code   172  startup_hr8p506.o(.text)
    __user_initial_stackheap                 0x00000259   Thumb Code     0  startup_hr8p506.o(.text)
    __2sprintf                               0x00000271   Thumb Code    40  __2sprintf.o(.text)
    _printf_pre_padding                      0x0000029d   Thumb Code    44  _printf_pad.o(.text)
    _printf_post_padding                     0x000002c9   Thumb Code    34  _printf_pad.o(.text)
    _printf_str                              0x000002eb   Thumb Code    82  _printf_str.o(.text)
    _printf_int_dec                          0x0000033d   Thumb Code    90  _printf_dec.o(.text)
    __printf                                 0x000003a9   Thumb Code   306  __printf_flags_wp.o(.text)
    strstr                                   0x000004e1   Thumb Code    40  strstr.o(.text)
    strcat                                   0x00000509   Thumb Code    24  strcat.o(.text)
    __aeabi_uidiv                            0x00000521   Thumb Code     0  aeabi_sdiv.o(.text)
    __aeabi_uidivmod                         0x00000521   Thumb Code    20  aeabi_sdiv.o(.text)
    __aeabi_idiv                             0x00000535   Thumb Code     0  aeabi_sdiv.o(.text)
    __aeabi_idivmod                          0x00000535   Thumb Code   326  aeabi_sdiv.o(.text)
    __use_two_region_memory                  0x0000067b   Thumb Code     2  heapauxi.o(.text)
    __rt_heap_escrow$2region                 0x0000067d   Thumb Code     2  heapauxi.o(.text)
    __rt_heap_expand$2region                 0x0000067f   Thumb Code     2  heapauxi.o(.text)
    __aeabi_d2f                              0x00000681   Thumb Code     0  d2f.o(.text)
    _d2f                                     0x00000681   Thumb Code   120  d2f.o(.text)
    __aeabi_f2d                              0x000006fd   Thumb Code     0  f2d.o(.text)
    _f2d                                     0x000006fd   Thumb Code    80  f2d.o(.text)
    __aeabi_fdiv                             0x00000751   Thumb Code     0  fdiv.o(.text)
    _fdiv                                    0x00000751   Thumb Code   334  fdiv.o(.text)
    _frdiv                                   0x0000089f   Thumb Code     8  fdiv.o(.text)
    __aeabi_f2uiz                            0x000008b1   Thumb Code     0  ffixui.o(.text)
    _ffixu                                   0x000008b1   Thumb Code    48  ffixui.o(.text)
    __aeabi_i2f_normalise                    0x000008e1   Thumb Code    72  fflti.o(.text)
    __aeabi_i2f                              0x00000929   Thumb Code    16  fflti.o(.text)
    _fflt                                    0x00000929   Thumb Code     0  fflti.o(.text)
    __aeabi_ui2f                             0x00000939   Thumb Code     6  fflti.o(.text)
    _ffltu                                   0x00000939   Thumb Code     0  fflti.o(.text)
    _printf_int_common                       0x0000093f   Thumb Code   176  _printf_intcommon.o(.text)
    _printf_char_common                      0x000009fb   Thumb Code    32  _printf_char_common.o(.text)
    _sputc                                   0x00000a21   Thumb Code    10  _sputc.o(.text)
    _printf_cs_common                        0x00000a2b   Thumb Code    22  _printf_char.o(.text)
    _printf_char                             0x00000a41   Thumb Code    16  _printf_char.o(.text)
    _printf_string                           0x00000a51   Thumb Code     8  _printf_char.o(.text)
    __rt_udiv10                              0x00000a59   Thumb Code    40  rtudiv10.o(.text)
    __fpl_dcmp_InfNaN                        0x00000a81   Thumb Code   140  dcmpin.o(.text)
    __fpl_cmpreturn                          0x00000b11   Thumb Code    46  cmpret.o(.text)
    __fpl_dcheck_NaN2                        0x00000b41   Thumb Code    14  dnan2.o(.text)
    __user_setup_stackheap                   0x00000b55   Thumb Code    62  sys_stackheap_outer.o(.text)
    exit                                     0x00000b93   Thumb Code    16  exit.o(.text)
    __fpl_return_NaN                         0x00000ba3   Thumb Code    94  retnan.o(.text)
    __user_libspace                          0x00000c01   Thumb Code     8  libspace.o(.text)
    __user_perproc_libspace                  0x00000c01   Thumb Code     0  libspace.o(.text)
    __user_perthread_libspace                0x00000c01   Thumb Code     0  libspace.o(.text)
    _sys_exit                                0x00000c09   Thumb Code     8  sys_exit.o(.text)
    __I$use$semihosting                      0x00000c15   Thumb Code     0  use_no_semi.o(.text)
    __use_no_semihosting_swi                 0x00000c15   Thumb Code     2  use_no_semi.o(.text)
    GPIO_GetNormalBitOffsetFromPin           0x00000c17   Thumb Code   250  lib_gpio.o(i.GPIO_GetNormalBitOffsetFromPin)
    __semihosting_library_function           0x00000c17   Thumb Code     0  indicate_semi.o(.text)
    GPIO_Init                                0x00000d11   Thumb Code   104  lib_gpio.o(i.GPIO_Init)
    GPIO_SetDSRegFromPin                     0x00000d79   Thumb Code    98  lib_gpio.o(i.GPIO_SetDSRegFromPin)
    GPIO_SetDirRegFromPin                    0x00000de1   Thumb Code    70  lib_gpio.o(i.GPIO_SetDirRegFromPin)
    GPIO_SetFuncxRegFromPin                  0x00000e2d   Thumb Code  1394  lib_gpio.o(i.GPIO_SetFuncxRegFromPin)
    GPIO_SetODERegFromPin                    0x000013a5   Thumb Code    98  lib_gpio.o(i.GPIO_SetODERegFromPin)
    GPIO_SetPDERegFromPin                    0x0000140d   Thumb Code    98  lib_gpio.o(i.GPIO_SetPDERegFromPin)
    GPIO_SetPUERegFromPin                    0x00001475   Thumb Code    98  lib_gpio.o(i.GPIO_SetPUERegFromPin)
    GPIO_SetSingalTypeFromPin                0x000014dd   Thumb Code    98  lib_gpio.o(i.GPIO_SetSingalTypeFromPin)
    GSM_TCPC_INIT                            0x00001545   Thumb Code    24  sim800c.o(i.GSM_TCPC_INIT)
    GSM_TCP_Connect                          0x00001565   Thumb Code   224  sim800c.o(i.GSM_TCP_Connect)
    HardWare_Init                            0x00001681   Thumb Code    20  main.o(i.HardWare_Init)
    IAP_Unlock                               0x00001695   Thumb Code    76  lib_flashiap.o(i.IAP_Unlock)
    IAP_WriteCont                            0x000016e9   Thumb Code   146  lib_flashiap.o(i.IAP_WriteCont)
    IAP_WriteEnd                             0x00001789   Thumb Code    60  lib_flashiap.o(i.IAP_WriteEnd)
    IAP_WriteWord                            0x000017cd   Thumb Code    76  lib_flashiap.o(i.IAP_WriteWord)
    MSG_Build                                0x00001819   Thumb Code   178  msgbuild.o(i.MSG_Build)
    MSG_Deal                                 0x00001929   Thumb Code   502  msgbuild.o(i.MSG_Deal)
    NVIC_Init                                0x00001b45   Thumb Code    94  lib_scs.o(i.NVIC_Init)
    PLLClock_Config                          0x00001ba9   Thumb Code   422  lib_scu.o(i.PLLClock_Config)
    SCU_SysClkSelect                         0x00001d59   Thumb Code    34  lib_scu.o(i.SCU_SysClkSelect)
    Save_To_EPROM                            0x00001d85   Thumb Code    64  lib_flashiap.o(i.Save_To_EPROM)
    SysTick_IRQHandler                       0x00001dc9   Thumb Code   104  my_systick.o(i.SysTick_IRQHandler)
    SysTick_Init                             0x00001e4d   Thumb Code    60  lib_scs.o(i.SysTick_Init)
    SystemInit                               0x00001e8d   Thumb Code    88  system_hr8p506_1.o(i.SystemInit)
    T16N0_IRQHandler                         0x00001ef1   Thumb Code    12  tds.o(i.T16N0_IRQHandler)
    T16N1_IRQHandler                         0x00001f01   Thumb Code    12  tds.o(i.T16N1_IRQHandler)
    T16N2_IRQHandler                         0x00001f11   Thumb Code    28  tds.o(i.T16N2_IRQHandler)
    T16Nx_BaseInit                           0x00001f3d   Thumb Code    92  lib_timer.o(i.T16Nx_BaseInit)
    T16Nx_Disable                            0x00001f99   Thumb Code    10  lib_timer.o(i.T16Nx_Disable)
    T16Nx_ITConfig                           0x00001fa3   Thumb Code    20  lib_timer.o(i.T16Nx_ITConfig)
    T16Nx_MAT0ITConfig                       0x00001fb7   Thumb Code    24  lib_timer.o(i.T16Nx_MAT0ITConfig)
    T16Nx_SetCNT0                            0x00001fcf   Thumb Code    36  lib_timer.o(i.T16Nx_SetCNT0)
    T16Nx_SetMAT0                            0x00001ff3   Thumb Code    14  lib_timer.o(i.T16Nx_SetMAT0)
    TCP_Recieve                              0x00002001   Thumb Code   108  sim800c.o(i.TCP_Recieve)
    UART0GetFun                              0x00002079   Thumb Code    64  uart.o(i.UART0GetFun)
    UART0GetStr                              0x000020c1   Thumb Code    78  uart.o(i.UART0GetStr)
    UART0Getch                               0x00002115   Thumb Code    14  uart.o(i.UART0Getch)
    UART0Init                                0x00002129   Thumb Code   148  uart.o(i.UART0Init)
    UART0Putch                               0x000021c1   Thumb Code    22  uart.o(i.UART0Putch)
    UART0Write_Str                           0x000021dd   Thumb Code    62  uart.o(i.UART0Write_Str)
    UART0_IRQHandler                         0x00002221   Thumb Code     2  uart.o(i.UART0_IRQHandler)
    UART_ITConfig                            0x00002223   Thumb Code    20  lib_uart.o(i.UART_ITConfig)
    UART_Init                                0x00002239   Thumb Code   350  lib_uart.o(i.UART_Init)
    UART_RBIMConfig                          0x000023a1   Thumb Code    20  lib_uart.o(i.UART_RBIMConfig)
    UART_RecByte                             0x000023b5   Thumb Code     8  lib_uart.o(i.UART_RecByte)
    UART_TBIMConfig                          0x000023bd   Thumb Code    16  lib_uart.o(i.UART_TBIMConfig)
    WDT_Init                                 0x000023cd   Thumb Code   104  lib_wdt.o(i.WDT_Init)
    __ARM_common_switch8                     0x0000243d   Thumb Code    28  lib_gpio.o(i.__ARM_common_switch8)
    _is_digit                                0x0000245f   Thumb Code    14  __printf_wp.o(i._is_digit)
    check_ststus                             0x0000246d   Thumb Code    76  uart.o(i.check_ststus)
    deal_string                              0x000024b9   Thumb Code   136  uart.o(i.deal_string)
    delay_nms                                0x00002541   Thumb Code    16  my_systick.o(i.delay_nms)
    getTDS                                   0x00002555   Thumb Code    16  tds.o(i.getTDS)
    get_IMEI                                 0x00002565   Thumb Code   104  sim800c.o(i.get_IMEI)
    main                                     0x000025e9   Thumb Code    74  main.o(i.main)
    reset                                    0x00002639   Thumb Code    70  main.o(i.reset)
    sim800c_init                             0x00002699   Thumb Code   170  sim800c.o(i.sim800c_init)
    tds_Init                                 0x00002799   Thumb Code   186  tds.o(i.tds_Init)
    timer_Init                               0x0000285d   Thumb Code    74  tds.o(i.timer_Init)
    __aeabi_cdcmple                          0x000028b1   Thumb Code     0  dlef.o(x$fpl$dleqf)
    _dcmple                                  0x000028b1   Thumb Code    94  dlef.o(x$fpl$dleqf)
    __aeabi_fmul                             0x00002915   Thumb Code     0  fmul.o(x$fpl$fmul)
    _fmul                                    0x00002915   Thumb Code   172  fmul.o(x$fpl$fmul)
    __I$use$fp                               0x000029c4   Number         0  usenofp.o(x$fpl$usenofp)
    Region$$Table$$Base                      0x00002a18   Number         0  anon$$obj.o(Region$$Table)
    Region$$Table$$Limit                     0x00002a38   Number         0  anon$$obj.o(Region$$Table)
    sys_CLK                                  0x20000000   Data           1  my_systick.o(.data)
    count1                                   0x20000010   Data           4  tds.o(.data)
    count2                                   0x20000014   Data           4  tds.o(.data)
    tflag                                    0x20000018   Data           1  tds.o(.data)
    GSM_BUF0                                 0x2000001c   Data           5  sim800c.o(.data)
    GSM_BUF1                                 0x20000021   Data          12  sim800c.o(.data)
    GSM_BUF3                                 0x2000002d   Data          23  sim800c.o(.data)
    GSM_BUF4                                 0x20000044   Data          16  sim800c.o(.data)
    GSM_BUF5                                 0x20000054   Data          12  sim800c.o(.data)
    GSM_BUF6                                 0x20000060   Data          18  sim800c.o(.data)
    GSM_BUF7                                 0x20000072   Data          11  sim800c.o(.data)
    GSM_BUF8                                 0x2000007d   Data          11  sim800c.o(.data)
    GSM_BUF9                                 0x20000088   Data          42  sim800c.o(.data)
    GSM_CIPSRIP                              0x200000b2   Data          15  sim800c.o(.data)
    GSM_CIPSEND                              0x200000c1   Data          13  sim800c.o(.data)
    GSM_CIPCLOSE                             0x200000ce   Data          14  sim800c.o(.data)
    GSM_CIPSHUT                              0x200000dc   Data          13  sim800c.o(.data)
    SystemCoreClock                          0x200000f0   Data           4  system_hr8p506_1.o(.data)
    RCV_DATA_BUF                             0x200000f4   Data          50  main.o(.bss)
    EPROM                                    0x20000128   Data          40  main.o(.bss)
    __libspace_start                         0x20000150   Data          96  libspace.o(.bss)
    __temporary_stack_top$libspace           0x200001b0   Data           0  libspace.o(.bss)



==============================================================================

Memory Map of the image

  Image Entry point : 0x000000c1

  Load Region LR_IROM1 (Base: 0x00000000, Size: 0x00002b2c, Max: 0x00040000, ABSOLUTE)

    Execution Region ER_IROM1 (Base: 0x00000000, Size: 0x00002a38, Max: 0x00040000, ABSOLUTE)

    Base Addr    Size         Type   Attr      Idx    E Section Name        Object

    0x00000000   0x000000c0   Data   RO         2029    RESET               startup_hr8p506.o
    0x000000c0   0x00000008   Code   RO         2295  * !!!main             c_p.l(__main.o)
    0x000000c8   0x0000003c   Code   RO         2501    !!!scatter          c_p.l(__scatter.o)
    0x00000104   0x0000001a   Code   RO         2503    !!handler_copy      c_p.l(__scatter_copy.o)
    0x0000011e   0x00000002   PAD
    0x00000120   0x0000001c   Code   RO         2505    !!handler_zi        c_p.l(__scatter_zi.o)
    0x0000013c   0x00000002   Code   RO         2284    .ARM.Collect$$_printf_percent$$00000000  c_p.l(_printf_percent.o)
    0x0000013e   0x0000000a   Code   RO         2283    .ARM.Collect$$_printf_percent$$0000000A  c_p.l(_printf_u.o)
    0x00000148   0x0000000a   Code   RO         2281    .ARM.Collect$$_printf_percent$$00000013  c_p.l(_printf_c.o)
    0x00000152   0x0000000a   Code   RO         2282    .ARM.Collect$$_printf_percent$$00000014  c_p.l(_printf_s.o)
    0x0000015c   0x00000004   Code   RO         2325    .ARM.Collect$$_printf_percent$$00000017  c_p.l(_printf_percent_end.o)
    0x00000160   0x00000002   Code   RO         2368    .ARM.Collect$$libinit$$00000000  c_p.l(libinit.o)
    0x00000162   0x00000000   Code   RO         2384    .ARM.Collect$$libinit$$00000002  c_p.l(libinit2.o)
    0x00000162   0x00000000   Code   RO         2386    .ARM.Collect$$libinit$$00000004  c_p.l(libinit2.o)
    0x00000162   0x00000000   Code   RO         2389    .ARM.Collect$$libinit$$0000000A  c_p.l(libinit2.o)
    0x00000162   0x00000000   Code   RO         2391    .ARM.Collect$$libinit$$0000000C  c_p.l(libinit2.o)
    0x00000162   0x00000000   Code   RO         2393    .ARM.Collect$$libinit$$0000000E  c_p.l(libinit2.o)
    0x00000162   0x00000000   Code   RO         2396    .ARM.Collect$$libinit$$00000011  c_p.l(libinit2.o)
    0x00000162   0x00000000   Code   RO         2398    .ARM.Collect$$libinit$$00000013  c_p.l(libinit2.o)
    0x00000162   0x00000000   Code   RO         2400    .ARM.Collect$$libinit$$00000015  c_p.l(libinit2.o)
    0x00000162   0x00000000   Code   RO         2402    .ARM.Collect$$libinit$$00000017  c_p.l(libinit2.o)
    0x00000162   0x00000000   Code   RO         2404    .ARM.Collect$$libinit$$00000019  c_p.l(libinit2.o)
    0x00000162   0x00000000   Code   RO         2406    .ARM.Collect$$libinit$$0000001B  c_p.l(libinit2.o)
    0x00000162   0x00000000   Code   RO         2408    .ARM.Collect$$libinit$$0000001D  c_p.l(libinit2.o)
    0x00000162   0x00000000   Code   RO         2410    .ARM.Collect$$libinit$$0000001F  c_p.l(libinit2.o)
    0x00000162   0x00000000   Code   RO         2412    .ARM.Collect$$libinit$$00000021  c_p.l(libinit2.o)
    0x00000162   0x00000000   Code   RO         2414    .ARM.Collect$$libinit$$00000023  c_p.l(libinit2.o)
    0x00000162   0x00000000   Code   RO         2416    .ARM.Collect$$libinit$$00000025  c_p.l(libinit2.o)
    0x00000162   0x00000000   Code   RO         2420    .ARM.Collect$$libinit$$0000002C  c_p.l(libinit2.o)
    0x00000162   0x00000000   Code   RO         2422    .ARM.Collect$$libinit$$0000002E  c_p.l(libinit2.o)
    0x00000162   0x00000000   Code   RO         2424    .ARM.Collect$$libinit$$00000030  c_p.l(libinit2.o)
    0x00000162   0x00000000   Code   RO         2426    .ARM.Collect$$libinit$$00000032  c_p.l(libinit2.o)
    0x00000162   0x00000002   Code   RO         2427    .ARM.Collect$$libinit$$00000033  c_p.l(libinit2.o)
    0x00000164   0x00000002   Code   RO         2458    .ARM.Collect$$libshutdown$$00000000  c_p.l(libshutdown.o)
    0x00000166   0x00000000   Code   RO         2484    .ARM.Collect$$libshutdown$$00000002  c_p.l(libshutdown2.o)
    0x00000166   0x00000000   Code   RO         2486    .ARM.Collect$$libshutdown$$00000004  c_p.l(libshutdown2.o)
    0x00000166   0x00000000   Code   RO         2489    .ARM.Collect$$libshutdown$$00000007  c_p.l(libshutdown2.o)
    0x00000166   0x00000000   Code   RO         2492    .ARM.Collect$$libshutdown$$0000000A  c_p.l(libshutdown2.o)
    0x00000166   0x00000000   Code   RO         2494    .ARM.Collect$$libshutdown$$0000000C  c_p.l(libshutdown2.o)
    0x00000166   0x00000000   Code   RO         2497    .ARM.Collect$$libshutdown$$0000000F  c_p.l(libshutdown2.o)
    0x00000166   0x00000002   Code   RO         2498    .ARM.Collect$$libshutdown$$00000010  c_p.l(libshutdown2.o)
    0x00000168   0x00000000   Code   RO         2312    .ARM.Collect$$rtentry$$00000000  c_p.l(__rtentry.o)
    0x00000168   0x00000000   Code   RO         2332    .ARM.Collect$$rtentry$$00000002  c_p.l(__rtentry2.o)
    0x00000168   0x00000006   Code   RO         2344    .ARM.Collect$$rtentry$$00000004  c_p.l(__rtentry4.o)
    0x0000016e   0x00000000   Code   RO         2334    .ARM.Collect$$rtentry$$00000009  c_p.l(__rtentry2.o)
    0x0000016e   0x00000004   Code   RO         2335    .ARM.Collect$$rtentry$$0000000A  c_p.l(__rtentry2.o)
    0x00000172   0x00000000   Code   RO         2337    .ARM.Collect$$rtentry$$0000000C  c_p.l(__rtentry2.o)
    0x00000172   0x00000008   Code   RO         2338    .ARM.Collect$$rtentry$$0000000D  c_p.l(__rtentry2.o)
    0x0000017a   0x00000002   Code   RO         2375    .ARM.Collect$$rtexit$$00000000  c_p.l(rtexit.o)
    0x0000017c   0x00000000   Code   RO         2431    .ARM.Collect$$rtexit$$00000002  c_p.l(rtexit2.o)
    0x0000017c   0x00000004   Code   RO         2432    .ARM.Collect$$rtexit$$00000003  c_p.l(rtexit2.o)
    0x00000180   0x00000006   Code   RO         2433    .ARM.Collect$$rtexit$$00000004  c_p.l(rtexit2.o)
    0x00000186   0x00000002   PAD
    0x00000188   0x000000e8   Code   RO         2030    .text               startup_hr8p506.o
    0x00000270   0x0000002c   Code   RO         2249    .text               c_p.l(__2sprintf.o)
    0x0000029c   0x0000004e   Code   RO         2255    .text               c_p.l(_printf_pad.o)
    0x000002ea   0x00000052   Code   RO         2257    .text               c_p.l(_printf_str.o)
    0x0000033c   0x0000006c   Code   RO         2259    .text               c_p.l(_printf_dec.o)
    0x000003a8   0x00000138   Code   RO         2273    .text               c_p.l(__printf_flags_wp.o)
    0x000004e0   0x00000028   Code   RO         2285    .text               c_p.l(strstr.o)
    0x00000508   0x00000018   Code   RO         2287    .text               c_p.l(strcat.o)
    0x00000520   0x0000015a   Code   RO         2289    .text               c_p.l(aeabi_sdiv.o)
    0x0000067a   0x00000006   Code   RO         2293    .text               c_p.l(heapauxi.o)
    0x00000680   0x0000007c   Code   RO         2297    .text               fz_ps.l(d2f.o)
    0x000006fc   0x00000054   Code   RO         2301    .text               fz_ps.l(f2d.o)
    0x00000750   0x00000160   Code   RO         2303    .text               fz_ps.l(fdiv.o)
    0x000008b0   0x00000030   Code   RO         2306    .text               fz_ps.l(ffixui.o)
    0x000008e0   0x0000005e   Code   RO         2308    .text               fz_ps.l(fflti.o)
    0x0000093e   0x000000b0   Code   RO         2317    .text               c_p.l(_printf_intcommon.o)
    0x000009ee   0x00000002   PAD
    0x000009f0   0x00000030   Code   RO         2319    .text               c_p.l(_printf_char_common.o)
    0x00000a20   0x0000000a   Code   RO         2321    .text               c_p.l(_sputc.o)
    0x00000a2a   0x0000002e   Code   RO         2323    .text               c_p.l(_printf_char.o)
    0x00000a58   0x00000028   Code   RO         2326    .text               c_p.l(rtudiv10.o)
    0x00000a80   0x00000090   Code   RO         2328    .text               fz_ps.l(dcmpin.o)
    0x00000b10   0x0000002e   Code   RO         2350    .text               fz_ps.l(cmpret.o)
    0x00000b3e   0x00000002   PAD
    0x00000b40   0x00000014   Code   RO         2352    .text               fz_ps.l(dnan2.o)
    0x00000b54   0x0000003e   Code   RO         2354    .text               c_p.l(sys_stackheap_outer.o)
    0x00000b92   0x00000010   Code   RO         2357    .text               c_p.l(exit.o)
    0x00000ba2   0x0000005e   Code   RO         2369    .text               fz_ps.l(retnan.o)
    0x00000c00   0x00000008   Code   RO         2371    .text               c_p.l(libspace.o)
    0x00000c08   0x0000000c   Code   RO         2428    .text               c_p.l(sys_exit.o)
    0x00000c14   0x00000002   Code   RO         2447    .text               c_p.l(use_no_semi.o)
    0x00000c16   0x00000000   Code   RO         2449    .text               c_p.l(indicate_semi.o)
    0x00000c16   0x000000fa   Code   RO          395    i.GPIO_GetNormalBitOffsetFromPin  lib_gpio.o
    0x00000d10   0x00000068   Code   RO          396    i.GPIO_Init         lib_gpio.o
    0x00000d78   0x00000068   Code   RO          400    i.GPIO_SetDSRegFromPin  lib_gpio.o
    0x00000de0   0x0000004c   Code   RO          401    i.GPIO_SetDirRegFromPin  lib_gpio.o
    0x00000e2c   0x00000578   Code   RO          402    i.GPIO_SetFuncxRegFromPin  lib_gpio.o
    0x000013a4   0x00000068   Code   RO          403    i.GPIO_SetODERegFromPin  lib_gpio.o
    0x0000140c   0x00000068   Code   RO          404    i.GPIO_SetPDERegFromPin  lib_gpio.o
    0x00001474   0x00000068   Code   RO          405    i.GPIO_SetPUERegFromPin  lib_gpio.o
    0x000014dc   0x00000068   Code   RO          406    i.GPIO_SetSingalTypeFromPin  lib_gpio.o
    0x00001544   0x00000020   Code   RO         2176    i.GSM_TCPC_INIT     sim800c.o
    0x00001564   0x0000011c   Code   RO         2177    i.GSM_TCP_Connect   sim800c.o
    0x00001680   0x00000014   Code   RO         1891    i.HardWare_Init     main.o
    0x00001694   0x00000054   Code   RO          288    i.IAP_Unlock        lib_flashiap.o
    0x000016e8   0x000000a0   Code   RO          289    i.IAP_WriteCont     lib_flashiap.o
    0x00001788   0x00000044   Code   RO          290    i.IAP_WriteEnd      lib_flashiap.o
    0x000017cc   0x0000004c   Code   RO          291    i.IAP_WriteWord     lib_flashiap.o
    0x00001818   0x00000110   Code   RO         1975    i.MSG_Build         msgbuild.o
    0x00001928   0x0000021c   Code   RO         1976    i.MSG_Deal          msgbuild.o
    0x00001b44   0x00000064   Code   RO         1075    i.NVIC_Init         lib_scs.o
    0x00001ba8   0x000001b0   Code   RO         1116    i.PLLClock_Config   lib_scu.o
    0x00001d58   0x0000002c   Code   RO         1125    i.SCU_SysClkSelect  lib_scu.o
    0x00001d84   0x00000044   Code   RO          292    i.Save_To_EPROM     lib_flashiap.o
    0x00001dc8   0x00000084   Code   RO         1944    i.SysTick_IRQHandler  my_systick.o
    0x00001e4c   0x00000040   Code   RO         1078    i.SysTick_Init      lib_scs.o
    0x00001e8c   0x00000064   Code   RO         2223    i.SystemInit        system_hr8p506_1.o
    0x00001ef0   0x00000010   Code   RO         2036    i.T16N0_IRQHandler  tds.o
    0x00001f00   0x00000010   Code   RO         2037    i.T16N1_IRQHandler  tds.o
    0x00001f10   0x0000002c   Code   RO         2038    i.T16N2_IRQHandler  tds.o
    0x00001f3c   0x0000005c   Code   RO         1327    i.T16Nx_BaseInit    lib_timer.o
    0x00001f98   0x0000000a   Code   RO         1330    i.T16Nx_Disable     lib_timer.o
    0x00001fa2   0x00000014   Code   RO         1342    i.T16Nx_ITConfig    lib_timer.o
    0x00001fb6   0x00000018   Code   RO         1343    i.T16Nx_MAT0ITConfig  lib_timer.o
    0x00001fce   0x00000024   Code   RO         1356    i.T16Nx_SetCNT0     lib_timer.o
    0x00001ff2   0x0000000e   Code   RO         1358    i.T16Nx_SetMAT0     lib_timer.o
    0x00002000   0x00000078   Code   RO         2178    i.TCP_Recieve       sim800c.o
    0x00002078   0x00000048   Code   RO         2101    i.UART0GetFun       uart.o
    0x000020c0   0x00000054   Code   RO         2102    i.UART0GetStr       uart.o
    0x00002114   0x00000014   Code   RO         2103    i.UART0Getch        uart.o
    0x00002128   0x00000098   Code   RO         2104    i.UART0Init         uart.o
    0x000021c0   0x0000001c   Code   RO         2106    i.UART0Putch        uart.o
    0x000021dc   0x00000044   Code   RO         2107    i.UART0Write_Str    uart.o
    0x00002220   0x00000002   Code   RO         2108    i.UART0_IRQHandler  uart.o
    0x00002222   0x00000014   Code   RO         1749    i.UART_ITConfig     lib_uart.o
    0x00002236   0x00000002   PAD
    0x00002238   0x00000168   Code   RO         1750    i.UART_Init         lib_uart.o
    0x000023a0   0x00000014   Code   RO         1751    i.UART_RBIMConfig   lib_uart.o
    0x000023b4   0x00000008   Code   RO         1752    i.UART_RecByte      lib_uart.o
    0x000023bc   0x00000010   Code   RO         1758    i.UART_TBIMConfig   lib_uart.o
    0x000023cc   0x00000070   Code   RO         1855    i.WDT_Init          lib_wdt.o
    0x0000243c   0x0000001c   Code   RO          572    i.__ARM_common_switch8  lib_gpio.o
    0x00002458   0x00000006   Code   RO          293    i.__set_PRIMASK     lib_flashiap.o
    0x0000245e   0x0000000e   Code   RO         2271    i._is_digit         c_p.l(__printf_wp.o)
    0x0000246c   0x0000004c   Code   RO         2109    i.check_ststus      uart.o
    0x000024b8   0x00000088   Code   RO         2110    i.deal_string       uart.o
    0x00002540   0x00000014   Code   RO         1945    i.delay_nms         my_systick.o
    0x00002554   0x00000010   Code   RO         2040    i.getTDS            tds.o
    0x00002564   0x00000084   Code   RO         2179    i.get_IMEI          sim800c.o
    0x000025e8   0x00000050   Code   RO         1892    i.main              main.o
    0x00002638   0x00000060   Code   RO         1894    i.reset             main.o
    0x00002698   0x00000100   Code   RO         2180    i.sim800c_init      sim800c.o
    0x00002798   0x000000c4   Code   RO         2042    i.tds_Init          tds.o
    0x0000285c   0x00000054   Code   RO         2043    i.timer_Init        tds.o
    0x000028b0   0x00000064   Code   RO         2299    x$fpl$dleqf         fz_ps.l(dlef.o)
    0x00002914   0x000000b0   Code   RO         2310    x$fpl$fmul          fz_ps.l(fmul.o)
    0x000029c4   0x00000000   Code   RO         2330    x$fpl$usenofp       fz_ps.l(usenofp.o)
    0x000029c4   0x00000011   Data   RO         2274    .constdata          c_p.l(__printf_flags_wp.o)
    0x000029d5   0x00000040   Data   RO         2304    .constdata          fz_ps.l(fdiv.o)
    0x00002a15   0x00000003   PAD
    0x00002a18   0x00000020   Data   RO         2499    Region$$Table       anon$$obj.o


    Execution Region RW_IRAM1 (Base: 0x20000000, Size: 0x000005b0, Max: 0x00020000, ABSOLUTE)

    Base Addr    Size         Type   Attr      Idx    E Section Name        Object

    0x20000000   0x00000010   Data   RW         1946    .data               my_systick.o
    0x20000010   0x00000009   Data   RW         2044    .data               tds.o
    0x20000019   0x00000003   PAD
    0x2000001c   0x000000d4   Data   RW         2181    .data               sim800c.o
    0x200000f0   0x00000004   Data   RW         2224    .data               system_hr8p506_1.o
    0x200000f4   0x0000005c   Zero   RW         1896    .bss                main.o
    0x20000150   0x00000060   Zero   RW         2372    .bss                c_p.l(libspace.o)
    0x200001b0   0x00000000   Zero   RW         2028    HEAP                startup_hr8p506.o
    0x200001b0   0x00000400   Zero   RW         2027    STACK               startup_hr8p506.o


==============================================================================

Image component sizes


      Code (inc. data)   RO Data    RW Data    ZI Data      Debug   Object Name

         0          0          0          0          0      54872   hr8p506_iap_table.o
         0          0          0          0          0       2804   lib_euart.o
       462         34          0          0          0      13420   lib_flashiap.o
      2378        144          0          0          0       6150   lib_gpio.o
       164         10          0          0          0       1407   lib_scs.o
       476         30          0          0          0       5733   lib_scu.o
       196          0          0          0          0       3315   lib_timer.o
       424         10          0          0          0       2999   lib_uart.o
       112          8          0          0          0        831   lib_wdt.o
       196         32          0          0         92       8404   main.o
       812        132          0          0          0       2239   msgbuild.o
       152         32          0         16          0       1443   my_systick.o
       824        194          0        212          0       4030   sim800c.o
       232         82        192          0       1024        716   startup_hr8p506.o
       100         12          0          4          0        707   system_hr8p506_1.o
       372         44          0          9          0       3272   tds.o
       638         36          0          0          0       5681   uart.o

    ----------------------------------------------------------------------
      7540        800        224        244       1116     118023   Object Totals
         0          0         32          0          0          0   (incl. Generated)
         2          0          0          3          0          0   (incl. Padding)

    ----------------------------------------------------------------------

      Code (inc. data)   RO Data    RW Data    ZI Data      Debug   Library Member Name

        44          4          0          0          0         84   __2sprintf.o
         8          0          0          0          0         68   __main.o
       312          6         17          0          0         76   __printf_flags_wp.o
        14          0          0          0          0         60   __printf_wp.o
         0          0          0          0          0          0   __rtentry.o
        12          0          0          0          0          0   __rtentry2.o
         6          0          0          0          0          0   __rtentry4.o
        60          8          0          0          0          0   __scatter.o
        26          0          0          0          0          0   __scatter_copy.o
        28          0          0          0          0          0   __scatter_zi.o
        10          0          0          0          0          0   _printf_c.o
        46          0          0          0          0        100   _printf_char.o
        48          6          0          0          0         88   _printf_char_common.o
       108         18          0          0          0         76   _printf_dec.o
       176          0          0          0          0         84   _printf_intcommon.o
        78          0          0          0          0        100   _printf_pad.o
         2          0          0          0          0          0   _printf_percent.o
         4          0          0          0          0          0   _printf_percent_end.o
        10          0          0          0          0          0   _printf_s.o
        82          0          0          0          0         72   _printf_str.o
        10          0          0          0          0          0   _printf_u.o
        10          0          0          0          0         60   _sputc.o
       346          0          0          0          0         92   aeabi_sdiv.o
        16          0          0          0          0         68   exit.o
         6          0          0          0          0        136   heapauxi.o
         0          0          0          0          0          0   indicate_semi.o
         2          0          0          0          0          0   libinit.o
         2          0          0          0          0          0   libinit2.o
         2          0          0          0          0          0   libshutdown.o
         2          0          0          0          0          0   libshutdown2.o
         8          4          0          0         96         68   libspace.o
         2          0          0          0          0          0   rtexit.o
        10          0          0          0          0          0   rtexit2.o
        40          0          0          0          0         60   rtudiv10.o
        24          0          0          0          0         60   strcat.o
        40          0          0          0          0         72   strstr.o
        12          4          0          0          0         60   sys_exit.o
        62          0          0          0          0         80   sys_stackheap_outer.o
         2          0          0          0          0         68   use_no_semi.o
        46          0          0          0          0         60   cmpret.o
       124          4          0          0          0         72   d2f.o
       144          4          0          0          0         76   dcmpin.o
       100          4          0          0          0         92   dlef.o
        20          6          0          0          0         68   dnan2.o
        84          4          0          0          0         60   f2d.o
       352         10         64          0          0         92   fdiv.o
        48          0          0          0          0         60   ffixui.o
        94          0          0          0          0         92   fflti.o
       176          4          0          0          0         80   fmul.o
        94          0          0          0          0         68   retnan.o
         0          0          0          0          0          0   usenofp.o

    ----------------------------------------------------------------------
      2960         86         84          0         96       2452   Library Totals
         8          0          3          0          0          0   (incl. Padding)

    ----------------------------------------------------------------------

      Code (inc. data)   RO Data    RW Data    ZI Data      Debug   Library Name

      1670         50         17          0         96       1632   c_p.l
      1282         36         64          0          0        820   fz_ps.l

    ----------------------------------------------------------------------
      2960         86         84          0         96       2452   Library Totals

    ----------------------------------------------------------------------

==============================================================================


      Code (inc. data)   RO Data    RW Data    ZI Data      Debug   

     10500        886        308        244       1212     116795   Grand Totals
     10500        886        308        244       1212     116795   ELF Image Totals
     10500        886        308        244          0          0   ROM Totals

==============================================================================

    Total RO  Size (Code + RO Data)                10808 (  10.55kB)
    Total RW  Size (RW Data + ZI Data)              1456 (   1.42kB)
    Total ROM Size (Code + RO Data + RW Data)      11052 (  10.79kB)

==============================================================================

