Component: ARM Compiler 5.06 update 1 (build 61) Tool: armlink [4d35a8]

==============================================================================

Section Cross References

    lib_adc.o(i.ADC_Init) refers to lib_adc.o(i.ADC_Reset) for ADC_Reset
    lib_euart.o(i.EUART_BaudConfig) refers to aeabi_sdiv.o(.text) for __aeabi_uidivmod
    lib_euart.o(i.EUART_BaudConfig) refers to system_hr8p506.o(.data) for SystemCoreClock
    lib_euart.o(i.EUART_Init) refers to lib_euart.o(i.EUART_BaudConfig) for EUART_BaudConfig
    lib_euart.o(i.U7816_Init) refers to lib_euart.o(i.EUART_BaudConfig) for EUART_BaudConfig
    lib_flashiap.o(i.IAP_ErasePage) refers to lib_flashiap.o(i.IAP_Unlock) for IAP_Unlock
    lib_flashiap.o(i.IAP_ErasePage) refers to lib_flashiap.o(i.__set_PRIMASK) for __set_PRIMASK
    lib_flashiap.o(i.IAP_ErasePage) refers to lib_flashiap.o(i.IAP_WriteEnd) for IAP_WriteEnd
    lib_flashiap.o(i.IAP_WriteWord) refers to lib_flashiap.o(i.IAP_Unlock) for IAP_Unlock
    lib_flashiap.o(i.IAP_WriteWord) refers to lib_flashiap.o(i.IAP_WriteCont) for IAP_WriteCont
    lib_flashiap.o(i.IAP_WriteWord) refers to lib_flashiap.o(i.IAP_WriteEnd) for IAP_WriteEnd
    lib_flashiap.o(i.IAP_WriteWord) refers to lib_flashiap.o(i.__set_PRIMASK) for __set_PRIMASK
    lib_flashiap.o(i.Save_To_EPROM) refers to lib_flashiap.o(i.IAP_WriteWord) for IAP_WriteWord
    lib_flashiap.o(i.Save_To_EPROM) refers to main.o(.bss) for EPROM
    lib_gpio.o(i.GPIO_GetNormalBitOffsetFromPin) refers to lib_gpio.o(i.__ARM_common_switch8) for __ARM_common_switch8
    lib_gpio.o(i.GPIO_Init) refers to lib_gpio.o(i.GPIO_SetSingalTypeFromPin) for GPIO_SetSingalTypeFromPin
    lib_gpio.o(i.GPIO_Init) refers to lib_gpio.o(i.GPIO_SetDirRegFromPin) for GPIO_SetDirRegFromPin
    lib_gpio.o(i.GPIO_Init) refers to lib_gpio.o(i.GPIO_SetFuncxRegFromPin) for GPIO_SetFuncxRegFromPin
    lib_gpio.o(i.GPIO_Init) refers to lib_gpio.o(i.GPIO_SetODERegFromPin) for GPIO_SetODERegFromPin
    lib_gpio.o(i.GPIO_Init) refers to lib_gpio.o(i.GPIO_SetDSRegFromPin) for GPIO_SetDSRegFromPin
    lib_gpio.o(i.GPIO_Init) refers to lib_gpio.o(i.GPIO_SetPUERegFromPin) for GPIO_SetPUERegFromPin
    lib_gpio.o(i.GPIO_Init) refers to lib_gpio.o(i.GPIO_SetPDERegFromPin) for GPIO_SetPDERegFromPin
    lib_gpio.o(i.GPIO_ReadBit) refers to lib_gpio.o(i.GPIO_GetNormalBitOffsetFromPin) for GPIO_GetNormalBitOffsetFromPin
    lib_gpio.o(i.GPIO_ResetBit) refers to lib_gpio.o(i.GPIO_GetNormalBitOffsetFromPin) for GPIO_GetNormalBitOffsetFromPin
    lib_gpio.o(i.GPIO_SetBit) refers to lib_gpio.o(i.GPIO_GetNormalBitOffsetFromPin) for GPIO_GetNormalBitOffsetFromPin
    lib_gpio.o(i.GPIO_SetDSRegFromPin) refers to lib_gpio.o(i.GPIO_GetNormalBitOffsetFromPin) for GPIO_GetNormalBitOffsetFromPin
    lib_gpio.o(i.GPIO_SetDirRegFromPin) refers to lib_gpio.o(i.GPIO_GetNormalBitOffsetFromPin) for GPIO_GetNormalBitOffsetFromPin
    lib_gpio.o(i.GPIO_SetFuncxRegFromPin) refers to lib_gpio.o(i.__ARM_common_switch8) for __ARM_common_switch8
    lib_gpio.o(i.GPIO_SetODERegFromPin) refers to lib_gpio.o(i.GPIO_GetNormalBitOffsetFromPin) for GPIO_GetNormalBitOffsetFromPin
    lib_gpio.o(i.GPIO_SetPDERegFromPin) refers to lib_gpio.o(i.GPIO_GetNormalBitOffsetFromPin) for GPIO_GetNormalBitOffsetFromPin
    lib_gpio.o(i.GPIO_SetPUERegFromPin) refers to lib_gpio.o(i.GPIO_GetNormalBitOffsetFromPin) for GPIO_GetNormalBitOffsetFromPin
    lib_gpio.o(i.GPIO_SetSingalTypeFromPin) refers to lib_gpio.o(i.GPIO_GetNormalBitOffsetFromPin) for GPIO_GetNormalBitOffsetFromPin
    lib_gpio.o(i.GPIO_ToggleBit) refers to lib_gpio.o(i.GPIO_GetNormalBitOffsetFromPin) for GPIO_GetNormalBitOffsetFromPin
    lib_gpio.o(i.GPIO_WriteBit) refers to lib_gpio.o(i.GPIO_GetNormalBitOffsetFromPin) for GPIO_GetNormalBitOffsetFromPin
    lib_gpio.o(i.KINT_ClearITFlag) refers to lib_gpio.o(i.KINT_GetKINTxIndexFromPin) for KINT_GetKINTxIndexFromPin
    lib_gpio.o(i.KINT_GetITFlag) refers to lib_gpio.o(i.KINT_GetKINTxIndexFromPin) for KINT_GetKINTxIndexFromPin
    lib_gpio.o(i.KINT_GetKINTxIndexFromPin) refers to lib_gpio.o(i.__ARM_common_switch8) for __ARM_common_switch8
    lib_gpio.o(i.KINT_GetSelxIndexFromPin) refers to lib_gpio.o(i.__ARM_common_switch8) for __ARM_common_switch8
    lib_gpio.o(i.KINT_Init) refers to lib_gpio.o(i.KINT_SetTriggerStyleFromPin) for KINT_SetTriggerStyleFromPin
    lib_gpio.o(i.KINT_Init) refers to lib_gpio.o(i.KINT_SetEnableOrNotFromPin) for KINT_SetEnableOrNotFromPin
    lib_gpio.o(i.KINT_SetEnableOrNotFromPin) refers to lib_gpio.o(i.KINT_GetKINTxIndexFromPin) for KINT_GetKINTxIndexFromPin
    lib_gpio.o(i.KINT_SetEnableOrNotFromPin) refers to lib_gpio.o(i.KINT_GetSelxIndexFromPin) for KINT_GetSelxIndexFromPin
    lib_gpio.o(i.KINT_SetTriggerStyleFromPin) refers to lib_gpio.o(i.KINT_GetKINTxIndexFromPin) for KINT_GetKINTxIndexFromPin
    lib_gpio.o(i.KINT_SetTriggerStyleFromPin) refers to lib_gpio.o(i.__ARM_common_switch8) for __ARM_common_switch8
[...]
    Removing lib_euart.o(i.U7816_Init), (292 bytes).
    Removing lib_flashiap.o(.rev16_text), (4 bytes).
    Removing lib_flashiap.o(.revsh_text), (4 bytes).
    Removing lib_flashiap.o(i.IAP_ErasePage), (180 bytes).
    Removing lib_gpio.o(.rev16_text), (4 bytes).
    Removing lib_gpio.o(.revsh_text), (4 bytes).
    Removing lib_gpio.o(i.GPIO_ReadBit), (48 bytes).
    Removing lib_gpio.o(i.GPIO_ResetBit), (44 bytes).
    Removing lib_gpio.o(i.GPIO_SetBit), (44 bytes).
    Removing lib_gpio.o(i.GPIO_ToggleBit), (44 bytes).
    Removing lib_gpio.o(i.KINT_ClearITFlag), (28 bytes).
    Removing lib_gpio.o(i.KINT_GetITFlag), (36 bytes).
    Removing lib_gpio.o(i.KINT_GetKINTxIndexFromPin), (174 bytes).
    Removing lib_gpio.o(i.KINT_GetSelxIndexFromPin), (170 bytes).
    Removing lib_gpio.o(i.KINT_Init), (24 bytes).
    Removing lib_gpio.o(i.KINT_SetEnableOrNotFromPin), (140 bytes).
    Removing lib_gpio.o(i.KINT_SetTriggerStyleFromPin), (108 bytes).
    Removing lib_gpio.o(i.PINT_ClearITFlag), (32 bytes).
    Removing lib_gpio.o(i.PINT_GetITFlag), (36 bytes).
    Removing lib_gpio.o(i.PINT_GetPINTxIndexFromPin), (174 bytes).
    Removing lib_gpio.o(i.PINT_GetSELxIndexFromPin), (170 bytes).
    Removing lib_gpio.o(i.PINT_Init), (24 bytes).
    Removing lib_gpio.o(i.PINT_SetEnableOrNotFromPin), (144 bytes).
    Removing lib_gpio.o(i.PINT_SetTriggerStyleFromPin), (108 bytes).
    Removing lib_iic.o(.rev16_text), (4 bytes).
    Removing lib_iic.o(.revsh_text), (4 bytes).
    Removing lib_iic.o(i.IIC_AckDelay), (44 bytes).
    Removing lib_iic.o(i.IIC_ClearITPendingBit), (4 bytes).
    Removing lib_iic.o(i.IIC_GetFlagStatus), (18 bytes).
    Removing lib_iic.o(i.IIC_GetITStatus), (28 bytes).
    Removing lib_iic.o(i.IIC_GetRWMode), (10 bytes).
    Removing lib_iic.o(i.IIC_GetTBStatus), (22 bytes).
    Removing lib_iic.o(i.IIC_ITConfig), (20 bytes).
    Removing lib_iic.o(i.IIC_Init), (228 bytes).
    Removing lib_iic.o(i.IIC_RBIMConfig), (24 bytes).
    Removing lib_iic.o(i.IIC_RecByte), (6 bytes).
    Removing lib_iic.o(i.IIC_RecHalfWord), (6 bytes).
    Removing lib_iic.o(i.IIC_RecModeConfig), (20 bytes).
    Removing lib_iic.o(i.IIC_RecWord), (6 bytes).
    Removing lib_iic.o(i.IIC_SendAddress), (46 bytes).
    Removing lib_iic.o(i.IIC_SendByte), (4 bytes).
    Removing lib_iic.o(i.IIC_SendHalfWord), (4 bytes).
    Removing lib_iic.o(i.IIC_SendWord), (4 bytes).
    Removing lib_iic.o(i.IIC_SetAddress), (26 bytes).
    Removing lib_iic.o(i.IIC_TBIMConfig), (24 bytes).
    Removing lib_iic.o(i.IIC_TISConfig), (24 bytes).
    Removing lib_lcd.o(.rev16_text), (4 bytes).
    Removing lib_lcd.o(.revsh_text), (4 bytes).
    Removing lib_lcd.o(i.LCD_FlickerTimeConfig), (124 bytes).
    Removing lib_lcd.o(i.LCD_GrayscaleConfig), (40 bytes).
    Removing lib_lcd.o(i.LCD_Init), (476 bytes).
    Removing lib_lcd.o(i.LCD_PixelWriteByte), (92 bytes).
    Removing lib_lcd.o(i.LCD_PixelWriteHalfWord), (92 bytes).
    Removing lib_lcd.o(i.LCD_PixelWriteWord), (84 bytes).
    Removing lib_lcd.o(i.LCD_Reset), (52 bytes).
    Removing lib_lcd.o(.data), (16 bytes).
    Removing lib_led.o(.rev16_text), (4 bytes).
    Removing lib_led.o(.revsh_text), (4 bytes).
    Removing lib_led.o(i.LED_Init), (188 bytes).
    Removing lib_led.o(i.LED_PixelWriteByte), (56 bytes).
    Removing lib_led.o(i.LED_PixelWriteHalfWord), (56 bytes).
    Removing lib_led.o(i.LED_PixelWriteWord), (48 bytes).
    Removing lib_led.o(i.LED_Reset), (40 bytes).
    Removing lib_printf.o(.rev16_text), (4 bytes).
    Removing lib_printf.o(.revsh_text), (4 bytes).
    Removing lib_printf.o(i.UART_printf), (416 bytes).
    Removing lib_printf.o(i.fputc), (68 bytes).
    Removing lib_printf.o(i.itoa), (128 bytes).
    Removing lib_rtc.o(.rev16_text), (4 bytes).
    Removing lib_rtc.o(.revsh_text), (4 bytes).
    Removing lib_rtc.o(i.RTC_ClearAllITFlag), (140 bytes).
    Removing lib_rtc.o(i.RTC_GetFlagStatus), (148 bytes).
    Removing lib_rtc.o(i.RTC_GetITStatus), (148 bytes).
    Removing lib_rtc.o(i.RTC_Init), (148 bytes).
    Removing lib_rtc.o(i.RTC_InterruptDisable), (168 bytes).
    Removing lib_rtc.o(i.RTC_InterruptEnable), (192 bytes).
    Removing lib_rtc.o(i.RTC_ReadDay), (124 bytes).
    Removing lib_rtc.o(i.RTC_ReadDayAlarmHour), (144 bytes).
    Removing lib_rtc.o(i.RTC_ReadDayAlarmMinute), (136 bytes).
    Removing lib_rtc.o(i.RTC_ReadHour), (144 bytes).
    Removing lib_rtc.o(i.RTC_ReadHourmode), (60 bytes).
    Removing lib_rtc.o(i.RTC_ReadMinute), (136 bytes).
    Removing lib_rtc.o(i.RTC_ReadMonth), (108 bytes).
    Removing lib_rtc.o(i.RTC_ReadSecond), (136 bytes).
    Removing lib_rtc.o(i.RTC_ReadWeek), (128 bytes).
    Removing lib_rtc.o(i.RTC_ReadWeekAlarmHour), (144 bytes).
    Removing lib_rtc.o(i.RTC_ReadWeekAlarmMinute), (136 bytes).
    Removing lib_rtc.o(i.RTC_ReadWeekAlarmWeek), (128 bytes).
    Removing lib_rtc.o(i.RTC_ReadYear), (156 bytes).
    Removing lib_rtc.o(i.RTC_StartRead), (44 bytes).
    Removing lib_rtc.o(i.RTC_WriteDay), (220 bytes).
    Removing lib_rtc.o(i.RTC_WriteDayAlarmHour), (280 bytes).
    Removing lib_rtc.o(i.RTC_WriteDayAlarmMinute), (228 bytes).
    Removing lib_rtc.o(i.RTC_WriteHour), (280 bytes).
    Removing lib_rtc.o(i.RTC_WriteMinute), (232 bytes).
    Removing lib_rtc.o(i.RTC_WriteMonth), (204 bytes).
    Removing lib_rtc.o(i.RTC_WriteSecond), (228 bytes).
    Removing lib_rtc.o(i.RTC_WriteWeek), (212 bytes).
    Removing lib_rtc.o(i.RTC_WriteWeekAlarmHour), (280 bytes).
    Removing lib_rtc.o(i.RTC_WriteWeekAlarmMinute), (228 bytes).
    Removing lib_rtc.o(i.RTC_WriteWeekAlarmWeek), (216 bytes).
    Removing lib_rtc.o(i.RTC_WriteYear), (264 bytes).
    Removing lib_scs.o(.rev16_text), (4 bytes).
    Removing lib_scs.o(.revsh_text), (4 bytes).
    Removing lib_scs.o(i.SCB_GetCpuID), (12 bytes).
    Removing lib_scs.o(i.SCB_SystemLPConfig), (32 bytes).
    Removing lib_scu.o(.rev16_text), (4 bytes).
    Removing lib_scu.o(.revsh_text), (4 bytes).
    Removing lib_scu.o(i.DeviceClockAllDisable), (48 bytes).
    Removing lib_scu.o(i.DeviceClock_Config), (52 bytes).
    Removing lib_scu.o(i.SCU_ClearPWRCFlagBit), (28 bytes).
    Removing lib_scu.o(i.SCU_GetLVDFlagStatus), (26 bytes).
    Removing lib_scu.o(i.SCU_GetPWRCFlagStatus), (40 bytes).
    Removing lib_scu.o(i.SCU_GetSysClk), (16 bytes).
    Removing lib_scu.o(i.SCU_MultTimerDisable), (24 bytes).
    Removing lib_scu.o(i.SCU_MultTimerEnable), (24 bytes).
    Removing lib_scu.o(i.SCU_NMISelect), (40 bytes).
    Removing lib_scu.o(i.SCU_OpenXTAL), (68 bytes).
    Removing lib_spi.o(.rev16_text), (4 bytes).
    Removing lib_spi.o(.revsh_text), (4 bytes).
    Removing lib_spi.o(i.Clear_RBR), (16 bytes).
    Removing lib_spi.o(i.Clear_TBW), (14 bytes).
    Removing lib_spi.o(i.SPI_ClearITPendingBit), (4 bytes).
    Removing lib_spi.o(i.SPI_DataFormatConfig), (20 bytes).
    Removing lib_spi.o(i.SPI_GetFlagStatus), (36 bytes).
    Removing lib_spi.o(i.SPI_GetITStatus), (28 bytes).
    Removing lib_spi.o(i.SPI_GetStatus), (16 bytes).
    Removing lib_spi.o(i.SPI_ITConfig), (20 bytes).
    Removing lib_spi.o(i.SPI_Init), (220 bytes).
    Removing lib_spi.o(i.SPI_RBIMConfig), (24 bytes).
    Removing lib_spi.o(i.SPI_RecByte), (6 bytes).
    Removing lib_spi.o(i.SPI_RecHalfWord), (6 bytes).
    Removing lib_spi.o(i.SPI_RecWord), (6 bytes).
    Removing lib_spi.o(i.SPI_SendByte), (4 bytes).
    Removing lib_spi.o(i.SPI_SendHalfWord), (4 bytes).
    Removing lib_spi.o(i.SPI_SendWord), (4 bytes).
    Removing lib_spi.o(i.SPI_TBIMConfig), (24 bytes).
    Removing lib_timer.o(.rev16_text), (4 bytes).
    Removing lib_timer.o(.revsh_text), (4 bytes).
    Removing lib_timer.o(i.T16Nx_CapInit), (132 bytes).
    Removing lib_timer.o(i.T16Nx_Enable), (12 bytes).
    Removing lib_timer.o(i.T16Nx_GetCNT0), (8 bytes).
    Removing lib_timer.o(i.T16Nx_GetCNT1), (8 bytes).
    Removing lib_timer.o(i.T16Nx_GetMAT0), (8 bytes).
    Removing lib_timer.o(i.T16Nx_GetMAT1), (8 bytes).
    Removing lib_timer.o(i.T16Nx_GetMAT2), (8 bytes).
    Removing lib_timer.o(i.T16Nx_GetMAT3), (8 bytes).
    Removing lib_timer.o(i.T16Nx_GetPWMBKF), (20 bytes).
    Removing lib_timer.o(i.T16Nx_GetTOP0), (8 bytes).
    Removing lib_timer.o(i.T16Nx_GetTOP1), (8 bytes).
    Removing lib_timer.o(i.T16Nx_MAT0Out0Config), (24 bytes).
    Removing lib_timer.o(i.T16Nx_MAT1ITConfig), (24 bytes).
    Removing lib_timer.o(i.T16Nx_MAT1Out0Config), (24 bytes).
    Removing lib_timer.o(i.T16Nx_MAT2ITConfig), (24 bytes).
    Removing lib_timer.o(i.T16Nx_MAT2Out1Config), (24 bytes).
    Removing lib_timer.o(i.T16Nx_MAT3ITConfig), (24 bytes).
    Removing lib_timer.o(i.T16Nx_MAT3Out1Config), (24 bytes).
    Removing lib_timer.o(i.T16Nx_PMWOutInit), (110 bytes).
    Removing lib_timer.o(i.T16Nx_PTR_Config), (20 bytes).
    Removing lib_timer.o(i.T16Nx_PWMBK_Config), (116 bytes).
    Removing lib_timer.o(i.T16Nx_PWMPDZ_Config), (16 bytes).
    Removing lib_timer.o(i.T16Nx_ResetPWMBKF), (14 bytes).
    Removing lib_timer.o(i.T16Nx_SetCNT1), (36 bytes).
    Removing lib_timer.o(i.T16Nx_SetMAT1), (14 bytes).
    Removing lib_timer.o(i.T16Nx_SetMAT2), (14 bytes).
    Removing lib_timer.o(i.T16Nx_SetMAT3), (14 bytes).
    Removing lib_timer.o(i.T16Nx_SetPRECNT), (36 bytes).
    Removing lib_timer.o(i.T16Nx_SetPREMAT), (16 bytes).
    Removing lib_timer.o(i.T16Nx_SetTOP0), (14 bytes).
    Removing lib_timer.o(i.T16Nx_SetTOP1), (14 bytes).
    Removing lib_timer.o(i.T32Nx_BaseInit), (92 bytes).
    Removing lib_timer.o(i.T32Nx_CapInit), (132 bytes).
    Removing lib_timer.o(i.T32Nx_ClearITPendingBit), (4 bytes).
    Removing lib_timer.o(i.T32Nx_Disable), (10 bytes).
    Removing lib_timer.o(i.T32Nx_Enable), (12 bytes).
    Removing lib_timer.o(i.T32Nx_GetCNT), (8 bytes).
    Removing lib_timer.o(i.T32Nx_GetFlagStatus), (20 bytes).
    Removing lib_timer.o(i.T32Nx_GetMAT0), (6 bytes).
    Removing lib_timer.o(i.T32Nx_GetMAT1), (6 bytes).
    Removing lib_timer.o(i.T32Nx_GetMAT2), (6 bytes).
    Removing lib_timer.o(i.T32Nx_GetMAT3), (6 bytes).
    Removing lib_timer.o(i.T32Nx_ITConfig), (20 bytes).
    Removing lib_timer.o(i.T32Nx_MAT0ITConfig), (24 bytes).
    Removing lib_timer.o(i.T32Nx_MAT0Out0Config), (24 bytes).
    Removing lib_timer.o(i.T32Nx_MAT1ITConfig), (24 bytes).
    Removing lib_timer.o(i.T32Nx_MAT1Out0Config), (24 bytes).
    Removing lib_timer.o(i.T32Nx_MAT2ITConfig), (24 bytes).
    Removing lib_timer.o(i.T32Nx_MAT2Out1Config), (24 bytes).
    Removing lib_timer.o(i.T32Nx_MAT3ITConfig), (24 bytes).
    Removing lib_timer.o(i.T32Nx_MAT3Out1Config), (18 bytes).
    Removing lib_timer.o(i.T32Nx_PMWOutInit), (44 bytes).
    Removing lib_timer.o(i.T32Nx_SetCNT), (24 bytes).
    Removing lib_timer.o(i.T32Nx_SetMAT0), (6 bytes).
    Removing lib_timer.o(i.T32Nx_SetMAT1), (6 bytes).
    Removing lib_timer.o(i.T32Nx_SetMAT2), (6 bytes).
    Removing lib_timer.o(i.T32Nx_SetMAT3), (6 bytes).
    Removing lib_timer.o(i.T32Nx_SetPRECNT), (36 bytes).
    Removing lib_timer.o(i.T32Nx_SetPREMAT), (16 bytes).
    Removing lib_uart.o(.rev16_text), (4 bytes).
    Removing lib_uart.o(.revsh_text), (4 bytes).
    Removing lib_uart.o(i.UART_AutoBaudConfig), (36 bytes).
    Removing lib_uart.o(i.UART_BaudFreeConfig), (48 bytes).
    Removing lib_uart.o(i.UART_ClearITPendingBit), (4 bytes).
    Removing lib_uart.o(i.UART_GetStatus), (16 bytes).
    Removing lib_uart.o(i.UART_RecByte), (8 bytes).
    Removing lib_uart.o(i.UART_RecHalfWord), (6 bytes).
    Removing lib_uart.o(i.UART_RecWord), (6 bytes).
    Removing lib_uart.o(i.UART_SendByte), (6 bytes).
    Removing lib_uart.o(i.UART_SendHalfWord), (4 bytes).
    Removing lib_uart.o(i.UART_SendWord), (4 bytes).
    Removing lib_wdt.o(.rev16_text), (4 bytes).
    Removing lib_wdt.o(.revsh_text), (4 bytes).
    Removing lib_wdt.o(i.WDT_GetFlagStatus), (24 bytes).
    Removing lib_wdt.o(i.WDT_GetValue), (12 bytes).
    Removing lib_wdt.o(i.WDT_SetReloadValue), (12 bytes).
    Removing main.o(.rev16_text), (4 bytes).
    Removing main.o(.revsh_text), (4 bytes).
    Removing main.o(i.reset), (96 bytes).
    Removing main.o(i.write_All_Flash), (72 bytes).
    Removing my_systick.o(.rev16_text), (4 bytes).
    Removing my_systick.o(.revsh_text), (4 bytes).
    Removing msgbuild.o(.rev16_text), (4 bytes).
    Removing msgbuild.o(.revsh_text), (4 bytes).
    Removing msgbuild.o(i.get_Valve_Status), (20 bytes).
    Removing msgbuild.o(i.high_Pressure), (24 bytes).
    Removing msgbuild.o(i.low_Pressure), (24 bytes).
    Removing msgbuild.o(i.msg_Build), (284 bytes).
    Removing msgbuild.o(i.runApplication), (36 bytes).
    Removing msgbuild.o(i.type_Flow), (28 bytes).
    Removing msgbuild.o(i.type_Time), (28 bytes).
    Removing system_hr8p506.o(.rev16_text), (4 bytes).
    Removing system_hr8p506.o(.revsh_text), (4 bytes).
    Removing tds.o(.rev16_text), (4 bytes).
    Removing tds.o(.revsh_text), (4 bytes).
    Removing tds.o(i.get_Fre1), (92 bytes).
    Removing tds.o(i.get_Fre2), (92 bytes).
    Removing tds.o(i.get_TDS), (36 bytes).
    Removing tds.o(i.set_TDSEN), (2 bytes).
    Removing uart.o(.rev16_text), (4 bytes).
    Removing uart.o(.revsh_text), (4 bytes).
    Removing uart.o(i.UART0Getch), (20 bytes).
    Removing uart.o(i.UART0Put_str), (48 bytes).
    Removing uart.o(i.UART0_Recieve), (96 bytes).
    Removing uart.o(i.check_ststus), (140 bytes).
    Removing uart.o(i.get_NByte), (92 bytes).
    Removing uart.o(i.get_String), (56 bytes).
    Removing sim800c.o(.rev16_text), (4 bytes).
    Removing sim800c.o(.revsh_text), (4 bytes).
    Removing sim800c.o(i.GSM_TCPC_INIT), (32 bytes).
    Removing sim800c.o(i.GSM_TCP_Connect), (224 bytes).
    Removing sim800c.o(i.get_IMEI), (128 bytes).
    Removing sim800c.o(i.sim800c_OFF), (2 bytes).
    Removing sim800c.o(i.sim800c_init), (256 bytes).
    Removing sim800c.o(.data), (206 bytes).
    Removing water_flow.o(.rev16_text), (4 bytes).
    Removing water_flow.o(.revsh_text), (4 bytes).
    Removing water_flow.o(i.get_Flow), (2 bytes).

296 unused section(s) (total 16870 bytes) removed from the image.

==============================================================================

Adding Veneers to the image

    Adding TT veneer (12 bytes, Long) for call to 'Save_To_EPROM' from msgbuild.o(i.msg_Deal).
    Adding TT veneer (12 bytes, Long) for call to 'IAP_Read' from main.o(i.read_All_Flash).

2 Veneer(s) (total 24 bytes) added to the image.

==============================================================================

Image Symbol Table

    Local Symbols

    Symbol Name                              Value     Ov Type        Size  Object(Section)

    RESET                                    0x00000000   Section      192  startup_hr8p506.o(RESET)
    ../clib/angel/boardlib.s                 0x00000000   Number         0  boardinit3.o ABSOLUTE
    ../clib/angel/boardlib.s                 0x00000000   Number         0  boardinit2.o ABSOLUTE
    ../clib/angel/boardlib.s                 0x00000000   Number         0  boardinit1.o ABSOLUTE
    ../clib/angel/boardlib.s                 0x00000000   Number         0  boardshut.o ABSOLUTE
    ../clib/angel/handlers.s                 0x00000000   Number         0  __scatter_copy.o ABSOLUTE
    ../clib/angel/handlers.s                 0x00000000   Number         0  __scatter_zi.o ABSOLUTE
    ../clib/angel/kernel.s                   0x00000000   Number         0  __rtentry4.o ABSOLUTE
    ../clib/angel/kernel.s                   0x00000000   Number         0  rtexit2.o ABSOLUTE
    ../clib/angel/kernel.s                   0x00000000   Number         0  __rtentry2.o ABSOLUTE
    ../clib/angel/kernel.s                   0x00000000   Number         0  __rtentry.o ABSOLUTE
    ../clib/angel/kernel.s                   0x00000000   Number         0  rtexit.o ABSOLUTE
    ../clib/angel/rt.s                       0x00000000   Number         0  rt_div0.o ABSOLUTE
    ../clib/angel/rt.s                       0x00000000   Number         0  rt_raise.o ABSOLUTE
    ../clib/angel/rt.s                       0x00000000   Number         0  aeabi_idiv0_sigfpe.o ABSOLUTE
    ../clib/angel/rt.s                       0x00000000   Number         0  aeabi_idiv0.o ABSOLUTE
    ../clib/angel/scatterp.s                 0x00000000   Number         0  __scatter.o ABSOLUTE
    ../clib/angel/startup.s                  0x00000000   Number         0  __main.o ABSOLUTE
    ../clib/angel/sys.s                      0x00000000   Number         0  libspace.o ABSOLUTE
    ../clib/angel/sys.s                      0x00000000   Number         0  tempstk.o ABSOLUTE
    ../clib/angel/sys.s                      0x00000000   Number         0  use_no_semi.o ABSOLUTE
    ../clib/angel/sys.s                      0x00000000   Number         0  indicate_semi.o ABSOLUTE
    ../clib/angel/sys.s                      0x00000000   Number         0  sys_stackheap_outer.o ABSOLUTE
    ../clib/angel/sysapp.c                   0x00000000   Number         0  sys_wrch.o ABSOLUTE
    ../clib/angel/sysapp.c                   0x00000000   Number         0  sys_command.o ABSOLUTE
    ../clib/angel/sysapp.c                   0x00000000   Number         0  sys_exit.o ABSOLUTE
    ../clib/armsys.c                         0x00000000   Number         0  _get_argv_nomalloc.o ABSOLUTE
    ../clib/armsys.c                         0x00000000   Number         0  argv_veneer.o ABSOLUTE
    ../clib/armsys.c                         0x00000000   Number         0  no_argv.o ABSOLUTE
    ../clib/division.c                       0x00000000   Number         0  rtudiv10.o ABSOLUTE
    ../clib/division.s                       0x00000000   Number         0  aeabi_sdiv_div0.o ABSOLUTE
    ../clib/division.s                       0x00000000   Number         0  aeabi_sdiv.o ABSOLUTE
    ../clib/heapalloc.c                      0x00000000   Number         0  hrguard.o ABSOLUTE
    ../clib/heapaux.c                        0x00000000   Number         0  heapauxi.o ABSOLUTE
    ../clib/libinit.s                        0x00000000   Number         0  libinit2.o ABSOLUTE
    ../clib/libinit.s                        0x00000000   Number         0  libinit.o ABSOLUTE
    ../clib/libinit.s                        0x00000000   Number         0  libshutdown2.o ABSOLUTE
    ../clib/libinit.s                        0x00000000   Number         0  libshutdown.o ABSOLUTE
    ../clib/misc.s                           0x00000000   Number         0  printf_stubs.o ABSOLUTE
    ../clib/printf.c                         0x00000000   Number         0  _printf_char.o ABSOLUTE
    ../clib/printf.c                         0x00000000   Number         0  __printf_ss_wp.o ABSOLUTE
    ../clib/printf.c                         0x00000000   Number         0  _sputc.o ABSOLUTE
    ../clib/printf.c                         0x00000000   Number         0  _printf_char_common.o ABSOLUTE
    ../clib/printf.c                         0x00000000   Number         0  _printf_intcommon.o ABSOLUTE
    ../clib/printf.c                         0x00000000   Number         0  __printf.o ABSOLUTE
    ../clib/printf.c                         0x00000000   Number         0  _printf_str.o ABSOLUTE
    ../clib/printf.c                         0x00000000   Number         0  _printf_dec.o ABSOLUTE
    ../clib/printf.c                         0x00000000   Number         0  __printf_flags.o ABSOLUTE
    ../clib/printf.c                         0x00000000   Number         0  __2sprintf.o ABSOLUTE
    ../clib/printf.c                         0x00000000   Number         0  __printf_ss.o ABSOLUTE
    ../clib/printf.c                         0x00000000   Number         0  __printf_flags_ss.o ABSOLUTE
    ../clib/printf.c                         0x00000000   Number         0  __printf_wp.o ABSOLUTE
    ../clib/printf.c                         0x00000000   Number         0  __printf_flags_wp.o ABSOLUTE
    ../clib/printf.c                         0x00000000   Number         0  __printf_flags_ss_wp.o ABSOLUTE
    ../clib/printf.c                         0x00000000   Number         0  noretval__2sprintf.o ABSOLUTE
    ../clib/printf.c                         0x00000000   Number         0  __printf_nopercent.o ABSOLUTE
    ../clib/printf_percent.s                 0x00000000   Number         0  _printf_c.o ABSOLUTE
    ../clib/printf_percent.s                 0x00000000   Number         0  _printf_percent.o ABSOLUTE
    ../clib/printf_percent.s                 0x00000000   Number         0  _printf_s.o ABSOLUTE
    ../clib/printf_percent.s                 0x00000000   Number         0  _printf_u.o ABSOLUTE
    ../clib/printf_percent.s                 0x00000000   Number         0  _printf_percent_end.o ABSOLUTE
    ../clib/signal.c                         0x00000000   Number         0  defsig_other.o ABSOLUTE
    ../clib/signal.c                         0x00000000   Number         0  defsig_segv_inner.o ABSOLUTE
    ../clib/signal.c                         0x00000000   Number         0  defsig_cppl_inner.o ABSOLUTE
    ../clib/signal.c                         0x00000000   Number         0  defsig_pvfn_inner.o ABSOLUTE
    ../clib/signal.c                         0x00000000   Number         0  defsig_stak_inner.o ABSOLUTE
    ../clib/signal.c                         0x00000000   Number         0  defsig_fpe_formal.o ABSOLUTE
    ../clib/signal.c                         0x00000000   Number         0  defsig_rtmem_outer.o ABSOLUTE
    ../clib/signal.c                         0x00000000   Number         0  defsig_rtmem_inner.o ABSOLUTE
    ../clib/signal.c                         0x00000000   Number         0  defsig_fpe_outer.o ABSOLUTE
    ../clib/signal.c                         0x00000000   Number         0  defsig_abrt_inner.o ABSOLUTE
    ../clib/signal.c                         0x00000000   Number         0  defsig_general.o ABSOLUTE
    ../clib/signal.c                         0x00000000   Number         0  __raise.o ABSOLUTE
    ../clib/signal.c                         0x00000000   Number         0  defsig_rtmem_formal.o ABSOLUTE
    ../clib/signal.c                         0x00000000   Number         0  defsig_fpe_inner.o ABSOLUTE
    ../clib/signal.c                         0x00000000   Number         0  defsig_exit.o ABSOLUTE
    ../clib/signal.c                         0x00000000   Number         0  defsig_rtred_inner.o ABSOLUTE
    ../clib/signal.s                         0x00000000   Number         0  defsig.o ABSOLUTE
    ../clib/stdlib.c                         0x00000000   Number         0  exit.o ABSOLUTE
    ../clib/string.c                         0x00000000   Number         0  strcat.o ABSOLUTE
    ../clib/string.c                         0x00000000   Number         0  strstr.o ABSOLUTE
    ../fplib/cfplib/cmpret.c                 0x00000000   Number         0  cmpret.o ABSOLUTE
    ../fplib/cfplib/d2f.c                    0x00000000   Number         0  d2f.o ABSOLUTE
    ../fplib/cfplib/dcmpin.c                 0x00000000   Number         0  dcmpin.o ABSOLUTE
    ../fplib/cfplib/f2d.c                    0x00000000   Number         0  f2d.o ABSOLUTE
    ../fplib/cfplib/fdiv.c                   0x00000000   Number         0  fdiv.o ABSOLUTE
    ../fplib/cfplib/ffix.c                   0x00000000   Number         0  ffixui.o ABSOLUTE
    ../fplib/cfplib/fflt.c                   0x00000000   Number         0  fflti.o ABSOLUTE
    ../fplib/cfplib/fpinit.c                 0x00000000   Number         0  fpinit.o ABSOLUTE
    ../fplib/cfplib/nan2.c                   0x00000000   Number         0  dnan2.o ABSOLUTE
    ../fplib/cfplib/retnan.c                 0x00000000   Number         0  retnan.o ABSOLUTE
    ../fplib/dleqf6m.s                       0x00000000   Number         0  dlef.o ABSOLUTE
    ../fplib/fmul6m.s                        0x00000000   Number         0  fmul.o ABSOLUTE
    ../fplib/usenofp.s                       0x00000000   Number         0  usenofp.o ABSOLUTE
    ..\Hardware\Flow\water_flow.c            0x00000000   Number         0  water_flow.o ABSOLUTE
    ..\Hardware\GSM\sim800c.c                0x00000000   Number         0  sim800c.o ABSOLUTE
    ..\Hardware\TDS\tds.c                    0x00000000   Number         0  tds.o ABSOLUTE
    ..\Hardware\Uart\uart.c                  0x00000000   Number         0  uart.o ABSOLUTE
    ..\Library\Source\hr8p506_iap_table.c    0x00000000   Number         0  hr8p506_iap_table.o ABSOLUTE
    ..\Library\Source\lib_adc.c              0x00000000   Number         0  lib_adc.o ABSOLUTE
    ..\Library\Source\lib_euart.c            0x00000000   Number         0  lib_euart.o ABSOLUTE
    ..\Library\Source\lib_flashiap.c         0x00000000   Number         0  lib_flashiap.o ABSOLUTE
    ..\Library\Source\lib_gpio.c             0x00000000   Number         0  lib_gpio.o ABSOLUTE
    ..\Library\Source\lib_iic.c              0x00000000   Number         0  lib_iic.o ABSOLUTE
    ..\Library\Source\lib_lcd.c              0x00000000   Number         0  lib_lcd.o ABSOLUTE
    ..\Library\Source\lib_led.c              0x00000000   Number         0  lib_led.o ABSOLUTE
    ..\Library\Source\lib_printf.c           0x00000000   Number         0  lib_printf.o ABSOLUTE
    ..\Library\Source\lib_rtc.c              0x00000000   Number         0  lib_rtc.o ABSOLUTE
    ..\Library\Source\lib_scs.c              0x00000000   Number         0  lib_scs.o ABSOLUTE
    ..\Library\Source\lib_scu.c              0x00000000   Number         0  lib_scu.o ABSOLUTE
    ..\Library\Source\lib_spi.c              0x00000000   Number         0  lib_spi.o ABSOLUTE
    ..\Library\Source\lib_timer.c            0x00000000   Number         0  lib_timer.o ABSOLUTE
    ..\Library\Source\lib_uart.c             0x00000000   Number         0  lib_uart.o ABSOLUTE
    ..\Library\Source\lib_wdt.c              0x00000000   Number         0  lib_wdt.o ABSOLUTE
    ..\StartUp\startup_HR8P506.s             0x00000000   Number         0  startup_hr8p506.o ABSOLUTE
    ..\StartUp\system_HR8P506.c              0x00000000   Number         0  system_hr8p506.o ABSOLUTE
    ..\User\main.c                           0x00000000   Number         0  main.o ABSOLUTE
    ..\User\msgbuild.c                       0x00000000   Number         0  msgbuild.o ABSOLUTE
    ..\User\my_systick.c                     0x00000000   Number         0  my_systick.o ABSOLUTE
    ..\\Hardware\\Flow\\water_flow.c         0x00000000   Number         0  water_flow.o ABSOLUTE
    ..\\Hardware\\GSM\\sim800c.c             0x00000000   Number         0  sim800c.o ABSOLUTE
    ..\\Hardware\\TDS\\tds.c                 0x00000000   Number         0  tds.o ABSOLUTE
    ..\\Hardware\\Uart\\uart.c               0x00000000   Number         0  uart.o ABSOLUTE
    ..\\Library\\Source\\hr8p506_iap_table.c 0x00000000   Number         0  hr8p506_iap_table.o ABSOLUTE
    ..\\Library\\Source\\lib_adc.c           0x00000000   Number         0  lib_adc.o ABSOLUTE
    ..\\Library\\Source\\lib_euart.c         0x00000000   Number         0  lib_euart.o ABSOLUTE
    ..\\Library\\Source\\lib_flashiap.c      0x00000000   Number         0  lib_flashiap.o ABSOLUTE
    ..\\Library\\Source\\lib_gpio.c          0x00000000   Number         0  lib_gpio.o ABSOLUTE
    ..\\Library\\Source\\lib_iic.c           0x00000000   Number         0  lib_iic.o ABSOLUTE
    ..\\Library\\Source\\lib_lcd.c           0x00000000   Number         0  lib_lcd.o ABSOLUTE
    ..\\Library\\Source\\lib_led.c           0x00000000   Number         0  lib_led.o ABSOLUTE
    ..\\Library\\Source\\lib_printf.c        0x00000000   Number         0  lib_printf.o ABSOLUTE
    ..\\Library\\Source\\lib_rtc.c           0x00000000   Number         0  lib_rtc.o ABSOLUTE
    ..\\Library\\Source\\lib_scs.c           0x00000000   Number         0  lib_scs.o ABSOLUTE
    ..\\Library\\Source\\lib_scu.c           0x00000000   Number         0  lib_scu.o ABSOLUTE
    ..\\Library\\Source\\lib_spi.c           0x00000000   Number         0  lib_spi.o ABSOLUTE
    ..\\Library\\Source\\lib_timer.c         0x00000000   Number         0  lib_timer.o ABSOLUTE
    ..\\Library\\Source\\lib_uart.c          0x00000000   Number         0  lib_uart.o ABSOLUTE
    ..\\Library\\Source\\lib_wdt.c           0x00000000   Number         0  lib_wdt.o ABSOLUTE
    ..\\StartUp\\system_HR8P506.c            0x00000000   Number         0  system_hr8p506.o ABSOLUTE
    ..\\User\\main.c                         0x00000000   Number         0  main.o ABSOLUTE
    ..\\User\\msgbuild.c                     0x00000000   Number         0  msgbuild.o ABSOLUTE
    ..\\User\\my_systick.c                   0x00000000   Number         0  my_systick.o ABSOLUTE
    dc.s                                     0x00000000   Number         0  dc.o ABSOLUTE
    !!!main                                  0x000000c0   Section        8  __main.o(!!!main)
    !!!scatter                               0x000000c8   Section       60  __scatter.o(!!!scatter)
    !!handler_copy                           0x00000104   Section       26  __scatter_copy.o(!!handler_copy)
    !!handler_zi                             0x00000120   Section       28  __scatter_zi.o(!!handler_zi)
    .ARM.Collect$$_printf_percent$$00000000  0x0000013c   Section        2  _printf_percent.o(.ARM.Collect$$_printf_percent$$00000000)
    .ARM.Collect$$_printf_percent$$00000014  0x0000013e   Section       10  _printf_s.o(.ARM.Collect$$_printf_percent$$00000014)
    .ARM.Collect$$_printf_percent$$00000017  0x00000148   Section        4  _printf_percent_end.o(.ARM.Collect$$_printf_percent$$00000017)
    .ARM.Collect$$libinit$$00000000          0x0000014c   Section        2  libinit.o(.ARM.Collect$$libinit$$00000000)
    .ARM.Collect$$libinit$$00000002          0x0000014e   Section        0  libinit2.o(.ARM.Collect$$libinit$$00000002)
    .ARM.Collect$$libinit$$00000004          0x0000014e   Section        0  libinit2.o(.ARM.Collect$$libinit$$00000004)
    .ARM.Collect$$libinit$$0000000A          0x0000014e   Section        0  libinit2.o(.ARM.Collect$$libinit$$0000000A)
    .ARM.Collect$$libinit$$0000000C          0x0000014e   Section        0  libinit2.o(.ARM.Collect$$libinit$$0000000C)
    .ARM.Collect$$libinit$$0000000E          0x0000014e   Section        0  libinit2.o(.ARM.Collect$$libinit$$0000000E)
    .ARM.Collect$$libinit$$00000011          0x0000014e   Section        0  libinit2.o(.ARM.Collect$$libinit$$00000011)
    .ARM.Collect$$libinit$$00000013          0x0000014e   Section        0  libinit2.o(.ARM.Collect$$libinit$$00000013)
    .ARM.Collect$$libinit$$00000015          0x0000014e   Section        0  libinit2.o(.ARM.Collect$$libinit$$00000015)
    .ARM.Collect$$libinit$$00000017          0x0000014e   Section        0  libinit2.o(.ARM.Collect$$libinit$$00000017)
    .ARM.Collect$$libinit$$00000019          0x0000014e   Section        0  libinit2.o(.ARM.Collect$$libinit$$00000019)
    .ARM.Collect$$libinit$$0000001B          0x0000014e   Section        0  libinit2.o(.ARM.Collect$$libinit$$0000001B)
    .ARM.Collect$$libinit$$0000001D          0x0000014e   Section        0  libinit2.o(.ARM.Collect$$libinit$$0000001D)
    .ARM.Collect$$libinit$$0000001F          0x0000014e   Section        0  libinit2.o(.ARM.Collect$$libinit$$0000001F)
    .ARM.Collect$$libinit$$00000021          0x0000014e   Section        0  libinit2.o(.ARM.Collect$$libinit$$00000021)
    .ARM.Collect$$libinit$$00000023          0x0000014e   Section        0  libinit2.o(.ARM.Collect$$libinit$$00000023)
    .ARM.Collect$$libinit$$00000025          0x0000014e   Section        0  libinit2.o(.ARM.Collect$$libinit$$00000025)
    .ARM.Collect$$libinit$$0000002C          0x0000014e   Section        0  libinit2.o(.ARM.Collect$$libinit$$0000002C)
    .ARM.Collect$$libinit$$0000002E          0x0000014e   Section        0  libinit2.o(.ARM.Collect$$libinit$$0000002E)
    .ARM.Collect$$libinit$$00000030          0x0000014e   Section        0  libinit2.o(.ARM.Collect$$libinit$$00000030)
    .ARM.Collect$$libinit$$00000032          0x0000014e   Section        0  libinit2.o(.ARM.Collect$$libinit$$00000032)
    .ARM.Collect$$libinit$$00000033          0x0000014e   Section        2  libinit2.o(.ARM.Collect$$libinit$$00000033)
    .ARM.Collect$$libshutdown$$00000000      0x00000150   Section        2  libshutdown.o(.ARM.Collect$$libshutdown$$00000000)
    .ARM.Collect$$libshutdown$$00000002      0x00000152   Section        0  libshutdown2.o(.ARM.Collect$$libshutdown$$00000002)
    .ARM.Collect$$libshutdown$$00000004      0x00000152   Section        0  libshutdown2.o(.ARM.Collect$$libshutdown$$00000004)
    .ARM.Collect$$libshutdown$$00000007      0x00000152   Section        0  libshutdown2.o(.ARM.Collect$$libshutdown$$00000007)
    .ARM.Collect$$libshutdown$$0000000A      0x00000152   Section        0  libshutdown2.o(.ARM.Collect$$libshutdown$$0000000A)
    .ARM.Collect$$libshutdown$$0000000C      0x00000152   Section        0  libshutdown2.o(.ARM.Collect$$libshutdown$$0000000C)
    .ARM.Collect$$libshutdown$$0000000F      0x00000152   Section        0  libshutdown2.o(.ARM.Collect$$libshutdown$$0000000F)
    .ARM.Collect$$libshutdown$$00000010      0x00000152   Section        2  libshutdown2.o(.ARM.Collect$$libshutdown$$00000010)
    .ARM.Collect$$rtentry$$00000000          0x00000154   Section        0  __rtentry.o(.ARM.Collect$$rtentry$$00000000)
    .ARM.Collect$$rtentry$$00000002          0x00000154   Section        0  __rtentry2.o(.ARM.Collect$$rtentry$$00000002)
    .ARM.Collect$$rtentry$$00000004          0x00000154   Section        6  __rtentry4.o(.ARM.Collect$$rtentry$$00000004)
    .ARM.Collect$$rtentry$$00000009          0x0000015a   Section        0  __rtentry2.o(.ARM.Collect$$rtentry$$00000009)
    .ARM.Collect$$rtentry$$0000000A          0x0000015a   Section        4  __rtentry2.o(.ARM.Collect$$rtentry$$0000000A)
    .ARM.Collect$$rtentry$$0000000C          0x0000015e   Section        0  __rtentry2.o(.ARM.Collect$$rtentry$$0000000C)
    .ARM.Collect$$rtentry$$0000000D          0x0000015e   Section        8  __rtentry2.o(.ARM.Collect$$rtentry$$0000000D)
    .ARM.Collect$$rtexit$$00000000           0x00000166   Section        2  rtexit.o(.ARM.Collect$$rtexit$$00000000)
    .ARM.Collect$$rtexit$$00000002           0x00000168   Section        0  rtexit2.o(.ARM.Collect$$rtexit$$00000002)
    .ARM.Collect$$rtexit$$00000003           0x00000168   Section        4  rtexit2.o(.ARM.Collect$$rtexit$$00000003)
    .ARM.Collect$$rtexit$$00000004           0x0000016c   Section        6  rtexit2.o(.ARM.Collect$$rtexit$$00000004)
    .text                                    0x00000174   Section      232  startup_hr8p506.o(.text)
    .text                                    0x0000025c   Section        0  __2sprintf.o(.text)
    .text                                    0x00000288   Section        0  __printf.o(.text)
    .text                                    0x000002f4   Section        0  _printf_str.o(.text)
    .text                                    0x00000346   Section        0  strstr.o(.text)
    .text                                    0x0000036e   Section      346  aeabi_sdiv.o(.text)
    .text                                    0x000004c8   Section        0  heapauxi.o(.text)
    .text                                    0x000004d0   Section        0  d2f.o(.text)
    .text                                    0x0000054c   Section        0  f2d.o(.text)
    .text                                    0x000005a0   Section        0  fdiv.o(.text)
    .text                                    0x00000700   Section        0  ffixui.o(.text)
    .text                                    0x00000730   Section        0  fflti.o(.text)
    .text                                    0x00000790   Section        0  _printf_char_common.o(.text)
    _printf_input_char                       0x00000791   Thumb Code    10  _printf_char_common.o(.text)
    .text                                    0x000007c0   Section        0  _sputc.o(.text)
    .text                                    0x000007ca   Section        0  _printf_char.o(.text)
    .text                                    0x000007f8   Section        0  dcmpin.o(.text)
    .text                                    0x00000888   Section        0  cmpret.o(.text)
    .text                                    0x000008b8   Section        0  dnan2.o(.text)
    .text                                    0x000008cc   Section       62  sys_stackheap_outer.o(.text)
    .text                                    0x0000090a   Section        0  exit.o(.text)
    .text                                    0x0000091a   Section        0  retnan.o(.text)
    .text                                    0x00000978   Section        8  libspace.o(.text)
    .text                                    0x00000980   Section        0  sys_exit.o(.text)
    .text                                    0x0000098c   Section        2  use_no_semi.o(.text)
    .text                                    0x0000098e   Section        0  indicate_semi.o(.text)
    i.BEE_OFF                                0x000009a8   Section        0  my_systick.o(i.BEE_OFF)
    i.BEE_ON                                 0x000009b4   Section        0  my_systick.o(i.BEE_ON)
    i.BEE_init                               0x000009c0   Section        0  main.o(i.BEE_init)
    i.Delaynms                               0x000009e4   Section        0  my_systick.o(i.Delaynms)
    i.DeviceClockAllEnable                   0x00000a00   Section        0  lib_scu.o(i.DeviceClockAllEnable)
    i.GPIO_GetNormalBitOffsetFromPin         0x00000a34   Section        0  lib_gpio.o(i.GPIO_GetNormalBitOffsetFromPin)
    i.GPIO_Init                              0x00000b2e   Section        0  lib_gpio.o(i.GPIO_Init)
    i.GPIO_SetDSRegFromPin                   0x00000b98   Section        0  lib_gpio.o(i.GPIO_SetDSRegFromPin)
    i.GPIO_SetDirRegFromPin                  0x00000c00   Section        0  lib_gpio.o(i.GPIO_SetDirRegFromPin)
    i.GPIO_SetFuncxRegFromPin                0x00000c4c   Section        0  lib_gpio.o(i.GPIO_SetFuncxRegFromPin)
    i.GPIO_SetODERegFromPin                  0x000011c4   Section        0  lib_gpio.o(i.GPIO_SetODERegFromPin)
    i.GPIO_SetPDERegFromPin                  0x0000122c   Section        0  lib_gpio.o(i.GPIO_SetPDERegFromPin)
    i.GPIO_SetPUERegFromPin                  0x00001294   Section        0  lib_gpio.o(i.GPIO_SetPUERegFromPin)
    i.GPIO_SetSingalTypeFromPin              0x000012fc   Section        0  lib_gpio.o(i.GPIO_SetSingalTypeFromPin)
    i.GPIO_WriteBit                          0x00001364   Section        0  lib_gpio.o(i.GPIO_WriteBit)
    i.HardWare_Init                          0x000013b0   Section        0  main.o(i.HardWare_Init)
    i.NVIC_Init                              0x00001400   Section        0  lib_scs.o(i.NVIC_Init)
    i.PLLClock_Config                        0x00001464   Section        0  lib_scu.o(i.PLLClock_Config)
    i.SCU_SysClkSelect                       0x00001614   Section        0  lib_scu.o(i.SCU_SysClkSelect)
    i.SysTick_IRQHandler                     0x00001640   Section        0  my_systick.o(i.SysTick_IRQHandler)
    i.SysTick_Init                           0x000016c8   Section        0  lib_scs.o(i.SysTick_Init)
    i.SystemInit                             0x00001708   Section        0  system_hr8p506.o(i.SystemInit)
    i.T16N2_IRQHandler                       0x00001794   Section        0  tds.o(i.T16N2_IRQHandler)
    i.T16Nx_BaseInit                         0x000017dc   Section        0  lib_timer.o(i.T16Nx_BaseInit)
    i.T16Nx_ClearITPendingBit                0x00001838   Section        0  lib_timer.o(i.T16Nx_ClearITPendingBit)
    i.T16Nx_Disable                          0x0000183c   Section        0  lib_timer.o(i.T16Nx_Disable)
    i.T16Nx_GetFlagStatus                    0x00001846   Section        0  lib_timer.o(i.T16Nx_GetFlagStatus)
    i.T16Nx_ITConfig                         0x0000185a   Section        0  lib_timer.o(i.T16Nx_ITConfig)
    i.T16Nx_MAT0ITConfig                     0x0000186e   Section        0  lib_timer.o(i.T16Nx_MAT0ITConfig)
    i.T16Nx_SetCNT0                          0x00001886   Section        0  lib_timer.o(i.T16Nx_SetCNT0)
    i.T16Nx_SetMAT0                          0x000018aa   Section        0  lib_timer.o(i.T16Nx_SetMAT0)
    i.TCP_Recieve                            0x000018b8   Section        0  sim800c.o(i.TCP_Recieve)
    i.UART0Init                              0x00001918   Section        0  uart.o(i.UART0Init)
    i.UART0Putch                             0x000019bc   Section        0  uart.o(i.UART0Putch)
    i.UART0Write_Str                         0x000019d8   Section        0  uart.o(i.UART0Write_Str)
    i.UART0_IRQHandler                       0x00001a44   Section        0  uart.o(i.UART0_IRQHandler)
    i.UART_GetFlagStatus                     0x00001b04   Section        0  lib_uart.o(i.UART_GetFlagStatus)
    i.UART_GetITStatus                       0x00001b14   Section        0  lib_uart.o(i.UART_GetITStatus)
    i.UART_ITConfig                          0x00001b24   Section        0  lib_uart.o(i.UART_ITConfig)
    i.UART_Init                              0x00001b38   Section        0  lib_uart.o(i.UART_Init)
    i.UART_RBIMConfig                        0x00001ca0   Section        0  lib_uart.o(i.UART_RBIMConfig)
    i.UART_TBIMConfig                        0x00001cb4   Section        0  lib_uart.o(i.UART_TBIMConfig)
    i.WDT_Init                               0x00001cc4   Section        0  lib_wdt.o(i.WDT_Init)
    i.__ARM_common_switch8                   0x00001d34   Section        0  lib_gpio.o(i.__ARM_common_switch8)
    i.clear_RCV_Buffer                       0x00001d50   Section        0  uart.o(i.clear_RCV_Buffer)
    i.delay_nms                              0x00001d68   Section        0  my_systick.o(i.delay_nms)
    i.get_MSG                                0x00001d7c   Section        0  uart.o(i.get_MSG)
    i.main                                   0x00001e40   Section        0  main.o(i.main)
    i.msg_Deal                               0x00001f44   Section        0  msgbuild.o(i.msg_Deal)
    i.pressure_Init                          0x00002198   Section        0  msgbuild.o(i.pressure_Init)
    i.read_All_Flash                         0x000021a8   Section        0  main.o(i.read_All_Flash)
    i.tds_Init                               0x000021d0   Section        0  tds.o(i.tds_Init)
    i.timer_Init                             0x000021e4   Section        0  tds.o(i.timer_Init)
    i.valve_Init                             0x00002238   Section        0  msgbuild.o(i.valve_Init)
    i.valve_OFF                              0x0000227a   Section        0  msgbuild.o(i.valve_OFF)
    i.valve_ON                               0x000022ce   Section        0  msgbuild.o(i.valve_ON)
    x$fpl$dleqf                              0x00002324   Section      100  dlef.o(x$fpl$dleqf)
    x$fpl$fmul                               0x00002388   Section      176  fmul.o(x$fpl$fmul)
    .constdata                               0x00002438   Section       64  fdiv.o(.constdata)
    x$fpl$usenofp                            0x00002438   Section        0  usenofp.o(x$fpl$usenofp)
    fdiv_tab                                 0x00002438   Data          64  fdiv.o(.constdata)
    i.IAP_Read                               0x20000000   Section        0  lib_flashiap.o(i.IAP_Read)
    i.IAP_Unlock                             0x2000002c   Section        0  lib_flashiap.o(i.IAP_Unlock)
    i.IAP_WriteCont                          0x20000080   Section        0  lib_flashiap.o(i.IAP_WriteCont)
    i.IAP_WriteEnd                           0x20000120   Section        0  lib_flashiap.o(i.IAP_WriteEnd)
    i.IAP_WriteWord                          0x20000164   Section        0  lib_flashiap.o(i.IAP_WriteWord)
    i.Save_To_EPROM                          0x200001b0   Section        0  lib_flashiap.o(i.Save_To_EPROM)
    i.__set_PRIMASK                          0x200001f4   Section        0  lib_flashiap.o(i.__set_PRIMASK)
    __set_PRIMASK                            0x200001f5   Thumb Code     6  lib_flashiap.o(i.__set_PRIMASK)
    .data                                    0x200001fc   Section       16  my_systick.o(.data)
    temp                                     0x20000200   Data           4  my_systick.o(.data)
    count                                    0x20000204   Data           4  my_systick.o(.data)
    rt                                       0x20000208   Data           4  my_systick.o(.data)
    .data                                    0x2000020c   Section        4  system_hr8p506.o(.data)
    .data                                    0x20000210   Section       16  tds.o(.data)
    .data                                    0x20000220   Section        6  uart.o(.data)
    .bss                                     0x20000228   Section       48  main.o(.bss)
    .bss                                     0x20000258   Section      320  uart.o(.bss)
    .bss                                     0x20000398   Section       96  libspace.o(.bss)
    HEAP                                     0x200003f8   Section        0  startup_hr8p506.o(HEAP)
    STACK                                    0x200003f8   Section     1024  startup_hr8p506.o(STACK)
    Heap_Mem                                 0x200003f8   Data           0  startup_hr8p506.o(HEAP)
    Stack_Mem                                0x200003f8   Data        1024  startup_hr8p506.o(STACK)
    __initial_sp                             0x200007f8   Data           0  startup_hr8p506.o(STACK)

    Global Symbols

    Symbol Name                              Value     Ov Type        Size  Object(Section)

    BuildAttributes$$THM_ISAv3M$S$PE$A:L22$X:L11$S22$IEEE1$IW$USESV6$~STKCKD$USESV7$~SHL$OSPACE$ROPI$EBA8$UX$STANDARDLIB$REQ8$PRES8$EABIv2 0x00000000   Number         0  anon$$obj.o ABSOLUTE
    __ARM_use_no_argv                        0x00000000   Number         0  main.o ABSOLUTE
    __Vectors                                0x00000000   Data           4  startup_hr8p506.o(RESET)
    _printf_flags                            0x00000000   Number         0  printf_stubs.o ABSOLUTE
    _printf_return_value                     0x00000000   Number         0  printf_stubs.o ABSOLUTE
    _printf_sizespec                         0x00000000   Number         0  printf_stubs.o ABSOLUTE
    _printf_widthprec                        0x00000000   Number         0  printf_stubs.o ABSOLUTE
    __ARM_exceptions_init                     - Undefined Weak Reference
    __alloca_initialize                       - Undefined Weak Reference
    __arm_preinit_                            - Undefined Weak Reference
    __cpp_initialize__aeabi_                  - Undefined Weak Reference
    __cxa_finalize                            - Undefined Weak Reference
    __rt_locale                               - Undefined Weak Reference
    __sigvec_lookup                           - Undefined Weak Reference
    _atexit_init                              - Undefined Weak Reference
    _call_atexit_fns                          - Undefined Weak Reference
    _clock_init                               - Undefined Weak Reference
    _fp_trap_init                             - Undefined Weak Reference
    _fp_trap_shutdown                         - Undefined Weak Reference
    _get_lc_collate                           - Undefined Weak Reference
    _get_lc_ctype                             - Undefined Weak Reference
    _get_lc_monetary                          - Undefined Weak Reference
    _get_lc_numeric                           - Undefined Weak Reference
    _get_lc_time                              - Undefined Weak Reference
    _getenv_init                              - Undefined Weak Reference
    _handle_redirection                       - Undefined Weak Reference
    _init_alloc                               - Undefined Weak Reference
    _init_user_alloc                          - Undefined Weak Reference
    _initio                                   - Undefined Weak Reference
    _printf_mbtowc                            - Undefined Weak Reference
    _printf_post_padding                      - Undefined Weak Reference
    _printf_pre_padding                       - Undefined Weak Reference
    _printf_truncate_signed                   - Undefined Weak Reference
    _printf_truncate_unsigned                 - Undefined Weak Reference
    _rand_init                                - Undefined Weak Reference
    _signal_finish                            - Undefined Weak Reference
    _signal_init                              - Undefined Weak Reference
    _terminate_alloc                          - Undefined Weak Reference
    _terminate_user_alloc                     - Undefined Weak Reference
    _terminateio                              - Undefined Weak Reference
    __main                                   0x000000c1   Thumb Code     8  __main.o(!!!main)
    __scatterload                            0x000000c9   Thumb Code     0  __scatter.o(!!!scatter)
    __scatterload_rt2                        0x000000c9   Thumb Code    52  __scatter.o(!!!scatter)
    __scatterload_rt2_thumb_only             0x000000c9   Thumb Code     0  __scatter.o(!!!scatter)
    __scatterload_null                       0x000000d9   Thumb Code     0  __scatter.o(!!!scatter)
    __scatterload_copy                       0x00000105   Thumb Code    26  __scatter_copy.o(!!handler_copy)
    __scatterload_zeroinit                   0x00000121   Thumb Code    28  __scatter_zi.o(!!handler_zi)
    _printf_percent                          0x0000013d   Thumb Code     0  _printf_percent.o(.ARM.Collect$$_printf_percent$$00000000)
    _printf_s                                0x0000013f   Thumb Code     0  _printf_s.o(.ARM.Collect$$_printf_percent$$00000014)
    _printf_percent_end                      0x00000149   Thumb Code     0  _printf_percent_end.o(.ARM.Collect$$_printf_percent$$00000017)
    __rt_lib_init                            0x0000014d   Thumb Code     0  libinit.o(.ARM.Collect$$libinit$$00000000)
    __rt_lib_init_alloca_1                   0x0000014f   Thumb Code     0  libinit2.o(.ARM.Collect$$libinit$$0000002E)
    __rt_lib_init_argv_1                     0x0000014f   Thumb Code     0  libinit2.o(.ARM.Collect$$libinit$$0000002C)
    __rt_lib_init_atexit_1                   0x0000014f   Thumb Code     0  libinit2.o(.ARM.Collect$$libinit$$0000001B)
    __rt_lib_init_clock_1                    0x0000014f   Thumb Code     0  libinit2.o(.ARM.Collect$$libinit$$00000021)
    __rt_lib_init_cpp_1                      0x0000014f   Thumb Code     0  libinit2.o(.ARM.Collect$$libinit$$00000032)
    __rt_lib_init_exceptions_1               0x0000014f   Thumb Code     0  libinit2.o(.ARM.Collect$$libinit$$00000030)
    __rt_lib_init_fp_1                       0x0000014f   Thumb Code     0  libinit2.o(.ARM.Collect$$libinit$$00000002)
    __rt_lib_init_fp_trap_1                  0x0000014f   Thumb Code     0  libinit2.o(.ARM.Collect$$libinit$$0000001F)
    __rt_lib_init_getenv_1                   0x0000014f   Thumb Code     0  libinit2.o(.ARM.Collect$$libinit$$00000023)
    __rt_lib_init_heap_1                     0x0000014f   Thumb Code     0  libinit2.o(.ARM.Collect$$libinit$$0000000A)
    __rt_lib_init_lc_collate_1               0x0000014f   Thumb Code     0  libinit2.o(.ARM.Collect$$libinit$$00000011)
    __rt_lib_init_lc_ctype_1                 0x0000014f   Thumb Code     0  libinit2.o(.ARM.Collect$$libinit$$00000013)
    __rt_lib_init_lc_monetary_1              0x0000014f   Thumb Code     0  libinit2.o(.ARM.Collect$$libinit$$00000015)
    __rt_lib_init_lc_numeric_1               0x0000014f   Thumb Code     0  libinit2.o(.ARM.Collect$$libinit$$00000017)
    __rt_lib_init_lc_time_1                  0x0000014f   Thumb Code     0  libinit2.o(.ARM.Collect$$libinit$$00000019)
    __rt_lib_init_preinit_1                  0x0000014f   Thumb Code     0  libinit2.o(.ARM.Collect$$libinit$$00000004)
    __rt_lib_init_rand_1                     0x0000014f   Thumb Code     0  libinit2.o(.ARM.Collect$$libinit$$0000000E)
    __rt_lib_init_return                     0x0000014f   Thumb Code     0  libinit2.o(.ARM.Collect$$libinit$$00000033)
    __rt_lib_init_signal_1                   0x0000014f   Thumb Code     0  libinit2.o(.ARM.Collect$$libinit$$0000001D)
    __rt_lib_init_stdio_1                    0x0000014f   Thumb Code     0  libinit2.o(.ARM.Collect$$libinit$$00000025)
    __rt_lib_init_user_alloc_1               0x0000014f   Thumb Code     0  libinit2.o(.ARM.Collect$$libinit$$0000000C)
    __rt_lib_shutdown                        0x00000151   Thumb Code     0  libshutdown.o(.ARM.Collect$$libshutdown$$00000000)
    __rt_lib_shutdown_cpp_1                  0x00000153   Thumb Code     0  libshutdown2.o(.ARM.Collect$$libshutdown$$00000002)
    __rt_lib_shutdown_fp_trap_1              0x00000153   Thumb Code     0  libshutdown2.o(.ARM.Collect$$libshutdown$$00000007)
    __rt_lib_shutdown_heap_1                 0x00000153   Thumb Code     0  libshutdown2.o(.ARM.Collect$$libshutdown$$0000000F)
    __rt_lib_shutdown_return                 0x00000153   Thumb Code     0  libshutdown2.o(.ARM.Collect$$libshutdown$$00000010)
    __rt_lib_shutdown_signal_1               0x00000153   Thumb Code     0  libshutdown2.o(.ARM.Collect$$libshutdown$$0000000A)
    __rt_lib_shutdown_stdio_1                0x00000153   Thumb Code     0  libshutdown2.o(.ARM.Collect$$libshutdown$$00000004)
    __rt_lib_shutdown_user_alloc_1           0x00000153   Thumb Code     0  libshutdown2.o(.ARM.Collect$$libshutdown$$0000000C)
    __rt_entry                               0x00000155   Thumb Code     0  __rtentry.o(.ARM.Collect$$rtentry$$00000000)
    __rt_entry_presh_1                       0x00000155   Thumb Code     0  __rtentry2.o(.ARM.Collect$$rtentry$$00000002)
    __rt_entry_sh                            0x00000155   Thumb Code     0  __rtentry4.o(.ARM.Collect$$rtentry$$00000004)
    __rt_entry_li                            0x0000015b   Thumb Code     0  __rtentry2.o(.ARM.Collect$$rtentry$$0000000A)
    __rt_entry_postsh_1                      0x0000015b   Thumb Code     0  __rtentry2.o(.ARM.Collect$$rtentry$$00000009)
    __rt_entry_main                          0x0000015f   Thumb Code     0  __rtentry2.o(.ARM.Collect$$rtentry$$0000000D)
    __rt_entry_postli_1                      0x0000015f   Thumb Code     0  __rtentry2.o(.ARM.Collect$$rtentry$$0000000C)
    __rt_exit                                0x00000167   Thumb Code     0  rtexit.o(.ARM.Collect$$rtexit$$00000000)
    __rt_exit_ls                             0x00000169   Thumb Code     0  rtexit2.o(.ARM.Collect$$rtexit$$00000003)
    __rt_exit_prels_1                        0x00000169   Thumb Code     0  rtexit2.o(.ARM.Collect$$rtexit$$00000002)
    __rt_exit_exit                           0x0000016d   Thumb Code     0  rtexit2.o(.ARM.Collect$$rtexit$$00000004)
    Reset_IRQHandler                         0x00000175   Thumb Code    12  startup_hr8p506.o(.text)
    NMI_IRQHandler                           0x00000181   Thumb Code     2  startup_hr8p506.o(.text)
    HardFault_IRQHandler                     0x00000183   Thumb Code     2  startup_hr8p506.o(.text)
    SVC_IRQHandler                           0x00000185   Thumb Code     2  startup_hr8p506.o(.text)
    PendSV_IRQHandler                        0x00000187   Thumb Code     2  startup_hr8p506.o(.text)
    ADC_IRQHandler                           0x0000018b   Thumb Code     0  startup_hr8p506.o(.text)
    CCM_IRQHandler                           0x0000018b   Thumb Code     0  startup_hr8p506.o(.text)
    EUART0_IRQHandler                        0x0000018b   Thumb Code     0  startup_hr8p506.o(.text)
    I2C0_IRQHandler                          0x0000018b   Thumb Code     0  startup_hr8p506.o(.text)
    KINT_IRQHandler                          0x0000018b   Thumb Code     0  startup_hr8p506.o(.text)
    LVD_IRQHandler                           0x0000018b   Thumb Code     0  startup_hr8p506.o(.text)
    PINT0_IRQHandler                         0x0000018b   Thumb Code     0  startup_hr8p506.o(.text)
    PINT1_IRQHandler                         0x0000018b   Thumb Code     0  startup_hr8p506.o(.text)
    PINT2_IRQHandler                         0x0000018b   Thumb Code     0  startup_hr8p506.o(.text)
    PINT3_IRQHandler                         0x0000018b   Thumb Code     0  startup_hr8p506.o(.text)
    PINT4_IRQHandler                         0x0000018b   Thumb Code     0  startup_hr8p506.o(.text)
    PINT5_IRQHandler                         0x0000018b   Thumb Code     0  startup_hr8p506.o(.text)
    PINT6_IRQHandler                         0x0000018b   Thumb Code     0  startup_hr8p506.o(.text)
    PINT7_IRQHandler                         0x0000018b   Thumb Code     0  startup_hr8p506.o(.text)
    PLLLK_IRQHandler                         0x0000018b   Thumb Code     0  startup_hr8p506.o(.text)
    RTC_IRQHandler                           0x0000018b   Thumb Code     0  startup_hr8p506.o(.text)
    SPI0_IRQHandler                          0x0000018b   Thumb Code     0  startup_hr8p506.o(.text)
    SPI1_IRQHandler                          0x0000018b   Thumb Code     0  startup_hr8p506.o(.text)
    T16N0_IRQHandler                         0x0000018b   Thumb Code     0  startup_hr8p506.o(.text)
    T16N1_IRQHandler                         0x0000018b   Thumb Code     0  startup_hr8p506.o(.text)
    T16N3_IRQHandler                         0x0000018b   Thumb Code     0  startup_hr8p506.o(.text)
    T32N0_IRQHandler                         0x0000018b   Thumb Code     0  startup_hr8p506.o(.text)
    UART1_IRQHandler                         0x0000018b   Thumb Code     0  startup_hr8p506.o(.text)
    WDT_IRQHandler                           0x0000018b   Thumb Code     0  startup_hr8p506.o(.text)
    RegInit                                  0x00000199   Thumb Code   172  startup_hr8p506.o(.text)
    __user_initial_stackheap                 0x00000245   Thumb Code     0  startup_hr8p506.o(.text)
    __2sprintf                               0x0000025d   Thumb Code    40  __2sprintf.o(.text)
    __printf                                 0x00000289   Thumb Code   108  __printf.o(.text)
    _printf_str                              0x000002f5   Thumb Code    82  _printf_str.o(.text)
    strstr                                   0x00000347   Thumb Code    40  strstr.o(.text)
    __aeabi_uidiv                            0x0000036f   Thumb Code     0  aeabi_sdiv.o(.text)
    __aeabi_uidivmod                         0x0000036f   Thumb Code    20  aeabi_sdiv.o(.text)
    __aeabi_idiv                             0x00000383   Thumb Code     0  aeabi_sdiv.o(.text)
    __aeabi_idivmod                          0x00000383   Thumb Code   326  aeabi_sdiv.o(.text)
    __use_two_region_memory                  0x000004c9   Thumb Code     2  heapauxi.o(.text)
    __rt_heap_escrow$2region                 0x000004cb   Thumb Code     2  heapauxi.o(.text)
    __rt_heap_expand$2region                 0x000004cd   Thumb Code     2  heapauxi.o(.text)
    __aeabi_d2f                              0x000004d1   Thumb Code     0  d2f.o(.text)
    _d2f                                     0x000004d1   Thumb Code   120  d2f.o(.text)
    __aeabi_f2d                              0x0000054d   Thumb Code     0  f2d.o(.text)
    _f2d                                     0x0000054d   Thumb Code    80  f2d.o(.text)
    __aeabi_fdiv                             0x000005a1   Thumb Code     0  fdiv.o(.text)
    _fdiv                                    0x000005a1   Thumb Code   334  fdiv.o(.text)
    _frdiv                                   0x000006ef   Thumb Code     8  fdiv.o(.text)
    __aeabi_f2uiz                            0x00000701   Thumb Code     0  ffixui.o(.text)
    _ffixu                                   0x00000701   Thumb Code    48  ffixui.o(.text)
    __aeabi_i2f_normalise                    0x00000731   Thumb Code    72  fflti.o(.text)
    __aeabi_i2f                              0x00000779   Thumb Code    16  fflti.o(.text)
    _fflt                                    0x00000779   Thumb Code     0  fflti.o(.text)
    __aeabi_ui2f                             0x00000789   Thumb Code     6  fflti.o(.text)
    _ffltu                                   0x00000789   Thumb Code     0  fflti.o(.text)
    _printf_char_common                      0x0000079b   Thumb Code    32  _printf_char_common.o(.text)
    _sputc                                   0x000007c1   Thumb Code    10  _sputc.o(.text)
    _printf_cs_common                        0x000007cb   Thumb Code    22  _printf_char.o(.text)
    _printf_char                             0x000007e1   Thumb Code    16  _printf_char.o(.text)
    _printf_string                           0x000007f1   Thumb Code     8  _printf_char.o(.text)
    __fpl_dcmp_InfNaN                        0x000007f9   Thumb Code   140  dcmpin.o(.text)
    __fpl_cmpreturn                          0x00000889   Thumb Code    46  cmpret.o(.text)
    __fpl_dcheck_NaN2                        0x000008b9   Thumb Code    14  dnan2.o(.text)
    __user_setup_stackheap                   0x000008cd   Thumb Code    62  sys_stackheap_outer.o(.text)
    exit                                     0x0000090b   Thumb Code    16  exit.o(.text)
    __fpl_return_NaN                         0x0000091b   Thumb Code    94  retnan.o(.text)
    __user_libspace                          0x00000979   Thumb Code     8  libspace.o(.text)
    __user_perproc_libspace                  0x00000979   Thumb Code     0  libspace.o(.text)
    __user_perthread_libspace                0x00000979   Thumb Code     0  libspace.o(.text)
    _sys_exit                                0x00000981   Thumb Code     8  sys_exit.o(.text)
    __I$use$semihosting                      0x0000098d   Thumb Code     0  use_no_semi.o(.text)
    __use_no_semihosting_swi                 0x0000098d   Thumb Code     2  use_no_semi.o(.text)
    __semihosting_library_function           0x0000098f   Thumb Code     0  indicate_semi.o(.text)
    Long Thumb to Thumb Veneer to Save_To_EPROM 0x00000991   Thumb Code    12  anon$$obj.o(Veneer$$Code)
    Long Thumb to Thumb Veneer to IAP_Read   0x0000099d   Thumb Code    12  anon$$obj.o(Veneer$$Code)
    BEE_OFF                                  0x000009a9   Thumb Code     8  my_systick.o(i.BEE_OFF)
    BEE_ON                                   0x000009b5   Thumb Code     8  my_systick.o(i.BEE_ON)
    BEE_init                                 0x000009c1   Thumb Code    34  main.o(i.BEE_init)
    Delaynms                                 0x000009e5   Thumb Code    24  my_systick.o(i.Delaynms)
    DeviceClockAllEnable                     0x00000a01   Thumb Code    42  lib_scu.o(i.DeviceClockAllEnable)
    GPIO_GetNormalBitOffsetFromPin           0x00000a35   Thumb Code   250  lib_gpio.o(i.GPIO_GetNormalBitOffsetFromPin)
    GPIO_Init                                0x00000b2f   Thumb Code   104  lib_gpio.o(i.GPIO_Init)
    GPIO_SetDSRegFromPin                     0x00000b99   Thumb Code    98  lib_gpio.o(i.GPIO_SetDSRegFromPin)
    GPIO_SetDirRegFromPin                    0x00000c01   Thumb Code    70  lib_gpio.o(i.GPIO_SetDirRegFromPin)
    GPIO_SetFuncxRegFromPin                  0x00000c4d   Thumb Code  1394  lib_gpio.o(i.GPIO_SetFuncxRegFromPin)
    GPIO_SetODERegFromPin                    0x000011c5   Thumb Code    98  lib_gpio.o(i.GPIO_SetODERegFromPin)
    GPIO_SetPDERegFromPin                    0x0000122d   Thumb Code    98  lib_gpio.o(i.GPIO_SetPDERegFromPin)
    GPIO_SetPUERegFromPin                    0x00001295   Thumb Code    98  lib_gpio.o(i.GPIO_SetPUERegFromPin)
    GPIO_SetSingalTypeFromPin                0x000012fd   Thumb Code    98  lib_gpio.o(i.GPIO_SetSingalTypeFromPin)
    GPIO_WriteBit                            0x00001365   Thumb Code    70  lib_gpio.o(i.GPIO_WriteBit)
    HardWare_Init                            0x000013b1   Thumb Code    74  main.o(i.HardWare_Init)
    NVIC_Init                                0x00001401   Thumb Code    94  lib_scs.o(i.NVIC_Init)
    PLLClock_Config                          0x00001465   Thumb Code   422  lib_scu.o(i.PLLClock_Config)
    SCU_SysClkSelect                         0x00001615   Thumb Code    34  lib_scu.o(i.SCU_SysClkSelect)
    SysTick_IRQHandler                       0x00001641   Thumb Code   100  my_systick.o(i.SysTick_IRQHandler)
    SysTick_Init                             0x000016c9   Thumb Code    60  lib_scs.o(i.SysTick_Init)
    SystemInit                               0x00001709   Thumb Code   112  system_hr8p506.o(i.SystemInit)
    T16N2_IRQHandler                         0x00001795   Thumb Code    56  tds.o(i.T16N2_IRQHandler)
    T16Nx_BaseInit                           0x000017dd   Thumb Code    92  lib_timer.o(i.T16Nx_BaseInit)
    T16Nx_ClearITPendingBit                  0x00001839   Thumb Code     4  lib_timer.o(i.T16Nx_ClearITPendingBit)
    T16Nx_Disable                            0x0000183d   Thumb Code    10  lib_timer.o(i.T16Nx_Disable)
    T16Nx_GetFlagStatus                      0x00001847   Thumb Code    20  lib_timer.o(i.T16Nx_GetFlagStatus)
    T16Nx_ITConfig                           0x0000185b   Thumb Code    20  lib_timer.o(i.T16Nx_ITConfig)
    T16Nx_MAT0ITConfig                       0x0000186f   Thumb Code    24  lib_timer.o(i.T16Nx_MAT0ITConfig)
    T16Nx_SetCNT0                            0x00001887   Thumb Code    36  lib_timer.o(i.T16Nx_SetCNT0)
    T16Nx_SetMAT0                            0x000018ab   Thumb Code    14  lib_timer.o(i.T16Nx_SetMAT0)
    TCP_Recieve                              0x000018b9   Thumb Code    78  sim800c.o(i.TCP_Recieve)
    UART0Init                                0x00001919   Thumb Code   160  uart.o(i.UART0Init)
    UART0Putch                               0x000019bd   Thumb Code    22  uart.o(i.UART0Putch)
    UART0Write_Str                           0x000019d9   Thumb Code    82  uart.o(i.UART0Write_Str)
    UART0_IRQHandler                         0x00001a45   Thumb Code   160  uart.o(i.UART0_IRQHandler)
    UART_GetFlagStatus                       0x00001b05   Thumb Code    16  lib_uart.o(i.UART_GetFlagStatus)
    UART_GetITStatus                         0x00001b15   Thumb Code    16  lib_uart.o(i.UART_GetITStatus)
    UART_ITConfig                            0x00001b25   Thumb Code    20  lib_uart.o(i.UART_ITConfig)
    UART_Init                                0x00001b39   Thumb Code   350  lib_uart.o(i.UART_Init)
    UART_RBIMConfig                          0x00001ca1   Thumb Code    20  lib_uart.o(i.UART_RBIMConfig)
    UART_TBIMConfig                          0x00001cb5   Thumb Code    16  lib_uart.o(i.UART_TBIMConfig)
    WDT_Init                                 0x00001cc5   Thumb Code   104  lib_wdt.o(i.WDT_Init)
    __ARM_common_switch8                     0x00001d35   Thumb Code    28  lib_gpio.o(i.__ARM_common_switch8)
    clear_RCV_Buffer                         0x00001d51   Thumb Code    20  uart.o(i.clear_RCV_Buffer)
    delay_nms                                0x00001d69   Thumb Code    16  my_systick.o(i.delay_nms)
    get_MSG                                  0x00001d7d   Thumb Code   140  uart.o(i.get_MSG)
    main                                     0x00001e41   Thumb Code   236  main.o(i.main)
    msg_Deal                                 0x00001f45   Thumb Code   548  msgbuild.o(i.msg_Deal)
    pressure_Init                            0x00002199   Thumb Code    12  msgbuild.o(i.pressure_Init)
    read_All_Flash                           0x000021a9   Thumb Code    34  main.o(i.read_All_Flash)
    tds_Init                                 0x000021d1   Thumb Code    14  tds.o(i.tds_Init)
    timer_Init                               0x000021e5   Thumb Code    74  tds.o(i.timer_Init)
    valve_Init                               0x00002239   Thumb Code    66  msgbuild.o(i.valve_Init)
    valve_OFF                                0x0000227b   Thumb Code    84  msgbuild.o(i.valve_OFF)
    valve_ON                                 0x000022cf   Thumb Code    84  msgbuild.o(i.valve_ON)
    __aeabi_cdcmple                          0x00002325   Thumb Code     0  dlef.o(x$fpl$dleqf)
    _dcmple                                  0x00002325   Thumb Code    94  dlef.o(x$fpl$dleqf)
    __aeabi_fmul                             0x00002389   Thumb Code     0  fmul.o(x$fpl$fmul)
    _fmul                                    0x00002389   Thumb Code   172  fmul.o(x$fpl$fmul)
    __I$use$fp                               0x00002438   Number         0  usenofp.o(x$fpl$usenofp)
    Region$$Table$$Base                      0x00002478   Number         0  anon$$obj.o(Region$$Table)
    Region$$Table$$Limit                     0x000024a8   Number         0  anon$$obj.o(Region$$Table)
    IAP_Read                                 0x20000001   Thumb Code    42  lib_flashiap.o(i.IAP_Read)
    IAP_Unlock                               0x2000002d   Thumb Code    76  lib_flashiap.o(i.IAP_Unlock)
    IAP_WriteCont                            0x20000081   Thumb Code   146  lib_flashiap.o(i.IAP_WriteCont)
    IAP_WriteEnd                             0x20000121   Thumb Code    60  lib_flashiap.o(i.IAP_WriteEnd)
    IAP_WriteWord                            0x20000165   Thumb Code    76  lib_flashiap.o(i.IAP_WriteWord)
    Save_To_EPROM                            0x200001b1   Thumb Code    62  lib_flashiap.o(i.Save_To_EPROM)
    sys_CLK                                  0x200001fc   Data           1  my_systick.o(.data)
    beeflag                                  0x200001fd   Data           1  my_systick.o(.data)
    SystemCoreClock                          0x2000020c   Data           4  system_hr8p506.o(.data)
    TDS1count1                               0x20000210   Data           4  tds.o(.data)
    TDS2count1                               0x20000214   Data           4  tds.o(.data)
    tcount                                   0x20000218   Data           4  tds.o(.data)
    tflag                                    0x2000021c   Data           4  tds.o(.data)
    rcvflag                                  0x20000220   Data           1  uart.o(.data)
    start_rcv_flag                           0x20000221   Data           1  uart.o(.data)
    end_msg_flag                             0x20000222   Data           1  uart.o(.data)
    msg_rcv_flag                             0x20000223   Data           1  uart.o(.data)
    RxCounter                                0x20000224   Data           1  uart.o(.data)
    RxCounter1                               0x20000225   Data           1  uart.o(.data)
    EPROM                                    0x20000228   Data          48  main.o(.bss)
    RCV_DATA_BUF                             0x20000258   Data         200  uart.o(.bss)
    SEND_DATA_BUF                            0x20000320   Data         120  uart.o(.bss)
    __libspace_start                         0x20000398   Data          96  libspace.o(.bss)
    __temporary_stack_top$libspace           0x200003f8   Data           0  libspace.o(.bss)



==============================================================================

Memory Map of the image

  Image Entry point : 0x000000c1

  Load Region LR_IROM1 (Base: 0x00000000, Size: 0x000026d0, Max: 0x00009000, ABSOLUTE)

    Execution Region ER_IROM1 (Base: 0x00000000, Size: 0x000024a8, Max: 0x00009000, ABSOLUTE)

    Base Addr    Size         Type   Attr      Idx    E Section Name        Object

    0x00000000   0x000000c0   Data   RO         2087    RESET               startup_hr8p506.o
    0x000000c0   0x00000008   Code   RO         2390  * !!!main             c_p.l(__main.o)
    0x000000c8   0x0000003c   Code   RO         2596    !!!scatter          c_p.l(__scatter.o)
    0x00000104   0x0000001a   Code   RO         2598    !!handler_copy      c_p.l(__scatter_copy.o)
    0x0000011e   0x00000002   PAD
    0x00000120   0x0000001c   Code   RO         2600    !!handler_zi        c_p.l(__scatter_zi.o)
    0x0000013c   0x00000002   Code   RO         2379    .ARM.Collect$$_printf_percent$$00000000  c_p.l(_printf_percent.o)
    0x0000013e   0x0000000a   Code   RO         2377    .ARM.Collect$$_printf_percent$$00000014  c_p.l(_printf_s.o)
    0x00000148   0x00000004   Code   RO         2420    .ARM.Collect$$_printf_percent$$00000017  c_p.l(_printf_percent_end.o)
    0x0000014c   0x00000002   Code   RO         2463    .ARM.Collect$$libinit$$00000000  c_p.l(libinit.o)
    0x0000014e   0x00000000   Code   RO         2479    .ARM.Collect$$libinit$$00000002  c_p.l(libinit2.o)
    0x0000014e   0x00000000   Code   RO         2481    .ARM.Collect$$libinit$$00000004  c_p.l(libinit2.o)
    0x0000014e   0x00000000   Code   RO         2484    .ARM.Collect$$libinit$$0000000A  c_p.l(libinit2.o)
    0x0000014e   0x00000000   Code   RO         2486    .ARM.Collect$$libinit$$0000000C  c_p.l(libinit2.o)
    0x0000014e   0x00000000   Code   RO         2488    .ARM.Collect$$libinit$$0000000E  c_p.l(libinit2.o)
    0x0000014e   0x00000000   Code   RO         2491    .ARM.Collect$$libinit$$00000011  c_p.l(libinit2.o)
    0x0000014e   0x00000000   Code   RO         2493    .ARM.Collect$$libinit$$00000013  c_p.l(libinit2.o)
    0x0000014e   0x00000000   Code   RO         2495    .ARM.Collect$$libinit$$00000015  c_p.l(libinit2.o)
    0x0000014e   0x00000000   Code   RO         2497    .ARM.Collect$$libinit$$00000017  c_p.l(libinit2.o)
    0x0000014e   0x00000000   Code   RO         2499    .ARM.Collect$$libinit$$00000019  c_p.l(libinit2.o)
    0x0000014e   0x00000000   Code   RO         2501    .ARM.Collect$$libinit$$0000001B  c_p.l(libinit2.o)
    0x0000014e   0x00000000   Code   RO         2503    .ARM.Collect$$libinit$$0000001D  c_p.l(libinit2.o)
    0x0000014e   0x00000000   Code   RO         2505    .ARM.Collect$$libinit$$0000001F  c_p.l(libinit2.o)
    0x0000014e   0x00000000   Code   RO         2507    .ARM.Collect$$libinit$$00000021  c_p.l(libinit2.o)
    0x0000014e   0x00000000   Code   RO         2509    .ARM.Collect$$libinit$$00000023  c_p.l(libinit2.o)
    0x0000014e   0x00000000   Code   RO         2511    .ARM.Collect$$libinit$$00000025  c_p.l(libinit2.o)
    0x0000014e   0x00000000   Code   RO         2515    .ARM.Collect$$libinit$$0000002C  c_p.l(libinit2.o)
    0x0000014e   0x00000000   Code   RO         2517    .ARM.Collect$$libinit$$0000002E  c_p.l(libinit2.o)
    0x0000014e   0x00000000   Code   RO         2519    .ARM.Collect$$libinit$$00000030  c_p.l(libinit2.o)
    0x0000014e   0x00000000   Code   RO         2521    .ARM.Collect$$libinit$$00000032  c_p.l(libinit2.o)
    0x0000014e   0x00000002   Code   RO         2522    .ARM.Collect$$libinit$$00000033  c_p.l(libinit2.o)
    0x00000150   0x00000002   Code   RO         2553    .ARM.Collect$$libshutdown$$00000000  c_p.l(libshutdown.o)
    0x00000152   0x00000000   Code   RO         2579    .ARM.Collect$$libshutdown$$00000002  c_p.l(libshutdown2.o)
    0x00000152   0x00000000   Code   RO         2581    .ARM.Collect$$libshutdown$$00000004  c_p.l(libshutdown2.o)
    0x00000152   0x00000000   Code   RO         2584    .ARM.Collect$$libshutdown$$00000007  c_p.l(libshutdown2.o)
    0x00000152   0x00000000   Code   RO         2587    .ARM.Collect$$libshutdown$$0000000A  c_p.l(libshutdown2.o)
    0x00000152   0x00000000   Code   RO         2589    .ARM.Collect$$libshutdown$$0000000C  c_p.l(libshutdown2.o)
    0x00000152   0x00000000   Code   RO         2592    .ARM.Collect$$libshutdown$$0000000F  c_p.l(libshutdown2.o)
    0x00000152   0x00000002   Code   RO         2593    .ARM.Collect$$libshutdown$$00000010  c_p.l(libshutdown2.o)
    0x00000154   0x00000000   Code   RO         2407    .ARM.Collect$$rtentry$$00000000  c_p.l(__rtentry.o)
    0x00000154   0x00000000   Code   RO         2427    .ARM.Collect$$rtentry$$00000002  c_p.l(__rtentry2.o)
    0x00000154   0x00000006   Code   RO         2439    .ARM.Collect$$rtentry$$00000004  c_p.l(__rtentry4.o)
    0x0000015a   0x00000000   Code   RO         2429    .ARM.Collect$$rtentry$$00000009  c_p.l(__rtentry2.o)
    0x0000015a   0x00000004   Code   RO         2430    .ARM.Collect$$rtentry$$0000000A  c_p.l(__rtentry2.o)
    0x0000015e   0x00000000   Code   RO         2432    .ARM.Collect$$rtentry$$0000000C  c_p.l(__rtentry2.o)
    0x0000015e   0x00000008   Code   RO         2433    .ARM.Collect$$rtentry$$0000000D  c_p.l(__rtentry2.o)
    0x00000166   0x00000002   Code   RO         2470    .ARM.Collect$$rtexit$$00000000  c_p.l(rtexit.o)
    0x00000168   0x00000000   Code   RO         2526    .ARM.Collect$$rtexit$$00000002  c_p.l(rtexit2.o)
    0x00000168   0x00000004   Code   RO         2527    .ARM.Collect$$rtexit$$00000003  c_p.l(rtexit2.o)
    0x0000016c   0x00000006   Code   RO         2528    .ARM.Collect$$rtexit$$00000004  c_p.l(rtexit2.o)
    0x00000172   0x00000002   PAD
    0x00000174   0x000000e8   Code   RO         2088    .text               startup_hr8p506.o
    0x0000025c   0x0000002c   Code   RO         2346    .text               c_p.l(__2sprintf.o)
    0x00000288   0x0000006c   Code   RO         2350    .text               c_p.l(__printf.o)
    0x000002f4   0x00000052   Code   RO         2352    .text               c_p.l(_printf_str.o)
    0x00000346   0x00000028   Code   RO         2380    .text               c_p.l(strstr.o)
    0x0000036e   0x0000015a   Code   RO         2384    .text               c_p.l(aeabi_sdiv.o)
    0x000004c8   0x00000006   Code   RO         2388    .text               c_p.l(heapauxi.o)
    0x000004ce   0x00000002   PAD
    0x000004d0   0x0000007c   Code   RO         2392    .text               fz_ps.l(d2f.o)
    0x0000054c   0x00000054   Code   RO         2396    .text               fz_ps.l(f2d.o)
    0x000005a0   0x00000160   Code   RO         2398    .text               fz_ps.l(fdiv.o)
    0x00000700   0x00000030   Code   RO         2401    .text               fz_ps.l(ffixui.o)
    0x00000730   0x0000005e   Code   RO         2403    .text               fz_ps.l(fflti.o)
    0x0000078e   0x00000002   PAD
    0x00000790   0x00000030   Code   RO         2414    .text               c_p.l(_printf_char_common.o)
    0x000007c0   0x0000000a   Code   RO         2416    .text               c_p.l(_sputc.o)
    0x000007ca   0x0000002e   Code   RO         2418    .text               c_p.l(_printf_char.o)
    0x000007f8   0x00000090   Code   RO         2423    .text               fz_ps.l(dcmpin.o)
    0x00000888   0x0000002e   Code   RO         2445    .text               fz_ps.l(cmpret.o)
    0x000008b6   0x00000002   PAD
    0x000008b8   0x00000014   Code   RO         2447    .text               fz_ps.l(dnan2.o)
    0x000008cc   0x0000003e   Code   RO         2449    .text               c_p.l(sys_stackheap_outer.o)
    0x0000090a   0x00000010   Code   RO         2452    .text               c_p.l(exit.o)
    0x0000091a   0x0000005e   Code   RO         2464    .text               fz_ps.l(retnan.o)
    0x00000978   0x00000008   Code   RO         2466    .text               c_p.l(libspace.o)
    0x00000980   0x0000000c   Code   RO         2523    .text               c_p.l(sys_exit.o)
    0x0000098c   0x00000002   Code   RO         2542    .text               c_p.l(use_no_semi.o)
    0x0000098e   0x00000000   Code   RO         2544    .text               c_p.l(indicate_semi.o)
    0x0000098e   0x00000002   PAD
    0x00000990   0x0000000c   Ven    RO         2602    Veneer$$Code        anon$$obj.o
    0x0000099c   0x0000000c   Ven    RO         2603    Veneer$$Code        anon$$obj.o
    0x000009a8   0x0000000c   Code   RO         1954    i.BEE_OFF           my_systick.o
    0x000009b4   0x0000000c   Code   RO         1955    i.BEE_ON            my_systick.o
    0x000009c0   0x00000022   Code   RO         1895    i.BEE_init          main.o
    0x000009e2   0x00000002   PAD
    0x000009e4   0x0000001c   Code   RO         1956    i.Delaynms          my_systick.o
    0x00000a00   0x00000034   Code   RO         1118    i.DeviceClockAllEnable  lib_scu.o
    0x00000a34   0x000000fa   Code   RO          399    i.GPIO_GetNormalBitOffsetFromPin  lib_gpio.o
    0x00000b2e   0x00000068   Code   RO          400    i.GPIO_Init         lib_gpio.o
    0x00000b96   0x00000002   PAD
    0x00000b98   0x00000068   Code   RO          404    i.GPIO_SetDSRegFromPin  lib_gpio.o
    0x00000c00   0x0000004c   Code   RO          405    i.GPIO_SetDirRegFromPin  lib_gpio.o
    0x00000c4c   0x00000578   Code   RO          406    i.GPIO_SetFuncxRegFromPin  lib_gpio.o
    0x000011c4   0x00000068   Code   RO          407    i.GPIO_SetODERegFromPin  lib_gpio.o
    0x0000122c   0x00000068   Code   RO          408    i.GPIO_SetPDERegFromPin  lib_gpio.o
    0x00001294   0x00000068   Code   RO          409    i.GPIO_SetPUERegFromPin  lib_gpio.o
    0x000012fc   0x00000068   Code   RO          410    i.GPIO_SetSingalTypeFromPin  lib_gpio.o
    0x00001364   0x0000004c   Code   RO          412    i.GPIO_WriteBit     lib_gpio.o
    0x000013b0   0x00000050   Code   RO         1896    i.HardWare_Init     main.o
    0x00001400   0x00000064   Code   RO         1079    i.NVIC_Init         lib_scs.o
    0x00001464   0x000001b0   Code   RO         1120    i.PLLClock_Config   lib_scu.o
    0x00001614   0x0000002c   Code   RO         1129    i.SCU_SysClkSelect  lib_scu.o
    0x00001640   0x00000088   Code   RO         1957    i.SysTick_IRQHandler  my_systick.o
    0x000016c8   0x00000040   Code   RO         1082    i.SysTick_Init      lib_scs.o
    0x00001708   0x0000008c   Code   RO         2094    i.SystemInit        system_hr8p506.o
    0x00001794   0x00000048   Code   RO         2120    i.T16N2_IRQHandler  tds.o
    0x000017dc   0x0000005c   Code   RO         1331    i.T16Nx_BaseInit    lib_timer.o
    0x00001838   0x00000004   Code   RO         1333    i.T16Nx_ClearITPendingBit  lib_timer.o
    0x0000183c   0x0000000a   Code   RO         1334    i.T16Nx_Disable     lib_timer.o
    0x00001846   0x00000014   Code   RO         1338    i.T16Nx_GetFlagStatus  lib_timer.o
    0x0000185a   0x00000014   Code   RO         1346    i.T16Nx_ITConfig    lib_timer.o
    0x0000186e   0x00000018   Code   RO         1347    i.T16Nx_MAT0ITConfig  lib_timer.o
    0x00001886   0x00000024   Code   RO         1360    i.T16Nx_SetCNT0     lib_timer.o
    0x000018aa   0x0000000e   Code   RO         1362    i.T16Nx_SetMAT0     lib_timer.o
    0x000018b8   0x00000060   Code   RO         2275    i.TCP_Recieve       sim800c.o
    0x00001918   0x000000a4   Code   RO         2180    i.UART0Init         uart.o
    0x000019bc   0x0000001c   Code   RO         2182    i.UART0Putch        uart.o
    0x000019d8   0x0000006c   Code   RO         2183    i.UART0Write_Str    uart.o
    0x00001a44   0x000000c0   Code   RO         2184    i.UART0_IRQHandler  uart.o
    0x00001b04   0x00000010   Code   RO         1750    i.UART_GetFlagStatus  lib_uart.o
    0x00001b14   0x00000010   Code   RO         1751    i.UART_GetITStatus  lib_uart.o
    0x00001b24   0x00000014   Code   RO         1753    i.UART_ITConfig     lib_uart.o
    0x00001b38   0x00000168   Code   RO         1754    i.UART_Init         lib_uart.o
    0x00001ca0   0x00000014   Code   RO         1755    i.UART_RBIMConfig   lib_uart.o
    0x00001cb4   0x00000010   Code   RO         1762    i.UART_TBIMConfig   lib_uart.o
    0x00001cc4   0x00000070   Code   RO         1859    i.WDT_Init          lib_wdt.o
    0x00001d34   0x0000001c   Code   RO          576    i.__ARM_common_switch8  lib_gpio.o
    0x00001d50   0x00000018   Code   RO         2187    i.clear_RCV_Buffer  uart.o
    0x00001d68   0x00000014   Code   RO         1958    i.delay_nms         my_systick.o
    0x00001d7c   0x000000c4   Code   RO         2188    i.get_MSG           uart.o
    0x00001e40   0x00000104   Code   RO         1897    i.main              main.o
    0x00001f44   0x00000254   Code   RO         2005    i.msg_Deal          msgbuild.o
    0x00002198   0x00000010   Code   RO         2006    i.pressure_Init     msgbuild.o
    0x000021a8   0x00000028   Code   RO         1898    i.read_All_Flash    main.o
    0x000021d0   0x00000014   Code   RO         2125    i.tds_Init          tds.o
    0x000021e4   0x00000054   Code   RO         2126    i.timer_Init        tds.o
    0x00002238   0x00000042   Code   RO         2010    i.valve_Init        msgbuild.o
    0x0000227a   0x00000054   Code   RO         2011    i.valve_OFF         msgbuild.o
    0x000022ce   0x00000054   Code   RO         2012    i.valve_ON          msgbuild.o
    0x00002322   0x00000002   PAD
    0x00002324   0x00000064   Code   RO         2394    x$fpl$dleqf         fz_ps.l(dlef.o)
    0x00002388   0x000000b0   Code   RO         2405    x$fpl$fmul          fz_ps.l(fmul.o)
    0x00002438   0x00000000   Code   RO         2425    x$fpl$usenofp       fz_ps.l(usenofp.o)
    0x00002438   0x00000040   Data   RO         2399    .constdata          fz_ps.l(fdiv.o)
    0x00002478   0x00000030   Data   RO         2594    Region$$Table       anon$$obj.o


    Execution Region RW_IRAM1 (Base: 0x20000000, Size: 0x000007f8, Max: 0x00002000, ABSOLUTE)

    Base Addr    Size         Type   Attr      Idx    E Section Name        Object

    0x20000000   0x0000002a   Code   RO          287    i.IAP_Read          lib_flashiap.o
    0x2000002a   0x00000002   PAD
    0x2000002c   0x00000054   Code   RO          288    i.IAP_Unlock        lib_flashiap.o
    0x20000080   0x000000a0   Code   RO          289    i.IAP_WriteCont     lib_flashiap.o
    0x20000120   0x00000044   Code   RO          290    i.IAP_WriteEnd      lib_flashiap.o
    0x20000164   0x0000004c   Code   RO          291    i.IAP_WriteWord     lib_flashiap.o
    0x200001b0   0x00000044   Code   RO          292    i.Save_To_EPROM     lib_flashiap.o
    0x200001f4   0x00000006   Code   RO          293    i.__set_PRIMASK     lib_flashiap.o
    0x200001fa   0x00000002   PAD
    0x200001fc   0x00000010   Data   RW         1959    .data               my_systick.o
    0x2000020c   0x00000004   Data   RW         2095    .data               system_hr8p506.o
    0x20000210   0x00000010   Data   RW         2127    .data               tds.o
    0x20000220   0x00000006   Data   RW         2192    .data               uart.o
    0x20000226   0x00000002   PAD
    0x20000228   0x00000030   Zero   RW         1901    .bss                main.o
    0x20000258   0x00000140   Zero   RW         2191    .bss                uart.o
    0x20000398   0x00000060   Zero   RW         2467    .bss                c_p.l(libspace.o)
    0x200003f8   0x00000000   Zero   RW         2086    HEAP                startup_hr8p506.o
    0x200003f8   0x00000400   Zero   RW         2085    STACK               startup_hr8p506.o


==============================================================================

Image component sizes


      Code (inc. data)   RO Data    RW Data    ZI Data      Debug   Object Name

         0          0          0          0          0      54872   hr8p506_iap_table.o
         0          0          0          0          0       2804   lib_euart.o
       504         36          0          0          0      14239   lib_flashiap.o
      2454        150          0          0          0       6746   lib_gpio.o
       164         10          0          0          0       1407   lib_scs.o
       528         40          0          0          0       6220   lib_scu.o
       220          0          0          0          0       4375   lib_timer.o
       448         10          0          0          0       3620   lib_uart.o
       112          8          0          0          0        831   lib_wdt.o
       414         36          0          0         48       3103   main.o
       846         52          0          0          0       3503   msgbuild.o
       208         52          0         16          0       2685   my_systick.o
        96         18          0          0          0       1126   sim800c.o
       232         82        192          0       1024        716   startup_hr8p506.o
       140         28          0          4          0        739   system_hr8p506.o
       176         32          0         16          0       1856   tds.o
       712        128          0          6        320       4055   uart.o

    ----------------------------------------------------------------------
      7288        690        240         44       1392     112897   Object Totals
        24          8         48          0          0          0   (incl. Generated)
        10          0          0          2          0          0   (incl. Padding)

    ----------------------------------------------------------------------

      Code (inc. data)   RO Data    RW Data    ZI Data      Debug   Library Member Name

        44          4          0          0          0         84   __2sprintf.o
         8          0          0          0          0         68   __main.o
       108          0          0          0          0         76   __printf.o
         0          0          0          0          0          0   __rtentry.o
        12          0          0          0          0          0   __rtentry2.o
         6          0          0          0          0          0   __rtentry4.o
        60          8          0          0          0          0   __scatter.o
        26          0          0          0          0          0   __scatter_copy.o
        28          0          0          0          0          0   __scatter_zi.o
        46          0          0          0          0        100   _printf_char.o
        48          6          0          0          0         88   _printf_char_common.o
         2          0          0          0          0          0   _printf_percent.o
         4          0          0          0          0          0   _printf_percent_end.o
        10          0          0          0          0          0   _printf_s.o
        82          0          0          0          0         72   _printf_str.o
        10          0          0          0          0         60   _sputc.o
       346          0          0          0          0         92   aeabi_sdiv.o
        16          0          0          0          0         68   exit.o
         6          0          0          0          0        136   heapauxi.o
         0          0          0          0          0          0   indicate_semi.o
         2          0          0          0          0          0   libinit.o
         2          0          0          0          0          0   libinit2.o
         2          0          0          0          0          0   libshutdown.o
         2          0          0          0          0          0   libshutdown2.o
         8          4          0          0         96         68   libspace.o
         2          0          0          0          0          0   rtexit.o
        10          0          0          0          0          0   rtexit2.o
        40          0          0          0          0         72   strstr.o
        12          4          0          0          0         60   sys_exit.o
        62          0          0          0          0         80   sys_stackheap_outer.o
         2          0          0          0          0         68   use_no_semi.o
        46          0          0          0          0         60   cmpret.o
       124          4          0          0          0         72   d2f.o
       144          4          0          0          0         76   dcmpin.o
       100          4          0          0          0         92   dlef.o
        20          6          0          0          0         68   dnan2.o
        84          4          0          0          0         60   f2d.o
       352         10         64          0          0         92   fdiv.o
        48          0          0          0          0         60   ffixui.o
        94          0          0          0          0         92   fflti.o
       176          4          0          0          0         80   fmul.o
        94          0          0          0          0         68   retnan.o
         0          0          0          0          0          0   usenofp.o

    ----------------------------------------------------------------------
      2300         62         64          0         96       2012   Library Totals
        12          0          0          0          0          0   (incl. Padding)

    ----------------------------------------------------------------------

      Code (inc. data)   RO Data    RW Data    ZI Data      Debug   Library Name

      1006         26          0          0         96       1192   c_p.l
      1282         36         64          0          0        820   fz_ps.l

    ----------------------------------------------------------------------
      2300         62         64          0         96       2012   Library Totals

    ----------------------------------------------------------------------

==============================================================================


      Code (inc. data)   RO Data    RW Data    ZI Data      Debug   

      9588        752        304         44       1488     111317   Grand Totals
      9588        752        304         44       1488     111317   ELF Image Totals
      9588        752        304         44          0          0   ROM Totals

==============================================================================

    Total RO  Size (Code + RO Data)                 9892 (   9.66kB)
    Total RW  Size (RW Data + ZI Data)              1532 (   1.50kB)
    Total ROM Size (Code + RO Data + RW Data)       9936 (   9.70kB)

==============================================================================

