Component: ARM Compiler 5.06 update 1 (build 61) Tool: armlink [4d35a8]

==============================================================================

Section Cross References

    lib_adc.o(i.ADC_Init) refers to lib_adc.o(i.ADC_Reset) for ADC_Reset
    lib_euart.o(i.EUART_BaudConfig) refers to aeabi_sdiv.o(.text) for __aeabi_uidivmod
    lib_euart.o(i.EUART_BaudConfig) refers to system_hr8p506.o(.data) for SystemCoreClock
    lib_euart.o(i.EUART_Init) refers to lib_euart.o(i.EUART_BaudConfig) for EUART_BaudConfig
    lib_euart.o(i.U7816_Init) refers to lib_euart.o(i.EUART_BaudConfig) for EUART_BaudConfig
    lib_flashiap.o(i.IAP_ErasePage) refers to lib_flashiap.o(i.IAP_Unlock) for IAP_Unlock
    lib_flashiap.o(i.IAP_ErasePage) refers to lib_flashiap.o(i.__set_PRIMASK) for __set_PRIMASK
    lib_flashiap.o(i.IAP_ErasePage) refers to lib_flashiap.o(i.IAP_WriteEnd) for IAP_WriteEnd
    lib_flashiap.o(i.IAP_WriteWord) refers to lib_flashiap.o(i.IAP_Unlock) for IAP_Unlock
    lib_flashiap.o(i.IAP_WriteWord) refers to lib_flashiap.o(i.IAP_WriteCont) for IAP_WriteCont
    lib_flashiap.o(i.IAP_WriteWord) refers to lib_flashiap.o(i.IAP_WriteEnd) for IAP_WriteEnd
    lib_flashiap.o(i.IAP_WriteWord) refers to lib_flashiap.o(i.__set_PRIMASK) for __set_PRIMASK
    lib_flashiap.o(i.Save_To_EPROM) refers to lib_flashiap.o(i.IAP_WriteWord) for IAP_WriteWord
    lib_flashiap.o(i.Save_To_EPROM) refers to main.o(.bss) for EPROM
    lib_gpio.o(i.GPIO_GetNormalBitOffsetFromPin) refers to lib_gpio.o(i.__ARM_common_switch8) for __ARM_common_switch8
    lib_gpio.o(i.GPIO_Init) refers to lib_gpio.o(i.GPIO_SetSingalTypeFromPin) for GPIO_SetSingalTypeFromPin
    lib_gpio.o(i.GPIO_Init) refers to lib_gpio.o(i.GPIO_SetDirRegFromPin) for GPIO_SetDirRegFromPin
    lib_gpio.o(i.GPIO_Init) refers to lib_gpio.o(i.GPIO_SetFuncxRegFromPin) for GPIO_SetFuncxRegFromPin
    lib_gpio.o(i.GPIO_Init) refers to lib_gpio.o(i.GPIO_SetODERegFromPin) for GPIO_SetODERegFromPin
    lib_gpio.o(i.GPIO_Init) refers to lib_gpio.o(i.GPIO_SetDSRegFromPin) for GPIO_SetDSRegFromPin
    lib_gpio.o(i.GPIO_Init) refers to lib_gpio.o(i.GPIO_SetPUERegFromPin) for GPIO_SetPUERegFromPin
    lib_gpio.o(i.GPIO_Init) refers to lib_gpio.o(i.GPIO_SetPDERegFromPin) for GPIO_SetPDERegFromPin
    lib_gpio.o(i.GPIO_ReadBit) refers to lib_gpio.o(i.GPIO_GetNormalBitOffsetFromPin) for GPIO_GetNormalBitOffsetFromPin
    lib_gpio.o(i.GPIO_ResetBit) refers to lib_gpio.o(i.GPIO_GetNormalBitOffsetFromPin) for GPIO_GetNormalBitOffsetFromPin
    lib_gpio.o(i.GPIO_SetBit) refers to lib_gpio.o(i.GPIO_GetNormalBitOffsetFromPin) for GPIO_GetNormalBitOffsetFromPin
    lib_gpio.o(i.GPIO_SetDSRegFromPin) refers to lib_gpio.o(i.GPIO_GetNormalBitOffsetFromPin) for GPIO_GetNormalBitOffsetFromPin
    lib_gpio.o(i.GPIO_SetDirRegFromPin) refers to lib_gpio.o(i.GPIO_GetNormalBitOffsetFromPin) for GPIO_GetNormalBitOffsetFromPin
    lib_gpio.o(i.GPIO_SetFuncxRegFromPin) refers to lib_gpio.o(i.__ARM_common_switch8) for __ARM_common_switch8
    lib_gpio.o(i.GPIO_SetODERegFromPin) refers to lib_gpio.o(i.GPIO_GetNormalBitOffsetFromPin) for GPIO_GetNormalBitOffsetFromPin
    lib_gpio.o(i.GPIO_SetPDERegFromPin) refers to lib_gpio.o(i.GPIO_GetNormalBitOffsetFromPin) for GPIO_GetNormalBitOffsetFromPin
    lib_gpio.o(i.GPIO_SetPUERegFromPin) refers to lib_gpio.o(i.GPIO_GetNormalBitOffsetFromPin) for GPIO_GetNormalBitOffsetFromPin
    lib_gpio.o(i.GPIO_SetSingalTypeFromPin) refers to lib_gpio.o(i.GPIO_GetNormalBitOffsetFromPin) for GPIO_GetNormalBitOffsetFromPin
    lib_gpio.o(i.GPIO_ToggleBit) refers to lib_gpio.o(i.GPIO_GetNormalBitOffsetFromPin) for GPIO_GetNormalBitOffsetFromPin
    lib_gpio.o(i.GPIO_WriteBit) refers to lib_gpio.o(i.GPIO_GetNormalBitOffsetFromPin) for GPIO_GetNormalBitOffsetFromPin
    lib_gpio.o(i.KINT_ClearITFlag) refers to lib_gpio.o(i.KINT_GetKINTxIndexFromPin) for KINT_GetKINTxIndexFromPin
    lib_gpio.o(i.KINT_GetITFlag) refers to lib_gpio.o(i.KINT_GetKINTxIndexFromPin) for KINT_GetKINTxIndexFromPin
    lib_gpio.o(i.KINT_GetKINTxIndexFromPin) refers to lib_gpio.o(i.__ARM_common_switch8) for __ARM_common_switch8
    lib_gpio.o(i.KINT_GetSelxIndexFromPin) refers to lib_gpio.o(i.__ARM_common_switch8) for __ARM_common_switch8
    lib_gpio.o(i.KINT_Init) refers to lib_gpio.o(i.KINT_SetTriggerStyleFromPin) for KINT_SetTriggerStyleFromPin
    lib_gpio.o(i.KINT_Init) refers to lib_gpio.o(i.KINT_SetEnableOrNotFromPin) for KINT_SetEnableOrNotFromPin
    lib_gpio.o(i.KINT_SetEnableOrNotFromPin) refers to lib_gpio.o(i.KINT_GetKINTxIndexFromPin) for KINT_GetKINTxIndexFromPin
    lib_gpio.o(i.KINT_SetEnableOrNotFromPin) refers to lib_gpio.o(i.KINT_GetSelxIndexFromPin) for KINT_GetSelxIndexFromPin
    lib_gpio.o(i.KINT_SetTriggerStyleFromPin) refers to lib_gpio.o(i.KINT_GetKINTxIndexFromPin) for KINT_GetKINTxIndexFromPin
    lib_gpio.o(i.KINT_SetTriggerStyleFromPin) refers to lib_gpio.o(i.__ARM_common_switch8) for __ARM_common_switch8
[...]
    Removing lib_spi.o(.rev16_text), (4 bytes).
    Removing lib_spi.o(.revsh_text), (4 bytes).
    Removing lib_spi.o(i.Clear_RBR), (16 bytes).
    Removing lib_spi.o(i.Clear_TBW), (14 bytes).
    Removing lib_spi.o(i.SPI_ClearITPendingBit), (4 bytes).
    Removing lib_spi.o(i.SPI_DataFormatConfig), (20 bytes).
    Removing lib_spi.o(i.SPI_GetFlagStatus), (36 bytes).
    Removing lib_spi.o(i.SPI_GetITStatus), (28 bytes).
    Removing lib_spi.o(i.SPI_GetStatus), (16 bytes).
    Removing lib_spi.o(i.SPI_ITConfig), (20 bytes).
    Removing lib_spi.o(i.SPI_Init), (220 bytes).
    Removing lib_spi.o(i.SPI_RBIMConfig), (24 bytes).
    Removing lib_spi.o(i.SPI_RecByte), (6 bytes).
    Removing lib_spi.o(i.SPI_RecHalfWord), (6 bytes).
    Removing lib_spi.o(i.SPI_RecWord), (6 bytes).
    Removing lib_spi.o(i.SPI_SendByte), (4 bytes).
    Removing lib_spi.o(i.SPI_SendHalfWord), (4 bytes).
    Removing lib_spi.o(i.SPI_SendWord), (4 bytes).
    Removing lib_spi.o(i.SPI_TBIMConfig), (24 bytes).
    Removing lib_timer.o(.rev16_text), (4 bytes).
    Removing lib_timer.o(.revsh_text), (4 bytes).
    Removing lib_timer.o(i.T16Nx_CapInit), (132 bytes).
    Removing lib_timer.o(i.T16Nx_GetCNT0), (8 bytes).
    Removing lib_timer.o(i.T16Nx_GetCNT1), (8 bytes).
    Removing lib_timer.o(i.T16Nx_GetMAT0), (8 bytes).
    Removing lib_timer.o(i.T16Nx_GetMAT1), (8 bytes).
    Removing lib_timer.o(i.T16Nx_GetMAT2), (8 bytes).
    Removing lib_timer.o(i.T16Nx_GetMAT3), (8 bytes).
    Removing lib_timer.o(i.T16Nx_GetPWMBKF), (20 bytes).
    Removing lib_timer.o(i.T16Nx_GetTOP0), (8 bytes).
    Removing lib_timer.o(i.T16Nx_GetTOP1), (8 bytes).
    Removing lib_timer.o(i.T16Nx_MAT0Out0Config), (24 bytes).
    Removing lib_timer.o(i.T16Nx_MAT1ITConfig), (24 bytes).
    Removing lib_timer.o(i.T16Nx_MAT1Out0Config), (24 bytes).
    Removing lib_timer.o(i.T16Nx_MAT2ITConfig), (24 bytes).
    Removing lib_timer.o(i.T16Nx_MAT2Out1Config), (24 bytes).
    Removing lib_timer.o(i.T16Nx_MAT3ITConfig), (24 bytes).
    Removing lib_timer.o(i.T16Nx_MAT3Out1Config), (24 bytes).
    Removing lib_timer.o(i.T16Nx_PMWOutInit), (110 bytes).
    Removing lib_timer.o(i.T16Nx_PTR_Config), (20 bytes).
    Removing lib_timer.o(i.T16Nx_PWMBK_Config), (116 bytes).
    Removing lib_timer.o(i.T16Nx_PWMPDZ_Config), (16 bytes).
    Removing lib_timer.o(i.T16Nx_ResetPWMBKF), (14 bytes).
    Removing lib_timer.o(i.T16Nx_SetCNT1), (36 bytes).
    Removing lib_timer.o(i.T16Nx_SetMAT1), (14 bytes).
    Removing lib_timer.o(i.T16Nx_SetMAT2), (14 bytes).
    Removing lib_timer.o(i.T16Nx_SetMAT3), (14 bytes).
    Removing lib_timer.o(i.T16Nx_SetPRECNT), (36 bytes).
    Removing lib_timer.o(i.T16Nx_SetPREMAT), (16 bytes).
    Removing lib_timer.o(i.T16Nx_SetTOP0), (14 bytes).
    Removing lib_timer.o(i.T16Nx_SetTOP1), (14 bytes).
    Removing lib_timer.o(i.T32Nx_BaseInit), (92 bytes).
    Removing lib_timer.o(i.T32Nx_CapInit), (132 bytes).
    Removing lib_timer.o(i.T32Nx_ClearITPendingBit), (4 bytes).
    Removing lib_timer.o(i.T32Nx_Disable), (10 bytes).
    Removing lib_timer.o(i.T32Nx_Enable), (12 bytes).
    Removing lib_timer.o(i.T32Nx_GetCNT), (8 bytes).
    Removing lib_timer.o(i.T32Nx_GetFlagStatus), (20 bytes).
    Removing lib_timer.o(i.T32Nx_GetMAT0), (6 bytes).
    Removing lib_timer.o(i.T32Nx_GetMAT1), (6 bytes).
    Removing lib_timer.o(i.T32Nx_GetMAT2), (6 bytes).
    Removing lib_timer.o(i.T32Nx_GetMAT3), (6 bytes).
    Removing lib_timer.o(i.T32Nx_ITConfig), (20 bytes).
    Removing lib_timer.o(i.T32Nx_MAT0ITConfig), (24 bytes).
    Removing lib_timer.o(i.T32Nx_MAT0Out0Config), (24 bytes).
    Removing lib_timer.o(i.T32Nx_MAT1ITConfig), (24 bytes).
    Removing lib_timer.o(i.T32Nx_MAT1Out0Config), (24 bytes).
    Removing lib_timer.o(i.T32Nx_MAT2ITConfig), (24 bytes).
    Removing lib_timer.o(i.T32Nx_MAT2Out1Config), (24 bytes).
    Removing lib_timer.o(i.T32Nx_MAT3ITConfig), (24 bytes).
    Removing lib_timer.o(i.T32Nx_MAT3Out1Config), (18 bytes).
    Removing lib_timer.o(i.T32Nx_PMWOutInit), (44 bytes).
    Removing lib_timer.o(i.T32Nx_SetCNT), (24 bytes).
    Removing lib_timer.o(i.T32Nx_SetMAT0), (6 bytes).
    Removing lib_timer.o(i.T32Nx_SetMAT1), (6 bytes).
    Removing lib_timer.o(i.T32Nx_SetMAT2), (6 bytes).
    Removing lib_timer.o(i.T32Nx_SetMAT3), (6 bytes).
    Removing lib_timer.o(i.T32Nx_SetPRECNT), (36 bytes).
    Removing lib_timer.o(i.T32Nx_SetPREMAT), (16 bytes).
    Removing lib_uart.o(.rev16_text), (4 bytes).
    Removing lib_uart.o(.revsh_text), (4 bytes).
    Removing lib_uart.o(i.UART_AutoBaudConfig), (36 bytes).
    Removing lib_uart.o(i.UART_BaudFreeConfig), (48 bytes).
    Removing lib_uart.o(i.UART_ClearITPendingBit), (4 bytes).
    Removing lib_uart.o(i.UART_GetStatus), (16 bytes).
    Removing lib_uart.o(i.UART_RecByte), (8 bytes).
    Removing lib_uart.o(i.UART_RecHalfWord), (6 bytes).
    Removing lib_uart.o(i.UART_RecWord), (6 bytes).
    Removing lib_uart.o(i.UART_SendByte), (6 bytes).
    Removing lib_uart.o(i.UART_SendHalfWord), (4 bytes).
    Removing lib_uart.o(i.UART_SendWord), (4 bytes).
    Removing lib_wdt.o(.rev16_text), (4 bytes).
    Removing lib_wdt.o(.revsh_text), (4 bytes).
    Removing lib_wdt.o(i.WDT_GetFlagStatus), (24 bytes).
    Removing lib_wdt.o(i.WDT_GetValue), (12 bytes).
    Removing lib_wdt.o(i.WDT_SetReloadValue), (12 bytes).
    Removing main.o(.rev16_text), (4 bytes).
    Removing main.o(.revsh_text), (4 bytes).
    Removing main.o(i.read_All_Flash), (44 bytes).
    Removing main.o(i.write_All_Flash), (72 bytes).
    Removing my_systick.o(.rev16_text), (4 bytes).
    Removing my_systick.o(.revsh_text), (4 bytes).
    Removing my_systick.o(i.Delaynms), (28 bytes).
    Removing msgbuild.o(.rev16_text), (4 bytes).
    Removing msgbuild.o(.revsh_text), (4 bytes).
    Removing msgbuild.o(i.MSG_Deal), (564 bytes).
    Removing msgbuild.o(i.RunApplication), (36 bytes).
    Removing msgbuild.o(i.close_Water), (28 bytes).
    Removing msgbuild.o(i.get_Valve_Status), (4 bytes).
    Removing msgbuild.o(i.open_Water), (28 bytes).
    Removing msgbuild.o(i.type_Flow), (24 bytes).
    Removing msgbuild.o(i.type_Time), (24 bytes).
    Removing system_hr8p506.o(.rev16_text), (4 bytes).
    Removing system_hr8p506.o(.revsh_text), (4 bytes).
    Removing tds.o(.rev16_text), (4 bytes).
    Removing tds.o(.revsh_text), (4 bytes).
    Removing uart.o(.rev16_text), (4 bytes).
    Removing uart.o(.revsh_text), (4 bytes).
    Removing uart.o(i.UART0GetFun), (72 bytes).
    Removing uart.o(i.UART0Getch), (20 bytes).
    Removing uart.o(i.UART0Put_str), (48 bytes).
    Removing sim800c.o(.rev16_text), (4 bytes).
    Removing sim800c.o(.revsh_text), (4 bytes).
    Removing sim800c.o(i.GSM_TCPC_INIT), (32 bytes).
    Removing pressure.o(.rev16_text), (4 bytes).
    Removing pressure.o(.revsh_text), (4 bytes).
    Removing pressure.o(i.get_Pressure), (2 bytes).
    Removing pressure.o(i.pressure_Init), (2 bytes).
    Removing water_flow.o(.rev16_text), (4 bytes).
    Removing water_flow.o(.revsh_text), (4 bytes).
    Removing water_flow.o(i.get_Flow), (2 bytes).

288 unused section(s) (total 15754 bytes) removed from the image.

==============================================================================

Image Symbol Table

    Local Symbols

    Symbol Name                              Value     Ov Type        Size  Object(Section)

    RESET                                    0x00000000   Section      192  startup_hr8p506.o(RESET)
    ../clib/angel/boardlib.s                 0x00000000   Number         0  boardinit1.o ABSOLUTE
    ../clib/angel/boardlib.s                 0x00000000   Number         0  boardinit2.o ABSOLUTE
    ../clib/angel/boardlib.s                 0x00000000   Number         0  boardinit3.o ABSOLUTE
    ../clib/angel/boardlib.s                 0x00000000   Number         0  boardshut.o ABSOLUTE
    ../clib/angel/handlers.s                 0x00000000   Number         0  __scatter_copy.o ABSOLUTE
    ../clib/angel/handlers.s                 0x00000000   Number         0  __scatter_zi.o ABSOLUTE
    ../clib/angel/kernel.s                   0x00000000   Number         0  rtexit2.o ABSOLUTE
    ../clib/angel/kernel.s                   0x00000000   Number         0  __rtentry2.o ABSOLUTE
    ../clib/angel/kernel.s                   0x00000000   Number         0  __rtentry4.o ABSOLUTE
    ../clib/angel/kernel.s                   0x00000000   Number         0  __rtentry.o ABSOLUTE
    ../clib/angel/kernel.s                   0x00000000   Number         0  rtexit.o ABSOLUTE
    ../clib/angel/rt.s                       0x00000000   Number         0  aeabi_idiv0_sigfpe.o ABSOLUTE
    ../clib/angel/rt.s                       0x00000000   Number         0  aeabi_idiv0.o ABSOLUTE
    ../clib/angel/rt.s                       0x00000000   Number         0  rt_div0.o ABSOLUTE
    ../clib/angel/rt.s                       0x00000000   Number         0  rt_raise.o ABSOLUTE
    ../clib/angel/scatterp.s                 0x00000000   Number         0  __scatter.o ABSOLUTE
    ../clib/angel/startup.s                  0x00000000   Number         0  __main.o ABSOLUTE
    ../clib/angel/sys.s                      0x00000000   Number         0  sys_stackheap_outer.o ABSOLUTE
    ../clib/angel/sys.s                      0x00000000   Number         0  libspace.o ABSOLUTE
    ../clib/angel/sys.s                      0x00000000   Number         0  tempstk.o ABSOLUTE
    ../clib/angel/sys.s                      0x00000000   Number         0  indicate_semi.o ABSOLUTE
    ../clib/angel/sys.s                      0x00000000   Number         0  use_no_semi.o ABSOLUTE
    ../clib/angel/sysapp.c                   0x00000000   Number         0  sys_command.o ABSOLUTE
    ../clib/angel/sysapp.c                   0x00000000   Number         0  sys_exit.o ABSOLUTE
    ../clib/angel/sysapp.c                   0x00000000   Number         0  sys_wrch.o ABSOLUTE
    ../clib/armsys.c                         0x00000000   Number         0  argv_veneer.o ABSOLUTE
    ../clib/armsys.c                         0x00000000   Number         0  no_argv.o ABSOLUTE
    ../clib/armsys.c                         0x00000000   Number         0  _get_argv_nomalloc.o ABSOLUTE
    ../clib/division.c                       0x00000000   Number         0  rtudiv10.o ABSOLUTE
    ../clib/division.s                       0x00000000   Number         0  aeabi_sdiv_div0.o ABSOLUTE
    ../clib/division.s                       0x00000000   Number         0  aeabi_sdiv.o ABSOLUTE
    ../clib/heapalloc.c                      0x00000000   Number         0  hrguard.o ABSOLUTE
    ../clib/heapaux.c                        0x00000000   Number         0  heapauxi.o ABSOLUTE
    ../clib/libinit.s                        0x00000000   Number         0  libshutdown.o ABSOLUTE
    ../clib/libinit.s                        0x00000000   Number         0  libinit2.o ABSOLUTE
    ../clib/libinit.s                        0x00000000   Number         0  libinit.o ABSOLUTE
    ../clib/libinit.s                        0x00000000   Number         0  libshutdown2.o ABSOLUTE
    ../clib/memcpset.c                       0x00000000   Number         0  rt_memclr.o ABSOLUTE
    ../clib/misc.s                           0x00000000   Number         0  printf_stubs.o ABSOLUTE
    ../clib/printf.c                         0x00000000   Number         0  _printf_str.o ABSOLUTE
    ../clib/printf.c                         0x00000000   Number         0  __printf_flags.o ABSOLUTE
    ../clib/printf.c                         0x00000000   Number         0  __printf_ss.o ABSOLUTE
    ../clib/printf.c                         0x00000000   Number         0  __printf_flags_ss.o ABSOLUTE
    ../clib/printf.c                         0x00000000   Number         0  __printf_wp.o ABSOLUTE
    ../clib/printf.c                         0x00000000   Number         0  noretval__2sprintf.o ABSOLUTE
    ../clib/printf.c                         0x00000000   Number         0  __printf_flags_wp.o ABSOLUTE
    ../clib/printf.c                         0x00000000   Number         0  __printf_nopercent.o ABSOLUTE
    ../clib/printf.c                         0x00000000   Number         0  _printf_char.o ABSOLUTE
    ../clib/printf.c                         0x00000000   Number         0  __printf_ss_wp.o ABSOLUTE
    ../clib/printf.c                         0x00000000   Number         0  __printf_flags_ss_wp.o ABSOLUTE
    ../clib/printf.c                         0x00000000   Number         0  __2sprintf.o ABSOLUTE
    ../clib/printf.c                         0x00000000   Number         0  _printf_pad.o ABSOLUTE
    ../clib/printf.c                         0x00000000   Number         0  _printf_dec.o ABSOLUTE
    ../clib/printf.c                         0x00000000   Number         0  _printf_char_common.o ABSOLUTE
    ../clib/printf.c                         0x00000000   Number         0  __printf.o ABSOLUTE
    ../clib/printf.c                         0x00000000   Number         0  _sputc.o ABSOLUTE
    ../clib/printf.c                         0x00000000   Number         0  _printf_intcommon.o ABSOLUTE
    ../clib/printf_percent.s                 0x00000000   Number         0  _printf_c.o ABSOLUTE
    ../clib/printf_percent.s                 0x00000000   Number         0  _printf_s.o ABSOLUTE
    ../clib/printf_percent.s                 0x00000000   Number         0  _printf_percent_end.o ABSOLUTE
    ../clib/printf_percent.s                 0x00000000   Number         0  _printf_percent.o ABSOLUTE
    ../clib/printf_percent.s                 0x00000000   Number         0  _printf_u.o ABSOLUTE
    ../clib/signal.c                         0x00000000   Number         0  defsig_pvfn_inner.o ABSOLUTE
    ../clib/signal.c                         0x00000000   Number         0  defsig_stak_inner.o ABSOLUTE
    ../clib/signal.c                         0x00000000   Number         0  defsig_rtmem_formal.o ABSOLUTE
    ../clib/signal.c                         0x00000000   Number         0  defsig_rtmem_outer.o ABSOLUTE
    ../clib/signal.c                         0x00000000   Number         0  defsig_rtmem_inner.o ABSOLUTE
    ../clib/signal.c                         0x00000000   Number         0  defsig_rtred_inner.o ABSOLUTE
    ../clib/signal.c                         0x00000000   Number         0  defsig_abrt_inner.o ABSOLUTE
    ../clib/signal.c                         0x00000000   Number         0  defsig_other.o ABSOLUTE
    ../clib/signal.c                         0x00000000   Number         0  defsig_general.o ABSOLUTE
    ../clib/signal.c                         0x00000000   Number         0  defsig_fpe_inner.o ABSOLUTE
    ../clib/signal.c                         0x00000000   Number         0  defsig_exit.o ABSOLUTE
    ../clib/signal.c                         0x00000000   Number         0  __raise.o ABSOLUTE
    ../clib/signal.c                         0x00000000   Number         0  defsig_fpe_outer.o ABSOLUTE
    ../clib/signal.c                         0x00000000   Number         0  defsig_fpe_formal.o ABSOLUTE
    ../clib/signal.c                         0x00000000   Number         0  defsig_segv_inner.o ABSOLUTE
    ../clib/signal.c                         0x00000000   Number         0  defsig_cppl_inner.o ABSOLUTE
    ../clib/signal.s                         0x00000000   Number         0  defsig.o ABSOLUTE
    ../clib/stdlib.c                         0x00000000   Number         0  exit.o ABSOLUTE
    ../clib/string.c                         0x00000000   Number         0  strcat.o ABSOLUTE
    ../clib/string.c                         0x00000000   Number         0  strstr.o ABSOLUTE
    ../fplib/cfplib/cmpret.c                 0x00000000   Number         0  cmpret.o ABSOLUTE
    ../fplib/cfplib/d2f.c                    0x00000000   Number         0  d2f.o ABSOLUTE
    ../fplib/cfplib/dcmpin.c                 0x00000000   Number         0  dcmpin.o ABSOLUTE
    ../fplib/cfplib/f2d.c                    0x00000000   Number         0  f2d.o ABSOLUTE
    ../fplib/cfplib/fdiv.c                   0x00000000   Number         0  fdiv.o ABSOLUTE
    ../fplib/cfplib/ffix.c                   0x00000000   Number         0  ffixui.o ABSOLUTE
    ../fplib/cfplib/fflt.c                   0x00000000   Number         0  fflti.o ABSOLUTE
    ../fplib/cfplib/fpinit.c                 0x00000000   Number         0  fpinit.o ABSOLUTE
    ../fplib/cfplib/nan2.c                   0x00000000   Number         0  dnan2.o ABSOLUTE
    ../fplib/cfplib/retnan.c                 0x00000000   Number         0  retnan.o ABSOLUTE
    ../fplib/dleqf6m.s                       0x00000000   Number         0  dlef.o ABSOLUTE
    ../fplib/fmul6m.s                        0x00000000   Number         0  fmul.o ABSOLUTE
    ../fplib/usenofp.s                       0x00000000   Number         0  usenofp.o ABSOLUTE
    ..\Hardware\Flow\water_flow.c            0x00000000   Number         0  water_flow.o ABSOLUTE
    ..\Hardware\GSM\sim800c.c                0x00000000   Number         0  sim800c.o ABSOLUTE
    ..\Hardware\Pressure\pressure.c          0x00000000   Number         0  pressure.o ABSOLUTE
    ..\Hardware\TDS\tds.c                    0x00000000   Number         0  tds.o ABSOLUTE
    ..\Hardware\Uart\uart.c                  0x00000000   Number         0  uart.o ABSOLUTE
    ..\Library\Source\hr8p506_iap_table.c    0x00000000   Number         0  hr8p506_iap_table.o ABSOLUTE
    ..\Library\Source\lib_adc.c              0x00000000   Number         0  lib_adc.o ABSOLUTE
    ..\Library\Source\lib_euart.c            0x00000000   Number         0  lib_euart.o ABSOLUTE
    ..\Library\Source\lib_flashiap.c         0x00000000   Number         0  lib_flashiap.o ABSOLUTE
    ..\Library\Source\lib_gpio.c             0x00000000   Number         0  lib_gpio.o ABSOLUTE
    ..\Library\Source\lib_iic.c              0x00000000   Number         0  lib_iic.o ABSOLUTE
    ..\Library\Source\lib_lcd.c              0x00000000   Number         0  lib_lcd.o ABSOLUTE
    ..\Library\Source\lib_led.c              0x00000000   Number         0  lib_led.o ABSOLUTE
    ..\Library\Source\lib_printf.c           0x00000000   Number         0  lib_printf.o ABSOLUTE
    ..\Library\Source\lib_rtc.c              0x00000000   Number         0  lib_rtc.o ABSOLUTE
    ..\Library\Source\lib_scs.c              0x00000000   Number         0  lib_scs.o ABSOLUTE
    ..\Library\Source\lib_scu.c              0x00000000   Number         0  lib_scu.o ABSOLUTE
    ..\Library\Source\lib_spi.c              0x00000000   Number         0  lib_spi.o ABSOLUTE
    ..\Library\Source\lib_timer.c            0x00000000   Number         0  lib_timer.o ABSOLUTE
    ..\Library\Source\lib_uart.c             0x00000000   Number         0  lib_uart.o ABSOLUTE
    ..\Library\Source\lib_wdt.c              0x00000000   Number         0  lib_wdt.o ABSOLUTE
    ..\StartUp\startup_HR8P506.s             0x00000000   Number         0  startup_hr8p506.o ABSOLUTE
    ..\StartUp\system_HR8P506.c              0x00000000   Number         0  system_hr8p506.o ABSOLUTE
    ..\User\main.c                           0x00000000   Number         0  main.o ABSOLUTE
    ..\User\msgbuild.c                       0x00000000   Number         0  msgbuild.o ABSOLUTE
    ..\User\my_systick.c                     0x00000000   Number         0  my_systick.o ABSOLUTE
    ..\\Hardware\\Flow\\water_flow.c         0x00000000   Number         0  water_flow.o ABSOLUTE
    ..\\Hardware\\GSM\\sim800c.c             0x00000000   Number         0  sim800c.o ABSOLUTE
    ..\\Hardware\\Pressure\\pressure.c       0x00000000   Number         0  pressure.o ABSOLUTE
    ..\\Hardware\\TDS\\tds.c                 0x00000000   Number         0  tds.o ABSOLUTE
    ..\\Hardware\\Uart\\uart.c               0x00000000   Number         0  uart.o ABSOLUTE
    ..\\Library\\Source\\hr8p506_iap_table.c 0x00000000   Number         0  hr8p506_iap_table.o ABSOLUTE
    ..\\Library\\Source\\lib_adc.c           0x00000000   Number         0  lib_adc.o ABSOLUTE
    ..\\Library\\Source\\lib_euart.c         0x00000000   Number         0  lib_euart.o ABSOLUTE
    ..\\Library\\Source\\lib_flashiap.c      0x00000000   Number         0  lib_flashiap.o ABSOLUTE
    ..\\Library\\Source\\lib_gpio.c          0x00000000   Number         0  lib_gpio.o ABSOLUTE
    ..\\Library\\Source\\lib_iic.c           0x00000000   Number         0  lib_iic.o ABSOLUTE
    ..\\Library\\Source\\lib_lcd.c           0x00000000   Number         0  lib_lcd.o ABSOLUTE
    ..\\Library\\Source\\lib_led.c           0x00000000   Number         0  lib_led.o ABSOLUTE
    ..\\Library\\Source\\lib_printf.c        0x00000000   Number         0  lib_printf.o ABSOLUTE
    ..\\Library\\Source\\lib_rtc.c           0x00000000   Number         0  lib_rtc.o ABSOLUTE
    ..\\Library\\Source\\lib_scs.c           0x00000000   Number         0  lib_scs.o ABSOLUTE
    ..\\Library\\Source\\lib_scu.c           0x00000000   Number         0  lib_scu.o ABSOLUTE
    ..\\Library\\Source\\lib_spi.c           0x00000000   Number         0  lib_spi.o ABSOLUTE
    ..\\Library\\Source\\lib_timer.c         0x00000000   Number         0  lib_timer.o ABSOLUTE
    ..\\Library\\Source\\lib_uart.c          0x00000000   Number         0  lib_uart.o ABSOLUTE
    ..\\Library\\Source\\lib_wdt.c           0x00000000   Number         0  lib_wdt.o ABSOLUTE
    ..\\StartUp\\system_HR8P506.c            0x00000000   Number         0  system_hr8p506.o ABSOLUTE
    ..\\User\\main.c                         0x00000000   Number         0  main.o ABSOLUTE
    ..\\User\\msgbuild.c                     0x00000000   Number         0  msgbuild.o ABSOLUTE
    ..\\User\\my_systick.c                   0x00000000   Number         0  my_systick.o ABSOLUTE
    dc.s                                     0x00000000   Number         0  dc.o ABSOLUTE
    !!!main                                  0x000000c0   Section        8  __main.o(!!!main)
    !!!scatter                               0x000000c8   Section       60  __scatter.o(!!!scatter)
    !!handler_copy                           0x00000104   Section       26  __scatter_copy.o(!!handler_copy)
    !!handler_zi                             0x00000120   Section       28  __scatter_zi.o(!!handler_zi)
    .ARM.Collect$$_printf_percent$$00000000  0x0000013c   Section        2  _printf_percent.o(.ARM.Collect$$_printf_percent$$00000000)
    .ARM.Collect$$_printf_percent$$0000000A  0x0000013e   Section       10  _printf_u.o(.ARM.Collect$$_printf_percent$$0000000A)
    .ARM.Collect$$_printf_percent$$00000013  0x00000148   Section       10  _printf_c.o(.ARM.Collect$$_printf_percent$$00000013)
    .ARM.Collect$$_printf_percent$$00000014  0x00000152   Section       10  _printf_s.o(.ARM.Collect$$_printf_percent$$00000014)
    .ARM.Collect$$_printf_percent$$00000017  0x0000015c   Section        4  _printf_percent_end.o(.ARM.Collect$$_printf_percent$$00000017)
    .ARM.Collect$$libinit$$00000000          0x00000160   Section        2  libinit.o(.ARM.Collect$$libinit$$00000000)
    .ARM.Collect$$libinit$$00000002          0x00000162   Section        0  libinit2.o(.ARM.Collect$$libinit$$00000002)
    .ARM.Collect$$libinit$$00000004          0x00000162   Section        0  libinit2.o(.ARM.Collect$$libinit$$00000004)
    .ARM.Collect$$libinit$$0000000A          0x00000162   Section        0  libinit2.o(.ARM.Collect$$libinit$$0000000A)
    .ARM.Collect$$libinit$$0000000C          0x00000162   Section        0  libinit2.o(.ARM.Collect$$libinit$$0000000C)
    .ARM.Collect$$libinit$$0000000E          0x00000162   Section        0  libinit2.o(.ARM.Collect$$libinit$$0000000E)
    .ARM.Collect$$libinit$$00000011          0x00000162   Section        0  libinit2.o(.ARM.Collect$$libinit$$00000011)
    .ARM.Collect$$libinit$$00000013          0x00000162   Section        0  libinit2.o(.ARM.Collect$$libinit$$00000013)
    .ARM.Collect$$libinit$$00000015          0x00000162   Section        0  libinit2.o(.ARM.Collect$$libinit$$00000015)
    .ARM.Collect$$libinit$$00000017          0x00000162   Section        0  libinit2.o(.ARM.Collect$$libinit$$00000017)
    .ARM.Collect$$libinit$$00000019          0x00000162   Section        0  libinit2.o(.ARM.Collect$$libinit$$00000019)
    .ARM.Collect$$libinit$$0000001B          0x00000162   Section        0  libinit2.o(.ARM.Collect$$libinit$$0000001B)
    .ARM.Collect$$libinit$$0000001D          0x00000162   Section        0  libinit2.o(.ARM.Collect$$libinit$$0000001D)
    .ARM.Collect$$libinit$$0000001F          0x00000162   Section        0  libinit2.o(.ARM.Collect$$libinit$$0000001F)
    .ARM.Collect$$libinit$$00000021          0x00000162   Section        0  libinit2.o(.ARM.Collect$$libinit$$00000021)
    .ARM.Collect$$libinit$$00000023          0x00000162   Section        0  libinit2.o(.ARM.Collect$$libinit$$00000023)
    .ARM.Collect$$libinit$$00000025          0x00000162   Section        0  libinit2.o(.ARM.Collect$$libinit$$00000025)
    .ARM.Collect$$libinit$$0000002C          0x00000162   Section        0  libinit2.o(.ARM.Collect$$libinit$$0000002C)
    .ARM.Collect$$libinit$$0000002E          0x00000162   Section        0  libinit2.o(.ARM.Collect$$libinit$$0000002E)
    .ARM.Collect$$libinit$$00000030          0x00000162   Section        0  libinit2.o(.ARM.Collect$$libinit$$00000030)
    .ARM.Collect$$libinit$$00000032          0x00000162   Section        0  libinit2.o(.ARM.Collect$$libinit$$00000032)
    .ARM.Collect$$libinit$$00000033          0x00000162   Section        2  libinit2.o(.ARM.Collect$$libinit$$00000033)
    .ARM.Collect$$libshutdown$$00000000      0x00000164   Section        2  libshutdown.o(.ARM.Collect$$libshutdown$$00000000)
    .ARM.Collect$$libshutdown$$00000002      0x00000166   Section        0  libshutdown2.o(.ARM.Collect$$libshutdown$$00000002)
    .ARM.Collect$$libshutdown$$00000004      0x00000166   Section        0  libshutdown2.o(.ARM.Collect$$libshutdown$$00000004)
    .ARM.Collect$$libshutdown$$00000007      0x00000166   Section        0  libshutdown2.o(.ARM.Collect$$libshutdown$$00000007)
    .ARM.Collect$$libshutdown$$0000000A      0x00000166   Section        0  libshutdown2.o(.ARM.Collect$$libshutdown$$0000000A)
    .ARM.Collect$$libshutdown$$0000000C      0x00000166   Section        0  libshutdown2.o(.ARM.Collect$$libshutdown$$0000000C)
    .ARM.Collect$$libshutdown$$0000000F      0x00000166   Section        0  libshutdown2.o(.ARM.Collect$$libshutdown$$0000000F)
    .ARM.Collect$$libshutdown$$00000010      0x00000166   Section        2  libshutdown2.o(.ARM.Collect$$libshutdown$$00000010)
    .ARM.Collect$$rtentry$$00000000          0x00000168   Section        0  __rtentry.o(.ARM.Collect$$rtentry$$00000000)
    .ARM.Collect$$rtentry$$00000002          0x00000168   Section        0  __rtentry2.o(.ARM.Collect$$rtentry$$00000002)
    .ARM.Collect$$rtentry$$00000004          0x00000168   Section        6  __rtentry4.o(.ARM.Collect$$rtentry$$00000004)
    .ARM.Collect$$rtentry$$00000009          0x0000016e   Section        0  __rtentry2.o(.ARM.Collect$$rtentry$$00000009)
    .ARM.Collect$$rtentry$$0000000A          0x0000016e   Section        4  __rtentry2.o(.ARM.Collect$$rtentry$$0000000A)
    .ARM.Collect$$rtentry$$0000000C          0x00000172   Section        0  __rtentry2.o(.ARM.Collect$$rtentry$$0000000C)
    .ARM.Collect$$rtentry$$0000000D          0x00000172   Section        8  __rtentry2.o(.ARM.Collect$$rtentry$$0000000D)
    .ARM.Collect$$rtexit$$00000000           0x0000017a   Section        2  rtexit.o(.ARM.Collect$$rtexit$$00000000)
    .ARM.Collect$$rtexit$$00000002           0x0000017c   Section        0  rtexit2.o(.ARM.Collect$$rtexit$$00000002)
    .ARM.Collect$$rtexit$$00000003           0x0000017c   Section        4  rtexit2.o(.ARM.Collect$$rtexit$$00000003)
    .ARM.Collect$$rtexit$$00000004           0x00000180   Section        6  rtexit2.o(.ARM.Collect$$rtexit$$00000004)
    .text                                    0x00000188   Section      232  startup_hr8p506.o(.text)
    .text                                    0x00000270   Section        0  __2sprintf.o(.text)
    .text                                    0x0000029c   Section        0  _printf_pad.o(.text)
    .text                                    0x000002ea   Section        0  _printf_str.o(.text)
    .text                                    0x0000033c   Section        0  _printf_dec.o(.text)
    .text                                    0x000003a8   Section        0  __printf_flags_wp.o(.text)
    .text                                    0x000004e0   Section        0  strstr.o(.text)
    .text                                    0x00000508   Section        0  strcat.o(.text)
    .text                                    0x00000520   Section        0  rt_memclr.o(.text)
    .text                                    0x00000560   Section      346  aeabi_sdiv.o(.text)
    .text                                    0x000006ba   Section        0  heapauxi.o(.text)
    .text                                    0x000006c0   Section        0  d2f.o(.text)
    .text                                    0x0000073c   Section        0  f2d.o(.text)
    .text                                    0x00000790   Section        0  fdiv.o(.text)
    .text                                    0x000008f0   Section        0  ffixui.o(.text)
    .text                                    0x00000920   Section        0  fflti.o(.text)
    .text                                    0x0000097e   Section        0  _printf_intcommon.o(.text)
    .text                                    0x00000a30   Section        0  _printf_char_common.o(.text)
    _printf_input_char                       0x00000a31   Thumb Code    10  _printf_char_common.o(.text)
    .text                                    0x00000a60   Section        0  _sputc.o(.text)
    .text                                    0x00000a6a   Section        0  _printf_char.o(.text)
    .text                                    0x00000a98   Section        0  rtudiv10.o(.text)
    .text                                    0x00000ac0   Section        0  dcmpin.o(.text)
    .text                                    0x00000b50   Section        0  cmpret.o(.text)
    .text                                    0x00000b80   Section        0  dnan2.o(.text)
    .text                                    0x00000b94   Section       62  sys_stackheap_outer.o(.text)
    .text                                    0x00000bd2   Section        0  exit.o(.text)
    .text                                    0x00000be2   Section        0  retnan.o(.text)
    .text                                    0x00000c40   Section        8  libspace.o(.text)
    .text                                    0x00000c48   Section        0  sys_exit.o(.text)
    .text                                    0x00000c54   Section        2  use_no_semi.o(.text)
    .text                                    0x00000c56   Section        0  indicate_semi.o(.text)
    i.BEE_OFF                                0x00000c58   Section        0  my_systick.o(i.BEE_OFF)
    i.BEE_ON                                 0x00000c64   Section        0  my_systick.o(i.BEE_ON)
    i.BEE_init                               0x00000c70   Section        0  main.o(i.BEE_init)
    i.DeviceClockAllEnable                   0x00000c94   Section        0  lib_scu.o(i.DeviceClockAllEnable)
    i.GPIO_GetNormalBitOffsetFromPin         0x00000cc8   Section        0  lib_gpio.o(i.GPIO_GetNormalBitOffsetFromPin)
    i.GPIO_Init                              0x00000dc2   Section        0  lib_gpio.o(i.GPIO_Init)
    i.GPIO_ReadBit                           0x00000e2c   Section        0  lib_gpio.o(i.GPIO_ReadBit)
    i.GPIO_SetDSRegFromPin                   0x00000e5c   Section        0  lib_gpio.o(i.GPIO_SetDSRegFromPin)
    i.GPIO_SetDirRegFromPin                  0x00000ec4   Section        0  lib_gpio.o(i.GPIO_SetDirRegFromPin)
    i.GPIO_SetFuncxRegFromPin                0x00000f10   Section        0  lib_gpio.o(i.GPIO_SetFuncxRegFromPin)
    i.GPIO_SetODERegFromPin                  0x00001488   Section        0  lib_gpio.o(i.GPIO_SetODERegFromPin)
    i.GPIO_SetPDERegFromPin                  0x000014f0   Section        0  lib_gpio.o(i.GPIO_SetPDERegFromPin)
    i.GPIO_SetPUERegFromPin                  0x00001558   Section        0  lib_gpio.o(i.GPIO_SetPUERegFromPin)
    i.GPIO_SetSingalTypeFromPin              0x000015c0   Section        0  lib_gpio.o(i.GPIO_SetSingalTypeFromPin)
    i.GPIO_WriteBit                          0x00001628   Section        0  lib_gpio.o(i.GPIO_WriteBit)
    i.GSM_TCP_Connect                        0x00001674   Section        0  sim800c.o(i.GSM_TCP_Connect)
    i.HardWare_Init                          0x00001750   Section        0  main.o(i.HardWare_Init)
    i.IAP_Unlock                             0x00001788   Section        0  lib_flashiap.o(i.IAP_Unlock)
    i.IAP_WriteCont                          0x000017dc   Section        0  lib_flashiap.o(i.IAP_WriteCont)
    i.IAP_WriteEnd                           0x0000187c   Section        0  lib_flashiap.o(i.IAP_WriteEnd)
    i.IAP_WriteWord                          0x000018c0   Section        0  lib_flashiap.o(i.IAP_WriteWord)
    i.MSG_Build                              0x0000190c   Section        0  msgbuild.o(i.MSG_Build)
    i.NVIC_Init                              0x00001a2c   Section        0  lib_scs.o(i.NVIC_Init)
    i.PLLClock_Config                        0x00001a90   Section        0  lib_scu.o(i.PLLClock_Config)
    i.SCU_SysClkSelect                       0x00001c40   Section        0  lib_scu.o(i.SCU_SysClkSelect)
    i.Save_To_EPROM                          0x00001c6c   Section        0  lib_flashiap.o(i.Save_To_EPROM)
    i.SysTick_IRQHandler                     0x00001cb0   Section        0  my_systick.o(i.SysTick_IRQHandler)
    i.SysTick_Init                           0x00001d54   Section        0  lib_scs.o(i.SysTick_Init)
    i.SystemInit                             0x00001d94   Section        0  system_hr8p506.o(i.SystemInit)
    i.T16N2_IRQHandler                       0x00001e30   Section        0  tds.o(i.T16N2_IRQHandler)
    i.T16Nx_BaseInit                         0x00001e78   Section        0  lib_timer.o(i.T16Nx_BaseInit)
    i.T16Nx_ClearITPendingBit                0x00001ed4   Section        0  lib_timer.o(i.T16Nx_ClearITPendingBit)
    i.T16Nx_Disable                          0x00001ed8   Section        0  lib_timer.o(i.T16Nx_Disable)
    i.T16Nx_Enable                           0x00001ee2   Section        0  lib_timer.o(i.T16Nx_Enable)
    i.T16Nx_GetFlagStatus                    0x00001eee   Section        0  lib_timer.o(i.T16Nx_GetFlagStatus)
    i.T16Nx_ITConfig                         0x00001f02   Section        0  lib_timer.o(i.T16Nx_ITConfig)
    i.T16Nx_MAT0ITConfig                     0x00001f16   Section        0  lib_timer.o(i.T16Nx_MAT0ITConfig)
    i.T16Nx_SetCNT0                          0x00001f2e   Section        0  lib_timer.o(i.T16Nx_SetCNT0)
    i.T16Nx_SetMAT0                          0x00001f52   Section        0  lib_timer.o(i.T16Nx_SetMAT0)
    i.TCP_Recieve                            0x00001f60   Section        0  sim800c.o(i.TCP_Recieve)
    i.UART0Init                              0x00001fc0   Section        0  uart.o(i.UART0Init)
    i.UART0Putch                             0x00002064   Section        0  uart.o(i.UART0Putch)
    i.UART0Write_Str                         0x00002080   Section        0  uart.o(i.UART0Write_Str)
    i.UART0_IRQHandler                       0x000020e8   Section        0  uart.o(i.UART0_IRQHandler)
    i.UART0_Recieve                          0x0000219c   Section        0  uart.o(i.UART0_Recieve)
    i.UART_GetFlagStatus                     0x000021ec   Section        0  lib_uart.o(i.UART_GetFlagStatus)
    i.UART_GetITStatus                       0x000021fc   Section        0  lib_uart.o(i.UART_GetITStatus)
    i.UART_ITConfig                          0x0000220c   Section        0  lib_uart.o(i.UART_ITConfig)
    i.UART_Init                              0x00002220   Section        0  lib_uart.o(i.UART_Init)
    i.UART_RBIMConfig                        0x00002388   Section        0  lib_uart.o(i.UART_RBIMConfig)
    i.UART_TBIMConfig                        0x0000239c   Section        0  lib_uart.o(i.UART_TBIMConfig)
    i.WDT_Init                               0x000023ac   Section        0  lib_wdt.o(i.WDT_Init)
    i.__ARM_common_switch8                   0x0000241c   Section        0  lib_gpio.o(i.__ARM_common_switch8)
    i.__set_PRIMASK                          0x00002438   Section        0  lib_flashiap.o(i.__set_PRIMASK)
    __set_PRIMASK                            0x00002439   Thumb Code     6  lib_flashiap.o(i.__set_PRIMASK)
    i._is_digit                              0x0000243e   Section        0  __printf_wp.o(i._is_digit)
    i.check_ststus                           0x0000244c   Section        0  uart.o(i.check_ststus)
    i.clear_Buffer                           0x000024d4   Section        0  uart.o(i.clear_Buffer)
    i.delay_nms                              0x000024ec   Section        0  my_systick.o(i.delay_nms)
    i.get_Fre1                               0x00002500   Section        0  tds.o(i.get_Fre1)
    i.get_Fre2                               0x00002558   Section        0  tds.o(i.get_Fre2)
    i.get_IMEI                               0x000025b0   Section        0  sim800c.o(i.get_IMEI)
    i.get_MSG                                0x00002620   Section        0  uart.o(i.get_MSG)
    i.get_String                             0x00002658   Section        0  uart.o(i.get_String)
    i.get_TDS                                0x00002690   Section        0  tds.o(i.get_TDS)
    i.main                                   0x000026b4   Section        0  main.o(i.main)
    i.reset                                  0x00002700   Section        0  main.o(i.reset)
    i.sim800c_init                           0x00002760   Section        0  sim800c.o(i.sim800c_init)
    i.tds_Init                               0x0000288c   Section        0  tds.o(i.tds_Init)
    i.timer_Init                             0x000028a0   Section        0  tds.o(i.timer_Init)
    i.valve_Init                             0x000028f4   Section        0  msgbuild.o(i.valve_Init)
    x$fpl$dleqf                              0x00002938   Section      100  dlef.o(x$fpl$dleqf)
    x$fpl$fmul                               0x0000299c   Section      176  fmul.o(x$fpl$fmul)
    .constdata                               0x00002a4c   Section       17  __printf_flags_wp.o(.constdata)
    x$fpl$usenofp                            0x00002a4c   Section        0  usenofp.o(x$fpl$usenofp)
    maptable                                 0x00002a4c   Data          17  __printf_flags_wp.o(.constdata)
    .constdata                               0x00002a5d   Section       64  fdiv.o(.constdata)
    fdiv_tab                                 0x00002a5d   Data          64  fdiv.o(.constdata)
    .data                                    0x20000000   Section       16  my_systick.o(.data)
    temp                                     0x20000004   Data           4  my_systick.o(.data)
    count                                    0x20000008   Data           4  my_systick.o(.data)
    rt                                       0x2000000c   Data           4  my_systick.o(.data)
    .data                                    0x20000010   Section        4  system_hr8p506.o(.data)
    .data                                    0x20000014   Section       16  tds.o(.data)
    .data                                    0x20000024   Section        6  uart.o(.data)
    .data                                    0x2000002c   Section      212  sim800c.o(.data)
    err_count                                0x200000fc   Data           4  sim800c.o(.data)
    .bss                                     0x20000100   Section      276  main.o(.bss)
    .bss                                     0x20000214   Section       96  libspace.o(.bss)
    HEAP                                     0x20000278   Section        0  startup_hr8p506.o(HEAP)
    STACK                                    0x20000278   Section     1024  startup_hr8p506.o(STACK)
    Heap_Mem                                 0x20000278   Data           0  startup_hr8p506.o(HEAP)
    Stack_Mem                                0x20000278   Data        1024  startup_hr8p506.o(STACK)
    __initial_sp                             0x20000678   Data           0  startup_hr8p506.o(STACK)

    Global Symbols

    Symbol Name                              Value     Ov Type        Size  Object(Section)

    BuildAttributes$$THM_ISAv3M$S$PE$A:L22$X:L11$S22$IEEE1$IW$USESV6$~STKCKD$USESV7$~SHL$OSPACE$ROPI$EBA8$UX$STANDARDLIB$REQ8$PRES8$EABIv2 0x00000000   Number         0  anon$$obj.o ABSOLUTE
    __ARM_use_no_argv                        0x00000000   Number         0  main.o ABSOLUTE
    __Vectors                                0x00000000   Data           4  startup_hr8p506.o(RESET)
    _printf_flags                            0x00000000   Number         0  printf_stubs.o ABSOLUTE
    _printf_return_value                     0x00000000   Number         0  printf_stubs.o ABSOLUTE
    _printf_sizespec                         0x00000000   Number         0  printf_stubs.o ABSOLUTE
    _printf_widthprec                        0x00000000   Number         0  printf_stubs.o ABSOLUTE
    __ARM_exceptions_init                     - Undefined Weak Reference
    __alloca_initialize                       - Undefined Weak Reference
    __arm_preinit_                            - Undefined Weak Reference
    __cpp_initialize__aeabi_                  - Undefined Weak Reference
    __cxa_finalize                            - Undefined Weak Reference
    __rt_locale                               - Undefined Weak Reference
    __sigvec_lookup                           - Undefined Weak Reference
    _atexit_init                              - Undefined Weak Reference
    _call_atexit_fns                          - Undefined Weak Reference
    _clock_init                               - Undefined Weak Reference
    _fp_trap_init                             - Undefined Weak Reference
    _fp_trap_shutdown                         - Undefined Weak Reference
    _get_lc_collate                           - Undefined Weak Reference
    _get_lc_ctype                             - Undefined Weak Reference
    _get_lc_monetary                          - Undefined Weak Reference
    _get_lc_numeric                           - Undefined Weak Reference
    _get_lc_time                              - Undefined Weak Reference
    _getenv_init                              - Undefined Weak Reference
    _handle_redirection                       - Undefined Weak Reference
    _init_alloc                               - Undefined Weak Reference
    _init_user_alloc                          - Undefined Weak Reference
    _initio                                   - Undefined Weak Reference
    _printf_mbtowc                            - Undefined Weak Reference
    _printf_truncate_signed                   - Undefined Weak Reference
    _printf_truncate_unsigned                 - Undefined Weak Reference
    _rand_init                                - Undefined Weak Reference
    _signal_finish                            - Undefined Weak Reference
    _signal_init                              - Undefined Weak Reference
    _terminate_alloc                          - Undefined Weak Reference
    _terminate_user_alloc                     - Undefined Weak Reference
    _terminateio                              - Undefined Weak Reference
    __main                                   0x000000c1   Thumb Code     8  __main.o(!!!main)
    __scatterload                            0x000000c9   Thumb Code     0  __scatter.o(!!!scatter)
    __scatterload_rt2                        0x000000c9   Thumb Code    52  __scatter.o(!!!scatter)
    __scatterload_rt2_thumb_only             0x000000c9   Thumb Code     0  __scatter.o(!!!scatter)
    __scatterload_null                       0x000000d9   Thumb Code     0  __scatter.o(!!!scatter)
    __scatterload_copy                       0x00000105   Thumb Code    26  __scatter_copy.o(!!handler_copy)
    __scatterload_zeroinit                   0x00000121   Thumb Code    28  __scatter_zi.o(!!handler_zi)
    _printf_percent                          0x0000013d   Thumb Code     0  _printf_percent.o(.ARM.Collect$$_printf_percent$$00000000)
    _printf_u                                0x0000013f   Thumb Code     0  _printf_u.o(.ARM.Collect$$_printf_percent$$0000000A)
    _printf_c                                0x00000149   Thumb Code     0  _printf_c.o(.ARM.Collect$$_printf_percent$$00000013)
    _printf_s                                0x00000153   Thumb Code     0  _printf_s.o(.ARM.Collect$$_printf_percent$$00000014)
    _printf_percent_end                      0x0000015d   Thumb Code     0  _printf_percent_end.o(.ARM.Collect$$_printf_percent$$00000017)
    __rt_lib_init                            0x00000161   Thumb Code     0  libinit.o(.ARM.Collect$$libinit$$00000000)
    __rt_lib_init_alloca_1                   0x00000163   Thumb Code     0  libinit2.o(.ARM.Collect$$libinit$$0000002E)
    __rt_lib_init_argv_1                     0x00000163   Thumb Code     0  libinit2.o(.ARM.Collect$$libinit$$0000002C)
    __rt_lib_init_atexit_1                   0x00000163   Thumb Code     0  libinit2.o(.ARM.Collect$$libinit$$0000001B)
    __rt_lib_init_clock_1                    0x00000163   Thumb Code     0  libinit2.o(.ARM.Collect$$libinit$$00000021)
    __rt_lib_init_cpp_1                      0x00000163   Thumb Code     0  libinit2.o(.ARM.Collect$$libinit$$00000032)
    __rt_lib_init_exceptions_1               0x00000163   Thumb Code     0  libinit2.o(.ARM.Collect$$libinit$$00000030)
    __rt_lib_init_fp_1                       0x00000163   Thumb Code     0  libinit2.o(.ARM.Collect$$libinit$$00000002)
    __rt_lib_init_fp_trap_1                  0x00000163   Thumb Code     0  libinit2.o(.ARM.Collect$$libinit$$0000001F)
    __rt_lib_init_getenv_1                   0x00000163   Thumb Code     0  libinit2.o(.ARM.Collect$$libinit$$00000023)
    __rt_lib_init_heap_1                     0x00000163   Thumb Code     0  libinit2.o(.ARM.Collect$$libinit$$0000000A)
    __rt_lib_init_lc_collate_1               0x00000163   Thumb Code     0  libinit2.o(.ARM.Collect$$libinit$$00000011)
    __rt_lib_init_lc_ctype_1                 0x00000163   Thumb Code     0  libinit2.o(.ARM.Collect$$libinit$$00000013)
    __rt_lib_init_lc_monetary_1              0x00000163   Thumb Code     0  libinit2.o(.ARM.Collect$$libinit$$00000015)
    __rt_lib_init_lc_numeric_1               0x00000163   Thumb Code     0  libinit2.o(.ARM.Collect$$libinit$$00000017)
    __rt_lib_init_lc_time_1                  0x00000163   Thumb Code     0  libinit2.o(.ARM.Collect$$libinit$$00000019)
    __rt_lib_init_preinit_1                  0x00000163   Thumb Code     0  libinit2.o(.ARM.Collect$$libinit$$00000004)
    __rt_lib_init_rand_1                     0x00000163   Thumb Code     0  libinit2.o(.ARM.Collect$$libinit$$0000000E)
    __rt_lib_init_return                     0x00000163   Thumb Code     0  libinit2.o(.ARM.Collect$$libinit$$00000033)
    __rt_lib_init_signal_1                   0x00000163   Thumb Code     0  libinit2.o(.ARM.Collect$$libinit$$0000001D)
    __rt_lib_init_stdio_1                    0x00000163   Thumb Code     0  libinit2.o(.ARM.Collect$$libinit$$00000025)
    __rt_lib_init_user_alloc_1               0x00000163   Thumb Code     0  libinit2.o(.ARM.Collect$$libinit$$0000000C)
    __rt_lib_shutdown                        0x00000165   Thumb Code     0  libshutdown.o(.ARM.Collect$$libshutdown$$00000000)
    __rt_lib_shutdown_cpp_1                  0x00000167   Thumb Code     0  libshutdown2.o(.ARM.Collect$$libshutdown$$00000002)
    __rt_lib_shutdown_fp_trap_1              0x00000167   Thumb Code     0  libshutdown2.o(.ARM.Collect$$libshutdown$$00000007)
    __rt_lib_shutdown_heap_1                 0x00000167   Thumb Code     0  libshutdown2.o(.ARM.Collect$$libshutdown$$0000000F)
    __rt_lib_shutdown_return                 0x00000167   Thumb Code     0  libshutdown2.o(.ARM.Collect$$libshutdown$$00000010)
    __rt_lib_shutdown_signal_1               0x00000167   Thumb Code     0  libshutdown2.o(.ARM.Collect$$libshutdown$$0000000A)
    __rt_lib_shutdown_stdio_1                0x00000167   Thumb Code     0  libshutdown2.o(.ARM.Collect$$libshutdown$$00000004)
    __rt_lib_shutdown_user_alloc_1           0x00000167   Thumb Code     0  libshutdown2.o(.ARM.Collect$$libshutdown$$0000000C)
    __rt_entry                               0x00000169   Thumb Code     0  __rtentry.o(.ARM.Collect$$rtentry$$00000000)
    __rt_entry_presh_1                       0x00000169   Thumb Code     0  __rtentry2.o(.ARM.Collect$$rtentry$$00000002)
    __rt_entry_sh                            0x00000169   Thumb Code     0  __rtentry4.o(.ARM.Collect$$rtentry$$00000004)
    __rt_entry_li                            0x0000016f   Thumb Code     0  __rtentry2.o(.ARM.Collect$$rtentry$$0000000A)
    __rt_entry_postsh_1                      0x0000016f   Thumb Code     0  __rtentry2.o(.ARM.Collect$$rtentry$$00000009)
    __rt_entry_main                          0x00000173   Thumb Code     0  __rtentry2.o(.ARM.Collect$$rtentry$$0000000D)
    __rt_entry_postli_1                      0x00000173   Thumb Code     0  __rtentry2.o(.ARM.Collect$$rtentry$$0000000C)
    __rt_exit                                0x0000017b   Thumb Code     0  rtexit.o(.ARM.Collect$$rtexit$$00000000)
    __rt_exit_ls                             0x0000017d   Thumb Code     0  rtexit2.o(.ARM.Collect$$rtexit$$00000003)
    __rt_exit_prels_1                        0x0000017d   Thumb Code     0  rtexit2.o(.ARM.Collect$$rtexit$$00000002)
    __rt_exit_exit                           0x00000181   Thumb Code     0  rtexit2.o(.ARM.Collect$$rtexit$$00000004)
    Reset_IRQHandler                         0x00000189   Thumb Code    12  startup_hr8p506.o(.text)
    NMI_IRQHandler                           0x00000195   Thumb Code     2  startup_hr8p506.o(.text)
    HardFault_IRQHandler                     0x00000197   Thumb Code     2  startup_hr8p506.o(.text)
    SVC_IRQHandler                           0x00000199   Thumb Code     2  startup_hr8p506.o(.text)
    PendSV_IRQHandler                        0x0000019b   Thumb Code     2  startup_hr8p506.o(.text)
    ADC_IRQHandler                           0x0000019f   Thumb Code     0  startup_hr8p506.o(.text)
    CCM_IRQHandler                           0x0000019f   Thumb Code     0  startup_hr8p506.o(.text)
    EUART0_IRQHandler                        0x0000019f   Thumb Code     0  startup_hr8p506.o(.text)
    I2C0_IRQHandler                          0x0000019f   Thumb Code     0  startup_hr8p506.o(.text)
    KINT_IRQHandler                          0x0000019f   Thumb Code     0  startup_hr8p506.o(.text)
    LVD_IRQHandler                           0x0000019f   Thumb Code     0  startup_hr8p506.o(.text)
    PINT0_IRQHandler                         0x0000019f   Thumb Code     0  startup_hr8p506.o(.text)
    PINT1_IRQHandler                         0x0000019f   Thumb Code     0  startup_hr8p506.o(.text)
    PINT2_IRQHandler                         0x0000019f   Thumb Code     0  startup_hr8p506.o(.text)
    PINT3_IRQHandler                         0x0000019f   Thumb Code     0  startup_hr8p506.o(.text)
    PINT4_IRQHandler                         0x0000019f   Thumb Code     0  startup_hr8p506.o(.text)
    PINT5_IRQHandler                         0x0000019f   Thumb Code     0  startup_hr8p506.o(.text)
    PINT6_IRQHandler                         0x0000019f   Thumb Code     0  startup_hr8p506.o(.text)
    PINT7_IRQHandler                         0x0000019f   Thumb Code     0  startup_hr8p506.o(.text)
    PLLLK_IRQHandler                         0x0000019f   Thumb Code     0  startup_hr8p506.o(.text)
    RTC_IRQHandler                           0x0000019f   Thumb Code     0  startup_hr8p506.o(.text)
    SPI0_IRQHandler                          0x0000019f   Thumb Code     0  startup_hr8p506.o(.text)
    SPI1_IRQHandler                          0x0000019f   Thumb Code     0  startup_hr8p506.o(.text)
    T16N0_IRQHandler                         0x0000019f   Thumb Code     0  startup_hr8p506.o(.text)
    T16N1_IRQHandler                         0x0000019f   Thumb Code     0  startup_hr8p506.o(.text)
    T16N3_IRQHandler                         0x0000019f   Thumb Code     0  startup_hr8p506.o(.text)
    T32N0_IRQHandler                         0x0000019f   Thumb Code     0  startup_hr8p506.o(.text)
    UART1_IRQHandler                         0x0000019f   Thumb Code     0  startup_hr8p506.o(.text)
    WDT_IRQHandler                           0x0000019f   Thumb Code     0  startup_hr8p506.o(.text)
    RegInit                                  0x000001ad   Thumb Code   172  startup_hr8p506.o(.text)
    __user_initial_stackheap                 0x00000259   Thumb Code     0  startup_hr8p506.o(.text)
    __2sprintf                               0x00000271   Thumb Code    40  __2sprintf.o(.text)
    _printf_pre_padding                      0x0000029d   Thumb Code    44  _printf_pad.o(.text)
    _printf_post_padding                     0x000002c9   Thumb Code    34  _printf_pad.o(.text)
    _printf_str                              0x000002eb   Thumb Code    82  _printf_str.o(.text)
    _printf_int_dec                          0x0000033d   Thumb Code    90  _printf_dec.o(.text)
    __printf                                 0x000003a9   Thumb Code   306  __printf_flags_wp.o(.text)
    strstr                                   0x000004e1   Thumb Code    40  strstr.o(.text)
    strcat                                   0x00000509   Thumb Code    24  strcat.o(.text)
    _memset_w                                0x00000521   Thumb Code    26  rt_memclr.o(.text)
    _memset                                  0x0000053b   Thumb Code    30  rt_memclr.o(.text)
    __aeabi_memclr                           0x00000559   Thumb Code     4  rt_memclr.o(.text)
    __rt_memclr                              0x00000559   Thumb Code     0  rt_memclr.o(.text)
    __aeabi_memclr4                          0x0000055d   Thumb Code     0  rt_memclr.o(.text)
    __aeabi_memclr8                          0x0000055d   Thumb Code     0  rt_memclr.o(.text)
    __rt_memclr_w                            0x0000055d   Thumb Code     4  rt_memclr.o(.text)
    __aeabi_uidiv                            0x00000561   Thumb Code     0  aeabi_sdiv.o(.text)
    __aeabi_uidivmod                         0x00000561   Thumb Code    20  aeabi_sdiv.o(.text)
    __aeabi_idiv                             0x00000575   Thumb Code     0  aeabi_sdiv.o(.text)
    __aeabi_idivmod                          0x00000575   Thumb Code   326  aeabi_sdiv.o(.text)
    __use_two_region_memory                  0x000006bb   Thumb Code     2  heapauxi.o(.text)
    __rt_heap_escrow$2region                 0x000006bd   Thumb Code     2  heapauxi.o(.text)
    __rt_heap_expand$2region                 0x000006bf   Thumb Code     2  heapauxi.o(.text)
    __aeabi_d2f                              0x000006c1   Thumb Code     0  d2f.o(.text)
    _d2f                                     0x000006c1   Thumb Code   120  d2f.o(.text)
    __aeabi_f2d                              0x0000073d   Thumb Code     0  f2d.o(.text)
    _f2d                                     0x0000073d   Thumb Code    80  f2d.o(.text)
    __aeabi_fdiv                             0x00000791   Thumb Code     0  fdiv.o(.text)
    _fdiv                                    0x00000791   Thumb Code   334  fdiv.o(.text)
    _frdiv                                   0x000008df   Thumb Code     8  fdiv.o(.text)
    __aeabi_f2uiz                            0x000008f1   Thumb Code     0  ffixui.o(.text)
    _ffixu                                   0x000008f1   Thumb Code    48  ffixui.o(.text)
    __aeabi_i2f_normalise                    0x00000921   Thumb Code    72  fflti.o(.text)
    __aeabi_i2f                              0x00000969   Thumb Code    16  fflti.o(.text)
    _fflt                                    0x00000969   Thumb Code     0  fflti.o(.text)
    __aeabi_ui2f                             0x00000979   Thumb Code     6  fflti.o(.text)
    _ffltu                                   0x00000979   Thumb Code     0  fflti.o(.text)
    _printf_int_common                       0x0000097f   Thumb Code   176  _printf_intcommon.o(.text)
    _printf_char_common                      0x00000a3b   Thumb Code    32  _printf_char_common.o(.text)
    _sputc                                   0x00000a61   Thumb Code    10  _sputc.o(.text)
    _printf_cs_common                        0x00000a6b   Thumb Code    22  _printf_char.o(.text)
    _printf_char                             0x00000a81   Thumb Code    16  _printf_char.o(.text)
    _printf_string                           0x00000a91   Thumb Code     8  _printf_char.o(.text)
    __rt_udiv10                              0x00000a99   Thumb Code    40  rtudiv10.o(.text)
    __fpl_dcmp_InfNaN                        0x00000ac1   Thumb Code   140  dcmpin.o(.text)
    __fpl_cmpreturn                          0x00000b51   Thumb Code    46  cmpret.o(.text)
    __fpl_dcheck_NaN2                        0x00000b81   Thumb Code    14  dnan2.o(.text)
    __user_setup_stackheap                   0x00000b95   Thumb Code    62  sys_stackheap_outer.o(.text)
    exit                                     0x00000bd3   Thumb Code    16  exit.o(.text)
    __fpl_return_NaN                         0x00000be3   Thumb Code    94  retnan.o(.text)
    __user_libspace                          0x00000c41   Thumb Code     8  libspace.o(.text)
    __user_perproc_libspace                  0x00000c41   Thumb Code     0  libspace.o(.text)
    __user_perthread_libspace                0x00000c41   Thumb Code     0  libspace.o(.text)
    _sys_exit                                0x00000c49   Thumb Code     8  sys_exit.o(.text)
    __I$use$semihosting                      0x00000c55   Thumb Code     0  use_no_semi.o(.text)
    __use_no_semihosting_swi                 0x00000c55   Thumb Code     2  use_no_semi.o(.text)
    __semihosting_library_function           0x00000c57   Thumb Code     0  indicate_semi.o(.text)
    BEE_OFF                                  0x00000c59   Thumb Code     8  my_systick.o(i.BEE_OFF)
    BEE_ON                                   0x00000c65   Thumb Code     8  my_systick.o(i.BEE_ON)
    BEE_init                                 0x00000c71   Thumb Code    34  main.o(i.BEE_init)
    DeviceClockAllEnable                     0x00000c95   Thumb Code    42  lib_scu.o(i.DeviceClockAllEnable)
    GPIO_GetNormalBitOffsetFromPin           0x00000cc9   Thumb Code   250  lib_gpio.o(i.GPIO_GetNormalBitOffsetFromPin)
    GPIO_Init                                0x00000dc3   Thumb Code   104  lib_gpio.o(i.GPIO_Init)
    GPIO_ReadBit                             0x00000e2d   Thumb Code    42  lib_gpio.o(i.GPIO_ReadBit)
    GPIO_SetDSRegFromPin                     0x00000e5d   Thumb Code    98  lib_gpio.o(i.GPIO_SetDSRegFromPin)
    GPIO_SetDirRegFromPin                    0x00000ec5   Thumb Code    70  lib_gpio.o(i.GPIO_SetDirRegFromPin)
    GPIO_SetFuncxRegFromPin                  0x00000f11   Thumb Code  1394  lib_gpio.o(i.GPIO_SetFuncxRegFromPin)
    GPIO_SetODERegFromPin                    0x00001489   Thumb Code    98  lib_gpio.o(i.GPIO_SetODERegFromPin)
    GPIO_SetPDERegFromPin                    0x000014f1   Thumb Code    98  lib_gpio.o(i.GPIO_SetPDERegFromPin)
    GPIO_SetPUERegFromPin                    0x00001559   Thumb Code    98  lib_gpio.o(i.GPIO_SetPUERegFromPin)
    GPIO_SetSingalTypeFromPin                0x000015c1   Thumb Code    98  lib_gpio.o(i.GPIO_SetSingalTypeFromPin)
    GPIO_WriteBit                            0x00001629   Thumb Code    70  lib_gpio.o(i.GPIO_WriteBit)
    GSM_TCP_Connect                          0x00001675   Thumb Code   170  sim800c.o(i.GSM_TCP_Connect)
    HardWare_Init                            0x00001751   Thumb Code    56  main.o(i.HardWare_Init)
    IAP_Unlock                               0x00001789   Thumb Code    76  lib_flashiap.o(i.IAP_Unlock)
    IAP_WriteCont                            0x000017dd   Thumb Code   146  lib_flashiap.o(i.IAP_WriteCont)
    IAP_WriteEnd                             0x0000187d   Thumb Code    60  lib_flashiap.o(i.IAP_WriteEnd)
    IAP_WriteWord                            0x000018c1   Thumb Code    76  lib_flashiap.o(i.IAP_WriteWord)
    MSG_Build                                0x0000190d   Thumb Code   196  msgbuild.o(i.MSG_Build)
    NVIC_Init                                0x00001a2d   Thumb Code    94  lib_scs.o(i.NVIC_Init)
    PLLClock_Config                          0x00001a91   Thumb Code   422  lib_scu.o(i.PLLClock_Config)
    SCU_SysClkSelect                         0x00001c41   Thumb Code    34  lib_scu.o(i.SCU_SysClkSelect)
    Save_To_EPROM                            0x00001c6d   Thumb Code    64  lib_flashiap.o(i.Save_To_EPROM)
    SysTick_IRQHandler                       0x00001cb1   Thumb Code   128  my_systick.o(i.SysTick_IRQHandler)
    SysTick_Init                             0x00001d55   Thumb Code    60  lib_scs.o(i.SysTick_Init)
    SystemInit                               0x00001d95   Thumb Code   128  system_hr8p506.o(i.SystemInit)
    T16N2_IRQHandler                         0x00001e31   Thumb Code    56  tds.o(i.T16N2_IRQHandler)
    T16Nx_BaseInit                           0x00001e79   Thumb Code    92  lib_timer.o(i.T16Nx_BaseInit)
    T16Nx_ClearITPendingBit                  0x00001ed5   Thumb Code     4  lib_timer.o(i.T16Nx_ClearITPendingBit)
    T16Nx_Disable                            0x00001ed9   Thumb Code    10  lib_timer.o(i.T16Nx_Disable)
    T16Nx_Enable                             0x00001ee3   Thumb Code    12  lib_timer.o(i.T16Nx_Enable)
    T16Nx_GetFlagStatus                      0x00001eef   Thumb Code    20  lib_timer.o(i.T16Nx_GetFlagStatus)
    T16Nx_ITConfig                           0x00001f03   Thumb Code    20  lib_timer.o(i.T16Nx_ITConfig)
    T16Nx_MAT0ITConfig                       0x00001f17   Thumb Code    24  lib_timer.o(i.T16Nx_MAT0ITConfig)
    T16Nx_SetCNT0                            0x00001f2f   Thumb Code    36  lib_timer.o(i.T16Nx_SetCNT0)
    T16Nx_SetMAT0                            0x00001f53   Thumb Code    14  lib_timer.o(i.T16Nx_SetMAT0)
    TCP_Recieve                              0x00001f61   Thumb Code    78  sim800c.o(i.TCP_Recieve)
    UART0Init                                0x00001fc1   Thumb Code   160  uart.o(i.UART0Init)
    UART0Putch                               0x00002065   Thumb Code    22  uart.o(i.UART0Putch)
    UART0Write_Str                           0x00002081   Thumb Code    80  uart.o(i.UART0Write_Str)
    UART0_IRQHandler                         0x000020e9   Thumb Code   150  uart.o(i.UART0_IRQHandler)
    UART0_Recieve                            0x0000219d   Thumb Code    60  uart.o(i.UART0_Recieve)
    UART_GetFlagStatus                       0x000021ed   Thumb Code    16  lib_uart.o(i.UART_GetFlagStatus)
    UART_GetITStatus                         0x000021fd   Thumb Code    16  lib_uart.o(i.UART_GetITStatus)
    UART_ITConfig                            0x0000220d   Thumb Code    20  lib_uart.o(i.UART_ITConfig)
    UART_Init                                0x00002221   Thumb Code   350  lib_uart.o(i.UART_Init)
    UART_RBIMConfig                          0x00002389   Thumb Code    20  lib_uart.o(i.UART_RBIMConfig)
    UART_TBIMConfig                          0x0000239d   Thumb Code    16  lib_uart.o(i.UART_TBIMConfig)
    WDT_Init                                 0x000023ad   Thumb Code   104  lib_wdt.o(i.WDT_Init)
    __ARM_common_switch8                     0x0000241d   Thumb Code    28  lib_gpio.o(i.__ARM_common_switch8)
    _is_digit                                0x0000243f   Thumb Code    14  __printf_wp.o(i._is_digit)
    check_ststus                             0x0000244d   Thumb Code   126  uart.o(i.check_ststus)
    clear_Buffer                             0x000024d5   Thumb Code    20  uart.o(i.clear_Buffer)
    delay_nms                                0x000024ed   Thumb Code    16  my_systick.o(i.delay_nms)
    get_Fre1                                 0x00002501   Thumb Code    74  tds.o(i.get_Fre1)
    get_Fre2                                 0x00002559   Thumb Code    74  tds.o(i.get_Fre2)
    get_IMEI                                 0x000025b1   Thumb Code    92  sim800c.o(i.get_IMEI)
    get_MSG                                  0x00002621   Thumb Code    36  uart.o(i.get_MSG)
    get_String                               0x00002659   Thumb Code    52  uart.o(i.get_String)
    get_TDS                                  0x00002691   Thumb Code    36  tds.o(i.get_TDS)
    main                                     0x000026b5   Thumb Code    66  main.o(i.main)
    reset                                    0x00002701   Thumb Code    70  main.o(i.reset)
    sim800c_init                             0x00002761   Thumb Code   214  sim800c.o(i.sim800c_init)
    tds_Init                                 0x0000288d   Thumb Code    14  tds.o(i.tds_Init)
    timer_Init                               0x000028a1   Thumb Code    74  tds.o(i.timer_Init)
    valve_Init                               0x000028f5   Thumb Code    66  msgbuild.o(i.valve_Init)
    __aeabi_cdcmple                          0x00002939   Thumb Code     0  dlef.o(x$fpl$dleqf)
    _dcmple                                  0x00002939   Thumb Code    94  dlef.o(x$fpl$dleqf)
    __aeabi_fmul                             0x0000299d   Thumb Code     0  fmul.o(x$fpl$fmul)
    _fmul                                    0x0000299d   Thumb Code   172  fmul.o(x$fpl$fmul)
    __I$use$fp                               0x00002a4c   Number         0  usenofp.o(x$fpl$usenofp)
    Region$$Table$$Base                      0x00002aa0   Number         0  anon$$obj.o(Region$$Table)
    Region$$Table$$Limit                     0x00002ac0   Number         0  anon$$obj.o(Region$$Table)
    sys_CLK                                  0x20000000   Data           1  my_systick.o(.data)
    beeflag                                  0x20000001   Data           1  my_systick.o(.data)
    SystemCoreClock                          0x20000010   Data           4  system_hr8p506.o(.data)
    TDS1count1                               0x20000014   Data           4  tds.o(.data)
    TDS2count1                               0x20000018   Data           4  tds.o(.data)
    tcount                                   0x2000001c   Data           4  tds.o(.data)
    tflag                                    0x20000020   Data           4  tds.o(.data)
    rcvflag                                  0x20000024   Data           1  uart.o(.data)
    start_rcv_flag                           0x20000025   Data           1  uart.o(.data)
    end_rcv_flag                             0x20000026   Data           1  uart.o(.data)
    msg_rcv_flag                             0x20000027   Data           1  uart.o(.data)
    RxCounter                                0x20000028   Data           1  uart.o(.data)
    RxCounter1                               0x20000029   Data           1  uart.o(.data)
    GSM_BUF0                                 0x2000002c   Data           5  sim800c.o(.data)
    GSM_BUF1                                 0x20000031   Data          12  sim800c.o(.data)
    GSM_BUF3                                 0x2000003d   Data          23  sim800c.o(.data)
    GSM_BUF4                                 0x20000054   Data          16  sim800c.o(.data)
    GSM_BUF5                                 0x20000064   Data          12  sim800c.o(.data)
    GSM_BUF6                                 0x20000070   Data          18  sim800c.o(.data)
    GSM_BUF7                                 0x20000082   Data          11  sim800c.o(.data)
    GSM_BUF8                                 0x2000008d   Data          11  sim800c.o(.data)
    GSM_BUF9                                 0x20000098   Data          42  sim800c.o(.data)
    GSM_CIPSRIP                              0x200000c2   Data          15  sim800c.o(.data)
    GSM_CIPSEND                              0x200000d1   Data          13  sim800c.o(.data)
    GSM_CIPCLOSE                             0x200000de   Data          14  sim800c.o(.data)
    GSM_CIPSHUT                              0x200000ec   Data          13  sim800c.o(.data)
    RCV_DATA_BUF                             0x20000100   Data         120  main.o(.bss)
    SEND_DATA_BUF                            0x20000178   Data         120  main.o(.bss)
    EPROM                                    0x200001f0   Data          36  main.o(.bss)
    __libspace_start                         0x20000214   Data          96  libspace.o(.bss)
    __temporary_stack_top$libspace           0x20000274   Data           0  libspace.o(.bss)



==============================================================================

Memory Map of the image

  Image Entry point : 0x000000c1

  Load Region LR_IROM1 (Base: 0x00000000, Size: 0x00002bc0, Max: 0x00009000, ABSOLUTE)

    Execution Region ER_IROM1 (Base: 0x00000000, Size: 0x00002ac0, Max: 0x00009000, ABSOLUTE)

    Base Addr    Size         Type   Attr      Idx    E Section Name        Object

    0x00000000   0x000000c0   Data   RO         2071    RESET               startup_hr8p506.o
    0x000000c0   0x00000008   Code   RO         2388  * !!!main             c_p.l(__main.o)
    0x000000c8   0x0000003c   Code   RO         2594    !!!scatter          c_p.l(__scatter.o)
    0x00000104   0x0000001a   Code   RO         2596    !!handler_copy      c_p.l(__scatter_copy.o)
    0x0000011e   0x00000002   PAD
    0x00000120   0x0000001c   Code   RO         2598    !!handler_zi        c_p.l(__scatter_zi.o)
    0x0000013c   0x00000002   Code   RO         2375    .ARM.Collect$$_printf_percent$$00000000  c_p.l(_printf_percent.o)
    0x0000013e   0x0000000a   Code   RO         2374    .ARM.Collect$$_printf_percent$$0000000A  c_p.l(_printf_u.o)
    0x00000148   0x0000000a   Code   RO         2372    .ARM.Collect$$_printf_percent$$00000013  c_p.l(_printf_c.o)
    0x00000152   0x0000000a   Code   RO         2373    .ARM.Collect$$_printf_percent$$00000014  c_p.l(_printf_s.o)
    0x0000015c   0x00000004   Code   RO         2418    .ARM.Collect$$_printf_percent$$00000017  c_p.l(_printf_percent_end.o)
    0x00000160   0x00000002   Code   RO         2461    .ARM.Collect$$libinit$$00000000  c_p.l(libinit.o)
    0x00000162   0x00000000   Code   RO         2477    .ARM.Collect$$libinit$$00000002  c_p.l(libinit2.o)
    0x00000162   0x00000000   Code   RO         2479    .ARM.Collect$$libinit$$00000004  c_p.l(libinit2.o)
    0x00000162   0x00000000   Code   RO         2482    .ARM.Collect$$libinit$$0000000A  c_p.l(libinit2.o)
    0x00000162   0x00000000   Code   RO         2484    .ARM.Collect$$libinit$$0000000C  c_p.l(libinit2.o)
    0x00000162   0x00000000   Code   RO         2486    .ARM.Collect$$libinit$$0000000E  c_p.l(libinit2.o)
    0x00000162   0x00000000   Code   RO         2489    .ARM.Collect$$libinit$$00000011  c_p.l(libinit2.o)
    0x00000162   0x00000000   Code   RO         2491    .ARM.Collect$$libinit$$00000013  c_p.l(libinit2.o)
    0x00000162   0x00000000   Code   RO         2493    .ARM.Collect$$libinit$$00000015  c_p.l(libinit2.o)
    0x00000162   0x00000000   Code   RO         2495    .ARM.Collect$$libinit$$00000017  c_p.l(libinit2.o)
    0x00000162   0x00000000   Code   RO         2497    .ARM.Collect$$libinit$$00000019  c_p.l(libinit2.o)
    0x00000162   0x00000000   Code   RO         2499    .ARM.Collect$$libinit$$0000001B  c_p.l(libinit2.o)
    0x00000162   0x00000000   Code   RO         2501    .ARM.Collect$$libinit$$0000001D  c_p.l(libinit2.o)
    0x00000162   0x00000000   Code   RO         2503    .ARM.Collect$$libinit$$0000001F  c_p.l(libinit2.o)
    0x00000162   0x00000000   Code   RO         2505    .ARM.Collect$$libinit$$00000021  c_p.l(libinit2.o)
    0x00000162   0x00000000   Code   RO         2507    .ARM.Collect$$libinit$$00000023  c_p.l(libinit2.o)
    0x00000162   0x00000000   Code   RO         2509    .ARM.Collect$$libinit$$00000025  c_p.l(libinit2.o)
    0x00000162   0x00000000   Code   RO         2513    .ARM.Collect$$libinit$$0000002C  c_p.l(libinit2.o)
    0x00000162   0x00000000   Code   RO         2515    .ARM.Collect$$libinit$$0000002E  c_p.l(libinit2.o)
    0x00000162   0x00000000   Code   RO         2517    .ARM.Collect$$libinit$$00000030  c_p.l(libinit2.o)
    0x00000162   0x00000000   Code   RO         2519    .ARM.Collect$$libinit$$00000032  c_p.l(libinit2.o)
    0x00000162   0x00000002   Code   RO         2520    .ARM.Collect$$libinit$$00000033  c_p.l(libinit2.o)
    0x00000164   0x00000002   Code   RO         2551    .ARM.Collect$$libshutdown$$00000000  c_p.l(libshutdown.o)
    0x00000166   0x00000000   Code   RO         2577    .ARM.Collect$$libshutdown$$00000002  c_p.l(libshutdown2.o)
    0x00000166   0x00000000   Code   RO         2579    .ARM.Collect$$libshutdown$$00000004  c_p.l(libshutdown2.o)
    0x00000166   0x00000000   Code   RO         2582    .ARM.Collect$$libshutdown$$00000007  c_p.l(libshutdown2.o)
    0x00000166   0x00000000   Code   RO         2585    .ARM.Collect$$libshutdown$$0000000A  c_p.l(libshutdown2.o)
    0x00000166   0x00000000   Code   RO         2587    .ARM.Collect$$libshutdown$$0000000C  c_p.l(libshutdown2.o)
    0x00000166   0x00000000   Code   RO         2590    .ARM.Collect$$libshutdown$$0000000F  c_p.l(libshutdown2.o)
    0x00000166   0x00000002   Code   RO         2591    .ARM.Collect$$libshutdown$$00000010  c_p.l(libshutdown2.o)
    0x00000168   0x00000000   Code   RO         2405    .ARM.Collect$$rtentry$$00000000  c_p.l(__rtentry.o)
    0x00000168   0x00000000   Code   RO         2425    .ARM.Collect$$rtentry$$00000002  c_p.l(__rtentry2.o)
    0x00000168   0x00000006   Code   RO         2437    .ARM.Collect$$rtentry$$00000004  c_p.l(__rtentry4.o)
    0x0000016e   0x00000000   Code   RO         2427    .ARM.Collect$$rtentry$$00000009  c_p.l(__rtentry2.o)
    0x0000016e   0x00000004   Code   RO         2428    .ARM.Collect$$rtentry$$0000000A  c_p.l(__rtentry2.o)
    0x00000172   0x00000000   Code   RO         2430    .ARM.Collect$$rtentry$$0000000C  c_p.l(__rtentry2.o)
    0x00000172   0x00000008   Code   RO         2431    .ARM.Collect$$rtentry$$0000000D  c_p.l(__rtentry2.o)
    0x0000017a   0x00000002   Code   RO         2468    .ARM.Collect$$rtexit$$00000000  c_p.l(rtexit.o)
    0x0000017c   0x00000000   Code   RO         2524    .ARM.Collect$$rtexit$$00000002  c_p.l(rtexit2.o)
    0x0000017c   0x00000004   Code   RO         2525    .ARM.Collect$$rtexit$$00000003  c_p.l(rtexit2.o)
    0x00000180   0x00000006   Code   RO         2526    .ARM.Collect$$rtexit$$00000004  c_p.l(rtexit2.o)
    0x00000186   0x00000002   PAD
    0x00000188   0x000000e8   Code   RO         2072    .text               startup_hr8p506.o
    0x00000270   0x0000002c   Code   RO         2340    .text               c_p.l(__2sprintf.o)
    0x0000029c   0x0000004e   Code   RO         2346    .text               c_p.l(_printf_pad.o)
    0x000002ea   0x00000052   Code   RO         2348    .text               c_p.l(_printf_str.o)
    0x0000033c   0x0000006c   Code   RO         2350    .text               c_p.l(_printf_dec.o)
    0x000003a8   0x00000138   Code   RO         2364    .text               c_p.l(__printf_flags_wp.o)
    0x000004e0   0x00000028   Code   RO         2376    .text               c_p.l(strstr.o)
    0x00000508   0x00000018   Code   RO         2378    .text               c_p.l(strcat.o)
    0x00000520   0x00000040   Code   RO         2380    .text               c_p.l(rt_memclr.o)
    0x00000560   0x0000015a   Code   RO         2382    .text               c_p.l(aeabi_sdiv.o)
    0x000006ba   0x00000006   Code   RO         2386    .text               c_p.l(heapauxi.o)
    0x000006c0   0x0000007c   Code   RO         2390    .text               fz_ps.l(d2f.o)
    0x0000073c   0x00000054   Code   RO         2394    .text               fz_ps.l(f2d.o)
    0x00000790   0x00000160   Code   RO         2396    .text               fz_ps.l(fdiv.o)
    0x000008f0   0x00000030   Code   RO         2399    .text               fz_ps.l(ffixui.o)
    0x00000920   0x0000005e   Code   RO         2401    .text               fz_ps.l(fflti.o)
    0x0000097e   0x000000b0   Code   RO         2410    .text               c_p.l(_printf_intcommon.o)
    0x00000a2e   0x00000002   PAD
    0x00000a30   0x00000030   Code   RO         2412    .text               c_p.l(_printf_char_common.o)
    0x00000a60   0x0000000a   Code   RO         2414    .text               c_p.l(_sputc.o)
    0x00000a6a   0x0000002e   Code   RO         2416    .text               c_p.l(_printf_char.o)
    0x00000a98   0x00000028   Code   RO         2419    .text               c_p.l(rtudiv10.o)
    0x00000ac0   0x00000090   Code   RO         2421    .text               fz_ps.l(dcmpin.o)
    0x00000b50   0x0000002e   Code   RO         2443    .text               fz_ps.l(cmpret.o)
    0x00000b7e   0x00000002   PAD
    0x00000b80   0x00000014   Code   RO         2445    .text               fz_ps.l(dnan2.o)
    0x00000b94   0x0000003e   Code   RO         2447    .text               c_p.l(sys_stackheap_outer.o)
    0x00000bd2   0x00000010   Code   RO         2450    .text               c_p.l(exit.o)
    0x00000be2   0x0000005e   Code   RO         2462    .text               fz_ps.l(retnan.o)
    0x00000c40   0x00000008   Code   RO         2464    .text               c_p.l(libspace.o)
    0x00000c48   0x0000000c   Code   RO         2521    .text               c_p.l(sys_exit.o)
    0x00000c54   0x00000002   Code   RO         2540    .text               c_p.l(use_no_semi.o)
    0x00000c56   0x00000000   Code   RO         2542    .text               c_p.l(indicate_semi.o)
    0x00000c56   0x00000002   PAD
    0x00000c58   0x0000000c   Code   RO         1956    i.BEE_OFF           my_systick.o
    0x00000c64   0x0000000c   Code   RO         1957    i.BEE_ON            my_systick.o
    0x00000c70   0x00000022   Code   RO         1897    i.BEE_init          main.o
    0x00000c92   0x00000002   PAD
    0x00000c94   0x00000034   Code   RO         1120    i.DeviceClockAllEnable  lib_scu.o
    0x00000cc8   0x000000fa   Code   RO          401    i.GPIO_GetNormalBitOffsetFromPin  lib_gpio.o
    0x00000dc2   0x00000068   Code   RO          402    i.GPIO_Init         lib_gpio.o
    0x00000e2a   0x00000002   PAD
    0x00000e2c   0x00000030   Code   RO          403    i.GPIO_ReadBit      lib_gpio.o
    0x00000e5c   0x00000068   Code   RO          406    i.GPIO_SetDSRegFromPin  lib_gpio.o
    0x00000ec4   0x0000004c   Code   RO          407    i.GPIO_SetDirRegFromPin  lib_gpio.o
    0x00000f10   0x00000578   Code   RO          408    i.GPIO_SetFuncxRegFromPin  lib_gpio.o
    0x00001488   0x00000068   Code   RO          409    i.GPIO_SetODERegFromPin  lib_gpio.o
    0x000014f0   0x00000068   Code   RO          410    i.GPIO_SetPDERegFromPin  lib_gpio.o
    0x00001558   0x00000068   Code   RO          411    i.GPIO_SetPUERegFromPin  lib_gpio.o
    0x000015c0   0x00000068   Code   RO          412    i.GPIO_SetSingalTypeFromPin  lib_gpio.o
    0x00001628   0x0000004c   Code   RO          414    i.GPIO_WriteBit     lib_gpio.o
    0x00001674   0x000000dc   Code   RO         2248    i.GSM_TCP_Connect   sim800c.o
    0x00001750   0x00000038   Code   RO         1898    i.HardWare_Init     main.o
    0x00001788   0x00000054   Code   RO          288    i.IAP_Unlock        lib_flashiap.o
    0x000017dc   0x000000a0   Code   RO          289    i.IAP_WriteCont     lib_flashiap.o
    0x0000187c   0x00000044   Code   RO          290    i.IAP_WriteEnd      lib_flashiap.o
    0x000018c0   0x0000004c   Code   RO          291    i.IAP_WriteWord     lib_flashiap.o
    0x0000190c   0x00000120   Code   RO         2003    i.MSG_Build         msgbuild.o
    0x00001a2c   0x00000064   Code   RO         1081    i.NVIC_Init         lib_scs.o
    0x00001a90   0x000001b0   Code   RO         1122    i.PLLClock_Config   lib_scu.o
    0x00001c40   0x0000002c   Code   RO         1131    i.SCU_SysClkSelect  lib_scu.o
    0x00001c6c   0x00000044   Code   RO          292    i.Save_To_EPROM     lib_flashiap.o
    0x00001cb0   0x000000a4   Code   RO         1959    i.SysTick_IRQHandler  my_systick.o
    0x00001d54   0x00000040   Code   RO         1084    i.SysTick_Init      lib_scs.o
    0x00001d94   0x0000009c   Code   RO         2078    i.SystemInit        system_hr8p506.o
    0x00001e30   0x00000048   Code   RO         2104    i.T16N2_IRQHandler  tds.o
    0x00001e78   0x0000005c   Code   RO         1333    i.T16Nx_BaseInit    lib_timer.o
    0x00001ed4   0x00000004   Code   RO         1335    i.T16Nx_ClearITPendingBit  lib_timer.o
    0x00001ed8   0x0000000a   Code   RO         1336    i.T16Nx_Disable     lib_timer.o
    0x00001ee2   0x0000000c   Code   RO         1337    i.T16Nx_Enable      lib_timer.o
    0x00001eee   0x00000014   Code   RO         1340    i.T16Nx_GetFlagStatus  lib_timer.o
    0x00001f02   0x00000014   Code   RO         1348    i.T16Nx_ITConfig    lib_timer.o
    0x00001f16   0x00000018   Code   RO         1349    i.T16Nx_MAT0ITConfig  lib_timer.o
    0x00001f2e   0x00000024   Code   RO         1362    i.T16Nx_SetCNT0     lib_timer.o
    0x00001f52   0x0000000e   Code   RO         1364    i.T16Nx_SetMAT0     lib_timer.o
    0x00001f60   0x00000060   Code   RO         2249    i.TCP_Recieve       sim800c.o
    0x00001fc0   0x000000a4   Code   RO         2159    i.UART0Init         uart.o
    0x00002064   0x0000001c   Code   RO         2161    i.UART0Putch        uart.o
    0x00002080   0x00000068   Code   RO         2162    i.UART0Write_Str    uart.o
    0x000020e8   0x000000b4   Code   RO         2163    i.UART0_IRQHandler  uart.o
    0x0000219c   0x00000050   Code   RO         2164    i.UART0_Recieve     uart.o
    0x000021ec   0x00000010   Code   RO         1752    i.UART_GetFlagStatus  lib_uart.o
    0x000021fc   0x00000010   Code   RO         1753    i.UART_GetITStatus  lib_uart.o
    0x0000220c   0x00000014   Code   RO         1755    i.UART_ITConfig     lib_uart.o
    0x00002220   0x00000168   Code   RO         1756    i.UART_Init         lib_uart.o
    0x00002388   0x00000014   Code   RO         1757    i.UART_RBIMConfig   lib_uart.o
    0x0000239c   0x00000010   Code   RO         1764    i.UART_TBIMConfig   lib_uart.o
    0x000023ac   0x00000070   Code   RO         1861    i.WDT_Init          lib_wdt.o
    0x0000241c   0x0000001c   Code   RO          578    i.__ARM_common_switch8  lib_gpio.o
    0x00002438   0x00000006   Code   RO          293    i.__set_PRIMASK     lib_flashiap.o
    0x0000243e   0x0000000e   Code   RO         2362    i._is_digit         c_p.l(__printf_wp.o)
    0x0000244c   0x00000088   Code   RO         2165    i.check_ststus      uart.o
    0x000024d4   0x00000018   Code   RO         2166    i.clear_Buffer      uart.o
    0x000024ec   0x00000014   Code   RO         1960    i.delay_nms         my_systick.o
    0x00002500   0x00000058   Code   RO         2105    i.get_Fre1          tds.o
    0x00002558   0x00000058   Code   RO         2106    i.get_Fre2          tds.o
    0x000025b0   0x00000070   Code   RO         2250    i.get_IMEI          sim800c.o
    0x00002620   0x00000038   Code   RO         2167    i.get_MSG           uart.o
    0x00002658   0x00000038   Code   RO         2168    i.get_String        uart.o
    0x00002690   0x00000024   Code   RO         2107    i.get_TDS           tds.o
    0x000026b4   0x0000004c   Code   RO         1899    i.main              main.o
    0x00002700   0x00000060   Code   RO         1901    i.reset             main.o
    0x00002760   0x0000012c   Code   RO         2251    i.sim800c_init      sim800c.o
    0x0000288c   0x00000014   Code   RO         2108    i.tds_Init          tds.o
    0x000028a0   0x00000054   Code   RO         2109    i.timer_Init        tds.o
    0x000028f4   0x00000042   Code   RO         2011    i.valve_Init        msgbuild.o
    0x00002936   0x00000002   PAD
    0x00002938   0x00000064   Code   RO         2392    x$fpl$dleqf         fz_ps.l(dlef.o)
    0x0000299c   0x000000b0   Code   RO         2403    x$fpl$fmul          fz_ps.l(fmul.o)
    0x00002a4c   0x00000000   Code   RO         2423    x$fpl$usenofp       fz_ps.l(usenofp.o)
    0x00002a4c   0x00000011   Data   RO         2365    .constdata          c_p.l(__printf_flags_wp.o)
    0x00002a5d   0x00000040   Data   RO         2397    .constdata          fz_ps.l(fdiv.o)
    0x00002a9d   0x00000003   PAD
    0x00002aa0   0x00000020   Data   RO         2592    Region$$Table       anon$$obj.o


    Execution Region RW_IRAM1 (Base: 0x20000000, Size: 0x00000678, Max: 0x00002000, ABSOLUTE)

    Base Addr    Size         Type   Attr      Idx    E Section Name        Object

    0x20000000   0x00000010   Data   RW         1961    .data               my_systick.o
    0x20000010   0x00000004   Data   RW         2079    .data               system_hr8p506.o
    0x20000014   0x00000010   Data   RW         2110    .data               tds.o
    0x20000024   0x00000006   Data   RW         2169    .data               uart.o
    0x2000002a   0x00000002   PAD
    0x2000002c   0x000000d4   Data   RW         2252    .data               sim800c.o
    0x20000100   0x00000114   Zero   RW         1903    .bss                main.o
    0x20000214   0x00000060   Zero   RW         2465    .bss                c_p.l(libspace.o)
    0x20000274   0x00000004   PAD
    0x20000278   0x00000000   Zero   RW         2070    HEAP                startup_hr8p506.o
    0x20000278   0x00000400   Zero   RW         2069    STACK               startup_hr8p506.o


==============================================================================

Image component sizes


      Code (inc. data)   RO Data    RW Data    ZI Data      Debug   Object Name

         0          0          0          0          0      54872   hr8p506_iap_table.o
         0          0          0          0          0       2804   lib_euart.o
       462         34          0          0          0      13420   lib_flashiap.o
      2502        156          0          0          0       7309   lib_gpio.o
       164         10          0          0          0       1407   lib_scs.o
       528         40          0          0          0       6220   lib_scu.o
       232          0          0          0          0       4814   lib_timer.o
       448         10          0          0          0       3620   lib_uart.o
       112          8          0          0          0        831   lib_wdt.o
       262         36          0          0        276       9045   main.o
       354         92          0          0          0       1345   msgbuild.o
       208         48          0         16          0       2238   my_systick.o
       728        174          0        212          0       3586   sim800c.o
       232         82        192          0       1024        716   startup_hr8p506.o
       156         28          0          4          0        743   system_hr8p506.o
       388         60          0         16          0       3584   tds.o
       828        122          0          6          0       5676   uart.o

    ----------------------------------------------------------------------
      7610        900        224        256       1300     122230   Object Totals
         0          0         32          0          0          0   (incl. Generated)
         6          0          0          2          0          0   (incl. Padding)

    ----------------------------------------------------------------------

      Code (inc. data)   RO Data    RW Data    ZI Data      Debug   Library Member Name

        44          4          0          0          0         84   __2sprintf.o
         8          0          0          0          0         68   __main.o
       312          6         17          0          0         76   __printf_flags_wp.o
        14          0          0          0          0         60   __printf_wp.o
         0          0          0          0          0          0   __rtentry.o
        12          0          0          0          0          0   __rtentry2.o
         6          0          0          0          0          0   __rtentry4.o
        60          8          0          0          0          0   __scatter.o
        26          0          0          0          0          0   __scatter_copy.o
        28          0          0          0          0          0   __scatter_zi.o
        10          0          0          0          0          0   _printf_c.o
        46          0          0          0          0        100   _printf_char.o
        48          6          0          0          0         88   _printf_char_common.o
       108         18          0          0          0         76   _printf_dec.o
       176          0          0          0          0         84   _printf_intcommon.o
        78          0          0          0          0        100   _printf_pad.o
         2          0          0          0          0          0   _printf_percent.o
         4          0          0          0          0          0   _printf_percent_end.o
        10          0          0          0          0          0   _printf_s.o
        82          0          0          0          0         72   _printf_str.o
        10          0          0          0          0          0   _printf_u.o
        10          0          0          0          0         60   _sputc.o
       346          0          0          0          0         92   aeabi_sdiv.o
        16          0          0          0          0         68   exit.o
         6          0          0          0          0        136   heapauxi.o
         0          0          0          0          0          0   indicate_semi.o
         2          0          0          0          0          0   libinit.o
         2          0          0          0          0          0   libinit2.o
         2          0          0          0          0          0   libshutdown.o
         2          0          0          0          0          0   libshutdown2.o
         8          4          0          0         96         68   libspace.o
        64          0          0          0          0        108   rt_memclr.o
         2          0          0          0          0          0   rtexit.o
        10          0          0          0          0          0   rtexit2.o
        40          0          0          0          0         60   rtudiv10.o
        24          0          0          0          0         60   strcat.o
        40          0          0          0          0         72   strstr.o
        12          4          0          0          0         60   sys_exit.o
        62          0          0          0          0         80   sys_stackheap_outer.o
         2          0          0          0          0         68   use_no_semi.o
        46          0          0          0          0         60   cmpret.o
       124          4          0          0          0         72   d2f.o
       144          4          0          0          0         76   dcmpin.o
       100          4          0          0          0         92   dlef.o
        20          6          0          0          0         68   dnan2.o
        84          4          0          0          0         60   f2d.o
       352         10         64          0          0         92   fdiv.o
        48          0          0          0          0         60   ffixui.o
        94          0          0          0          0         92   fflti.o
       176          4          0          0          0         80   fmul.o
        94          0          0          0          0         68   retnan.o
         0          0          0          0          0          0   usenofp.o

    ----------------------------------------------------------------------
      3026         86         84          0        100       2560   Library Totals
        10          0          3          0          4          0   (incl. Padding)

    ----------------------------------------------------------------------

      Code (inc. data)   RO Data    RW Data    ZI Data      Debug   Library Name

      1734         50         17          0         96       1740   c_p.l
      1282         36         64          0          0        820   fz_ps.l

    ----------------------------------------------------------------------
      3026         86         84          0        100       2560   Library Totals

    ----------------------------------------------------------------------

==============================================================================


      Code (inc. data)   RO Data    RW Data    ZI Data      Debug   

     10636        986        308        256       1400     120626   Grand Totals
     10636        986        308        256       1400     120626   ELF Image Totals
     10636        986        308        256          0          0   ROM Totals

==============================================================================

    Total RO  Size (Code + RO Data)                10944 (  10.69kB)
    Total RW  Size (RW Data + ZI Data)              1656 (   1.62kB)
    Total ROM Size (Code + RO Data + RW Data)      11200 (  10.94kB)

==============================================================================

